01-01 08:00:13.465 W/PackageManager( 2078): Not granting permission android.permission.ACCESS_DOWNLOAD_MANAGER to package com.dangbeimarket (protectionLevel=18 flags=0xd83e45)
01-01 08:00:13.465 D/PackageManager( 2078): grantSignaturePermission permission = android.permission.INSTALL_PACKAGES
01-01 08:00:13.466 D/PackageManager( 2078): verifyPackageMD5 apkControlMode = none
01-01 08:00:13.466 D/PackageManager( 2078): com.dangbeimarket compare in grantSignaturePermission : package publickey_string = OpenSSLRSAPublicKey{modulus=90f39aede16b4a439a8b6583321901e18a11e9604f92aecd808bac9cf947a7457d5b235747adaee882d2ccb17447e29cc49e41a30252f993fc24a3912b01b97cd571bbd684d9230b840455354ddccb7e3664800e528ee6713fc30151544ffbe0ed5df2818a9eccc594b10e617902fd2ff7b3d1e365e14627742be2fd2a76caefdd47516f4537cad4b58fbd109a19222ceb88a7e969c6d681c20fcc3a7422126db7eeb6b2e55aef4fd7a9519ce544ecf7e11c4b0e33b50ac8c443988e3cec8860060c7fc79a787e2dab86620268703077a8851e3058583f7685510511f437e3e1f599ee207f0fe57b1374f2334ccd67980468ee0e8703763ca3cc4c5da790d90d,publicExponent=10001}
01-01 08:00:13.466 D/PackageManager( 2078): com.dangbeimarket compare in grantSignaturePermission : package keyString = 90f39aede16b4a439a8b6583321901e18a11e9604f92aecd808bac9cf947a7457d5b235747adaee882d2ccb17447e29cc49e41a30252f993fc24a3912b01b97cd571bbd684d9230b840455354ddccb7e3664800e528ee6713fc30151544ffbe0ed5df2818a9eccc594b10e617902fd2ff7b3d1e365e14627742be2fd2a76caefdd47516f4537cad4b58fbd109a19222ceb88a7e969c6d681c20fcc3a7422126db7eeb6b2e55aef4fd7a9519ce544ecf7e11c4b0e33b50ac8c443988e3cec8860060c7fc79a787e2dab86620268703077a8851e3058583f7685510511f437e3e1f599ee207f0fe57b1374f2334ccd67980468ee0e8703763ca3cc4c5da790d90d
01-01 08:00:13.466 D/PackageManager( 2078): grantSignaturePermission:OriPubKey allowed = false
01-01 08:00:13.467 W/PackageManager( 2078): Not granting permission android.permission.INSTALL_PACKAGES to package com.dangbeimarket (protectionLevel=18 flags=0xd83e45)
01-01 08:00:13.467 D/PackageManager( 2078): grantSignaturePermission permission = android.permission.DELETE_PACKAGES
01-01 08:00:13.467 D/PackageManager( 2078): verifyPackageMD5 apkControlMode = none
01-01 08:00:13.467 D/PackageManager( 2078): com.dangbeimarket compare in grantSignaturePermission : package publickey_string = OpenSSLRSAPublicKey{modulus=90f39aede16b4a439a8b6583321901e18a11e9604f92aecd808bac9cf947a7457d5b235747adaee882d2ccb17447e29cc49e41a30252f993fc24a3912b01b97cd571bbd684d9230b840455354ddccb7e3664800e528ee6713fc30151544ffbe0ed5df2818a9eccc594b10e617902fd2ff7b3d1e365e14627742be2fd2a76caefdd47516f4537cad4b58fbd109a19222ceb88a7e969c6d681c20fcc3a7422126db7eeb6b2e55aef4fd7a9519ce544ecf7e11c4b0e33b50ac8c443988e3cec8860060c7fc79a787e2dab86620268703077a8851e3058583f7685510511f437e3e1f599ee207f0fe57b1374f2334ccd67980468ee0e8703763ca3cc4c5da790d90d,publicExponent=10001}
01-01 08:00:13.468 D/PackageManager( 2078): com.dangbeimarket compare in grantSignaturePermission : package keyString = 90f39aede16b4a439a8b6583321901e18a11e9604f92aecd808bac9cf947a7457d5b235747adaee882d2ccb17447e29cc49e41a30252f993fc24a3912b01b97cd571bbd684d9230b840455354ddccb7e3664800e528ee6713fc30151544ffbe0ed5df2818a9eccc594b10e617902fd2ff7b3d1e365e14627742be2fd2a76caefdd47516f4537cad4b58fbd109a19222ceb88a7e969c6d681c20fcc3a7422126db7eeb6b2e55aef4fd7a9519ce544ecf7e11c4b0e33b50ac8c443988e3cec8860060c7fc79a787e2dab86620268703077a8851e3058583f7685510511f437e3e1f599ee207f0fe57b1374f2334ccd67980468ee0e8703763ca3cc4c5da790d90d
01-01 08:00:13.468 D/PackageManager( 2078): grantSignaturePermission:OriPubKey allowed = false
01-01 08:00:13.468 W/PackageManager( 2078): Not granting permission android.permission.DELETE_PACKAGES to package com.dangbeimarket (protectionLevel=18 flags=0xd83e45)
01-01 08:00:13.468 D/PackageManager( 2078): grantSignaturePermission permission = android.permission.CLEAR_APP_USER_DATA
01-01 08:00:13.468 D/PackageManager( 2078): verifyPackageMD5 apkControlMode = none
01-01 08:00:13.469 D/PackageManager( 2078): com.dangbeimarket compare in grantSignaturePermission : package publickey_string = OpenSSLRSAPublicKey{modulus=90f39aede16b4a439a8b6583321901e18a11e9604f92aecd808bac9cf947a7457d5b235747adaee882d2ccb17447e29cc49e41a30252f993fc24a3912b01b97cd571bbd684d9230b840455354ddccb7e3664800e528ee6713fc30151544ffbe0ed5df2818a9eccc594b10e617902fd2ff7b3d1e365e14627742be2fd2a76caefdd47516f4537cad4b58fbd109a19222ceb88a7e969c6d681c20fcc3a7422126db7eeb6b2e55aef4fd7a9519ce544ecf7e11c4b0e33b50ac8c443988e3cec8860060c7fc79a787e2dab86620268703077a8851e3058583f7685510511f437e3e1f599ee207f0fe57b1374f2334ccd67980468ee0e8703763ca3cc4c5da790d90d,publicExponent=10001}
01-01 08:00:13.469 D/PackageManager( 2078): com.dangbeimarket compare in grantSignaturePermission : package keyString = 90f39aede16b4a439a8b6583321901e18a11e9604f92aecd808bac9cf947a7457d5b235747adaee882d2ccb17447e29cc49e41a30252f993fc24a3912b01b97cd571bbd684d9230b840455354ddccb7e3664800e528ee6713fc30151544ffbe0ed5df2818a9eccc594b10e617902fd2ff7b3d1e365e14627742be2fd2a76caefdd47516f4537cad4b58fbd109a19222ceb88a7e969c6d681c20fcc3a7422126db7eeb6b2e55aef4fd7a9519ce544ecf7e11c4b0e33b50ac8c443988e3cec8860060c7fc79a787e2dab86620268703077a8851e3058583f7685510511f437e3e1f599ee207f0fe57b1374f2334ccd67980468ee0e8703763ca3cc4c5da790d90d
01-01 08:00:13.469 D/PackageManager( 2078): grantSignaturePermission:OriPubKey allowed = false
01-01 08:00:13.469 W/PackageManager( 2078): Not granting permission android.permission.CLEAR_APP_USER_DATA to package com.dangbeimarket (protectionLevel=2 flags=0xd83e45)
01-01 08:00:13.469 D/PackageManager( 2078): grantSignaturePermission permission = android.permission.CHANGE_COMPONENT_ENABLED_STATE
01-01 08:00:13.469 D/PackageManager( 2078): verifyPackageMD5 apkControlMode = none
01-01 08:00:13.470 D/PackageManager( 2078): com.dangbeimarket compare in grantSignaturePermission : package publickey_string = OpenSSLRSAPublicKey{modulus=90f39aede16b4a439a8b6583321901e18a11e9604f92aecd808bac9cf947a7457d5b235747adaee882d2ccb17447e29cc49e41a30252f993fc24a3912b01b97cd571bbd684d9230b840455354ddccb7e3664800e528ee6713fc30151544ffbe0ed5df2818a9eccc594b10e617902fd2ff7b3d1e365e14627742be2fd2a76caefdd47516f4537cad4b58fbd109a19222ceb88a7e969c6d681c20fcc3a7422126db7eeb6b2e55aef4fd7a9519ce544ecf7e11c4b0e33b50ac8c443988e3cec8860060c7fc79a787e2dab86620268703077a8851e3058583f7685510511f437e3e1f599ee207f0fe57b1374f2334ccd67980468ee0e8703763ca3cc4c5da790d90d,publicExponent=10001}
01-01 08:00:13.470 D/PackageManager( 2078): com.dangbeimarket compare in grantSignaturePermission : package keyString = 90f39aede16b4a439a8b6583321901e18a11e9604f92aecd808bac9cf947a7457d5b235747adaee882d2ccb17447e29cc49e41a30252f993fc24a3912b01b97cd571bbd684d9230b840455354ddccb7e3664800e528ee6713fc30151544ffbe0ed5df2818a9eccc594b10e617902fd2ff7b3d1e365e14627742be2fd2a76caefdd47516f4537cad4b58fbd109a19222ceb88a7e969c6d681c20fcc3a7422126db7eeb6b2e55aef4fd7a9519ce544ecf7e11c4b0e33b50ac8c443988e3cec8860060c7fc79a787e2dab86620268703077a8851e3058583f7685510511f437e3e1f599ee207f0fe57b1374f2334ccd67980468ee0e8703763ca3cc4c5da790d90d
01-01 08:00:13.470 D/PackageManager( 2078): grantSignaturePermission:OriPubKey allowed = false
01-01 08:00:13.470 W/PackageManager( 2078): Not granting permission android.permission.CHANGE_COMPONENT_ENABLED_STATE to package com.dangbeimarket (protectionLevel=18 flags=0xd83e45)
01-01 08:00:13.470 D/PackageManager( 2078): grantSignaturePermission permission = android.permission.READ_FRAME_BUFFER
01-01 08:00:13.470 D/PackageManager( 2078): verifyPackageMD5 apkControlMode = none
01-01 08:00:13.471 D/PackageManager( 2078): com.dangbeimarket compare in grantSignaturePermission : package publickey_string = OpenSSLRSAPublicKey{modulus=90f39aede16b4a439a8b6583321901e18a11e9604f92aecd808bac9cf947a7457d5b235747adaee882d2ccb17447e29cc49e41a30252f993fc24a3912b01b97cd571bbd684d9230b840455354ddccb7e3664800e528ee6713fc30151544ffbe0ed5df2818a9eccc594b10e617902fd2ff7b3d1e365e14627742be2fd2a76caefdd47516f4537cad4b58fbd109a19222ceb88a7e969c6d681c20fcc3a7422126db7eeb6b2e55aef4fd7a9519ce544ecf7e11c4b0e33b50ac8c443988e3cec8860060c7fc79a787e2dab86620268703077a8851e3058583f7685510511f437e3e1f599ee207f0fe57b1374f2334ccd67980468ee0e8703763ca3cc4c5da790d90d,publicExponent=10001}
01-01 08:00:13.471 D/PackageManager( 2078): com.dangbeimarket compare in grantSignaturePermission : package keyString = 90f39aede16b4a439a8b6583321901e18a11e9604f92aecd808bac9cf947a7457d5b235747adaee882d2ccb17447e29cc49e41a30252f993fc24a3912b01b97cd571bbd684d9230b840455354ddccb7e3664800e528ee6713fc30151544ffbe0ed5df2818a9eccc594b10e617902fd2ff7b3d1e365e14627742be2fd2a76caefdd47516f4537cad4b58fbd109a19222ceb88a7e969c6d681c20fcc3a7422126db7eeb6b2e55aef4fd7a9519ce544ecf7e11c4b0e33b50ac8c443988e3cec8860060c7fc79a787e2dab86620268703077a8851e3058583f7685510511f437e3e1f599ee207f0fe57b1374f2334ccd67980468ee0e8703763ca3cc4c5da790d90d
01-01 08:00:13.471 D/PackageManager( 2078): grantSignaturePermission:OriPubKey allowed = false
01-01 08:00:13.471 W/PackageManager( 2078): Not granting permission android.permission.READ_FRAME_BUFFER to package com.dangbeimarket (protectionLevel=18 flags=0xd83e45)
01-01 08:00:13.471 D/PackageManager( 2078): grantSignaturePermission permission = android.permission.MOUNT_UNMOUNT_FILESYSTEMS
01-01 08:00:13.471 D/PackageManager( 2078): verifyPackageMD5 apkControlMode = none
01-01 08:00:13.471 D/PackageManager( 2078): grantSignaturePermission permission = android.permission.MASTER_CLEAR
01-01 08:00:13.471 D/PackageManager( 2078): verifyPackageMD5 apkControlMode = none
01-01 08:00:13.471 D/PackageManager( 2078): grantSignaturePermission permission = android.permission.INSTALL_PACKAGES
01-01 08:00:13.471 D/PackageManager( 2078): verifyPackageMD5 apkControlMode = none
01-01 08:00:13.471 D/PackageManager( 2078): grantSignaturePermission permission = android.permission.CHANGE_CONFIGURATION
01-01 08:00:13.471 D/PackageManager( 2078): verifyPackageMD5 apkControlMode = none
01-01 08:00:13.471 D/PackageManager( 2078): grantSignaturePermission permission = android.permission.SET_ANIMATION_SCALE
01-01 08:00:13.472 D/PackageManager( 2078): verifyPackageMD5 apkControlMode = none
01-01 08:00:13.472 D/PackageManager( 2078): grantSignaturePermission permission = android.permission.SET_PREFERRED_APPLICATIONS
01-01 08:00:13.472 D/PackageManager( 2078): verifyPackageMD5 apkControlMode = none
01-01 08:00:13.472 D/PackageManager( 2078): grantSignaturePermission permission = android.permission.WRITE_SECURE_SETTINGS
01-01 08:00:13.472 D/PackageManager( 2078): verifyPackageMD5 apkControlMode = none
01-01 08:00:13.472 D/PackageManager( 2078): grantSignaturePermission permission = android.permission.SET_DEBUG_APP
01-01 08:00:13.472 D/PackageManager( 2078): verifyPackageMD5 apkControlMode = none
01-01 08:00:13.472 D/PackageManager( 2078): grantSignaturePermission permission = android.permission.SET_PROCESS_LIMIT
01-01 08:00:13.472 D/PackageManager( 2078): verifyPackageMD5 apkControlMode = none
01-01 08:00:13.472 D/PackageManager( 2078): grantSignaturePermission permission = android.permission.SET_ALWAYS_FINISH
01-01 08:00:13.472 D/PackageManager( 2078): verifyPackageMD5 apkControlMode = none
01-01 08:00:13.472 D/PackageManager( 2078): grantSignaturePermission permission = android.permission.DUMP
01-01 08:00:13.472 D/PackageManager( 2078): verifyPackageMD5 apkControlMode = none
01-01 08:00:13.472 D/PackageManager( 2078): grantSignaturePermission permission = android.permission.SIGNAL_PERSISTENT_PROCESSES
01-01 08:00:13.472 D/PackageManager( 2078): verifyPackageMD5 apkControlMode = none
01-01 08:00:13.472 D/PackageManager( 2078): grantSignaturePermission permission = android.permission.FORCE_BACK
01-01 08:00:13.472 D/PackageManager( 2078): verifyPackageMD5 apkControlMode = none
01-01 08:00:13.472 D/PackageManager( 2078): grantSignaturePermission permission = android.permission.BATTERY_STATS
01-01 08:00:13.472 D/PackageManager( 2078): verifyPackageMD5 apkControlMode = none
01-01 08:00:13.473 D/PackageManager( 2078): grantSignaturePermission permission = android.permission.INTERNAL_SYSTEM_WINDOW
01-01 08:00:13.473 D/PackageManager( 2078): verifyPackageMD5 apkControlMode = none
01-01 08:00:13.473 D/PackageManager( 2078): grantSignaturePermission permission = android.permission.INJECT_EVENTS
01-01 08:00:13.473 D/PackageManager( 2078): verifyPackageMD5 apkControlMode = none
01-01 08:00:13.473 D/PackageManager( 2078): grantSignaturePermission permission = android.permission.RETRIEVE_WINDOW_CONTENT
01-01 08:00:13.473 D/PackageManager( 2078): verifyPackageMD5 apkControlMode = none
01-01 08:00:13.473 D/PackageManager( 2078): grantSignaturePermission permission = android.permission.SET_ACTIVITY_WATCHER
01-01 08:00:13.473 D/PackageManager( 2078): verifyPackageMD5 apkControlMode = none
01-01 08:00:13.473 D/PackageManager( 2078): grantSignaturePermission permission = android.permission.READ_INPUT_STATE
01-01 08:00:13.473 D/PackageManager( 2078): verifyPackageMD5 apkControlMode = none
01-01 08:00:13.473 D/PackageManager( 2078): grantSignaturePermission permission = android.permission.SET_ORIENTATION
01-01 08:00:13.473 D/PackageManager( 2078): verifyPackageMD5 apkControlMode = none
01-01 08:00:13.473 D/PackageManager( 2078): grantSignaturePermission permission = android.permission.INSTALL_PACKAGES
01-01 08:00:13.473 D/PackageManager( 2078): verifyPackageMD5 apkControlMode = none
01-01 08:00:13.473 D/PackageManager( 2078): grantSignaturePermission permission = android.permission.CLEAR_APP_USER_DATA
01-01 08:00:13.473 D/PackageManager( 2078): verifyPackageMD5 apkControlMode = none
01-01 08:00:13.473 D/PackageManager( 2078): grantSignaturePermission permission = android.permission.DELETE_CACHE_FILES
01-01 08:00:13.473 D/PackageManager( 2078): verifyPackageMD5 apkControlMode = none
01-01 08:00:13.473 D/PackageManager( 2078): grantSignaturePermission permission = android.permission.DELETE_PACKAGES
01-01 08:00:13.473 D/PackageManager( 2078): verifyPackageMD5 apkControlMode = none
01-01 08:00:13.473 D/PackageManager( 2078): grantSignaturePermission permission = android.permission.ACCESS_SURFACE_FLINGER
01-01 08:00:13.473 D/PackageManager( 2078): verifyPackageMD5 apkControlMode = none
01-01 08:00:13.473 D/PackageManager( 2078): grantSignaturePermission permission = android.permission.READ_FRAME_BUFFER
01-01 08:00:13.474 D/PackageManager( 2078): verifyPackageMD5 apkControlMode = none
01-01 08:00:13.474 D/PackageManager( 2078): grantSignaturePermission permission = android.permission.DEVICE_POWER
01-01 08:00:13.474 D/PackageManager( 2078): verifyPackageMD5 apkControlMode = none
01-01 08:00:13.474 D/PackageManager( 2078): grantSignaturePermission permission = android.permission.INSTALL_LOCATION_PROVIDER
01-01 08:00:13.474 D/PackageManager( 2078): verifyPackageMD5 apkControlMode = none
01-01 08:00:13.474 D/PackageManager( 2078): grantSignaturePermission permission = android.permission.BACKUP
01-01 08:00:13.474 D/PackageManager( 2078): verifyPackageMD5 apkControlMode = none
01-01 08:00:13.474 D/PackageManager( 2078): grantSignaturePermission permission = android.permission.FORCE_STOP_PACKAGES
01-01 08:00:13.474 D/PackageManager( 2078): verifyPackageMD5 apkControlMode = none
01-01 08:00:13.474 D/PackageManager( 2078): grantSignaturePermission permission = android.permission.STOP_APP_SWITCHES
01-01 08:00:13.474 D/PackageManager( 2078): verifyPackageMD5 apkControlMode = none
01-01 08:00:13.474 D/PackageManager( 2078): grantSignaturePermission permission = android.permission.ACCESS_CONTENT_PROVIDERS_EXTERNALLY
01-01 08:00:13.474 D/PackageManager( 2078): verifyPackageMD5 apkControlMode = none
01-01 08:00:13.474 D/PackageManager( 2078): grantSignaturePermission permission = android.permission.GRANT_REVOKE_PERMISSIONS
01-01 08:00:13.474 D/PackageManager( 2078): verifyPackageMD5 apkControlMode = none
01-01 08:00:13.474 D/PackageManager( 2078): grantSignaturePermission permission = android.permission.SET_KEYBOARD_LAYOUT
01-01 08:00:13.474 D/PackageManager( 2078): verifyPackageMD5 apkControlMode = none
01-01 08:00:13.474 D/PackageManager( 2078): grantSignaturePermission permission = android.permission.GET_DETAILED_TASKS
01-01 08:00:13.474 D/PackageManager( 2078): verifyPackageMD5 apkControlMode = none
01-01 08:00:13.474 D/PackageManager( 2078): grantSignaturePermission permission = android.permission.SET_SCREEN_COMPATIBILITY
01-01 08:00:13.474 D/PackageManager( 2078): verifyPackageMD5 apkControlMode = none
01-01 08:00:13.474 D/PackageManager( 2078): grantSignaturePermission permission = android.permission.WRITE_MEDIA_STORAGE
01-01 08:00:13.474 D/PackageManager( 2078): verifyPackageMD5 apkControlMode = none
01-01 08:00:13.475 D/PackageManager( 2078): grantSignaturePermission permission = android.permission.INTERACT_ACROSS_USERS
01-01 08:00:13.475 D/PackageManager( 2078): verifyPackageMD5 apkControlMode = none
01-01 08:00:13.475 D/PackageManager( 2078): grantSignaturePermission permission = android.permission.INTERACT_ACROSS_USERS_FULL
01-01 08:00:13.475 D/PackageManager( 2078): verifyPackageMD5 apkControlMode = none
01-01 08:00:13.475 D/PackageManager( 2078): grantSignaturePermission permission = android.permission.MANAGE_USERS
01-01 08:00:13.475 D/PackageManager( 2078): verifyPackageMD5 apkControlMode = none
01-01 08:00:13.475 D/PackageManager( 2078): grantSignaturePermission permission = android.permission.BLUETOOTH_STACK
01-01 08:00:13.475 D/PackageManager( 2078): verifyPackageMD5 apkControlMode = none
01-01 08:00:13.475 D/PackageManager( 2078): grantSignaturePermission permission = android.permission.ACCESS_DOWNLOAD_MANAGER
01-01 08:00:13.475 D/PackageManager( 2078): verifyPackageMD5 apkControlMode = none
01-01 08:00:13.475 D/PackageManager( 2078): grantSignaturePermission permission = android.permission.ACCESS_CACHE_FILESYSTEM
01-01 08:00:13.475 D/PackageManager( 2078): verifyPackageMD5 apkControlMode = none
01-01 08:00:13.476 D/PackageManager( 2078): com.android.providers.downloads compare in grantSignaturePermission : package publickey_string = OpenSSLRSAPublicKey{modulus=c41552dde9a751173b7b8d78f1028c582f7790622752fa7b0a23b1c7b10f769f1ade6401b01719891566d9080fb45c0b4c533daf1cec7a3874a21d941a493966d5df9c29d8fdbaa2b095e00eac97a9df384856461d98dd88f4b8f28d697a88845b57b9e2132ee436eb15b09452a495418829c30ca7143534397c7d26fad583dd8e7f3348be29c415b57f05bf8c7a9ef8f5a39f2b6774bd0c35983f866b15444b670d87f39931ca5209b0d0a3087b265953fd45026f0b196b33cb6eedea4eb2dc17d303295ba46f8f253c4de3960f00e60b26f8bf6df50a321acccd8b97a287f2b85b5f8b9a1f81f078a489c38d3b457572b8ecadb4068ee02fe26725a93833cd,publicExponent=10001}
01-01 08:00:13.476 D/PackageManager( 2078): com.android.providers.downloads compare in grantSignaturePermission : package keyString = c41552dde9a751173b7b8d78f1028c582f7790622752fa7b0a23b1c7b10f769f1ade6401b01719891566d9080fb45c0b4c533daf1cec7a3874a21d941a493966d5df9c29d8fdbaa2b095e00eac97a9df384856461d98dd88f4b8f28d697a88845b57b9e2132ee436eb15b09452a495418829c30ca7143534397c7d26fad583dd8e7f3348be29c415b57f05bf8c7a9ef8f5a39f2b6774bd0c35983f866b15444b670d87f39931ca5209b0d0a3087b265953fd45026f0b196b33cb6eedea4eb2dc17d303295ba46f8f253c4de3960f00e60b26f8bf6df50a321acccd8b97a287f2b85b5f8b9a1f81f078a489c38d3b457572b8ecadb4068ee02fe26725a93833cd
01-01 08:00:13.476 D/PackageManager( 2078): grantSignaturePermission:OriPubKey allowed = false
01-01 08:00:13.476 D/PackageManager( 2078): grantSignaturePermission permission = android.permission.SEND_DOWNLOAD_COMPLETED_INTENTS
01-01 08:00:13.476 D/PackageManager( 2078): verifyPackageMD5 apkControlMode = none
01-01 08:00:13.476 D/PackageManager( 2078): grantSignaturePermission permission = android.permission.ACCESS_ALL_DOWNLOADS
01-01 08:00:13.476 D/PackageManager( 2078): verifyPackageMD5 apkControlMode = none
01-01 08:00:13.476 D/PackageManager( 2078): grantSignaturePermission permission = android.permission.UPDATE_DEVICE_STATS
01-01 08:00:13.476 D/PackageManager( 2078): verifyPackageMD5 apkControlMode = none
01-01 08:00:13.477 D/PackageManager( 2078): com.android.providers.downloads compare in grantSignaturePermission : package publickey_string = OpenSSLRSAPublicKey{modulus=c41552dde9a751173b7b8d78f1028c582f7790622752fa7b0a23b1c7b10f769f1ade6401b01719891566d9080fb45c0b4c533daf1cec7a3874a21d941a493966d5df9c29d8fdbaa2b095e00eac97a9df384856461d98dd88f4b8f28d697a88845b57b9e2132ee436eb15b09452a495418829c30ca7143534397c7d26fad583dd8e7f3348be29c415b57f05bf8c7a9ef8f5a39f2b6774bd0c35983f866b15444b670d87f39931ca5209b0d0a3087b265953fd45026f0b196b33cb6eedea4eb2dc17d303295ba46f8f253c4de3960f00e60b26f8bf6df50a321acccd8b97a287f2b85b5f8b9a1f81f078a489c38d3b457572b8ecadb4068ee02fe26725a93833cd,publicExponent=10001}
01-01 08:00:13.478 D/PackageManager( 2078): com.android.providers.downloads compare in grantSignaturePermission : package keyString = c41552dde9a751173b7b8d78f1028c582f7790622752fa7b0a23b1c7b10f769f1ade6401b01719891566d9080fb45c0b4c533daf1cec7a3874a21d941a493966d5df9c29d8fdbaa2b095e00eac97a9df384856461d98dd88f4b8f28d697a88845b57b9e2132ee436eb15b09452a495418829c30ca7143534397c7d26fad583dd8e7f3348be29c415b57f05bf8c7a9ef8f5a39f2b6774bd0c35983f866b15444b670d87f39931ca5209b0d0a3087b265953fd45026f0b196b33cb6eedea4eb2dc17d303295ba46f8f253c4de3960f00e60b26f8bf6df50a321acccd8b97a287f2b85b5f8b9a1f81f078a489c38d3b457572b8ecadb4068ee02fe26725a93833cd
01-01 08:00:13.478 D/PackageManager( 2078): grantSignaturePermission:OriPubKey allowed = false
01-01 08:00:13.478 D/PackageManager( 2078): grantSignaturePermission permission = android.permission.CONNECTIVITY_INTERNAL
01-01 08:00:13.478 D/PackageManager( 2078): verifyPackageMD5 apkControlMode = none
01-01 08:00:13.479 D/PackageManager( 2078): com.android.providers.downloads compare in grantSignaturePermission : package publickey_string = OpenSSLRSAPublicKey{modulus=c41552dde9a751173b7b8d78f1028c582f7790622752fa7b0a23b1c7b10f769f1ade6401b01719891566d9080fb45c0b4c533daf1cec7a3874a21d941a493966d5df9c29d8fdbaa2b095e00eac97a9df384856461d98dd88f4b8f28d697a88845b57b9e2132ee436eb15b09452a495418829c30ca7143534397c7d26fad583dd8e7f3348be29c415b57f05bf8c7a9ef8f5a39f2b6774bd0c35983f866b15444b670d87f39931ca5209b0d0a3087b265953fd45026f0b196b33cb6eedea4eb2dc17d303295ba46f8f253c4de3960f00e60b26f8bf6df50a321acccd8b97a287f2b85b5f8b9a1f81f078a489c38d3b457572b8ecadb4068ee02fe26725a93833cd,publicExponent=10001}
01-01 08:00:13.479 D/PackageManager( 2078): com.android.providers.downloads compare in grantSignaturePermission : package keyString = c41552dde9a751173b7b8d78f1028c582f7790622752fa7b0a23b1c7b10f769f1ade6401b01719891566d9080fb45c0b4c533daf1cec7a3874a21d941a493966d5df9c29d8fdbaa2b095e00eac97a9df384856461d98dd88f4b8f28d697a88845b57b9e2132ee436eb15b09452a495418829c30ca7143534397c7d26fad583dd8e7f3348be29c415b57f05bf8c7a9ef8f5a39f2b6774bd0c35983f866b15444b670d87f39931ca5209b0d0a3087b265953fd45026f0b196b33cb6eedea4eb2dc17d303295ba46f8f253c4de3960f00e60b26f8bf6df50a321acccd8b97a287f2b85b5f8b9a1f81f078a489c38d3b457572b8ecadb4068ee02fe26725a93833cd
01-01 08:00:13.479 D/PackageManager( 2078): grantSignaturePermission:OriPubKey allowed = false
01-01 08:00:13.479 D/PackageManager( 2078): grantSignaturePermission permission = android.permission.MODIFY_NETWORK_ACCOUNTING
01-01 08:00:13.479 D/PackageManager( 2078): verifyPackageMD5 apkControlMode = none
01-01 08:00:13.480 D/PackageManager( 2078): com.android.providers.downloads compare in grantSignaturePermission : package publickey_string = OpenSSLRSAPublicKey{modulus=c41552dde9a751173b7b8d78f1028c582f7790622752fa7b0a23b1c7b10f769f1ade6401b01719891566d9080fb45c0b4c533daf1cec7a3874a21d941a493966d5df9c29d8fdbaa2b095e00eac97a9df384856461d98dd88f4b8f28d697a88845b57b9e2132ee436eb15b09452a495418829c30ca7143534397c7d26fad583dd8e7f3348be29c415b57f05bf8c7a9ef8f5a39f2b6774bd0c35983f866b15444b670d87f39931ca5209b0d0a3087b265953fd45026f0b196b33cb6eedea4eb2dc17d303295ba46f8f253c4de3960f00e60b26f8bf6df50a321acccd8b97a287f2b85b5f8b9a1f81f078a489c38d3b457572b8ecadb4068ee02fe26725a93833cd,publicExponent=10001}
01-01 08:00:13.480 D/PackageManager( 2078): com.android.providers.downloads compare in grantSignaturePermission : package keyString = c41552dde9a751173b7b8d78f1028c582f7790622752fa7b0a23b1c7b10f769f1ade6401b01719891566d9080fb45c0b4c533daf1cec7a3874a21d941a493966d5df9c29d8fdbaa2b095e00eac97a9df384856461d98dd88f4b8f28d697a88845b57b9e2132ee436eb15b09452a495418829c30ca7143534397c7d26fad583dd8e7f3348be29c415b57f05bf8c7a9ef8f5a39f2b6774bd0c35983f866b15444b670d87f39931ca5209b0d0a3087b265953fd45026f0b196b33cb6eedea4eb2dc17d303295ba46f8f253c4de3960f00e60b26f8bf6df50a321acccd8b97a287f2b85b5f8b9a1f81f078a489c38d3b457572b8ecadb4068ee02fe26725a93833cd
01-01 08:00:13.480 D/PackageManager( 2078): grantSignaturePermission:OriPubKey allowed = false
01-01 08:00:13.524 E/installd( 1593): value = false 
01-01 08:00:13.752 E/installd( 1593): value = false 
01-01 08:00:13.785 I/StatusBarManagerService( 2078): registerStatusBar bar=com.android.internal.statusbar.IStatusBar$Stub$Proxy@4248a200
01-01 08:00:13.791 I/ActivityManager( 2078): Config changes=200 {1.0 ?mcc?mnc zh_CN ldltr sw720dp w1280dp h720dp 240dpi xlrg long land television -touch -keyb/v/h dpad/v s.4}
01-01 08:00:13.792 W/RecognitionManagerService( 2078): no available voice recognition services found for user 0
01-01 08:00:13.796 W/InputMethodManagerService( 2078): Ignoring setImeWindowStatus of uid 1000 token: null
01-01 08:00:13.797 W/InputMethodManagerService( 2078): Default IME is uninstalled. Choose new default IME.
01-01 08:00:13.826 I/ActivityManager( 2078): Start proc com.hisilicon.android.inputmethod.remote for service com.hisilicon.android.inputmethod.remote/.RemoteIME: pid=2282 uid=10013 gids={50013}
01-01 08:00:13.826 V/InputMethodManagerService( 2078): Adding window token: android.os.Binder@422b79c0
01-01 08:00:13.829 W/InputMethodManagerService( 2078): Illegal subtype state: old subtype = null, new subtype = android.view.inputmethod.InputMethodSubtype@6c61b14
01-01 08:00:13.836 E/installd( 1593): value = false 
01-01 08:00:13.933 E/installd( 1593): value = false 
01-01 08:00:13.937 E/installd( 1593): value = false 
01-01 08:00:13.958 V/CameraObserver( 2078): Intent.ACTION_CAMERA_PLUG: state: 0:name:video0
01-01 08:00:13.959 W/ContextImpl( 2078): Calling a method in the system process without a qualified user: android.app.ContextImpl.sendBroadcast:1211 com.android.server.CameraObserver.sendIntent:116 com.android.server.CameraObserver.access$000:37 com.android.server.CameraObserver$1.handleMessage:122 android.os.Handler.dispatchMessage:102 
01-01 08:00:13.979 E/installd( 1593): value = false 
01-01 08:00:13.979 E/LocationManagerService( 2078): no geocoder provider found
01-01 08:00:13.993 I/ActivityManager( 2078): Start proc com.um.upgrade for added application com.um.upgrade: pid=2300 uid=1000 gids={41000, 3003, 1028, 1007, 3002, 3001}
01-01 08:00:14.003 I/ActivityManager( 2078): Start proc com.hisilicon.dlna.dms for added application com.hisilicon.dlna.dms: pid=2314 uid=1000 gids={41000, 3003, 1028, 1007, 3002, 3001}
01-01 08:00:14.014 I/ActivityManager( 2078): Start proc com.hisilicon.dlna.dmr for added application com.hisilicon.dlna.dmr: pid=2329 uid=1000 gids={41000, 3003, 1028, 1007, 3002, 3001}
01-01 08:00:14.025 I/ActivityManager( 2078): Start proc com.unionman.umosd for added application com.unionman.umosd: pid=2344 uid=1000 gids={41000, 3003, 1028, 1007, 3002, 3001}
01-01 08:00:14.036 I/ActivityManager( 2078): Start proc com.unionman.shortcut for added application com.unionman.shortcut: pid=2357 uid=1000 gids={41000, 3003, 1028, 1007, 3002, 3001}
01-01 08:00:14.047 I/ActivityManager( 2078): Start proc com.um.ctica for added application com.um.ctica: pid=2372 uid=1000 gids={41000, 3003, 1028, 1007, 3002, 3001}
01-01 08:00:14.089 I/ActivityManager( 2078): Start proc com.hisilicon.android.hiRMService for added application com.hisilicon.android.hiRMService: pid=2385 uid=1000 gids={41000, 3003, 1028, 1007, 3002, 3001}
01-01 08:00:14.099 I/ActivityManager( 2078): Start proc com.example.man.myapplication for added application com.example.man.myapplication: pid=2397 uid=10019 gids={50019, 3003}
01-01 08:00:14.111 I/ActivityManager( 2078): Start proc com.um.usbupgrade for added application com.um.usbupgrade: pid=2413 uid=1000 gids={41000, 3003, 1028, 1007, 3002, 3001}
01-01 08:00:14.111 I/ActivityManager( 2078): resumeHomeActivity(): mIsHomeActivityStarted=false
01-01 08:00:14.111 I/ActivityManager( 2078): resumeHomeActivity(): mProbeThread.getState()=NEW
01-01 08:00:14.111 I/ActivityManager( 2078): persist.sys.fastplay.fullyplay is false
01-01 08:00:14.111 I/ActivityManager( 2078): service.bootanim.bootvideo.exit is 1
01-01 08:00:14.113 I/ActivityManager( 2078): Start home activity
01-01 08:00:14.115 I/ActivityManager( 2078): START u0 {act=android.intent.action.MAIN cat=[android.intent.category.HOME] flg=0x10000000 cmp=com.um.launcher/.MainActivity} from pid 0
01-01 08:00:14.116 W/ActivityManager( 2078): Unable to start service Intent { cmp=com.android.printspooler/.PrintSpoolerService } U=0: not found
01-01 08:00:14.117 E/installd( 1593): value = false 
01-01 08:00:14.187 E/installd( 1593): value = false 
01-01 08:00:14.193 I/ActivityManager( 2078): Start proc com.um.launcher for activity com.um.launcher/.MainActivity: pid=2432 uid=1000 gids={41000, 3003, 1028, 1007, 3002, 3001}
01-01 08:00:14.194 E/installd( 1593): value = false 
01-01 08:00:14.362 E/installd( 1593): value = false 
01-01 08:00:14.363 E/installd( 1593): value = false 
01-01 08:00:14.413 E/installd( 1593): value = false 
01-01 08:00:14.415 E/installd( 1593): value = false 
01-01 08:00:14.455 E/installd( 1593): value = false 
01-01 08:00:14.457 E/installd( 1593): value = false 
01-01 08:00:14.536 E/installd( 1593): value = false 
01-01 08:00:14.538 E/installd( 1593): value = false 
01-01 08:00:14.664 E/installd( 1593): value = false 
01-01 08:00:14.666 E/installd( 1593): value = false 
01-01 08:00:15.166 D/ConnectivityService( 2078): ConnectivityChange for ETHERNET: CONNECTED/CONNECTED
01-01 08:00:15.167 D/ConnectivityService( 2078): Coexist!! Do not teardown: ETHERNET
01-01 08:00:15.167 W/ContextImpl( 2078): Calling a method in the system process without a qualified user: android.app.ContextImpl.sendStickyBroadcast:1369 android.net.EthernetDataTracker.postNotification:849 android.net.EthernetDataTracker.access$800:62 android.net.EthernetDataTracker$2.run:369 java.lang.Thread.run:841 
01-01 08:00:15.168 E/ConnectivityService( 2078): Unexpected mtu value: android.net.EthernetDataTracker@426163f0
01-01 08:00:15.168 E/ConnectivityService( 2078): handleDnsConfigurationChange: isDefaultDns = true
01-01 08:00:15.170 E/ConnectivityService( 2078): updatedns, getDnsRemain: mNumDnsEntries = 0
01-01 08:00:15.171 E/ConnectivityService( 2078): updateDnsLocked, dnses:[/192.168.1.1]
01-01 08:00:15.171 E/ConnectivityService( 2078): wifidns:null g3dns:null ethdns:[/192.168.1.1]
01-01 08:00:15.171 E/ConnectivityService( 2078): updateDns, adding net.dns1 192.168.1.1
01-01 08:00:15.392 E/installd( 1593): value = false 
01-01 08:00:15.404 I/ActivityManager( 2078): Start proc android.process.media for broadcast com.android.providers.media/.MediaScannerReceiver: pid=2471 uid=10004 gids={50004, 1023, 1024, 1028, 2001, 3003, 3007}
01-01 08:00:15.405 E/installd( 1593): value = false 
01-01 08:00:15.514 E/installd( 1593): value = false 
01-01 08:00:15.515 E/installd( 1593): value = false 
01-01 08:00:15.557 E/installd( 1593): value = false 
01-01 08:00:15.560 E/installd( 1593): value = false 
01-01 08:00:15.942 E/installd( 1593): value = false 
01-01 08:00:15.945 D/ConnectivityService( 2078): curLp before coexist handle: null
01-01 08:00:15.945 D/ConnectivityService( 2078): newLp before coexist handle: {InterfaceName: eth0 LinkAddresses: [192.168.1.3/24,]  Routes: [192.168.1.0/24 -> 0.0.0.0,0.0.0.0/0 -> 192.168.1.1,] DnsAddresses: [192.168.1.1,] Domains: nullMTU: 0}
01-01 08:00:15.945 D/ConnectivityService( 2078): newLpPrefered before coexist handle: false
01-01 08:00:15.945 D/ConnectivityService( 2078): Coexist!! No Previous Available Network!! New newType(9) Connected!!
01-01 08:00:15.945 D/ConnectivityService( 2078): curLp before updateRoutes: null
01-01 08:00:15.945 D/ConnectivityService( 2078): newLp before updateRoutes: {InterfaceName: eth0 LinkAddresses: [192.168.1.3/24,]  Routes: [192.168.1.0/24 -> 0.0.0.0,0.0.0.0/0 -> 192.168.1.1,] DnsAddresses: [192.168.1.1,] Domains: nullMTU: 0}
01-01 08:00:15.945 D/ConnectivityService( 2078): newLpPrefered before updateRoutes: true
01-01 08:00:15.945 E/installd( 1593): value = false 
01-01 08:00:15.945 D/ConnectivityService( 2078): Adding 192.168.1.0/24 -> 0.0.0.0 into mAddedRoutes as it's already in use
01-01 08:00:15.947 D/ConnectivityService( 2078): Adding 192.168.1.1/32 -> 0.0.0.0 into mAddedRoutes as it's already in use
01-01 08:00:15.948 D/ConnectivityService( 2078): Adding 0.0.0.0/0 -> 192.168.1.1 into mAddedRoutes as it's already in use
01-01 08:00:15.950 D/Nat464Xlat( 2078): requiresClat: netType=9, hasIPv4Address=true
01-01 08:00:16.067 E/installd( 1593): value = false 
01-01 08:00:16.072 I/ConnectivityService( 2078): Switch LED to light!
01-01 08:00:16.072 E/SysCmdService( 1609): SysCmdService::commandExec(LedControl:gpio=43;on=1)
01-01 08:00:16.072 E/SysCmdService( 1609): SysCmdService::ledControl(LedControl:gpio=43;on=1)
01-01 08:00:16.072 E/SysCmdService( 1609): SysCmdService::ledControl, gpioNum=43
01-01 08:00:16.072 E/SysCmdService( 1609): SysCmdService::ledControl, on=1
01-01 08:00:16.072 V/SysCmdService( 1609): SysCmdService::commandExec ret:0
01-01 08:00:16.072 D/ConnectivityService( 2078): Coexist!! NewType(9) priority is higher than CurrentType(-1), update mActiveDefaultNetwork!
01-01 08:00:16.176 E/ActivityThread( 2219): Failed to find provider info for com.android.contacts
01-01 08:00:16.452 I/ActivityManager( 2078): Start proc com.android.externalstorage for broadcast com.android.externalstorage/.MountReceiver: pid=2505 uid=10003 gids={50003, 1028, 1023}
01-01 08:00:16.465 E/installd( 1593): value = false 
01-01 08:00:16.654 E/installd( 1593): value = false 
01-01 08:00:16.674 W/ContextImpl( 2432): Calling a method in the system process without a qualified user: android.app.ContextImpl.sendBroadcast:1211 android.content.ContextWrapper.sendBroadcast:365 com.um.launcher.MainActivity.sendLauncherBootBroadcast:671 com.um.launcher.MainActivity.onCreate:535 android.app.Activity.performCreate:5231 
01-01 08:00:16.683 W/ContextImpl( 2432): Calling a method in the system process without a qualified user: android.app.ContextImpl.startService:1567 android.content.ContextWrapper.startService:494 com.um.launcher.MainActivity.onCreate:545 android.app.Activity.performCreate:5231 android.app.Instrumentation.callActivityOnCreate:1087 
01-01 08:00:16.690 I/ActivityManager( 2078): Start proc com.android.settings for broadcast com.android.settings/.widget.SettingsAppWidgetProvider: pid=2525 uid=1000 gids={41000, 3003, 1028, 1007, 3002, 3001}
01-01 08:00:16.691 W/ActivityManager( 2078): Unable to start service Intent { act=UM_BlueToothAutoPairService } U=0: not found
01-01 08:00:16.692 W/ContextImpl( 2432): Calling a method in the system process without a qualified user: android.app.ContextImpl.startService:1567 android.content.ContextWrapper.startService:494 com.um.launcher.MainActivity.onCreate:552 android.app.Activity.performCreate:5231 android.app.Instrumentation.callActivityOnCreate:1087 
01-01 08:00:16.693 W/ActivityManager( 2078): Unable to start service Intent { act=UM_StoreModeService } U=0: not found
01-01 08:00:16.702 W/ContextImpl( 2432): Calling a method in the system process without a qualified user: android.app.ContextImpl.sendBroadcast:1211 android.content.ContextWrapper.sendBroadcast:365 android.app.ActivityThread.performResumeActivity:2785 android.app.ActivityThread.handleResumeActivity:2823 android.app.ActivityThread.handleLaunchActivity:2250 
01-01 08:00:16.702 E/installd( 1593): value = false 
01-01 08:00:17.481 E/installd( 1593): value = false 
01-01 08:00:17.517 W/ContextImpl( 2525): Calling a method in the system process without a qualified user: android.app.ContextImpl.bindService:1631 android.content.ContextWrapper.bindService:517 android.bluetooth.BluetoothInputDevice.doBind:245 android.bluetooth.BluetoothInputDevice.<init>:238 android.bluetooth.BluetoothAdapter.getProfileProxy:1187 
01-01 08:00:17.520 W/ContextImpl( 2525): Calling a method in the system process without a qualified user: android.app.ContextImpl.bindService:1631 android.content.ContextWrapper.bindService:517 android.bluetooth.BluetoothPan.doBind:149 android.bluetooth.BluetoothPan.<init>:141 android.bluetooth.BluetoothAdapter.getProfileProxy:1190 
01-01 08:00:17.523 W/ContextImpl( 2525): Calling a method in the system process without a qualified user: android.app.ContextImpl.bindService:1631 android.content.ContextWrapper.bindService:517 android.bluetooth.BluetoothMap.doBind:109 android.bluetooth.BluetoothMap.<init>:102 android.bluetooth.BluetoothAdapter.getProfileProxy:1196 
01-01 08:00:17.526 W/ContextImpl( 2525): Calling a method in the system process without a qualified user: android.app.ContextImpl.bindService:1631 android.content.ContextWrapper.bindService:517 android.bluetooth.BluetoothPbap.doBind:164 android.bluetooth.BluetoothPbap.<init>:157 com.android.settings.bluetooth.PbapServerProfile.<init>:68 
01-01 08:00:17.570 E/HiSysManagerService( 1598): checkPermission is true.
01-01 08:00:18.206 I/PackageManager( 2078): get CTION_BOOT_COMPLETED to later scan
01-01 08:00:18.207 I/PackageManager( 2078): get DATA_APP_SCAN_START msg=0001
01-01 08:00:18.208 I/PackageManager( 2078): **********scan data/app begin: 
01-01 08:00:18.208 E/ActivityManager( 2078): RECEIVE_BOOT_COMPLETE
01-01 08:00:18.208 I/PackageManager( 2078): Time to scan data app over: 0.0 seconds
01-01 08:00:18.209 I/PackageManager( 2078): get DATA_APP_SCAN_END msg 00005 write and send get ret
01-01 08:00:18.209 D/PackageManager( 2078): grantSignaturePermission permission = android.permission.BIND_APPWIDGET
01-01 08:00:18.209 D/PackageManager( 2078): verifyPackageMD5 apkControlMode = none
01-01 08:00:18.210 D/PackageManager( 2078): com.android.launcher compare in grantSignaturePermission : package publickey_string = OpenSSLRSAPublicKey{modulus=b06f54c89e43986e47890a01091f21d97e68233b0c9b2cea4b3ac7349b8e8eaa485005a6733b7ef15e39aa1796c4407cd69e9200ff879813802cbbad050b7f2efcfef25d788192e78ae0acc7d93d7fc19dc658c42fd5edc4be8345c5fafb866adefdc223ffa1012bb56a3ca20ed7a91df06a4ebcf63e5c94cdba1394e29e36d4990799dc8020b6cbbc2ff7bd2d4d8d140d509062b0a4b7fb3ca702f12c698e76cf22c3ee2f70e4f511cc77e2ef7bbbca3b689f40601c23d1ea02368d43e83d1a434e2eb7cb20daf2598680dc3e57a43055a7aede0f94074133487d9c8a2bff652d59181042777b38e5f48534ef7e05204b41a71b3b214e3a2154268320d81f51,publicExponent=10001}
01-01 08:00:18.210 D/PackageManager( 2078): com.android.launcher compare in grantSignaturePermission : package keyString = b06f54c89e43986e47890a01091f21d97e68233b0c9b2cea4b3ac7349b8e8eaa485005a6733b7ef15e39aa1796c4407cd69e9200ff879813802cbbad050b7f2efcfef25d788192e78ae0acc7d93d7fc19dc658c42fd5edc4be8345c5fafb866adefdc223ffa1012bb56a3ca20ed7a91df06a4ebcf63e5c94cdba1394e29e36d4990799dc8020b6cbbc2ff7bd2d4d8d140d509062b0a4b7fb3ca702f12c698e76cf22c3ee2f70e4f511cc77e2ef7bbbca3b689f40601c23d1ea02368d43e83d1a434e2eb7cb20daf2598680dc3e57a43055a7aede0f94074133487d9c8a2bff652d59181042777b38e5f48534ef7e05204b41a71b3b214e3a2154268320d81f51
01-01 08:00:18.210 D/PackageManager( 2078): grantSignaturePermission:OriPubKey allowed = false
01-01 08:00:18.210 D/PackageManager( 2078): grantSignaturePermission permission = com.android.launcher.permission.WRITE_SETTINGS
01-01 08:00:18.211 D/PackageManager( 2078): verifyPackageMD5 apkControlMode = none
01-01 08:00:18.211 D/PackageManager( 2078): grantSignaturePermission permission = android.permission.ACCESS_DOWNLOAD_MANAGER
01-01 08:00:18.211 D/PackageManager( 2078): verifyPackageMD5 apkControlMode = none
01-01 08:00:18.211 D/PackageManager( 2078): grantSignaturePermission permission = android.permission.ACCESS_ALL_DOWNLOADS
01-01 08:00:18.211 D/PackageManager( 2078): verifyPackageMD5 apkControlMode = none
01-01 08:00:18.211 D/PackageManager( 2078): grantSignaturePermission permission = android.permission.ASEC_ACCESS
01-01 08:00:18.211 D/PackageManager( 2078): verifyPackageMD5 apkControlMode = none
01-01 08:00:18.211 D/PackageManager( 2078): grantSignaturePermission permission = android.permission.ASEC_CREATE
01-01 08:00:18.211 D/PackageManager( 2078): verifyPackageMD5 apkControlMode = none
01-01 08:00:18.211 D/PackageManager( 2078): grantSignaturePermission permission = android.permission.ASEC_DESTROY
01-01 08:00:18.211 D/PackageManager( 2078): verifyPackageMD5 apkControlMode = none
01-01 08:00:18.211 D/PackageManager( 2078): grantSignaturePermission permission = android.permission.ASEC_MOUNT_UNMOUNT
01-01 08:00:18.211 D/PackageManager( 2078): verifyPackageMD5 apkControlMode = none
01-01 08:00:18.211 D/PackageManager( 2078): grantSignaturePermission permission = android.permission.WRITE_MEDIA_STORAGE
01-01 08:00:18.211 D/PackageManager( 2078): verifyPackageMD5 apkControlMode = none
01-01 08:00:18.211 D/PackageManager( 2078): grantSignaturePermission permission = android.permission.ACCESS_CACHE_FILESYSTEM
01-01 08:00:18.211 D/PackageManager( 2078): verifyPackageMD5 apkControlMode = none
01-01 08:00:18.211 D/PackageManager( 2078): grantSignaturePermission permission = android.permission.ACCESS_ALL_EXTERNAL_STORAGE
01-01 08:00:18.211 D/PackageManager( 2078): verifyPackageMD5 apkControlMode = none
01-01 08:00:18.211 D/PackageManager( 2078): grantSignaturePermission permission = android.permission.MOUNT_UNMOUNT_FILESYSTEMS
01-01 08:00:18.211 D/PackageManager( 2078): verifyPackageMD5 apkControlMode = none
01-01 08:00:18.212 D/PackageManager( 2078): grantSignaturePermission permission = android.permission.MASTER_CLEAR
01-01 08:00:18.212 D/PackageManager( 2078): verifyPackageMD5 apkControlMode = none
01-01 08:00:18.212 D/PackageManager( 2078): grantSignaturePermission permission = android.permission.INSTALL_PACKAGES
01-01 08:00:18.212 D/PackageManager( 2078): verifyPackageMD5 apkControlMode = none
01-01 08:00:18.212 D/PackageManager( 2078): grantSignaturePermission permission = com.android.launcher.permission.WRITE_SETTINGS
01-01 08:00:18.212 D/PackageManager( 2078): verifyPackageMD5 apkControlMode = none
01-01 08:00:18.212 D/PackageManager( 2078): grantSignaturePermission permission = com.hisilicon.dlna.DMS_SYSTEM_BROADCAST
01-01 08:00:18.212 D/PackageManager( 2078): verifyPackageMD5 apkControlMode = none
01-01 08:00:18.212 D/PackageManager( 2078): grantSignaturePermission permission = android.permission.FORCE_STOP_PACKAGES
01-01 08:00:18.212 D/PackageManager( 2078): verifyPackageMD5 apkControlMode = none
01-01 08:00:18.212 D/PackageManager( 2078): grantSignaturePermission permission = com.hisilicon.dlna.DMR_SYSTEM_BROADCAST
01-01 08:00:18.212 D/PackageManager( 2078): verifyPackageMD5 apkControlMode = none
01-01 08:00:18.212 D/PackageManager( 2078): grantSignaturePermission permission = com.hisilicon.dlna.RECV_DMP_PLAYER
01-01 08:00:18.212 D/PackageManager( 2078): verifyPackageMD5 apkControlMode = none
01-01 08:00:18.212 D/PackageManager( 2078): grantSignaturePermission permission = com.hisilicon.dlna.SEND_DMP_PLAYER
01-01 08:00:18.212 D/PackageManager( 2078): verifyPackageMD5 apkControlMode = none
01-01 08:00:18.212 D/PackageManager( 2078): grantSignaturePermission permission = com.hisilicon.dlna.DMP_NETWORK_BROADCAST
01-01 08:00:18.212 D/PackageManager( 2078): verifyPackageMD5 apkControlMode = none
01-01 08:00:18.212 D/PackageManager( 2078): grantSignaturePermission permission = android.permission.SHUTDOWN
01-01 08:00:18.212 D/PackageManager( 2078): verifyPackageMD5 apkControlMode = none
01-01 08:00:18.213 W/PackageManager( 2078): Unknown permission android.permission.SYSTEM_OVERLAY_WINDOW in package com.hisilicon.android.pqsetting
01-01 08:00:18.213 D/PackageManager( 2078): grantSignaturePermission permission = android.permission.ACCESS_BLUETOOTH_SHARE
01-01 08:00:18.213 D/PackageManager( 2078): verifyPackageMD5 apkControlMode = none
01-01 08:00:18.213 D/PackageManager( 2078): grantSignaturePermission permission = com.android.permission.HANDOVER_STATUS
01-01 08:00:18.213 D/PackageManager( 2078): verifyPackageMD5 apkControlMode = none
01-01 08:00:18.213 D/PackageManager( 2078): grantSignaturePermission permission = android.permission.WRITE_SECURE_SETTINGS
01-01 08:00:18.213 D/PackageManager( 2078): verifyPackageMD5 apkControlMode = none
01-01 08:00:18.213 D/PackageManager( 2078): grantSignaturePermission permission = android.permission.NET_ADMIN
01-01 08:00:18.213 D/PackageManager( 2078): verifyPackageMD5 apkControlMode = none
01-01 08:00:18.213 D/PackageManager( 2078): grantSignaturePermission permission = android.permission.CALL_PRIVILEGED
01-01 08:00:18.213 D/PackageManager( 2078): verifyPackageMD5 apkControlMode = none
01-01 08:00:18.213 D/PackageManager( 2078): grantSignaturePermission permission = android.permission.NET_TUNNELING
01-01 08:00:18.213 D/PackageManager( 2078): verifyPackageMD5 apkControlMode = none
01-01 08:00:18.213 D/PackageManager( 2078): grantSignaturePermission permission = android.permission.CONNECTIVITY_INTERNAL
01-01 08:00:18.213 D/PackageManager( 2078): verifyPackageMD5 apkControlMode = none
01-01 08:00:18.213 D/PackageManager( 2078): grantSignaturePermission permission = android.permission.MODIFY_PHONE_STATE
01-01 08:00:18.213 D/PackageManager( 2078): verifyPackageMD5 apkControlMode = none
01-01 08:00:18.213 D/PackageManager( 2078): grantSignaturePermission permission = android.permission.INTERACT_ACROSS_USERS_FULL
01-01 08:00:18.213 D/PackageManager( 2078): verifyPackageMD5 apkControlMode = none
01-01 08:00:18.213 D/PackageManager( 2078): grantSignaturePermission permission = android.permission.BLUETOOTH_STACK
01-01 08:00:18.213 D/PackageManager( 2078): verifyPackageMD5 apkControlMode = none
01-01 08:00:18.213 D/PackageManager( 2078): grantSignaturePermission permission = android.permission.INTERACT_ACROSS_USERS
01-01 08:00:18.213 D/PackageManager( 2078): verifyPackageMD5 apkControlMode = none
01-01 08:00:18.213 D/PackageManager( 2078): grantSignaturePermission permission = android.permission.MANAGE_USERS
01-01 08:00:18.213 D/PackageManager( 2078): verifyPackageMD5 apkControlMode = none
01-01 08:00:18.214 W/PackageManager( 2078): Unknown permission com.google.android.gallery3d.permission.GALLERY_PROVIDER in package com.android.bluetooth
01-01 08:00:18.214 W/PackageManager( 2078): Unknown permission com.android.gallery3d.permission.GALLERY_PROVIDER in package com.android.bluetooth
01-01 08:00:18.214 W/PackageManager( 2078): Unknown permission android.permission.MMS_SEND_OUTBOX_MSG in package com.android.bluetooth
01-01 08:00:18.214 D/PackageManager( 2078): grantSignaturePermission permission = android.permission.MEDIA_CONTENT_CONTROL
01-01 08:00:18.214 D/PackageManager( 2078): verifyPackageMD5 apkControlMode = none
01-01 08:00:18.214 D/PackageManager( 2078): grantSignaturePermission permission = android.permission.ACCESS_DOWNLOAD_MANAGER
01-01 08:00:18.214 D/PackageManager( 2078): verifyPackageMD5 apkControlMode = none
01-01 08:00:18.214 D/PackageManager( 2078): grantSignaturePermission permission = android.permission.SEND_DOWNLOAD_COMPLETED_INTENTS
01-01 08:00:18.214 D/PackageManager( 2078): verifyPackageMD5 apkControlMode = none
01-01 08:00:18.214 D/PackageManager( 2078): grantSignaturePermission permission = android.permission.WRITE_SECURE_SETTINGS
01-01 08:00:18.214 D/PackageManager( 2078): verifyPackageMD5 apkControlMode = none
01-01 08:00:18.214 D/PackageManager( 2078): grantSignaturePermission permission = android.permission.MOUNT_UNMOUNT_FILESYSTEMS
01-01 08:00:18.216 W/ContextImpl( 2385): Calling a method in the system process without a qualified user: android.app.ContextImpl.startService:1567 android.content.ContextWrapper.startService:494 android.content.ContextWrapper.startService:494 com.hisilicon.android.hiRMService.HiRMBroadcastReceiver.onReceive:22 android.app.ActivityThread.handleReceiver:2419 
01-01 08:00:18.216 D/PackageManager( 2078): verifyPackageMD5 apkControlMode = none
01-01 08:00:18.216 D/PackageManager( 2078): grantSignaturePermission permission = android.permission.READ_LOGS
01-01 08:00:18.216 D/PackageManager( 2078): verifyPackageMD5 apkControlMode = none
01-01 08:00:18.216 D/PackageManager( 2078): grantSignaturePermission permission = android.permission.SEND_DOWNLOAD_COMPLETED_INTENTS
01-01 08:00:18.216 D/PackageManager( 2078): verifyPackageMD5 apkControlMode = none
01-01 08:00:18.216 D/PackageManager( 2078): grantSignaturePermission permission = android.permission.ACCESS_ALL_DOWNLOADS
01-01 08:00:18.216 D/PackageManager( 2078): verifyPackageMD5 apkControlMode = none
01-01 08:00:18.217 W/PackageManager( 2078): Unknown permission android.permission.MOUNT_UNMOUNT_FILESYSYTEMS in package com.android.factorytest
01-01 08:00:18.217 D/PackageManager( 2078): grantSignaturePermission permission = android.permission.WRITE_MEDIA_STORAGE
01-01 08:00:18.217 D/PackageManager( 2078): verifyPackageMD5 apkControlMode = none
01-01 08:00:18.217 D/PackageManager( 2078): grantSignaturePermission permission = android.permission.BIND_WALLPAPER
01-01 08:00:18.217 D/PackageManager( 2078): verifyPackageMD5 apkControlMode = none
