01-01 08:00:05.125 W/PackageManager( 2049): Not granting permission android.permission.DELETE_PACKAGES to package com.dangbeimarket (protectionLevel=18 flags=0xd83e45)
01-01 08:00:05.125 D/PackageManager( 2049): grantSignaturePermission permission = android.permission.CLEAR_APP_USER_DATA
01-01 08:00:05.125 D/PackageManager( 2049): verifyPackageMD5 apkControlMode = none
01-01 08:00:05.126 D/PackageManager( 2049): com.dangbeimarket compare in grantSignaturePermission : package publickey_string = OpenSSLRSAPublicKey{modulus=90f39aede16b4a439a8b6583321901e18a11e9604f92aecd808bac9cf947a7457d5b235747adaee882d2ccb17447e29cc49e41a30252f993fc24a3912b01b97cd571bbd684d9230b840455354ddccb7e3664800e528ee6713fc30151544ffbe0ed5df2818a9eccc594b10e617902fd2ff7b3d1e365e14627742be2fd2a76caefdd47516f4537cad4b58fbd109a19222ceb88a7e969c6d681c20fcc3a7422126db7eeb6b2e55aef4fd7a9519ce544ecf7e11c4b0e33b50ac8c443988e3cec8860060c7fc79a787e2dab86620268703077a8851e3058583f7685510511f437e3e1f599ee207f0fe57b1374f2334ccd67980468ee0e8703763ca3cc4c5da790d90d,publicExponent=10001}
01-01 08:00:05.126 D/PackageManager( 2049): com.dangbeimarket compare in grantSignaturePermission : package keyString = 90f39aede16b4a439a8b6583321901e18a11e9604f92aecd808bac9cf947a7457d5b235747adaee882d2ccb17447e29cc49e41a30252f993fc24a3912b01b97cd571bbd684d9230b840455354ddccb7e3664800e528ee6713fc30151544ffbe0ed5df2818a9eccc594b10e617902fd2ff7b3d1e365e14627742be2fd2a76caefdd47516f4537cad4b58fbd109a19222ceb88a7e969c6d681c20fcc3a7422126db7eeb6b2e55aef4fd7a9519ce544ecf7e11c4b0e33b50ac8c443988e3cec8860060c7fc79a787e2dab86620268703077a8851e3058583f7685510511f437e3e1f599ee207f0fe57b1374f2334ccd67980468ee0e8703763ca3cc4c5da790d90d
01-01 08:00:05.126 D/PackageManager( 2049): grantSignaturePermission:OriPubKey allowed = false
01-01 08:00:05.126 W/PackageManager( 2049): Not granting permission android.permission.CLEAR_APP_USER_DATA to package com.dangbeimarket (protectionLevel=2 flags=0xd83e45)
01-01 08:00:05.126 D/PackageManager( 2049): grantSignaturePermission permission = android.permission.CHANGE_COMPONENT_ENABLED_STATE
01-01 08:00:05.126 D/PackageManager( 2049): verifyPackageMD5 apkControlMode = none
01-01 08:00:05.127 D/PackageManager( 2049): com.dangbeimarket compare in grantSignaturePermission : package publickey_string = OpenSSLRSAPublicKey{modulus=90f39aede16b4a439a8b6583321901e18a11e9604f92aecd808bac9cf947a7457d5b235747adaee882d2ccb17447e29cc49e41a30252f993fc24a3912b01b97cd571bbd684d9230b840455354ddccb7e3664800e528ee6713fc30151544ffbe0ed5df2818a9eccc594b10e617902fd2ff7b3d1e365e14627742be2fd2a76caefdd47516f4537cad4b58fbd109a19222ceb88a7e969c6d681c20fcc3a7422126db7eeb6b2e55aef4fd7a9519ce544ecf7e11c4b0e33b50ac8c443988e3cec8860060c7fc79a787e2dab86620268703077a8851e3058583f7685510511f437e3e1f599ee207f0fe57b1374f2334ccd67980468ee0e8703763ca3cc4c5da790d90d,publicExponent=10001}
01-01 08:00:05.127 D/PackageManager( 2049): com.dangbeimarket compare in grantSignaturePermission : package keyString = 90f39aede16b4a439a8b6583321901e18a11e9604f92aecd808bac9cf947a7457d5b235747adaee882d2ccb17447e29cc49e41a30252f993fc24a3912b01b97cd571bbd684d9230b840455354ddccb7e3664800e528ee6713fc30151544ffbe0ed5df2818a9eccc594b10e617902fd2ff7b3d1e365e14627742be2fd2a76caefdd47516f4537cad4b58fbd109a19222ceb88a7e969c6d681c20fcc3a7422126db7eeb6b2e55aef4fd7a9519ce544ecf7e11c4b0e33b50ac8c443988e3cec8860060c7fc79a787e2dab86620268703077a8851e3058583f7685510511f437e3e1f599ee207f0fe57b1374f2334ccd67980468ee0e8703763ca3cc4c5da790d90d
01-01 08:00:05.127 D/PackageManager( 2049): grantSignaturePermission:OriPubKey allowed = false
01-01 08:00:05.127 W/PackageManager( 2049): Not granting permission android.permission.CHANGE_COMPONENT_ENABLED_STATE to package com.dangbeimarket (protectionLevel=18 flags=0xd83e45)
01-01 08:00:05.127 D/PackageManager( 2049): grantSignaturePermission permission = android.permission.READ_FRAME_BUFFER
01-01 08:00:05.127 D/PackageManager( 2049): verifyPackageMD5 apkControlMode = none
01-01 08:00:05.128 D/PackageManager( 2049): com.dangbeimarket compare in grantSignaturePermission : package publickey_string = OpenSSLRSAPublicKey{modulus=90f39aede16b4a439a8b6583321901e18a11e9604f92aecd808bac9cf947a7457d5b235747adaee882d2ccb17447e29cc49e41a30252f993fc24a3912b01b97cd571bbd684d9230b840455354ddccb7e3664800e528ee6713fc30151544ffbe0ed5df2818a9eccc594b10e617902fd2ff7b3d1e365e14627742be2fd2a76caefdd47516f4537cad4b58fbd109a19222ceb88a7e969c6d681c20fcc3a7422126db7eeb6b2e55aef4fd7a9519ce544ecf7e11c4b0e33b50ac8c443988e3cec8860060c7fc79a787e2dab86620268703077a8851e3058583f7685510511f437e3e1f599ee207f0fe57b1374f2334ccd67980468ee0e8703763ca3cc4c5da790d90d,publicExponent=10001}
01-01 08:00:05.128 D/PackageManager( 2049): com.dangbeimarket compare in grantSignaturePermission : package keyString = 90f39aede16b4a439a8b6583321901e18a11e9604f92aecd808bac9cf947a7457d5b235747adaee882d2ccb17447e29cc49e41a30252f993fc24a3912b01b97cd571bbd684d9230b840455354ddccb7e3664800e528ee6713fc30151544ffbe0ed5df2818a9eccc594b10e617902fd2ff7b3d1e365e14627742be2fd2a76caefdd47516f4537cad4b58fbd109a19222ceb88a7e969c6d681c20fcc3a7422126db7eeb6b2e55aef4fd7a9519ce544ecf7e11c4b0e33b50ac8c443988e3cec8860060c7fc79a787e2dab86620268703077a8851e3058583f7685510511f437e3e1f599ee207f0fe57b1374f2334ccd67980468ee0e8703763ca3cc4c5da790d90d
01-01 08:00:05.128 I/ActivityManager( 2049): Start proc com.android.bluetooth for service com.android.bluetooth/.btservice.AdapterService: pid=2491 uid=1002 gids={41002, 3003, 3002, 3001, 3005, 1016, 3008, 1028}
01-01 08:00:05.128 D/PackageManager( 2049): grantSignaturePermission:OriPubKey allowed = false
01-01 08:00:05.128 W/PackageManager( 2049): Not granting permission android.permission.READ_FRAME_BUFFER to package com.dangbeimarket (protectionLevel=18 flags=0xd83e45)
01-01 08:00:05.128 D/PackageManager( 2049): grantSignaturePermission permission = android.permission.MOUNT_UNMOUNT_FILESYSTEMS
01-01 08:00:05.128 D/PackageManager( 2049): verifyPackageMD5 apkControlMode = none
01-01 08:00:05.128 D/PackageManager( 2049): grantSignaturePermission permission = android.permission.MASTER_CLEAR
01-01 08:00:05.128 D/PackageManager( 2049): verifyPackageMD5 apkControlMode = none
01-01 08:00:05.128 D/PackageManager( 2049): grantSignaturePermission permission = android.permission.INSTALL_PACKAGES
01-01 08:00:05.128 D/PackageManager( 2049): verifyPackageMD5 apkControlMode = none
01-01 08:00:05.129 D/PackageManager( 2049): grantSignaturePermission permission = android.permission.CHANGE_CONFIGURATION
01-01 08:00:05.129 D/PackageManager( 2049): verifyPackageMD5 apkControlMode = none
01-01 08:00:05.129 D/PackageManager( 2049): grantSignaturePermission permission = android.permission.SET_ANIMATION_SCALE
01-01 08:00:05.129 D/PackageManager( 2049): verifyPackageMD5 apkControlMode = none
01-01 08:00:05.129 D/PackageManager( 2049): grantSignaturePermission permission = android.permission.SET_PREFERRED_APPLICATIONS
01-01 08:00:05.129 D/PackageManager( 2049): verifyPackageMD5 apkControlMode = none
01-01 08:00:05.129 D/PackageManager( 2049): grantSignaturePermission permission = android.permission.WRITE_SECURE_SETTINGS
01-01 08:00:05.129 D/PackageManager( 2049): verifyPackageMD5 apkControlMode = none
01-01 08:00:05.129 D/PackageManager( 2049): grantSignaturePermission permission = android.permission.SET_DEBUG_APP
01-01 08:00:05.129 D/PackageManager( 2049): verifyPackageMD5 apkControlMode = none
01-01 08:00:05.129 D/PackageManager( 2049): grantSignaturePermission permission = android.permission.SET_PROCESS_LIMIT
01-01 08:00:05.129 D/PackageManager( 2049): verifyPackageMD5 apkControlMode = none
01-01 08:00:05.131 D/PackageManager( 2049): grantSignaturePermission permission = android.permission.SET_ALWAYS_FINISH
01-01 08:00:05.132 D/PackageManager( 2049): verifyPackageMD5 apkControlMode = none
01-01 08:00:05.132 D/PackageManager( 2049): grantSignaturePermission permission = android.permission.DUMP
01-01 08:00:05.132 D/PackageManager( 2049): verifyPackageMD5 apkControlMode = none
01-01 08:00:05.132 D/PackageManager( 2049): grantSignaturePermission permission = android.permission.SIGNAL_PERSISTENT_PROCESSES
01-01 08:00:05.132 D/PackageManager( 2049): verifyPackageMD5 apkControlMode = none
01-01 08:00:05.132 D/PackageManager( 2049): grantSignaturePermission permission = android.permission.FORCE_BACK
01-01 08:00:05.132 D/PackageManager( 2049): verifyPackageMD5 apkControlMode = none
01-01 08:00:05.132 D/PackageManager( 2049): grantSignaturePermission permission = android.permission.BATTERY_STATS
01-01 08:00:05.132 D/PackageManager( 2049): verifyPackageMD5 apkControlMode = none
01-01 08:00:05.132 D/PackageManager( 2049): grantSignaturePermission permission = android.permission.INTERNAL_SYSTEM_WINDOW
01-01 08:00:05.132 D/PackageManager( 2049): verifyPackageMD5 apkControlMode = none
01-01 08:00:05.132 D/PackageManager( 2049): grantSignaturePermission permission = android.permission.INJECT_EVENTS
01-01 08:00:05.132 D/PackageManager( 2049): verifyPackageMD5 apkControlMode = none
01-01 08:00:05.132 D/PackageManager( 2049): grantSignaturePermission permission = android.permission.RETRIEVE_WINDOW_CONTENT
01-01 08:00:05.132 D/PackageManager( 2049): verifyPackageMD5 apkControlMode = none
01-01 08:00:05.132 D/PackageManager( 2049): grantSignaturePermission permission = android.permission.SET_ACTIVITY_WATCHER
01-01 08:00:05.132 D/PackageManager( 2049): verifyPackageMD5 apkControlMode = none
01-01 08:00:05.132 D/PackageManager( 2049): grantSignaturePermission permission = android.permission.READ_INPUT_STATE
01-01 08:00:05.132 D/PackageManager( 2049): verifyPackageMD5 apkControlMode = none
01-01 08:00:05.132 D/PackageManager( 2049): grantSignaturePermission permission = android.permission.SET_ORIENTATION
01-01 08:00:05.132 D/PackageManager( 2049): verifyPackageMD5 apkControlMode = none
01-01 08:00:05.132 D/PackageManager( 2049): grantSignaturePermission permission = android.permission.INSTALL_PACKAGES
01-01 08:00:05.132 D/PackageManager( 2049): verifyPackageMD5 apkControlMode = none
01-01 08:00:05.132 D/PackageManager( 2049): grantSignaturePermission permission = android.permission.CLEAR_APP_USER_DATA
01-01 08:00:05.132 D/PackageManager( 2049): verifyPackageMD5 apkControlMode = none
01-01 08:00:05.132 D/PackageManager( 2049): grantSignaturePermission permission = android.permission.DELETE_CACHE_FILES
01-01 08:00:05.133 D/PackageManager( 2049): verifyPackageMD5 apkControlMode = none
01-01 08:00:05.133 D/PackageManager( 2049): grantSignaturePermission permission = android.permission.DELETE_PACKAGES
01-01 08:00:05.133 D/PackageManager( 2049): verifyPackageMD5 apkControlMode = none
01-01 08:00:05.133 D/PackageManager( 2049): grantSignaturePermission permission = android.permission.ACCESS_SURFACE_FLINGER
01-01 08:00:05.133 D/PackageManager( 2049): verifyPackageMD5 apkControlMode = none
01-01 08:00:05.133 D/PackageManager( 2049): grantSignaturePermission permission = android.permission.READ_FRAME_BUFFER
01-01 08:00:05.133 D/PackageManager( 2049): verifyPackageMD5 apkControlMode = none
01-01 08:00:05.133 D/PackageManager( 2049): grantSignaturePermission permission = android.permission.DEVICE_POWER
01-01 08:00:05.133 D/PackageManager( 2049): verifyPackageMD5 apkControlMode = none
01-01 08:00:05.133 D/PackageManager( 2049): grantSignaturePermission permission = android.permission.INSTALL_LOCATION_PROVIDER
01-01 08:00:05.133 D/PackageManager( 2049): verifyPackageMD5 apkControlMode = none
01-01 08:00:05.133 D/PackageManager( 2049): grantSignaturePermission permission = android.permission.BACKUP
01-01 08:00:05.133 D/PackageManager( 2049): verifyPackageMD5 apkControlMode = none
01-01 08:00:05.133 D/PackageManager( 2049): grantSignaturePermission permission = android.permission.FORCE_STOP_PACKAGES
01-01 08:00:05.133 D/PackageManager( 2049): verifyPackageMD5 apkControlMode = none
01-01 08:00:05.133 D/PackageManager( 2049): grantSignaturePermission permission = android.permission.STOP_APP_SWITCHES
01-01 08:00:05.133 D/PackageManager( 2049): verifyPackageMD5 apkControlMode = none
01-01 08:00:05.133 D/PackageManager( 2049): grantSignaturePermission permission = android.permission.ACCESS_CONTENT_PROVIDERS_EXTERNALLY
01-01 08:00:05.133 D/PackageManager( 2049): verifyPackageMD5 apkControlMode = none
01-01 08:00:05.133 D/PackageManager( 2049): grantSignaturePermission permission = android.permission.GRANT_REVOKE_PERMISSIONS
01-01 08:00:05.133 D/PackageManager( 2049): verifyPackageMD5 apkControlMode = none
01-01 08:00:05.133 D/PackageManager( 2049): grantSignaturePermission permission = android.permission.SET_KEYBOARD_LAYOUT
01-01 08:00:05.133 D/PackageManager( 2049): verifyPackageMD5 apkControlMode = none
01-01 08:00:05.133 D/PackageManager( 2049): grantSignaturePermission permission = android.permission.GET_DETAILED_TASKS
01-01 08:00:05.133 D/PackageManager( 2049): verifyPackageMD5 apkControlMode = none
01-01 08:00:05.133 D/PackageManager( 2049): grantSignaturePermission permission = android.permission.SET_SCREEN_COMPATIBILITY
01-01 08:00:05.133 D/PackageManager( 2049): verifyPackageMD5 apkControlMode = none
01-01 08:00:05.133 D/PackageManager( 2049): grantSignaturePermission permission = android.permission.WRITE_MEDIA_STORAGE
01-01 08:00:05.133 D/PackageManager( 2049): verifyPackageMD5 apkControlMode = none
01-01 08:00:05.133 D/PackageManager( 2049): grantSignaturePermission permission = android.permission.INTERACT_ACROSS_USERS
01-01 08:00:05.133 D/PackageManager( 2049): verifyPackageMD5 apkControlMode = none
01-01 08:00:05.134 D/PackageManager( 2049): grantSignaturePermission permission = android.permission.INTERACT_ACROSS_USERS_FULL
01-01 08:00:05.134 D/PackageManager( 2049): verifyPackageMD5 apkControlMode = none
01-01 08:00:05.134 D/PackageManager( 2049): grantSignaturePermission permission = android.permission.MANAGE_USERS
01-01 08:00:05.134 D/PackageManager( 2049): verifyPackageMD5 apkControlMode = none
01-01 08:00:05.134 D/PackageManager( 2049): grantSignaturePermission permission = android.permission.BLUETOOTH_STACK
01-01 08:00:05.134 D/PackageManager( 2049): verifyPackageMD5 apkControlMode = none
01-01 08:00:05.134 D/PackageManager( 2049): grantSignaturePermission permission = android.permission.ACCESS_DOWNLOAD_MANAGER
01-01 08:00:05.134 D/PackageManager( 2049): verifyPackageMD5 apkControlMode = none
01-01 08:00:05.134 D/PackageManager( 2049): grantSignaturePermission permission = android.permission.ACCESS_CACHE_FILESYSTEM
01-01 08:00:05.134 D/PackageManager( 2049): verifyPackageMD5 apkControlMode = none
01-01 08:00:05.135 W/ContextImpl( 2049): Calling a method in the system process without a qualified user: android.app.ContextImpl.bindService:1631 android.bluetooth.BluetoothHeadset.doBind:283 android.bluetooth.BluetoothHeadset.<init>:276 android.bluetooth.BluetoothAdapter.getProfileProxy:1181 android.media.AudioService.getBluetoothHeadset:2414 
01-01 08:00:05.137 W/ContextImpl( 2049): Calling a method in the system process without a qualified user: android.app.ContextImpl.bindService:1631 android.bluetooth.BluetoothA2dp.doBind:165 android.bluetooth.BluetoothA2dp.<init>:158 android.bluetooth.BluetoothAdapter.getProfileProxy:1184 android.media.AudioService$AudioServiceBroadcastReceiver.onReceive:4368 
01-01 08:00:05.138 V/WiredAccessoryManager( 2049): init()
01-01 08:00:05.138 D/PackageManager( 2049): com.android.providers.downloads compare in grantSignaturePermission : package publickey_string = OpenSSLRSAPublicKey{modulus=c41552dde9a751173b7b8d78f1028c582f7790622752fa7b0a23b1c7b10f769f1ade6401b01719891566d9080fb45c0b4c533daf1cec7a3874a21d941a493966d5df9c29d8fdbaa2b095e00eac97a9df384856461d98dd88f4b8f28d697a88845b57b9e2132ee436eb15b09452a495418829c30ca7143534397c7d26fad583dd8e7f3348be29c415b57f05bf8c7a9ef8f5a39f2b6774bd0c35983f866b15444b670d87f39931ca5209b0d0a3087b265953fd45026f0b196b33cb6eedea4eb2dc17d303295ba46f8f253c4de3960f00e60b26f8bf6df50a321acccd8b97a287f2b85b5f8b9a1f81f078a489c38d3b457572b8ecadb4068ee02fe26725a93833cd,publicExponent=10001}
01-01 08:00:05.138 D/PackageManager( 2049): com.android.providers.downloads compare in grantSignaturePermission : package keyString = c41552dde9a751173b7b8d78f1028c582f7790622752fa7b0a23b1c7b10f769f1ade6401b01719891566d9080fb45c0b4c533daf1cec7a3874a21d941a493966d5df9c29d8fdbaa2b095e00eac97a9df384856461d98dd88f4b8f28d697a88845b57b9e2132ee436eb15b09452a495418829c30ca7143534397c7d26fad583dd8e7f3348be29c415b57f05bf8c7a9ef8f5a39f2b6774bd0c35983f866b15444b670d87f39931ca5209b0d0a3087b265953fd45026f0b196b33cb6eedea4eb2dc17d303295ba46f8f253c4de3960f00e60b26f8bf6df50a321acccd8b97a287f2b85b5f8b9a1f81f078a489c38d3b457572b8ecadb4068ee02fe26725a93833cd
01-01 08:00:05.138 D/PackageManager( 2049): grantSignaturePermission:OriPubKey allowed = false
01-01 08:00:05.138 D/PackageManager( 2049): grantSignaturePermission permission = android.permission.SEND_DOWNLOAD_COMPLETED_INTENTS
01-01 08:00:05.138 D/PackageManager( 2049): verifyPackageMD5 apkControlMode = none
01-01 08:00:05.138 D/PackageManager( 2049): grantSignaturePermission permission = android.permission.ACCESS_ALL_DOWNLOADS
01-01 08:00:05.138 D/PackageManager( 2049): verifyPackageMD5 apkControlMode = none
01-01 08:00:05.138 D/PackageManager( 2049): grantSignaturePermission permission = android.permission.UPDATE_DEVICE_STATS
01-01 08:00:05.138 D/PackageManager( 2049): verifyPackageMD5 apkControlMode = none
01-01 08:00:05.139 V/WiredAccessoryManager( 2049): newName=hdmi newState=16 headsetState=16 prev headsetState=0
01-01 08:00:05.139 D/PackageManager( 2049): com.android.providers.downloads compare in grantSignaturePermission : package publickey_string = OpenSSLRSAPublicKey{modulus=c41552dde9a751173b7b8d78f1028c582f7790622752fa7b0a23b1c7b10f769f1ade6401b01719891566d9080fb45c0b4c533daf1cec7a3874a21d941a493966d5df9c29d8fdbaa2b095e00eac97a9df384856461d98dd88f4b8f28d697a88845b57b9e2132ee436eb15b09452a495418829c30ca7143534397c7d26fad583dd8e7f3348be29c415b57f05bf8c7a9ef8f5a39f2b6774bd0c35983f866b15444b670d87f39931ca5209b0d0a3087b265953fd45026f0b196b33cb6eedea4eb2dc17d303295ba46f8f253c4de3960f00e60b26f8bf6df50a321acccd8b97a287f2b85b5f8b9a1f81f078a489c38d3b457572b8ecadb4068ee02fe26725a93833cd,publicExponent=10001}
01-01 08:00:05.139 D/PackageManager( 2049): com.android.providers.downloads compare in grantSignaturePermission : package keyString = c41552dde9a751173b7b8d78f1028c582f7790622752fa7b0a23b1c7b10f769f1ade6401b01719891566d9080fb45c0b4c533daf1cec7a3874a21d941a493966d5df9c29d8fdbaa2b095e00eac97a9df384856461d98dd88f4b8f28d697a88845b57b9e2132ee436eb15b09452a495418829c30ca7143534397c7d26fad583dd8e7f3348be29c415b57f05bf8c7a9ef8f5a39f2b6774bd0c35983f866b15444b670d87f39931ca5209b0d0a3087b265953fd45026f0b196b33cb6eedea4eb2dc17d303295ba46f8f253c4de3960f00e60b26f8bf6df50a321acccd8b97a287f2b85b5f8b9a1f81f078a489c38d3b457572b8ecadb4068ee02fe26725a93833cd
01-01 08:00:05.139 D/PackageManager( 2049): grantSignaturePermission:OriPubKey allowed = false
01-01 08:00:05.139 D/PackageManager( 2049): grantSignaturePermission permission = android.permission.CONNECTIVITY_INTERNAL
01-01 08:00:05.139 D/PackageManager( 2049): verifyPackageMD5 apkControlMode = none
01-01 08:00:05.140 V/WiredAccessoryManager( 2049): device hdmi connected
01-01 08:00:05.140 D/PackageManager( 2049): com.android.providers.downloads compare in grantSignaturePermission : package publickey_string = OpenSSLRSAPublicKey{modulus=c41552dde9a751173b7b8d78f1028c582f7790622752fa7b0a23b1c7b10f769f1ade6401b01719891566d9080fb45c0b4c533daf1cec7a3874a21d941a493966d5df9c29d8fdbaa2b095e00eac97a9df384856461d98dd88f4b8f28d697a88845b57b9e2132ee436eb15b09452a495418829c30ca7143534397c7d26fad583dd8e7f3348be29c415b57f05bf8c7a9ef8f5a39f2b6774bd0c35983f866b15444b670d87f39931ca5209b0d0a3087b265953fd45026f0b196b33cb6eedea4eb2dc17d303295ba46f8f253c4de3960f00e60b26f8bf6df50a321acccd8b97a287f2b85b5f8b9a1f81f078a489c38d3b457572b8ecadb4068ee02fe26725a93833cd,publicExponent=10001}
01-01 08:00:05.141 D/PackageManager( 2049): com.android.providers.downloads compare in grantSignaturePermission : package keyString = c41552dde9a751173b7b8d78f1028c582f7790622752fa7b0a23b1c7b10f769f1ade6401b01719891566d9080fb45c0b4c533daf1cec7a3874a21d941a493966d5df9c29d8fdbaa2b095e00eac97a9df384856461d98dd88f4b8f28d697a88845b57b9e2132ee436eb15b09452a495418829c30ca7143534397c7d26fad583dd8e7f3348be29c415b57f05bf8c7a9ef8f5a39f2b6774bd0c35983f866b15444b670d87f39931ca5209b0d0a3087b265953fd45026f0b196b33cb6eedea4eb2dc17d303295ba46f8f253c4de3960f00e60b26f8bf6df50a321acccd8b97a287f2b85b5f8b9a1f81f078a489c38d3b457572b8ecadb4068ee02fe26725a93833cd
01-01 08:00:05.141 D/PackageManager( 2049): grantSignaturePermission:OriPubKey allowed = false
01-01 08:00:05.141 D/PackageManager( 2049): grantSignaturePermission permission = android.permission.MODIFY_NETWORK_ACCOUNTING
01-01 08:00:05.141 D/PackageManager( 2049): verifyPackageMD5 apkControlMode = none
01-01 08:00:05.142 D/PackageManager( 2049): com.android.providers.downloads compare in grantSignaturePermission : package publickey_string = OpenSSLRSAPublicKey{modulus=c41552dde9a751173b7b8d78f1028c582f7790622752fa7b0a23b1c7b10f769f1ade6401b01719891566d9080fb45c0b4c533daf1cec7a3874a21d941a493966d5df9c29d8fdbaa2b095e00eac97a9df384856461d98dd88f4b8f28d697a88845b57b9e2132ee436eb15b09452a495418829c30ca7143534397c7d26fad583dd8e7f3348be29c415b57f05bf8c7a9ef8f5a39f2b6774bd0c35983f866b15444b670d87f39931ca5209b0d0a3087b265953fd45026f0b196b33cb6eedea4eb2dc17d303295ba46f8f253c4de3960f00e60b26f8bf6df50a321acccd8b97a287f2b85b5f8b9a1f81f078a489c38d3b457572b8ecadb4068ee02fe26725a93833cd,publicExponent=10001}
01-01 08:00:05.142 D/PackageManager( 2049): com.android.providers.downloads compare in grantSignaturePermission : package keyString = c41552dde9a751173b7b8d78f1028c582f7790622752fa7b0a23b1c7b10f769f1ade6401b01719891566d9080fb45c0b4c533daf1cec7a3874a21d941a493966d5df9c29d8fdbaa2b095e00eac97a9df384856461d98dd88f4b8f28d697a88845b57b9e2132ee436eb15b09452a495418829c30ca7143534397c7d26fad583dd8e7f3348be29c415b57f05bf8c7a9ef8f5a39f2b6774bd0c35983f866b15444b670d87f39931ca5209b0d0a3087b265953fd45026f0b196b33cb6eedea4eb2dc17d303295ba46f8f253c4de3960f00e60b26f8bf6df50a321acccd8b97a287f2b85b5f8b9a1f81f078a489c38d3b457572b8ecadb4068ee02fe26725a93833cd
01-01 08:00:05.142 D/PackageManager( 2049): grantSignaturePermission:OriPubKey allowed = false
01-01 08:00:05.210 I/BootReceiver( 2049): Copying audit failures to DropBox
01-01 08:00:05.211 I/BootReceiver( 2049): Checking for fsck errors
01-01 08:00:05.230 D/BackupManagerService( 2049): Received broadcast Intent { act=android.intent.action.PACKAGE_ADDED dat=package:com.android.email flg=0x4000010 (has extras) }
01-01 08:00:05.232 V/BackupManagerService( 2049): addPackageParticipantsLocked: #1
01-01 08:00:05.235 I/PackageManager( 2049): get DATA_APP_SCAN_END msg over=0.172seconds
01-01 08:00:05.344 I/PowerManagerService( 2049): Boot animation finished.
01-01 08:00:06.413 E/HiNetshareHAL( 1597): run shell script fail, script exit code: 127
01-01 08:00:06.419 W/ContextImpl( 2345): Calling a method in the system process without a qualified user: android.app.ContextImpl.sendStickyBroadcast:1369 android.content.ContextWrapper.sendStickyBroadcast:427 android.content.ContextWrapper.sendStickyBroadcast:427 com.um.receiver.UmBroadcastReceiver.onReceive:31 android.app.ActivityThread.handleReceiver:2419 
01-01 08:00:06.425 I/ActivityManager( 2049): Start proc com.um.dvbsearch.receiver for broadcast com.um.dvbsearch/com.um.ui.ProgUpdateReceiver: pid=2563 uid=10011 gids={50011, 1028}
01-01 08:00:06.448 I/ActivityManager( 2049): Killing 2186:com.android.externalstorage/u0a3 (adj 15): empty #5
01-01 08:00:06.452 W/ContextImpl( 2289): Calling a method in the system process without a qualified user: android.app.ContextImpl.startService:1567 android.content.ContextWrapper.startService:494 android.content.ContextWrapper.startService:494 com.hisilicon.dlna.dms.StartServerBroadcastReceiver.onReceive:22 android.app.ActivityThread.handleReceiver:2419 
01-01 08:00:06.456 D/ActivityManager( 2049): cleanUpApplicationRecordLocked -- 2186
01-01 08:00:06.460 W/ContextImpl( 2296): Calling a method in the system process without a qualified user: android.app.ContextImpl.startService:1567 android.content.ContextWrapper.startService:494 android.content.ContextWrapper.startService:494 com.hisilicon.dlna.dmr.UpnpBootBroadcastRec.onReceive:33 android.app.ActivityThread.handleReceiver:2419 
01-01 08:00:06.466 W/ContextImpl( 2272): Calling a method in the system process without a qualified user: android.app.ContextImpl.startService:1567 android.content.ContextWrapper.startService:494 android.content.ContextWrapper.startService:494 com.um.upgrade.UpgradBroadCastReceiver.onReceive:23 android.app.ActivityThread.handleReceiver:2419 
01-01 08:00:06.486 W/ContextImpl( 2316): Calling a method in the system process without a qualified user: android.app.ContextImpl.startService:1567 android.content.ContextWrapper.startService:494 android.content.ContextWrapper.startService:494 com.unionman.umosd.BootReceiver.onReceive:17 android.app.ActivityThread.handleReceiver:2419 
01-01 08:00:06.492 W/ContextImpl( 2325): Calling a method in the system process without a qualified user: android.app.ContextImpl.startService:1567 android.content.ContextWrapper.startService:494 android.content.ContextWrapper.startService:494 com.unionman.shortcut.BootBroadcastReceiver.onReceive:16 android.app.ActivityThread.handleReceiver:2419 
01-01 08:00:06.505 I/ActivityManager( 2049): Start proc com.dangbeimarket for broadcast com.dangbeimarket/.service.BootReceiver: pid=2582 uid=10020 gids={50020, 3003, 1028}
01-01 08:00:06.523 E/AndroidRuntime( 2316): FATAL EXCEPTION: main
01-01 08:00:06.523 E/AndroidRuntime( 2316): Process: com.unionman.umosd, PID: 2316
01-01 08:00:06.523 E/AndroidRuntime( 2316): java.lang.RuntimeException: Unable to stop service com.unionman.umosd.UmOsdService@41b57838: java.lang.NullPointerException
01-01 08:00:06.523 E/AndroidRuntime( 2316): 	at android.app.ActivityThread.handleStopService(ActivityThread.java:2749)
01-01 08:00:06.523 E/AndroidRuntime( 2316): 	at android.app.ActivityThread.access$2200(ActivityThread.java:135)
01-01 08:00:06.523 E/AndroidRuntime( 2316): 	at android.app.ActivityThread$H.handleMessage(ActivityThread.java:1298)
01-01 08:00:06.523 E/AndroidRuntime( 2316): 	at android.os.Handler.dispatchMessage(Handler.java:102)
01-01 08:00:06.523 E/AndroidRuntime( 2316): 	at android.os.Looper.loop(Looper.java:136)
01-01 08:00:06.523 E/AndroidRuntime( 2316): 	at android.app.ActivityThread.main(ActivityThread.java:5030)
01-01 08:00:06.523 E/AndroidRuntime( 2316): 	at java.lang.reflect.Method.invokeNative(Native Method)
01-01 08:00:06.523 E/AndroidRuntime( 2316): 	at java.lang.reflect.Method.invoke(Method.java:515)
01-01 08:00:06.523 E/AndroidRuntime( 2316): 	at com.android.internal.os.ZygoteInit$MethodAndArgsCaller.run(ZygoteInit.java:861)
01-01 08:00:06.523 E/AndroidRuntime( 2316): 	at com.android.internal.os.ZygoteInit.main(ZygoteInit.java:677)
01-01 08:00:06.523 E/AndroidRuntime( 2316): 	at dalvik.system.NativeStart.main(Native Method)
01-01 08:00:06.523 E/AndroidRuntime( 2316): Caused by: java.lang.NullPointerException
01-01 08:00:06.523 E/AndroidRuntime( 2316): 	at com.unionman.umosd.UmOsdService.deinitStatus(UmOsdService.java:237)
01-01 08:00:06.523 E/AndroidRuntime( 2316): 	at com.unionman.umosd.UmOsdService.onDestroy(UmOsdService.java:226)
01-01 08:00:06.523 E/AndroidRuntime( 2316): 	at android.app.ActivityThread.handleStopService(ActivityThread.java:2732)
01-01 08:00:06.523 E/AndroidRuntime( 2316): 	... 10 more
01-01 08:00:06.542 I/ActivityManager( 2049): Process com.unionman.umosd (pid 2316) has died.
01-01 08:00:06.542 D/ActivityManager( 2049): cleanUpApplicationRecordLocked -- 2316
01-01 08:00:06.542 I/WindowState( 2049): WIN DEATH: Window{41cc3118 u0 com.unionman.umosd}
01-01 08:00:06.545 I/WindowState( 2049): WIN DEATH: Window{41d0b0f8 u0 com.unionman.umosd}
01-01 08:00:06.553 I/ActivityManager( 2049): Start proc com.unionman.umosd for restart com.unionman.umosd: pid=2597 uid=1000 gids={41000, 3003, 1028, 1007, 3002, 3001}
01-01 08:00:06.734 I/ActivityManager( 2049): Start proc com.dangbeimarket:dangbei_web for service com.dangbeimarket/.uploadfile.RemoteService: pid=2628 uid=10020 gids={50020, 3003, 1028}
01-01 08:00:06.776 I/ActivityManager( 2049): Start proc com.dangbeimarket:MonitorService for service com.dangbeimarket/.service.MonitorService: pid=2645 uid=10020 gids={50020, 3003, 1028}
01-01 08:00:06.777 I/ActivityManager( 2049): Delaying start of: ServiceRecord{41d1e4d8 u0 com.dangbeimarket/.service.AppUninstallMonitorService}
01-01 08:00:06.779 W/ActivityManager( 2049): Unable to start service Intent { cmp=com.dangbeimarket/.module.question.NetChangeRecevier } U=0: not found
01-01 08:00:06.798 I/ActivityManager( 2049): Delay finish: com.dangbeimarket/.service.BootReceiver
01-01 08:00:07.475 W/ActivityThread( 2272): ClassLoader.loadClass: The class loader returned by Thread.getContextClassLoader() may fail for processes that host multiple applications. You should explicitly specify a context class loader. For example: Thread.setContextClassLoader(getClass().getClassLoader());
01-01 08:00:13.345 E/RemotePrintSpooler( 2049): Error removing obsolete print jobs .
01-01 08:00:13.345 E/RemotePrintSpooler( 2049): java.util.concurrent.TimeoutException: Cannot get spooler!
01-01 08:00:13.345 E/RemotePrintSpooler( 2049): 	at com.android.server.print.RemotePrintSpooler.bindLocked(RemotePrintSpooler.java:376)
01-01 08:00:13.345 E/RemotePrintSpooler( 2049): 	at com.android.server.print.RemotePrintSpooler.getRemoteInstanceLazy(RemotePrintSpooler.java:352)
01-01 08:00:13.345 E/RemotePrintSpooler( 2049): 	at com.android.server.print.RemotePrintSpooler.removeObsoletePrintJobs(RemotePrintSpooler.java:287)
01-01 08:00:13.345 E/RemotePrintSpooler( 2049): 	at com.android.server.print.UserState.removeObsoletePrintJobs(UserState.java:163)
01-01 08:00:13.345 E/RemotePrintSpooler( 2049): 	at com.android.server.print.PrintManagerService$1.run(PrintManagerService.java:94)
01-01 08:00:13.345 E/RemotePrintSpooler( 2049): 	at android.os.Handler.handleCallback(Handler.java:733)
01-01 08:00:13.345 E/RemotePrintSpooler( 2049): 	at android.os.Handler.dispatchMessage(Handler.java:95)
01-01 08:00:13.345 E/RemotePrintSpooler( 2049): 	at android.os.Looper.loop(Looper.java:136)
01-01 08:00:13.345 E/RemotePrintSpooler( 2049): 	at android.os.HandlerThread.run(HandlerThread.java:61)
01-01 08:00:13.357 W/RecognitionManagerService( 2049): no available voice recognition services found for user 0
01-01 08:00:13.514 W/SocketClient( 1587): write error (Broken pipe)
01-01 08:00:15.112 W/SocketClient( 1587): write error (Broken pipe)
01-01 08:00:16.517 W/SocketClient( 1587): write error (Broken pipe)
01-01 08:00:19.520 W/SocketClient( 1587): write error (Broken pipe)
01-01 08:00:21.720 I/ActivityManager( 2049): Waited long enough for: ServiceRecord{41ce7bc8 u0 com.dangbeimarket/.downloader.core.DownloadService}
01-01 08:00:21.725 I/ActivityManager( 2049): Start proc com.dangbeimarket:appuninstallMonitor for service com.dangbeimarket/.service.AppUninstallMonitorService: pid=2723 uid=10020 gids={50020, 3003, 1028}
01-01 08:00:21.735 I/ActivityManager( 2049): Waited long enough for: ServiceRecord{41d1a220 u0 com.dangbeimarket/.uploadfile.RemoteService}
01-01 08:00:21.735 I/ActivityManager( 2049): Resuming delayed broadcast
01-01 08:00:21.741 I/ActivityManager( 2049): Delay finish: com.dangbeimarket/com.tv.filemanager.tools.BootReceiver
01-01 08:00:21.776 I/ActivityManager( 2049): Waited long enough for: ServiceRecord{41d1c850 u0 com.dangbeimarket/.service.MonitorService}
01-01 08:00:21.776 I/ActivityManager( 2049): Resuming delayed broadcast
01-01 08:00:21.782 I/ActivityManager( 2049): Start proc com.dangbeimarket:push for broadcast com.dangbeimarket/com.umeng.message.SystemReceiver: pid=2741 uid=10020 gids={50020, 3003, 1028}
01-01 08:00:21.916 I/ActivityManager( 2049): Start proc com.android.music for broadcast com.android.music/.MediaButtonIntentReceiver: pid=2779 uid=10017 gids={50017, 3003, 1028}
01-01 08:00:21.933 I/ActivityManager( 2049): Killing 2469:com.android.factorytest/1000 (adj 15): empty #5
01-01 08:00:21.939 D/ActivityManager( 2049): cleanUpApplicationRecordLocked -- 2469
01-01 08:00:21.961 I/ActivityManager( 2049): Start proc com.svox.pico for broadcast com.svox.pico/.VoiceDataInstallerReceiver: pid=2795 uid=10015 gids={50015, 1028}
01-01 08:00:21.984 I/ActivityManager( 2049): Killing 2240:android.process.media/u0a2 (adj 15): empty #5
01-01 08:00:22.004 I/ActivityThread( 2779): Removing dead content provider:android.content.ContentProviderProxy@41a423c0
01-01 08:00:22.004 D/ActivityManager( 2049): cleanUpApplicationRecordLocked -- 2240
01-01 08:00:22.017 I/ActivityManager( 2049): Start proc android.process.media for content provider com.android.providers.media/.MediaProvider: pid=2810 uid=10002 gids={50002, 1023, 1024, 1028, 2001, 3003, 3007}
01-01 08:00:22.047 I/ActivityManager( 2049): Delay finish: com.dangbeimarket/com.umeng.message.RegistrationReceiver
01-01 08:00:22.173 I/ActivityManager( 2049): Resuming delayed broadcast
01-01 08:00:22.173 I/ActivityManager( 2049): Killing 2563:com.um.dvbsearch.receiver/u0a11 (adj 15): empty #5
01-01 08:00:22.180 D/ActivityManager( 2049): cleanUpApplicationRecordLocked -- 2563
01-01 08:00:22.523 W/SocketClient( 1587): write error (Broken pipe)
01-01 08:00:22.949 E/HiSysManagerService( 1598): checkPermission is true.
01-01 08:00:22.949 E/HiSysManagerService( 1598): checkPermission is true.
01-01 08:00:22.979 E/HiSysManagerService( 1598): checkPermission is true.
01-01 08:00:22.980 E/HiSysManagerService( 1598): checkPermission is true.
01-01 08:00:25.116 W/SocketClient( 1587): write error (Broken pipe)
01-01 08:00:35.122 W/SocketClient( 1587): write error (Broken pipe)
01-01 08:00:35.915 W/ContextImpl( 2049): Calling a method in the system process without a qualified user: android.app.ContextImpl.sendStickyBroadcast:1369 android.net.EthernetDataTracker.postNotification:849 android.net.EthernetDataTracker.access$800:62 android.net.EthernetDataTracker$InterfaceObserver.interfaceLinkStateChanged:148 com.android.server.NetworkManagementService.notifyInterfaceLinkStateChanged:283 
01-01 08:00:35.916 W/ContextImpl( 2049): Calling a method in the system process without a qualified user: android.app.ContextImpl.sendStickyBroadcast:1369 android.net.EthernetDataTracker.postNotification:849 android.net.EthernetDataTracker.access$800:62 android.net.EthernetDataTracker$InterfaceObserver.interfaceLinkStateChanged:152 com.android.server.NetworkManagementService.notifyInterfaceLinkStateChanged:283 
01-01 08:00:36.741 I/ActivityManager( 2049): Waited long enough for: ServiceRecord{41d50738 u0 com.dangbeimarket/com.tv.filemanager.UsbStartService}
01-01 08:00:36.950 I/ActivityManager( 2049): Waited long enough for: ServiceRecord{41d3f770 u0 com.android.music/.MediaPlaybackService}
01-01 08:00:45.127 W/SocketClient( 1587): write error (Broken pipe)
01-01 08:00:47.158 W/ContextImpl( 2049): Calling a method in the system process without a qualified user: android.app.ContextImpl.sendStickyBroadcast:1369 android.net.EthernetDataTracker.postNotification:849 android.net.EthernetDataTracker.access$800:62 android.net.EthernetDataTracker$2.run:369 java.lang.Thread.run:841 
01-01 08:00:47.159 D/ConnectivityService( 2049): ConnectivityChange for ETHERNET: CONNECTED/CONNECTED
01-01 08:00:47.159 D/ConnectivityService( 2049): Coexist!! Do not teardown: ETHERNET
01-01 08:00:47.161 E/ConnectivityService( 2049): Unexpected mtu value: android.net.EthernetDataTracker@41bed920
01-01 08:00:47.161 E/ConnectivityService( 2049): handleDnsConfigurationChange: isDefaultDns = true
01-01 08:00:47.164 E/ConnectivityService( 2049): updatedns, getDnsRemain: mNumDnsEntries = 0
01-01 08:00:47.165 E/ConnectivityService( 2049): updateDnsLocked, dnses:[/192.168.1.1]
01-01 08:00:47.165 E/ConnectivityService( 2049): wifidns:null g3dns:null ethdns:[/192.168.1.1]
01-01 08:00:47.165 E/ConnectivityService( 2049): updateDns, adding net.dns1 192.168.1.1
01-01 08:00:47.166 D/ConnectivityService( 2049): curLp before coexist handle: null
01-01 08:00:47.167 D/ConnectivityService( 2049): newLp before coexist handle: {InterfaceName: eth0 LinkAddresses: [192.168.1.3/24,]  Routes: [192.168.1.0/24 -> 0.0.0.0,0.0.0.0/0 -> 192.168.1.1,] DnsAddresses: [192.168.1.1,] Domains: nullMTU: 0}
01-01 08:00:47.167 D/ConnectivityService( 2049): newLpPrefered before coexist handle: false
01-01 08:00:47.167 D/ConnectivityService( 2049): Coexist!! No Previous Available Network!! New newType(9) Connected!!
01-01 08:00:47.167 D/ConnectivityService( 2049): curLp before updateRoutes: null
01-01 08:00:47.167 D/ConnectivityService( 2049): newLp before updateRoutes: {InterfaceName: eth0 LinkAddresses: [192.168.1.3/24,]  Routes: [192.168.1.0/24 -> 0.0.0.0,0.0.0.0/0 -> 192.168.1.1,] DnsAddresses: [192.168.1.1,] Domains: nullMTU: 0}
01-01 08:00:47.167 D/ConnectivityService( 2049): newLpPrefered before updateRoutes: true
01-01 08:00:47.167 D/ConnectivityService( 2049): Adding 192.168.1.0/24 -> 0.0.0.0 into mAddedRoutes as it's already in use
01-01 08:00:47.169 D/ConnectivityService( 2049): Adding 192.168.1.1/32 -> 0.0.0.0 into mAddedRoutes as it's already in use
01-01 08:00:47.170 D/ConnectivityService( 2049): Adding 0.0.0.0/0 -> 192.168.1.1 into mAddedRoutes as it's already in use
01-01 08:00:47.186 D/Nat464Xlat( 2049): requiresClat: netType=9, hasIPv4Address=true
01-01 08:00:47.187 I/ConnectivityService( 2049): Switch LED to light!
01-01 08:00:47.187 E/SysCmdService( 1609): SysCmdService::commandExec(LedControl:gpio=43;on=1)
01-01 08:00:47.187 E/SysCmdService( 1609): SysCmdService::ledControl(LedControl:gpio=43;on=1)
01-01 08:00:47.187 E/SysCmdService( 1609): SysCmdService::ledControl, gpioNum=43
01-01 08:00:47.187 E/SysCmdService( 1609): SysCmdService::ledControl, on=1
01-01 08:00:47.187 V/SysCmdService( 1609): SysCmdService::commandExec ret:0
01-01 08:00:47.188 D/ConnectivityService( 2049): Coexist!! NewType(9) priority is higher than CurrentType(-1), update mActiveDefaultNetwork!
01-01 08:00:50.217 W/ContextImpl( 2416): Calling a method in the system process without a qualified user: android.app.ContextImpl.sendBroadcast:1211 android.content.ContextWrapper.sendBroadcast:365 com.um.launcher.weather.WeatherView.sendWeatherBroadcast:131 com.um.launcher.weather.WeatherView.access$000:25 com.um.launcher.weather.WeatherView$2.onReceive:151 
01-01 08:00:50.240 I/ActivityManager( 2049): Start proc com.explorer for broadcast com.explorer/.activity.NFSBroadcast: pid=2903 uid=1000 gids={41000, 3003, 1028, 1007, 3002, 3001}
01-01 08:00:50.341 I/ActivityManager( 2049): Killing 2795:com.svox.pico/u0a15 (adj 15): empty #5
01-01 08:00:50.346 D/ActivityManager( 2049): cleanUpApplicationRecordLocked -- 2795
01-01 08:01:02.813 D/ConnectivityService( 2049): Sampling interval elapsed, updating statistics ..
01-01 08:01:02.817 D/ConnectivityService( 2049): Done.
01-01 08:01:02.817 D/ConnectivityService( 2049): Setting timer for 720seconds
01-01 08:01:05.344 I/ActivityManager( 2049): START u0 {act=android.intent.umaction.UMATV flg=0x10008000 (has extras)} from pid 2416
01-01 08:01:22.237 I/ActivityManager( 2049): Killing 2779:com.android.music/u0a17 (adj 15): empty #5
01-01 08:01:22.251 D/ActivityManager( 2049): cleanUpApplicationRecordLocked -- 2779
01-01 08:13:02.819 D/ConnectivityService( 2049): Sampling interval elapsed, updating statistics ..
01-01 08:13:02.823 D/ConnectivityService( 2049): Done.
01-01 08:13:02.823 D/ConnectivityService( 2049): Setting timer for 720seconds
01-01 08:29:57.714 W/BatteryStatsImpl( 2049): Couldn't get kernel wake lock stats
01-01 08:30:03.121 D/ConnectivityService( 2049): Sampling interval elapsed, updating statistics ..
01-01 08:30:03.126 D/ConnectivityService( 2049): Done.
01-01 08:30:03.126 D/ConnectivityService( 2049): Setting timer for 720seconds
01-01 08:30:03.133 I/ProcessStatsService( 2049): Prepared write state in 10ms
01-01 08:42:03.128 D/ConnectivityService( 2049): Sampling interval elapsed, updating statistics ..
01-01 08:42:03.132 D/ConnectivityService( 2049): Done.
01-01 08:42:03.133 D/ConnectivityService( 2049): Setting timer for 720seconds
01-01 08:59:57.735 W/BatteryStatsImpl( 2049): Couldn't get kernel wake lock stats
01-01 09:00:03.120 D/ConnectivityService( 2049): Sampling interval elapsed, updating statistics ..
01-01 09:00:03.127 D/ConnectivityService( 2049): Done.
01-01 09:00:03.127 D/ConnectivityService( 2049): Setting timer for 720seconds
01-01 09:00:03.191 I/ProcessStatsService( 2049): Prepared write state in 6ms
01-01 09:00:03.196 I/ProcessStatsService( 2049): Prepared write state in 5ms
01-01 09:12:03.128 D/ConnectivityService( 2049): Sampling interval elapsed, updating statistics ..
01-01 09:12:03.132 D/ConnectivityService( 2049): Done.
01-01 09:12:03.132 D/ConnectivityService( 2049): Setting timer for 720seconds
01-01 09:18:53.397 I/ActivityManager( 2049): START u0 {cmp=com.um.launcher/.MyAppActivity} from pid 2416
01-01 09:18:53.402 W/ContextImpl( 2416): Calling a method in the system process without a qualified user: android.app.ContextImpl.sendBroadcast:1211 android.content.ContextWrapper.sendBroadcast:365 android.app.ActivityThread.performPauseActivity:3061 android.app.ActivityThread.performPauseActivity:3023 android.app.ActivityThread.handlePauseActivity:3001 
01-01 09:18:53.406 E/HiSysManagerService( 1598): checkPermission is true.
01-01 09:18:53.609 W/ContextImpl( 2416): Calling a method in the system process without a qualified user: android.app.ContextImpl.sendBroadcast:1211 android.content.ContextWrapper.sendBroadcast:365 android.app.ActivityThread.performResumeActivity:2785 android.app.ActivityThread.handleResumeActivity:2823 android.app.ActivityThread.handleLaunchActivity:2250 
01-01 09:18:53.611 E/HiSysManagerService( 1598): checkPermission is true.
01-01 09:29:57.757 W/BatteryStatsImpl( 2049): Couldn't get kernel wake lock stats
01-01 09:30:03.120 D/ConnectivityService( 2049): Sampling interval elapsed, updating statistics ..
01-01 09:30:03.123 D/ConnectivityService( 2049): Done.
01-01 09:30:03.123 D/ConnectivityService( 2049): Setting timer for 720seconds
01-01 09:31:00.007 I/ProcessStatsService( 2049): Prepared write state in 5ms
01-01 09:42:03.125 D/ConnectivityService( 2049): Sampling interval elapsed, updating statistics ..
01-01 09:42:03.129 D/ConnectivityService( 2049): Done.
01-01 09:42:03.129 D/ConnectivityService( 2049): Setting timer for 720seconds
01-01 09:59:57.777 W/BatteryStatsImpl( 2049): Couldn't get kernel wake lock stats
01-01 10:00:50.204 D/ConnectivityService( 2049): Sampling interval elapsed, updating statistics ..
01-01 10:00:50.207 D/ConnectivityService( 2049): Done.
01-01 10:00:50.208 D/ConnectivityService( 2049): Setting timer for 720seconds
01-01 10:01:00.022 I/ProcessStatsService( 2049): Prepared write state in 8ms
01-01 10:12:50.210 D/ConnectivityService( 2049): Sampling interval elapsed, updating statistics ..
01-01 10:12:50.214 D/ConnectivityService( 2049): Done.
01-01 10:12:50.214 D/ConnectivityService( 2049): Setting timer for 720seconds
01-01 10:29:57.799 W/BatteryStatsImpl( 2049): Couldn't get kernel wake lock stats
01-01 10:30:03.121 D/ConnectivityService( 2049): Sampling interval elapsed, updating statistics ..
01-01 10:30:03.124 D/ConnectivityService( 2049): Done.
01-01 10:30:03.125 D/ConnectivityService( 2049): Setting timer for 720seconds
01-01 10:31:00.037 I/ProcessStatsService( 2049): Prepared write state in 5ms
01-01 10:31:00.043 I/ProcessStatsService( 2049): Prepared write state in 5ms
01-01 10:42:03.126 D/ConnectivityService( 2049): Sampling interval elapsed, updating statistics ..
01-01 10:42:03.130 D/ConnectivityService( 2049): Done.
01-01 10:42:03.130 D/ConnectivityService( 2049): Setting timer for 720seconds
01-01 10:59:57.819 W/BatteryStatsImpl( 2049): Couldn't get kernel wake lock stats
01-01 11:00:02.322 I/EntropyMixer( 2049): Writing entropy...
01-01 11:00:03.121 D/ConnectivityService( 2049): Sampling interval elapsed, updating statistics ..
01-01 11:00:03.124 D/ConnectivityService( 2049): Done.
01-01 11:00:03.125 D/ConnectivityService( 2049): Setting timer for 720seconds
01-01 11:02:00.010 I/ProcessStatsService( 2049): Prepared write state in 8ms
01-01 11:12:03.127 D/ConnectivityService( 2049): Sampling interval elapsed, updating statistics ..
01-01 11:12:03.130 D/ConnectivityService( 2049): Done.
01-01 11:12:03.130 D/ConnectivityService( 2049): Setting timer for 720seconds
01-01 11:13:05.022 W/ProcessCpuTracker( 2049): Skipping unknown process pid 20395
01-01 11:29:57.840 W/BatteryStatsImpl( 2049): Couldn't get kernel wake lock stats
01-01 11:30:03.120 D/ConnectivityService( 2049): Sampling interval elapsed, updating statistics ..
01-01 11:30:03.128 D/ConnectivityService( 2049): Done.
01-01 11:30:03.128 D/ConnectivityService( 2049): Setting timer for 720seconds
01-01 11:32:00.019 I/ProcessStatsService( 2049): Prepared write state in 5ms
01-01 11:42:03.132 D/ConnectivityService( 2049): Sampling interval elapsed, updating statistics ..
01-01 11:42:03.135 D/ConnectivityService( 2049): Done.
01-01 11:42:03.135 D/ConnectivityService( 2049): Setting timer for 720seconds
01-01 11:53:05.273 I/ActivityManager( 2049): START u0 {act=android.intent.action.MAIN cat=[android.intent.category.LAUNCHER] cmp=com.example.man.myapplication/.MainActivity} from pid 2416
01-01 11:53:05.283 W/ContextImpl( 2416): Calling a method in the system process without a qualified user: android.app.ContextImpl.sendBroadcast:1211 android.content.ContextWrapper.sendBroadcast:365 android.app.ActivityThread.performPauseActivity:3061 android.app.ActivityThread.performPauseActivity:3023 android.app.ActivityThread.handlePauseActivity:3001 
01-01 11:53:05.289 E/HiSysManagerService( 1598): checkPermission is true.
01-01 11:53:05.461 E/HiSysManagerService( 1598): checkPermission is true.
01-01 11:53:10.305 W/ProcessCpuTracker( 2049): Skipping unknown process pid 31749
01-01 11:53:30.547 E/HiSysManagerService( 1598): checkPermission is true.
01-01 11:53:30.570 W/ContextImpl( 2416): Calling a method in the system process without a qualified user: android.app.ContextImpl.sendBroadcast:1211 android.content.ContextWrapper.sendBroadcast:365 android.app.ActivityThread.performResumeActivity:2785 android.app.ActivityThread.handleResumeActivity:2823 android.app.ActivityThread$H.handleMessage:1238 
01-01 11:53:30.572 E/HiSysManagerService( 1598): checkPermission is true.
01-01 11:53:32.195 W/ContextImpl( 2416): Calling a method in the system process without a qualified user: android.app.ContextImpl.sendBroadcast:1211 android.content.ContextWrapper.sendBroadcast:365 android.app.ActivityThread.performPauseActivity:3061 android.app.ActivityThread.performPauseActivity:3023 android.app.ActivityThread.handlePauseActivity:3001 
01-01 11:53:32.197 E/HiSysManagerService( 1598): checkPermission is true.
01-01 11:53:32.206 W/ContextImpl( 2416): Calling a method in the system process without a qualified user: android.app.ContextImpl.sendBroadcast:1211 android.content.ContextWrapper.sendBroadcast:365 android.app.ActivityThread.performResumeActivity:2785 android.app.ActivityThread.handleResumeActivity:2823 android.app.ActivityThread$H.handleMessage:1238 
01-01 11:53:32.208 E/HiSysManagerService( 1598): checkPermission is true.
01-01 11:53:32.210 W/ActivityManager( 2049): Duplicate finish request for ActivityRecord{41cf16a8 u0 com.um.launcher/.MyAppActivity t1 f}
01-01 11:53:33.179 I/ActivityManager( 2049): START u0 {act=android.intent.umaction.UMATV flg=0x10008000 (has extras)} from pid 2416
01-01 11:53:34.482 I/ActivityManager( 2049): START u0 {act=android.intent.umaction.UMATV flg=0x10008000 (has extras)} from pid 2416
01-01 11:54:34.484 I/ActivityManager( 2049): START u0 {act=android.intent.umaction.UMATV flg=0x10008000 (has extras)} from pid 2416
01-01 11:59:04.928 I/ActivityManager( 2049): START u0 {act=android.settings.SETTINGS flg=0x10000000 cmp=com.android.settings/.Settings} from pid 2416
01-01 11:59:05.051 W/ContextImpl( 2416): Calling a method in the system process without a qualified user: android.app.ContextImpl.sendBroadcast:1211 android.content.ContextWrapper.sendBroadcast:365 android.app.ActivityThread.performPauseActivity:3061 android.app.ActivityThread.performPauseActivity:3023 android.app.ActivityThread.handlePauseActivity:3001 
01-01 11:59:05.055 E/HiSysManagerService( 1598): checkPermission is true.
01-01 11:59:05.234 W/ContextImpl( 2436): Calling a method in the system process without a qualified user: android.app.ContextImpl.sendBroadcast:1211 android.content.ContextWrapper.sendBroadcast:365 android.app.ActivityThread.performResumeActivity:2785 android.app.ActivityThread.handleResumeActivity:2823 android.app.ActivityThread.handleLaunchActivity:2250 
01-01 11:59:05.236 E/HiSysManagerService( 1598): checkPermission is true.
01-01 11:59:18.818 W/ContextImpl( 2436): Calling a method in the system process without a qualified user: android.app.ContextImpl.sendBroadcast:1211 android.content.ContextWrapper.sendBroadcast:365 android.app.ActivityThread.performPauseActivity:3061 android.app.ActivityThread.performPauseActivity:3023 android.app.ActivityThread.handlePauseActivity:3001 
01-01 11:59:18.821 E/HiSysManagerService( 1598): checkPermission is true.
