01-01 08:02:21.179 D/PackageManager( 2078): com.dangbeimarket compare in grantSignaturePermission : package publickey_string = OpenSSLRSAPublicKey{modulus=90f39aede16b4a439a8b6583321901e18a11e9604f92aecd808bac9cf947a7457d5b235747adaee882d2ccb17447e29cc49e41a30252f993fc24a3912b01b97cd571bbd684d9230b840455354ddccb7e3664800e528ee6713fc30151544ffbe0ed5df2818a9eccc594b10e617902fd2ff7b3d1e365e14627742be2fd2a76caefdd47516f4537cad4b58fbd109a19222ceb88a7e969c6d681c20fcc3a7422126db7eeb6b2e55aef4fd7a9519ce544ecf7e11c4b0e33b50ac8c443988e3cec8860060c7fc79a787e2dab86620268703077a8851e3058583f7685510511f437e3e1f599ee207f0fe57b1374f2334ccd67980468ee0e8703763ca3cc4c5da790d90d,publicExponent=10001}
01-01 08:02:21.179 D/PackageManager( 2078): com.dangbeimarket compare in grantSignaturePermission : package keyString = 90f39aede16b4a439a8b6583321901e18a11e9604f92aecd808bac9cf947a7457d5b235747adaee882d2ccb17447e29cc49e41a30252f993fc24a3912b01b97cd571bbd684d9230b840455354ddccb7e3664800e528ee6713fc30151544ffbe0ed5df2818a9eccc594b10e617902fd2ff7b3d1e365e14627742be2fd2a76caefdd47516f4537cad4b58fbd109a19222ceb88a7e969c6d681c20fcc3a7422126db7eeb6b2e55aef4fd7a9519ce544ecf7e11c4b0e33b50ac8c443988e3cec8860060c7fc79a787e2dab86620268703077a8851e3058583f7685510511f437e3e1f599ee207f0fe57b1374f2334ccd67980468ee0e8703763ca3cc4c5da790d90d
01-01 08:02:21.179 D/PackageManager( 2078): grantSignaturePermission:OriPubKey allowed = false
01-01 08:02:21.179 W/PackageManager( 2078): Not granting permission android.permission.READ_FRAME_BUFFER to package com.dangbeimarket (protectionLevel=18 flags=0xd83e45)
01-01 08:02:21.179 D/PackageManager( 2078): grantSignaturePermission permission = android.permission.MOUNT_UNMOUNT_FILESYSTEMS
01-01 08:02:21.179 D/PackageManager( 2078): verifyPackageMD5 apkControlMode = none
01-01 08:02:21.179 D/PackageManager( 2078): grantSignaturePermission permission = android.permission.MASTER_CLEAR
01-01 08:02:21.179 D/PackageManager( 2078): verifyPackageMD5 apkControlMode = none
01-01 08:02:21.179 D/PackageManager( 2078): grantSignaturePermission permission = android.permission.INSTALL_PACKAGES
01-01 08:02:21.179 D/PackageManager( 2078): verifyPackageMD5 apkControlMode = none
01-01 08:02:21.180 D/PackageManager( 2078): grantSignaturePermission permission = android.permission.CHANGE_CONFIGURATION
01-01 08:02:21.180 D/PackageManager( 2078): verifyPackageMD5 apkControlMode = none
01-01 08:02:21.180 D/PackageManager( 2078): grantSignaturePermission permission = android.permission.SET_ANIMATION_SCALE
01-01 08:02:21.180 D/PackageManager( 2078): verifyPackageMD5 apkControlMode = none
01-01 08:02:21.180 D/PackageManager( 2078): grantSignaturePermission permission = android.permission.SET_PREFERRED_APPLICATIONS
01-01 08:02:21.180 D/PackageManager( 2078): verifyPackageMD5 apkControlMode = none
01-01 08:02:21.180 D/PackageManager( 2078): grantSignaturePermission permission = android.permission.WRITE_SECURE_SETTINGS
01-01 08:02:21.180 D/PackageManager( 2078): verifyPackageMD5 apkControlMode = none
01-01 08:02:21.180 D/PackageManager( 2078): grantSignaturePermission permission = android.permission.SET_DEBUG_APP
01-01 08:02:21.180 D/PackageManager( 2078): verifyPackageMD5 apkControlMode = none
01-01 08:02:21.180 D/PackageManager( 2078): grantSignaturePermission permission = android.permission.SET_PROCESS_LIMIT
01-01 08:02:21.180 D/PackageManager( 2078): verifyPackageMD5 apkControlMode = none
01-01 08:02:21.180 D/PackageManager( 2078): grantSignaturePermission permission = android.permission.SET_ALWAYS_FINISH
01-01 08:02:21.180 D/PackageManager( 2078): verifyPackageMD5 apkControlMode = none
01-01 08:02:21.180 D/PackageManager( 2078): grantSignaturePermission permission = android.permission.DUMP
01-01 08:02:21.180 D/PackageManager( 2078): verifyPackageMD5 apkControlMode = none
01-01 08:02:21.180 D/PackageManager( 2078): grantSignaturePermission permission = android.permission.SIGNAL_PERSISTENT_PROCESSES
01-01 08:02:21.180 D/PackageManager( 2078): verifyPackageMD5 apkControlMode = none
01-01 08:02:21.180 D/PackageManager( 2078): grantSignaturePermission permission = android.permission.FORCE_BACK
01-01 08:02:21.180 D/PackageManager( 2078): verifyPackageMD5 apkControlMode = none
01-01 08:02:21.180 D/PackageManager( 2078): grantSignaturePermission permission = android.permission.BATTERY_STATS
01-01 08:02:21.180 D/PackageManager( 2078): verifyPackageMD5 apkControlMode = none
01-01 08:02:21.180 D/PackageManager( 2078): grantSignaturePermission permission = android.permission.INTERNAL_SYSTEM_WINDOW
01-01 08:02:21.180 D/PackageManager( 2078): verifyPackageMD5 apkControlMode = none
01-01 08:02:21.180 D/PackageManager( 2078): grantSignaturePermission permission = android.permission.INJECT_EVENTS
01-01 08:02:21.180 D/PackageManager( 2078): verifyPackageMD5 apkControlMode = none
01-01 08:02:21.180 D/PackageManager( 2078): grantSignaturePermission permission = android.permission.RETRIEVE_WINDOW_CONTENT
01-01 08:02:21.180 D/PackageManager( 2078): verifyPackageMD5 apkControlMode = none
01-01 08:02:21.181 D/PackageManager( 2078): grantSignaturePermission permission = android.permission.SET_ACTIVITY_WATCHER
01-01 08:02:21.181 D/PackageManager( 2078): verifyPackageMD5 apkControlMode = none
01-01 08:02:21.181 D/PackageManager( 2078): grantSignaturePermission permission = android.permission.READ_INPUT_STATE
01-01 08:02:21.181 D/PackageManager( 2078): verifyPackageMD5 apkControlMode = none
01-01 08:02:21.181 D/PackageManager( 2078): grantSignaturePermission permission = android.permission.SET_ORIENTATION
01-01 08:02:21.181 D/PackageManager( 2078): verifyPackageMD5 apkControlMode = none
01-01 08:02:21.181 D/PackageManager( 2078): grantSignaturePermission permission = android.permission.INSTALL_PACKAGES
01-01 08:02:21.181 D/PackageManager( 2078): verifyPackageMD5 apkControlMode = none
01-01 08:02:21.181 D/PackageManager( 2078): grantSignaturePermission permission = android.permission.CLEAR_APP_USER_DATA
01-01 08:02:21.181 D/PackageManager( 2078): verifyPackageMD5 apkControlMode = none
01-01 08:02:21.181 D/PackageManager( 2078): grantSignaturePermission permission = android.permission.DELETE_CACHE_FILES
01-01 08:02:21.181 D/PackageManager( 2078): verifyPackageMD5 apkControlMode = none
01-01 08:02:21.181 D/PackageManager( 2078): grantSignaturePermission permission = android.permission.DELETE_PACKAGES
01-01 08:02:21.181 D/PackageManager( 2078): verifyPackageMD5 apkControlMode = none
01-01 08:02:21.181 D/PackageManager( 2078): grantSignaturePermission permission = android.permission.ACCESS_SURFACE_FLINGER
01-01 08:02:21.181 D/PackageManager( 2078): verifyPackageMD5 apkControlMode = none
01-01 08:02:21.181 D/PackageManager( 2078): grantSignaturePermission permission = android.permission.READ_FRAME_BUFFER
01-01 08:02:21.181 D/PackageManager( 2078): verifyPackageMD5 apkControlMode = none
01-01 08:02:21.181 D/PackageManager( 2078): grantSignaturePermission permission = android.permission.DEVICE_POWER
01-01 08:02:21.181 D/PackageManager( 2078): verifyPackageMD5 apkControlMode = none
01-01 08:02:21.181 D/PackageManager( 2078): grantSignaturePermission permission = android.permission.INSTALL_LOCATION_PROVIDER
01-01 08:02:21.181 D/PackageManager( 2078): verifyPackageMD5 apkControlMode = none
01-01 08:02:21.181 D/PackageManager( 2078): grantSignaturePermission permission = android.permission.BACKUP
01-01 08:02:21.181 D/PackageManager( 2078): verifyPackageMD5 apkControlMode = none
01-01 08:02:21.181 D/PackageManager( 2078): grantSignaturePermission permission = android.permission.FORCE_STOP_PACKAGES
01-01 08:02:21.181 D/PackageManager( 2078): verifyPackageMD5 apkControlMode = none
01-01 08:02:21.181 D/PackageManager( 2078): grantSignaturePermission permission = android.permission.STOP_APP_SWITCHES
01-01 08:02:21.181 D/PackageManager( 2078): verifyPackageMD5 apkControlMode = none
01-01 08:02:21.181 D/PackageManager( 2078): grantSignaturePermission permission = android.permission.ACCESS_CONTENT_PROVIDERS_EXTERNALLY
01-01 08:02:21.181 D/PackageManager( 2078): verifyPackageMD5 apkControlMode = none
01-01 08:02:21.182 D/PackageManager( 2078): grantSignaturePermission permission = android.permission.GRANT_REVOKE_PERMISSIONS
01-01 08:02:21.182 D/PackageManager( 2078): verifyPackageMD5 apkControlMode = none
01-01 08:02:21.182 D/PackageManager( 2078): grantSignaturePermission permission = android.permission.SET_KEYBOARD_LAYOUT
01-01 08:02:21.182 D/PackageManager( 2078): verifyPackageMD5 apkControlMode = none
01-01 08:02:21.182 D/PackageManager( 2078): grantSignaturePermission permission = android.permission.GET_DETAILED_TASKS
01-01 08:02:21.182 D/PackageManager( 2078): verifyPackageMD5 apkControlMode = none
01-01 08:02:21.182 D/PackageManager( 2078): grantSignaturePermission permission = android.permission.SET_SCREEN_COMPATIBILITY
01-01 08:02:21.182 D/PackageManager( 2078): verifyPackageMD5 apkControlMode = none
01-01 08:02:21.182 D/PackageManager( 2078): grantSignaturePermission permission = android.permission.WRITE_MEDIA_STORAGE
01-01 08:02:21.182 D/PackageManager( 2078): verifyPackageMD5 apkControlMode = none
01-01 08:02:21.182 D/PackageManager( 2078): grantSignaturePermission permission = android.permission.INTERACT_ACROSS_USERS
01-01 08:02:21.182 D/PackageManager( 2078): verifyPackageMD5 apkControlMode = none
01-01 08:02:21.182 D/PackageManager( 2078): grantSignaturePermission permission = android.permission.INTERACT_ACROSS_USERS_FULL
01-01 08:02:21.182 D/PackageManager( 2078): verifyPackageMD5 apkControlMode = none
01-01 08:02:21.182 D/PackageManager( 2078): grantSignaturePermission permission = android.permission.MANAGE_USERS
01-01 08:02:21.182 D/PackageManager( 2078): verifyPackageMD5 apkControlMode = none
01-01 08:02:21.182 D/PackageManager( 2078): grantSignaturePermission permission = android.permission.BLUETOOTH_STACK
01-01 08:02:21.182 D/PackageManager( 2078): verifyPackageMD5 apkControlMode = none
01-01 08:02:21.182 D/PackageManager( 2078): grantSignaturePermission permission = android.permission.ACCESS_DOWNLOAD_MANAGER
01-01 08:02:21.182 D/PackageManager( 2078): verifyPackageMD5 apkControlMode = none
01-01 08:02:21.182 D/PackageManager( 2078): grantSignaturePermission permission = android.permission.ACCESS_CACHE_FILESYSTEM
01-01 08:02:21.182 D/PackageManager( 2078): verifyPackageMD5 apkControlMode = none
01-01 08:02:21.183 D/PackageManager( 2078): com.android.providers.downloads compare in grantSignaturePermission : package publickey_string = OpenSSLRSAPublicKey{modulus=c41552dde9a751173b7b8d78f1028c582f7790622752fa7b0a23b1c7b10f769f1ade6401b01719891566d9080fb45c0b4c533daf1cec7a3874a21d941a493966d5df9c29d8fdbaa2b095e00eac97a9df384856461d98dd88f4b8f28d697a88845b57b9e2132ee436eb15b09452a495418829c30ca7143534397c7d26fad583dd8e7f3348be29c415b57f05bf8c7a9ef8f5a39f2b6774bd0c35983f866b15444b670d87f39931ca5209b0d0a3087b265953fd45026f0b196b33cb6eedea4eb2dc17d303295ba46f8f253c4de3960f00e60b26f8bf6df50a321acccd8b97a287f2b85b5f8b9a1f81f078a489c38d3b457572b8ecadb4068ee02fe26725a93833cd,publicExponent=10001}
01-01 08:02:21.183 D/PackageManager( 2078): com.android.providers.downloads compare in grantSignaturePermission : package keyString = c41552dde9a751173b7b8d78f1028c582f7790622752fa7b0a23b1c7b10f769f1ade6401b01719891566d9080fb45c0b4c533daf1cec7a3874a21d941a493966d5df9c29d8fdbaa2b095e00eac97a9df384856461d98dd88f4b8f28d697a88845b57b9e2132ee436eb15b09452a495418829c30ca7143534397c7d26fad583dd8e7f3348be29c415b57f05bf8c7a9ef8f5a39f2b6774bd0c35983f866b15444b670d87f39931ca5209b0d0a3087b265953fd45026f0b196b33cb6eedea4eb2dc17d303295ba46f8f253c4de3960f00e60b26f8bf6df50a321acccd8b97a287f2b85b5f8b9a1f81f078a489c38d3b457572b8ecadb4068ee02fe26725a93833cd
01-01 08:02:21.183 D/PackageManager( 2078): grantSignaturePermission:OriPubKey allowed = false
01-01 08:02:21.183 D/PackageManager( 2078): grantSignaturePermission permission = android.permission.SEND_DOWNLOAD_COMPLETED_INTENTS
01-01 08:02:21.183 D/PackageManager( 2078): verifyPackageMD5 apkControlMode = none
01-01 08:02:21.183 D/PackageManager( 2078): grantSignaturePermission permission = android.permission.ACCESS_ALL_DOWNLOADS
01-01 08:02:21.184 D/PackageManager( 2078): verifyPackageMD5 apkControlMode = none
01-01 08:02:21.184 D/PackageManager( 2078): grantSignaturePermission permission = android.permission.UPDATE_DEVICE_STATS
01-01 08:02:21.184 D/PackageManager( 2078): verifyPackageMD5 apkControlMode = none
01-01 08:02:21.185 D/PackageManager( 2078): com.android.providers.downloads compare in grantSignaturePermission : package publickey_string = OpenSSLRSAPublicKey{modulus=c41552dde9a751173b7b8d78f1028c582f7790622752fa7b0a23b1c7b10f769f1ade6401b01719891566d9080fb45c0b4c533daf1cec7a3874a21d941a493966d5df9c29d8fdbaa2b095e00eac97a9df384856461d98dd88f4b8f28d697a88845b57b9e2132ee436eb15b09452a495418829c30ca7143534397c7d26fad583dd8e7f3348be29c415b57f05bf8c7a9ef8f5a39f2b6774bd0c35983f866b15444b670d87f39931ca5209b0d0a3087b265953fd45026f0b196b33cb6eedea4eb2dc17d303295ba46f8f253c4de3960f00e60b26f8bf6df50a321acccd8b97a287f2b85b5f8b9a1f81f078a489c38d3b457572b8ecadb4068ee02fe26725a93833cd,publicExponent=10001}
01-01 08:02:21.185 D/PackageManager( 2078): com.android.providers.downloads compare in grantSignaturePermission : package keyString = c41552dde9a751173b7b8d78f1028c582f7790622752fa7b0a23b1c7b10f769f1ade6401b01719891566d9080fb45c0b4c533daf1cec7a3874a21d941a493966d5df9c29d8fdbaa2b095e00eac97a9df384856461d98dd88f4b8f28d697a88845b57b9e2132ee436eb15b09452a495418829c30ca7143534397c7d26fad583dd8e7f3348be29c415b57f05bf8c7a9ef8f5a39f2b6774bd0c35983f866b15444b670d87f39931ca5209b0d0a3087b265953fd45026f0b196b33cb6eedea4eb2dc17d303295ba46f8f253c4de3960f00e60b26f8bf6df50a321acccd8b97a287f2b85b5f8b9a1f81f078a489c38d3b457572b8ecadb4068ee02fe26725a93833cd
01-01 08:02:21.185 D/PackageManager( 2078): grantSignaturePermission:OriPubKey allowed = false
01-01 08:02:21.185 D/PackageManager( 2078): grantSignaturePermission permission = android.permission.CONNECTIVITY_INTERNAL
01-01 08:02:21.185 D/PackageManager( 2078): verifyPackageMD5 apkControlMode = none
01-01 08:02:21.186 D/PackageManager( 2078): com.android.providers.downloads compare in grantSignaturePermission : package publickey_string = OpenSSLRSAPublicKey{modulus=c41552dde9a751173b7b8d78f1028c582f7790622752fa7b0a23b1c7b10f769f1ade6401b01719891566d9080fb45c0b4c533daf1cec7a3874a21d941a493966d5df9c29d8fdbaa2b095e00eac97a9df384856461d98dd88f4b8f28d697a88845b57b9e2132ee436eb15b09452a495418829c30ca7143534397c7d26fad583dd8e7f3348be29c415b57f05bf8c7a9ef8f5a39f2b6774bd0c35983f866b15444b670d87f39931ca5209b0d0a3087b265953fd45026f0b196b33cb6eedea4eb2dc17d303295ba46f8f253c4de3960f00e60b26f8bf6df50a321acccd8b97a287f2b85b5f8b9a1f81f078a489c38d3b457572b8ecadb4068ee02fe26725a93833cd,publicExponent=10001}
01-01 08:02:21.186 D/PackageManager( 2078): com.android.providers.downloads compare in grantSignaturePermission : package keyString = c41552dde9a751173b7b8d78f1028c582f7790622752fa7b0a23b1c7b10f769f1ade6401b01719891566d9080fb45c0b4c533daf1cec7a3874a21d941a493966d5df9c29d8fdbaa2b095e00eac97a9df384856461d98dd88f4b8f28d697a88845b57b9e2132ee436eb15b09452a495418829c30ca7143534397c7d26fad583dd8e7f3348be29c415b57f05bf8c7a9ef8f5a39f2b6774bd0c35983f866b15444b670d87f39931ca5209b0d0a3087b265953fd45026f0b196b33cb6eedea4eb2dc17d303295ba46f8f253c4de3960f00e60b26f8bf6df50a321acccd8b97a287f2b85b5f8b9a1f81f078a489c38d3b457572b8ecadb4068ee02fe26725a93833cd
01-01 08:02:21.186 D/PackageManager( 2078): grantSignaturePermission:OriPubKey allowed = false
01-01 08:02:21.186 D/PackageManager( 2078): grantSignaturePermission permission = android.permission.MODIFY_NETWORK_ACCOUNTING
01-01 08:02:21.186 D/PackageManager( 2078): verifyPackageMD5 apkControlMode = none
01-01 08:02:21.187 D/PackageManager( 2078): com.android.providers.downloads compare in grantSignaturePermission : package publickey_string = OpenSSLRSAPublicKey{modulus=c41552dde9a751173b7b8d78f1028c582f7790622752fa7b0a23b1c7b10f769f1ade6401b01719891566d9080fb45c0b4c533daf1cec7a3874a21d941a493966d5df9c29d8fdbaa2b095e00eac97a9df384856461d98dd88f4b8f28d697a88845b57b9e2132ee436eb15b09452a495418829c30ca7143534397c7d26fad583dd8e7f3348be29c415b57f05bf8c7a9ef8f5a39f2b6774bd0c35983f866b15444b670d87f39931ca5209b0d0a3087b265953fd45026f0b196b33cb6eedea4eb2dc17d303295ba46f8f253c4de3960f00e60b26f8bf6df50a321acccd8b97a287f2b85b5f8b9a1f81f078a489c38d3b457572b8ecadb4068ee02fe26725a93833cd,publicExponent=10001}
01-01 08:02:21.187 D/PackageManager( 2078): com.android.providers.downloads compare in grantSignaturePermission : package keyString = c41552dde9a751173b7b8d78f1028c582f7790622752fa7b0a23b1c7b10f769f1ade6401b01719891566d9080fb45c0b4c533daf1cec7a3874a21d941a493966d5df9c29d8fdbaa2b095e00eac97a9df384856461d98dd88f4b8f28d697a88845b57b9e2132ee436eb15b09452a495418829c30ca7143534397c7d26fad583dd8e7f3348be29c415b57f05bf8c7a9ef8f5a39f2b6774bd0c35983f866b15444b670d87f39931ca5209b0d0a3087b265953fd45026f0b196b33cb6eedea4eb2dc17d303295ba46f8f253c4de3960f00e60b26f8bf6df50a321acccd8b97a287f2b85b5f8b9a1f81f078a489c38d3b457572b8ecadb4068ee02fe26725a93833cd
01-01 08:02:21.187 D/PackageManager( 2078): grantSignaturePermission:OriPubKey allowed = false
01-01 08:02:21.187 D/PackageManager( 2078): grantSignaturePermission permission = android.permission.CHANGE_CONFIGURATION
01-01 08:02:21.187 D/PackageManager( 2078): verifyPackageMD5 apkControlMode = none
01-01 08:02:21.188 D/PackageManager( 2078): com.android.email compare in grantSignaturePermission : package publickey_string = OpenSSLRSAPublicKey{modulus=9e2b9f598ee5b48603b7ba3b14fb8c2336d9757743d41a864b25d9fe3216ce9453fafdf441ca024464d67e3c7145f86c8cb12bec8354b063c8ebf23881cf685d80df8780756b712e2e2822c2932eabb9661e5a6d03bef546cf304c2fbdcc999f85a8150cfabc6c75af1ba379f568309c0042c8269692835566e5d5fc19e2ae2c70cf9434bf0d066f1f1421c57354f3b7a7e809bebef9c11c958ce5d3671aff42c864d0e7403edb7fd1c6aa34ce544556748bac421e4bdf9ca606ba353dd42c1c2d9768b6664870b94012f85a91cd9cca49d0dab5d0e74f7736360880f983256709aae9019056391ff8cf05d454cd969309433a63f94fb2de83e733b496931099,publicExponent=3}
01-01 08:02:21.188 D/PackageManager( 2078): com.android.email compare in grantSignaturePermission : package keyString = 9e2b9f598ee5b48603b7ba3b14fb8c2336d9757743d41a864b25d9fe3216ce9453fafdf441ca024464d67e3c7145f86c8cb12bec8354b063c8ebf23881cf685d80df8780756b712e2e2822c2932eabb9661e5a6d03bef546cf304c2fbdcc999f85a8150cfabc6c75af1ba379f568309c0042c8269692835566e5d5fc19e2ae2c70cf9434bf0d066f1f1421c57354f3b7a7e809bebef9c11c958ce5d3671aff42c864d0e7403edb7fd1c6aa34ce544556748bac421e4bdf9ca606ba353dd42c1c2d9768b6664870b94012f85a91cd9cca49d0dab5d0e74f7736360880f983256709aae9019056391ff8cf05d454cd969309433a63f94fb2de83e733b496931099
01-01 08:02:21.189 D/PackageManager( 2078): grantSignaturePermission:OriPubKey allowed = false
01-01 08:02:21.189 W/PackageManager( 2078): Not granting permission android.permission.CHANGE_CONFIGURATION to package com.android.email (protectionLevel=50 flags=0x18be44)
01-01 08:02:21.189 D/PackageManager( 2078): grantSignaturePermission permission = com.android.email.permission.ACCESS_PROVIDER
01-01 08:02:21.189 D/PackageManager( 2078): verifyPackageMD5 apkControlMode = none
01-01 08:02:21.189 D/PackageManager( 2078): grantSignaturePermission permission = com.android.email.permission.MIPUSH_RECEIVE
01-01 08:02:21.189 D/PackageManager( 2078): verifyPackageMD5 apkControlMode = none
01-01 08:02:21.189 D/PackageManager( 2078): grantSignaturePermission permission = com.android.launcher.permission.WRITE_SETTINGS
01-01 08:02:21.189 D/PackageManager( 2078): verifyPackageMD5 apkControlMode = none
01-01 08:02:21.190 D/PackageManager( 2078): com.android.email compare in grantSignaturePermission : package publickey_string = OpenSSLRSAPublicKey{modulus=9e2b9f598ee5b48603b7ba3b14fb8c2336d9757743d41a864b25d9fe3216ce9453fafdf441ca024464d67e3c7145f86c8cb12bec8354b063c8ebf23881cf685d80df8780756b712e2e2822c2932eabb9661e5a6d03bef546cf304c2fbdcc999f85a8150cfabc6c75af1ba379f568309c0042c8269692835566e5d5fc19e2ae2c70cf9434bf0d066f1f1421c57354f3b7a7e809bebef9c11c958ce5d3671aff42c864d0e7403edb7fd1c6aa34ce544556748bac421e4bdf9ca606ba353dd42c1c2d9768b6664870b94012f85a91cd9cca49d0dab5d0e74f7736360880f983256709aae9019056391ff8cf05d454cd969309433a63f94fb2de83e733b496931099,publicExponent=3}
01-01 08:02:21.190 D/PackageManager( 2078): com.android.email compare in grantSignaturePermission : package keyString = 9e2b9f598ee5b48603b7ba3b14fb8c2336d9757743d41a864b25d9fe3216ce9453fafdf441ca024464d67e3c7145f86c8cb12bec8354b063c8ebf23881cf685d80df8780756b712e2e2822c2932eabb9661e5a6d03bef546cf304c2fbdcc999f85a8150cfabc6c75af1ba379f568309c0042c8269692835566e5d5fc19e2ae2c70cf9434bf0d066f1f1421c57354f3b7a7e809bebef9c11c958ce5d3671aff42c864d0e7403edb7fd1c6aa34ce544556748bac421e4bdf9ca606ba353dd42c1c2d9768b6664870b94012f85a91cd9cca49d0dab5d0e74f7736360880f983256709aae9019056391ff8cf05d454cd969309433a63f94fb2de83e733b496931099
01-01 08:02:21.190 D/PackageManager( 2078): grantSignaturePermission:OriPubKey allowed = false
01-01 08:02:21.190 W/PackageManager( 2078): Not granting permission com.android.launcher.permission.WRITE_SETTINGS to package com.android.email (protectionLevel=18 flags=0x18be44)
01-01 08:02:21.190 W/PackageManager( 2078): Unknown permission com.sec.android.provider.badge.permission.READ in package com.android.email
01-01 08:02:21.190 W/PackageManager( 2078): Unknown permission com.sec.android.provider.badge.permission.WRITE in package com.android.email
01-01 08:02:21.190 W/PackageManager( 2078): Unknown permission com.htc.launcher.permission.READ_SETTINGS in package com.android.email
01-01 08:02:21.190 W/PackageManager( 2078): Unknown permission com.htc.launcher.permission.UPDATE_SHORTCUT in package com.android.email
01-01 08:02:21.190 W/PackageManager( 2078): Unknown permission com.sonyericsson.home.permission.BROADCAST_BADGE in package com.android.email
01-01 08:02:21.190 W/PackageManager( 2078): Unknown permission com.anddoes.launcher.permission.UPDATE_COUNT in package com.android.email
01-01 08:02:21.257 I/ActivityManager( 2078): Start proc com.svox.pico for broadcast com.svox.pico/.VoiceDataInstallerReceiver: pid=3534 uid=10015 gids={50015, 1028}
01-01 08:02:21.264 D/BackupManagerService( 2078): Received broadcast Intent { act=android.intent.action.PACKAGE_ADDED dat=package:com.android.email flg=0x4000010 (has extras) }
01-01 08:02:21.266 V/BackupManagerService( 2078): addPackageParticipantsLocked: #1
01-01 08:02:21.270 E/installd( 1593): value = false 
01-01 08:02:21.323 E/installd( 1593): value = false 
01-01 08:02:21.328 W/RecognitionManagerService( 2078): no available voice recognition services found for user 0
01-01 08:02:26.011 I/ActivityManager( 2078): Killing 3109:com.explorer/1000 (adj 15): empty #5
01-01 08:02:26.023 D/ActivityManager( 2078): cleanUpApplicationRecordLocked -- 3109
--------- beginning of /dev/log/main
01-01 08:04:05.574 W/System.err( 2397): java.net.SocketTimeoutException
01-01 08:04:05.574 W/System.err( 2397): 	at libcore.io.IoBridge.maybeThrowAfterRecvfrom(IoBridge.java:551)
01-01 08:04:05.574 W/System.err( 2397): 	at libcore.io.IoBridge.recvfrom(IoBridge.java:509)
01-01 08:04:05.574 W/System.err( 2397): 	at java.net.PlainDatagramSocketImpl.doRecv(PlainDatagramSocketImpl.java:161)
01-01 08:04:05.575 W/System.err( 2397): 	at java.net.PlainDatagramSocketImpl.receive(PlainDatagramSocketImpl.java:169)
01-01 08:04:05.575 W/System.err( 2397): 	at java.net.DatagramSocket.receive(DatagramSocket.java:250)
01-01 08:04:05.575 W/System.err( 2397): 	at utils.UdpReceiverService$1.run(UdpReceiverService.java:53)
01-01 08:04:05.575 W/System.err( 2397): Caused by: libcore.io.ErrnoException: recvfrom failed: EAGAIN (Try again)
01-01 08:04:05.576 W/System.err( 2397): 	at libcore.io.Posix.recvfromBytes(Native Method)
01-01 08:04:05.576 W/System.err( 2397): 	at libcore.io.Posix.recvfrom(Posix.java:141)
01-01 08:04:05.576 W/System.err( 2397): 	at libcore.io.BlockGuardOs.recvfrom(BlockGuardOs.java:164)
01-01 08:04:05.576 W/System.err( 2397): 	at libcore.io.IoBridge.recvfrom(IoBridge.java:506)
01-01 08:04:05.576 W/System.err( 2397): 	... 4 more
01-01 08:04:06.166 E/sample_enc( 4219): 
01-01 08:04:06.166 E/sample_enc( 4219): =======================================================
01-01 08:04:06.166 E/sample_enc( 4219): -------> save file: /sdcard/1.jpg OK. n
01-01 08:04:06.166 E/sample_enc( 4219): =======================================================
01-01 08:04:07.034 E/sample_enc( 4225): 
01-01 08:04:07.034 E/sample_enc( 4225): =======================================================
01-01 08:04:07.034 E/sample_enc( 4225): -------> save file: /sdcard/1.jpg OK. n
01-01 08:04:07.034 E/sample_enc( 4225): =======================================================
01-01 08:04:07.576 W/System.err( 2397): java.net.SocketTimeoutException
01-01 08:04:07.576 W/System.err( 2397): 	at libcore.io.IoBridge.maybeThrowAfterRecvfrom(IoBridge.java:551)
01-01 08:04:07.576 W/System.err( 2397): 	at libcore.io.IoBridge.recvfrom(IoBridge.java:509)
01-01 08:04:07.577 W/System.err( 2397): 	at java.net.PlainDatagramSocketImpl.doRecv(PlainDatagramSocketImpl.java:161)
01-01 08:04:07.577 W/System.err( 2397): 	at java.net.PlainDatagramSocketImpl.receive(PlainDatagramSocketImpl.java:169)
01-01 08:04:07.577 W/System.err( 2397): 	at java.net.DatagramSocket.receive(DatagramSocket.java:250)
01-01 08:04:07.577 W/System.err( 2397): 	at utils.UdpReceiverService$1.run(UdpReceiverService.java:53)
01-01 08:04:07.577 W/System.err( 2397): Caused by: libcore.io.ErrnoException: recvfrom failed: EAGAIN (Try again)
01-01 08:04:07.578 W/System.err( 2397): 	at libcore.io.Posix.recvfromBytes(Native Method)
01-01 08:04:07.578 W/System.err( 2397): 	at libcore.io.Posix.recvfrom(Posix.java:141)
01-01 08:04:07.578 W/System.err( 2397): 	at libcore.io.BlockGuardOs.recvfrom(BlockGuardOs.java:164)
01-01 08:04:07.578 W/System.err( 2397): 	at libcore.io.IoBridge.recvfrom(IoBridge.java:506)
01-01 08:04:07.578 W/System.err( 2397): 	... 4 more
01-01 08:04:07.960 E/sample_enc( 4230): 
01-01 08:04:07.960 E/sample_enc( 4230): =======================================================
01-01 08:04:07.960 E/sample_enc( 4230): -------> save file: /sdcard/1.jpg OK. n
01-01 08:04:07.960 E/sample_enc( 4230): =======================================================
01-01 08:04:09.004 E/sample_enc( 4237): 
01-01 08:04:09.004 E/sample_enc( 4237): =======================================================
01-01 08:04:09.004 E/sample_enc( 4237): -------> save file: /sdcard/1.jpg OK. n
01-01 08:04:09.004 E/sample_enc( 4237): =======================================================
01-01 08:04:09.579 W/System.err( 2397): java.net.SocketTimeoutException
01-01 08:04:09.579 W/System.err( 2397): 	at libcore.io.IoBridge.maybeThrowAfterRecvfrom(IoBridge.java:551)
01-01 08:04:09.579 W/System.err( 2397): 	at libcore.io.IoBridge.recvfrom(IoBridge.java:509)
01-01 08:04:09.580 W/System.err( 2397): 	at java.net.PlainDatagramSocketImpl.doRecv(PlainDatagramSocketImpl.java:161)
01-01 08:04:09.580 W/System.err( 2397): 	at java.net.PlainDatagramSocketImpl.receive(PlainDatagramSocketImpl.java:169)
01-01 08:04:09.580 W/System.err( 2397): 	at java.net.DatagramSocket.receive(DatagramSocket.java:250)
01-01 08:04:09.580 W/System.err( 2397): 	at utils.UdpReceiverService$1.run(UdpReceiverService.java:53)
01-01 08:04:09.580 W/System.err( 2397): Caused by: libcore.io.ErrnoException: recvfrom failed: EAGAIN (Try again)
01-01 08:04:09.581 W/System.err( 2397): 	at libcore.io.Posix.recvfromBytes(Native Method)
01-01 08:04:09.581 W/System.err( 2397): 	at libcore.io.Posix.recvfrom(Posix.java:141)
01-01 08:04:09.581 W/System.err( 2397): 	at libcore.io.BlockGuardOs.recvfrom(BlockGuardOs.java:164)
01-01 08:04:09.581 W/System.err( 2397): 	at libcore.io.IoBridge.recvfrom(IoBridge.java:506)
01-01 08:04:09.581 W/System.err( 2397): 	... 4 more
01-01 08:04:10.063 E/sample_enc( 4243): 
01-01 08:04:10.063 E/sample_enc( 4243): =======================================================
01-01 08:04:10.063 E/sample_enc( 4243): -------> save file: /sdcard/1.jpg OK. n
01-01 08:04:10.063 E/sample_enc( 4243): =======================================================
01-01 08:04:11.267 E/sample_enc( 4249): 
01-01 08:04:11.267 E/sample_enc( 4249): =======================================================
01-01 08:04:11.267 E/sample_enc( 4249): -------> save file: /sdcard/1.jpg OK. n
01-01 08:04:11.267 E/sample_enc( 4249): =======================================================
01-01 08:04:11.582 W/System.err( 2397): java.net.SocketTimeoutException
01-01 08:04:11.582 W/System.err( 2397): 	at libcore.io.IoBridge.maybeThrowAfterRecvfrom(IoBridge.java:551)
01-01 08:04:11.582 W/System.err( 2397): 	at libcore.io.IoBridge.recvfrom(IoBridge.java:509)
01-01 08:04:11.583 W/System.err( 2397): 	at java.net.PlainDatagramSocketImpl.doRecv(PlainDatagramSocketImpl.java:161)
01-01 08:04:11.583 W/System.err( 2397): 	at java.net.PlainDatagramSocketImpl.receive(PlainDatagramSocketImpl.java:169)
01-01 08:04:11.583 W/System.err( 2397): 	at java.net.DatagramSocket.receive(DatagramSocket.java:250)
01-01 08:04:11.583 W/System.err( 2397): 	at utils.UdpReceiverService$1.run(UdpReceiverService.java:53)
01-01 08:04:11.583 W/System.err( 2397): Caused by: libcore.io.ErrnoException: recvfrom failed: EAGAIN (Try again)
01-01 08:04:11.583 W/System.err( 2397): 	at libcore.io.Posix.recvfromBytes(Native Method)
01-01 08:04:11.583 W/System.err( 2397): 	at libcore.io.Posix.recvfrom(Posix.java:141)
01-01 08:04:11.584 W/System.err( 2397): 	at libcore.io.BlockGuardOs.recvfrom(BlockGuardOs.java:164)
01-01 08:04:11.584 W/System.err( 2397): 	at libcore.io.IoBridge.recvfrom(IoBridge.java:506)
01-01 08:04:11.584 W/System.err( 2397): 	... 4 more
01-01 08:04:12.394 E/sample_enc( 4255): 
01-01 08:04:12.394 E/sample_enc( 4255): =======================================================
01-01 08:04:12.394 E/sample_enc( 4255): -------> save file: /sdcard/1.jpg OK. n
01-01 08:04:12.394 E/sample_enc( 4255): =======================================================
01-01 08:04:13.297 E/sample_enc( 4261): 
01-01 08:04:13.297 E/sample_enc( 4261): =======================================================
01-01 08:04:13.297 E/sample_enc( 4261): -------> save file: /sdcard/1.jpg OK. n
01-01 08:04:13.297 E/sample_enc( 4261): =======================================================
01-01 08:04:13.584 W/System.err( 2397): java.net.SocketTimeoutException
01-01 08:04:13.584 W/System.err( 2397): 	at libcore.io.IoBridge.maybeThrowAfterRecvfrom(IoBridge.java:551)
01-01 08:04:13.584 W/System.err( 2397): 	at libcore.io.IoBridge.recvfrom(IoBridge.java:509)
01-01 08:04:13.584 W/System.err( 2397): 	at java.net.PlainDatagramSocketImpl.doRecv(PlainDatagramSocketImpl.java:161)
01-01 08:04:13.585 W/System.err( 2397): 	at java.net.PlainDatagramSocketImpl.receive(PlainDatagramSocketImpl.java:169)
01-01 08:04:13.585 W/System.err( 2397): 	at java.net.DatagramSocket.receive(DatagramSocket.java:250)
01-01 08:04:13.585 W/System.err( 2397): 	at utils.UdpReceiverService$1.run(UdpReceiverService.java:53)
01-01 08:04:13.585 W/System.err( 2397): Caused by: libcore.io.ErrnoException: recvfrom failed: EAGAIN (Try again)
01-01 08:04:13.585 W/System.err( 2397): 	at libcore.io.Posix.recvfromBytes(Native Method)
01-01 08:04:13.586 W/System.err( 2397): 	at libcore.io.Posix.recvfrom(Posix.java:141)
01-01 08:04:13.586 W/System.err( 2397): 	at libcore.io.BlockGuardOs.recvfrom(BlockGuardOs.java:164)
01-01 08:04:13.586 W/System.err( 2397): 	at libcore.io.IoBridge.recvfrom(IoBridge.java:506)
01-01 08:04:13.586 W/System.err( 2397): 	... 4 more
01-01 08:04:14.327 E/sample_enc( 4267): 
01-01 08:04:14.327 E/sample_enc( 4267): =======================================================
01-01 08:04:14.327 E/sample_enc( 4267): -------> save file: /sdcard/1.jpg OK. n
01-01 08:04:14.327 E/sample_enc( 4267): =======================================================
01-01 08:04:15.236 E/sample_enc( 4283): 
01-01 08:04:15.236 E/sample_enc( 4283): =======================================================
01-01 08:04:15.236 E/sample_enc( 4283): -------> save file: /sdcard/1.jpg OK. n
01-01 08:04:15.236 E/sample_enc( 4283): =======================================================
01-01 08:04:15.586 W/System.err( 2397): java.net.SocketTimeoutException
01-01 08:04:15.586 W/System.err( 2397): 	at libcore.io.IoBridge.maybeThrowAfterRecvfrom(IoBridge.java:551)
01-01 08:04:15.586 W/System.err( 2397): 	at libcore.io.IoBridge.recvfrom(IoBridge.java:509)
01-01 08:04:15.586 W/System.err( 2397): 	at java.net.PlainDatagramSocketImpl.doRecv(PlainDatagramSocketImpl.java:161)
01-01 08:04:15.587 W/System.err( 2397): 	at java.net.PlainDatagramSocketImpl.receive(PlainDatagramSocketImpl.java:169)
01-01 08:04:15.587 W/System.err( 2397): 	at java.net.DatagramSocket.receive(DatagramSocket.java:250)
01-01 08:04:15.587 W/System.err( 2397): 	at utils.UdpReceiverService$1.run(UdpReceiverService.java:53)
01-01 08:04:15.587 W/System.err( 2397): Caused by: libcore.io.ErrnoException: recvfrom failed: EAGAIN (Try again)
01-01 08:04:15.587 W/System.err( 2397): 	at libcore.io.Posix.recvfromBytes(Native Method)
01-01 08:04:15.587 W/System.err( 2397): 	at libcore.io.Posix.recvfrom(Posix.java:141)
01-01 08:04:15.588 W/System.err( 2397): 	at libcore.io.BlockGuardOs.recvfrom(BlockGuardOs.java:164)
01-01 08:04:15.588 W/System.err( 2397): 	at libcore.io.IoBridge.recvfrom(IoBridge.java:506)
01-01 08:04:15.588 W/System.err( 2397): 	... 4 more
01-01 08:04:16.244 E/sample_enc( 4289): 
01-01 08:04:16.244 E/sample_enc( 4289): =======================================================
01-01 08:04:16.244 E/sample_enc( 4289): -------> save file: /sdcard/1.jpg OK. n
01-01 08:04:16.244 E/sample_enc( 4289): =======================================================
01-01 08:04:16.385 D/dalvikvm( 3004): GC_CONCURRENT freed 1740K, 36% free 3746K/5804K, paused 4ms+5ms, total 45ms
01-01 08:04:16.385 D/dalvikvm( 3004): WAIT_FOR_CONCURRENT_GC blocked 10ms
01-01 08:04:16.578 D/dalvikvm( 3004): GC_CONCURRENT freed 832K, 33% free 3930K/5804K, paused 2ms+1ms, total 20ms
01-01 08:04:16.578 D/dalvikvm( 3004): WAIT_FOR_CONCURRENT_GC blocked 17ms
01-01 08:04:16.593 D/dalvikvm( 3004): GC_FOR_ALLOC freed 272K, 31% free 4017K/5804K, paused 15ms, total 15ms
01-01 08:04:16.608 D/dalvikvm( 3004): GC_FOR_ALLOC freed 170K, 30% free 4102K/5804K, paused 15ms, total 15ms
01-01 08:04:16.624 D/dalvikvm( 3004): GC_FOR_ALLOC freed 255K, 28% free 4229K/5804K, paused 16ms, total 16ms
01-01 08:04:16.625 I/dalvikvm-heap( 3004): Grow heap (frag case) to 4.428MB for 287248-byte allocation
01-01 08:04:16.644 D/dalvikvm( 3004): GC_FOR_ALLOC freed 0K, 26% free 4510K/6088K, paused 19ms, total 19ms
01-01 08:04:16.668 D/dalvikvm( 3004): GC_FOR_ALLOC freed 382K, 30% free 4268K/6088K, paused 19ms, total 19ms
01-01 08:04:17.064 E/sample_enc( 4298): 
01-01 08:04:17.064 E/sample_enc( 4298): =======================================================
01-01 08:04:17.064 E/sample_enc( 4298): -------> save file: /sdcard/1.jpg OK. n
01-01 08:04:17.064 E/sample_enc( 4298): =======================================================
01-01 08:04:17.588 W/System.err( 2397): java.net.SocketTimeoutException
01-01 08:04:17.588 W/System.err( 2397): 	at libcore.io.IoBridge.maybeThrowAfterRecvfrom(IoBridge.java:551)
01-01 08:04:17.588 W/System.err( 2397): 	at libcore.io.IoBridge.recvfrom(IoBridge.java:509)
01-01 08:04:17.588 W/System.err( 2397): 	at java.net.PlainDatagramSocketImpl.doRecv(PlainDatagramSocketImpl.java:161)
01-01 08:04:17.589 W/System.err( 2397): 	at java.net.PlainDatagramSocketImpl.receive(PlainDatagramSocketImpl.java:169)
01-01 08:04:17.589 W/System.err( 2397): 	at java.net.DatagramSocket.receive(DatagramSocket.java:250)
01-01 08:04:17.589 W/System.err( 2397): 	at utils.UdpReceiverService$1.run(UdpReceiverService.java:53)
01-01 08:04:17.589 W/System.err( 2397): Caused by: libcore.io.ErrnoException: recvfrom failed: EAGAIN (Try again)
01-01 08:04:17.589 W/System.err( 2397): 	at libcore.io.Posix.recvfromBytes(Native Method)
01-01 08:04:17.590 W/System.err( 2397): 	at libcore.io.Posix.recvfrom(Posix.java:141)
01-01 08:04:17.590 W/System.err( 2397): 	at libcore.io.BlockGuardOs.recvfrom(BlockGuardOs.java:164)
01-01 08:04:17.590 W/System.err( 2397): 	at libcore.io.IoBridge.recvfrom(IoBridge.java:506)
01-01 08:04:17.590 W/System.err( 2397): 	... 4 more
01-01 08:04:17.979 E/sample_enc( 4311): 
01-01 08:04:17.979 E/sample_enc( 4311): =======================================================
01-01 08:04:17.979 E/sample_enc( 4311): -------> save file: /sdcard/1.jpg OK. n
01-01 08:04:17.979 E/sample_enc( 4311): =======================================================
01-01 08:04:19.227 E/sample_enc( 4320): 
01-01 08:04:19.227 E/sample_enc( 4320): =======================================================
01-01 08:04:19.227 E/sample_enc( 4320): -------> save file: /sdcard/1.jpg OK. n
01-01 08:04:19.227 E/sample_enc( 4320): =======================================================
01-01 08:04:19.591 W/System.err( 2397): java.net.SocketTimeoutException
01-01 08:04:19.591 W/System.err( 2397): 	at libcore.io.IoBridge.maybeThrowAfterRecvfrom(IoBridge.java:551)
01-01 08:04:19.591 W/System.err( 2397): 	at libcore.io.IoBridge.recvfrom(IoBridge.java:509)
01-01 08:04:19.591 W/System.err( 2397): 	at java.net.PlainDatagramSocketImpl.doRecv(PlainDatagramSocketImpl.java:161)
01-01 08:04:19.592 W/System.err( 2397): 	at java.net.PlainDatagramSocketImpl.receive(PlainDatagramSocketImpl.java:169)
01-01 08:04:19.592 W/System.err( 2397): 	at java.net.DatagramSocket.receive(DatagramSocket.java:250)
01-01 08:04:19.592 W/System.err( 2397): 	at utils.UdpReceiverService$1.run(UdpReceiverService.java:53)
01-01 08:04:19.592 W/System.err( 2397): Caused by: libcore.io.ErrnoException: recvfrom failed: EAGAIN (Try again)
01-01 08:04:19.592 W/System.err( 2397): 	at libcore.io.Posix.recvfromBytes(Native Method)
01-01 08:04:19.593 W/System.err( 2397): 	at libcore.io.Posix.recvfrom(Posix.java:141)
01-01 08:04:19.593 W/System.err( 2397): 	at libcore.io.BlockGuardOs.recvfrom(BlockGuardOs.java:164)
01-01 08:04:19.593 W/System.err( 2397): 	at libcore.io.IoBridge.recvfrom(IoBridge.java:506)
01-01 08:04:19.593 W/System.err( 2397): 	... 4 more
01-01 08:04:20.294 E/sample_enc( 4326): 
01-01 08:04:20.294 E/sample_enc( 4326): =======================================================
01-01 08:04:20.294 E/sample_enc( 4326): -------> save file: /sdcard/1.jpg OK. n
01-01 08:04:20.294 E/sample_enc( 4326): =======================================================
01-01 08:04:21.199 E/sample_enc( 4332): 
01-01 08:04:21.199 E/sample_enc( 4332): =======================================================
01-01 08:04:21.199 E/sample_enc( 4332): -------> save file: /sdcard/1.jpg OK. n
01-01 08:04:21.199 E/sample_enc( 4332): =======================================================
01-01 08:04:21.593 W/System.err( 2397): java.net.SocketTimeoutException
01-01 08:04:21.593 W/System.err( 2397): 	at libcore.io.IoBridge.maybeThrowAfterRecvfrom(IoBridge.java:551)
01-01 08:04:21.593 W/System.err( 2397): 	at libcore.io.IoBridge.recvfrom(IoBridge.java:509)
01-01 08:04:21.593 W/System.err( 2397): 	at java.net.PlainDatagramSocketImpl.doRecv(PlainDatagramSocketImpl.java:161)
01-01 08:04:21.594 W/System.err( 2397): 	at java.net.PlainDatagramSocketImpl.receive(PlainDatagramSocketImpl.java:169)
01-01 08:04:21.594 W/System.err( 2397): 	at java.net.DatagramSocket.receive(DatagramSocket.java:250)
01-01 08:04:21.594 W/System.err( 2397): 	at utils.UdpReceiverService$1.run(UdpReceiverService.java:53)
01-01 08:04:21.594 W/System.err( 2397): Caused by: libcore.io.ErrnoException: recvfrom failed: EAGAIN (Try again)
01-01 08:04:21.594 W/System.err( 2397): 	at libcore.io.Posix.recvfromBytes(Native Method)
01-01 08:04:21.594 W/System.err( 2397): 	at libcore.io.Posix.recvfrom(Posix.java:141)
01-01 08:04:21.595 W/System.err( 2397): 	at libcore.io.BlockGuardOs.recvfrom(BlockGuardOs.java:164)
01-01 08:04:21.595 W/System.err( 2397): 	at libcore.io.IoBridge.recvfrom(IoBridge.java:506)
01-01 08:04:21.595 W/System.err( 2397): 	... 4 more
01-01 08:04:22.037 E/sample_enc( 4338): 
01-01 08:04:22.037 E/sample_enc( 4338): =======================================================
01-01 08:04:22.037 E/sample_enc( 4338): -------> save file: /sdcard/1.jpg OK. n
01-01 08:04:22.037 E/sample_enc( 4338): =======================================================
01-01 08:04:23.013 E/sample_enc( 4344): 
01-01 08:04:23.013 E/sample_enc( 4344): =======================================================
01-01 08:04:23.013 E/sample_enc( 4344): -------> save file: /sdcard/1.jpg OK. n
01-01 08:04:23.013 E/sample_enc( 4344): =======================================================
01-01 08:04:23.595 W/System.err( 2397): java.net.SocketTimeoutException
01-01 08:04:23.595 W/System.err( 2397): 	at libcore.io.IoBridge.maybeThrowAfterRecvfrom(IoBridge.java:551)
01-01 08:04:23.595 W/System.err( 2397): 	at libcore.io.IoBridge.recvfrom(IoBridge.java:509)
01-01 08:04:23.595 W/System.err( 2397): 	at java.net.PlainDatagramSocketImpl.doRecv(PlainDatagramSocketImpl.java:161)
01-01 08:04:23.596 W/System.err( 2397): 	at java.net.PlainDatagramSocketImpl.receive(PlainDatagramSocketImpl.java:169)
01-01 08:04:23.596 W/System.err( 2397): 	at java.net.DatagramSocket.receive(DatagramSocket.java:250)
01-01 08:04:23.596 W/System.err( 2397): 	at utils.UdpReceiverService$1.run(UdpReceiverService.java:53)
01-01 08:04:23.596 W/System.err( 2397): Caused by: libcore.io.ErrnoException: recvfrom failed: EAGAIN (Try again)
01-01 08:04:23.596 W/System.err( 2397): 	at libcore.io.Posix.recvfromBytes(Native Method)
01-01 08:04:23.597 W/System.err( 2397): 	at libcore.io.Posix.recvfrom(Posix.java:141)
01-01 08:04:23.597 W/System.err( 2397): 	at libcore.io.BlockGuardOs.recvfrom(BlockGuardOs.java:164)
01-01 08:04:23.597 W/System.err( 2397): 	at libcore.io.IoBridge.recvfrom(IoBridge.java:506)
01-01 08:04:23.597 W/System.err( 2397): 	... 4 more
01-01 08:04:23.941 E/sample_enc( 4349): 
01-01 08:04:23.941 E/sample_enc( 4349): =======================================================
01-01 08:04:23.941 E/sample_enc( 4349): -------> save file: /sdcard/1.jpg OK. n
01-01 08:04:23.941 E/sample_enc( 4349): =======================================================
01-01 08:04:24.856 E/sample_enc( 4355): 
01-01 08:04:24.856 E/sample_enc( 4355): =======================================================
01-01 08:04:24.856 E/sample_enc( 4355): -------> save file: /sdcard/1.jpg OK. n
01-01 08:04:24.856 E/sample_enc( 4355): =======================================================
01-01 08:04:25.597 W/System.err( 2397): java.net.SocketTimeoutException
01-01 08:04:25.597 W/System.err( 2397): 	at libcore.io.IoBridge.maybeThrowAfterRecvfrom(IoBridge.java:551)
01-01 08:04:25.597 W/System.err( 2397): 	at libcore.io.IoBridge.recvfrom(IoBridge.java:509)
01-01 08:04:25.597 W/System.err( 2397): 	at java.net.PlainDatagramSocketImpl.doRecv(PlainDatagramSocketImpl.java:161)
01-01 08:04:25.598 W/System.err( 2397): 	at java.net.PlainDatagramSocketImpl.receive(PlainDatagramSocketImpl.java:169)
01-01 08:04:25.598 W/System.err( 2397): 	at java.net.DatagramSocket.receive(DatagramSocket.java:250)
01-01 08:04:25.598 W/System.err( 2397): 	at utils.UdpReceiverService$1.run(UdpReceiverService.java:53)
01-01 08:04:25.598 W/System.err( 2397): Caused by: libcore.io.ErrnoException: recvfrom failed: EAGAIN (Try again)
01-01 08:04:25.598 W/System.err( 2397): 	at libcore.io.Posix.recvfromBytes(Native Method)
01-01 08:04:25.599 W/System.err( 2397): 	at libcore.io.Posix.recvfrom(Posix.java:141)
01-01 08:04:25.599 W/System.err( 2397): 	at libcore.io.BlockGuardOs.recvfrom(BlockGuardOs.java:164)
01-01 08:04:25.599 W/System.err( 2397): 	at libcore.io.IoBridge.recvfrom(IoBridge.java:506)
01-01 08:04:25.599 W/System.err( 2397): 	... 4 more
01-01 08:04:25.851 E/sample_enc( 4361): 
01-01 08:04:25.851 E/sample_enc( 4361): =======================================================
01-01 08:04:25.851 E/sample_enc( 4361): -------> save file: /sdcard/1.jpg OK. n
01-01 08:04:25.851 E/sample_enc( 4361): =======================================================
01-01 08:04:26.853 E/sample_enc( 4367): 
01-01 08:04:26.853 E/sample_enc( 4367): =======================================================
01-01 08:04:26.853 E/sample_enc( 4367): -------> save file: /sdcard/1.jpg OK. n
01-01 08:04:26.853 E/sample_enc( 4367): =======================================================
01-01 08:04:27.599 W/System.err( 2397): java.net.SocketTimeoutException
01-01 08:04:27.599 W/System.err( 2397): 	at libcore.io.IoBridge.maybeThrowAfterRecvfrom(IoBridge.java:551)
01-01 08:04:27.599 W/System.err( 2397): 	at libcore.io.IoBridge.recvfrom(IoBridge.java:509)
01-01 08:04:27.599 W/System.err( 2397): 	at java.net.PlainDatagramSocketImpl.doRecv(PlainDatagramSocketImpl.java:161)
01-01 08:04:27.600 W/System.err( 2397): 	at java.net.PlainDatagramSocketImpl.receive(PlainDatagramSocketImpl.java:169)
01-01 08:04:27.600 W/System.err( 2397): 	at java.net.DatagramSocket.receive(DatagramSocket.java:250)
01-01 08:04:27.600 W/System.err( 2397): 	at utils.UdpReceiverService$1.run(UdpReceiverService.java:53)
01-01 08:04:27.600 W/System.err( 2397): Caused by: libcore.io.ErrnoException: recvfrom failed: EAGAIN (Try again)
01-01 08:04:27.600 W/System.err( 2397): 	at libcore.io.Posix.recvfromBytes(Native Method)
01-01 08:04:27.601 W/System.err( 2397): 	at libcore.io.Posix.recvfrom(Posix.java:141)
01-01 08:04:27.601 W/System.err( 2397): 	at libcore.io.BlockGuardOs.recvfrom(BlockGuardOs.java:164)
01-01 08:04:27.601 W/System.err( 2397): 	at libcore.io.IoBridge.recvfrom(IoBridge.java:506)
01-01 08:04:27.601 W/System.err( 2397): 	... 4 more
01-01 08:04:27.737 E/sample_enc( 4373): 
01-01 08:04:27.737 E/sample_enc( 4373): =======================================================
01-01 08:04:27.737 E/sample_enc( 4373): -------> save file: /sdcard/1.jpg OK. n
01-01 08:04:27.737 E/sample_enc( 4373): =======================================================
01-01 08:04:28.958 E/sample_enc( 4379): 
01-01 08:04:28.958 E/sample_enc( 4379): =======================================================
01-01 08:04:28.958 E/sample_enc( 4379): -------> save file: /sdcard/1.jpg OK. n
01-01 08:04:28.958 E/sample_enc( 4379): =======================================================
01-01 08:04:29.601 W/System.err( 2397): java.net.SocketTimeoutException
01-01 08:04:29.601 W/System.err( 2397): 	at libcore.io.IoBridge.maybeThrowAfterRecvfrom(IoBridge.java:551)
01-01 08:04:29.601 W/System.err( 2397): 	at libcore.io.IoBridge.recvfrom(IoBridge.java:509)
01-01 08:04:29.601 W/System.err( 2397): 	at java.net.PlainDatagramSocketImpl.doRecv(PlainDatagramSocketImpl.java:161)
01-01 08:04:29.602 W/System.err( 2397): 	at java.net.PlainDatagramSocketImpl.receive(PlainDatagramSocketImpl.java:169)
01-01 08:04:29.602 W/System.err( 2397): 	at java.net.DatagramSocket.receive(DatagramSocket.java:250)
01-01 08:04:29.602 W/System.err( 2397): 	at utils.UdpReceiverService$1.run(UdpReceiverService.java:53)
01-01 08:04:29.602 W/System.err( 2397): Caused by: libcore.io.ErrnoException: recvfrom failed: EAGAIN (Try again)
01-01 08:04:29.603 W/System.err( 2397): 	at libcore.io.Posix.recvfromBytes(Native Method)
01-01 08:04:29.603 W/System.err( 2397): 	at libcore.io.Posix.recvfrom(Posix.java:141)
01-01 08:04:29.603 W/System.err( 2397): 	at libcore.io.BlockGuardOs.recvfrom(BlockGuardOs.java:164)
01-01 08:04:29.603 W/System.err( 2397): 	at libcore.io.IoBridge.recvfrom(IoBridge.java:506)
01-01 08:04:29.603 W/System.err( 2397): 	... 4 more
01-01 08:04:30.021 E/sample_enc( 4385): 
01-01 08:04:30.021 E/sample_enc( 4385): =======================================================
01-01 08:04:30.021 E/sample_enc( 4385): -------> save file: /sdcard/1.jpg OK. n
01-01 08:04:30.021 E/sample_enc( 4385): =======================================================
01-01 08:04:30.931 E/sample_enc( 4401): 
01-01 08:04:30.931 E/sample_enc( 4401): =======================================================
01-01 08:04:30.931 E/sample_enc( 4401): -------> save file: /sdcard/1.jpg OK. n
01-01 08:04:30.931 E/sample_enc( 4401): =======================================================
01-01 08:04:31.603 W/System.err( 2397): java.net.SocketTimeoutException
01-01 08:04:31.603 W/System.err( 2397): 	at libcore.io.IoBridge.maybeThrowAfterRecvfrom(IoBridge.java:551)
01-01 08:04:31.603 W/System.err( 2397): 	at libcore.io.IoBridge.recvfrom(IoBridge.java:509)
01-01 08:04:31.603 W/System.err( 2397): 	at java.net.PlainDatagramSocketImpl.doRecv(PlainDatagramSocketImpl.java:161)
01-01 08:04:31.604 W/System.err( 2397): 	at java.net.PlainDatagramSocketImpl.receive(PlainDatagramSocketImpl.java:169)
01-01 08:04:31.604 W/System.err( 2397): 	at java.net.DatagramSocket.receive(DatagramSocket.java:250)
01-01 08:04:31.604 W/System.err( 2397): 	at utils.UdpReceiverService$1.run(UdpReceiverService.java:53)
01-01 08:04:31.604 W/System.err( 2397): Caused by: libcore.io.ErrnoException: recvfrom failed: EAGAIN (Try again)
01-01 08:04:31.605 W/System.err( 2397): 	at libcore.io.Posix.recvfromBytes(Native Method)
01-01 08:04:31.605 W/System.err( 2397): 	at libcore.io.Posix.recvfrom(Posix.java:141)
01-01 08:04:31.605 W/System.err( 2397): 	at libcore.io.BlockGuardOs.recvfrom(BlockGuardOs.java:164)
01-01 08:04:31.605 W/System.err( 2397): 	at libcore.io.IoBridge.recvfrom(IoBridge.java:506)
01-01 08:04:31.605 W/System.err( 2397): 	... 4 more
01-01 08:04:31.793 E/sample_enc( 4407): 
