01-01 11:59:18.835 W/ContextImpl( 2416): Calling a method in the system process without a qualified user: android.app.ContextImpl.sendBroadcast:1211 android.content.ContextWrapper.sendBroadcast:365 android.app.ActivityThread.performResumeActivity:2785 android.app.ActivityThread.handleResumeActivity:2823 android.app.ActivityThread$H.handleMessage:1238 
01-01 11:59:18.838 E/HiSysManagerService( 1598): checkPermission is true.
01-01 11:59:21.664 I/ActivityManager( 2049): START u0 {act=android.intent.umaction.UMATV flg=0x10008000 (has extras)} from pid 2416
01-01 11:59:22.741 I/ActivityManager( 2049): START u0 {act=android.intent.umaction.UMATV flg=0x10008000 (has extras)} from pid 2416
01-01 11:59:57.214 I/ActivityManager( 2049): START u0 {act=android.intent.umaction.UMATV flg=0x10008000 (has extras)} from pid 2416
01-01 11:59:57.841 W/BatteryStatsImpl( 2049): Couldn't get kernel wake lock stats
01-01 12:00:00.591 I/ActivityManager( 2049): START u0 {act=android.intent.action.MAIN cat=[android.intent.category.LAUNCHER] flg=0x10000000 pkg=com.dangbeimarket cmp=com.dangbeimarket/.activity.WelcomeActivity} from pid 2416
01-01 12:00:00.628 W/ContextImpl( 2416): Calling a method in the system process without a qualified user: android.app.ContextImpl.sendBroadcast:1211 android.content.ContextWrapper.sendBroadcast:365 android.app.ActivityThread.performPauseActivity:3061 android.app.ActivityThread.performPauseActivity:3023 android.app.ActivityThread.handlePauseActivity:3001 
01-01 12:00:00.633 E/HiSysManagerService( 1598): checkPermission is true.
01-01 12:00:00.824 E/HiSysManagerService( 1598): checkPermission is true.
01-01 12:00:03.172 I/ActivityManager( 2049): START u0 {cmp=com.dangbeimarket/.activity.Main (has extras)} from pid 2582
01-01 12:00:03.204 E/HiSysManagerService( 1598): checkPermission is true.
01-01 12:00:03.322 I/ActivityManager( 2049): Killing 2628:com.dangbeimarket:dangbei_web/u0a20 (adj 15): empty #5
01-01 12:00:03.344 D/ActivityManager( 2049): cleanUpApplicationRecordLocked -- 2628
01-01 12:00:04.312 E/HiSysManagerService( 1598): checkPermission is true.
01-01 12:00:22.399 I/ActivityManager( 2049): Start proc com.dangbeimarket:dangbei_web for service com.dangbeimarket/.uploadfile.RemoteService: pid=2073 uid=10020 gids={50020, 3003, 1028}
01-01 12:00:22.483 E/HiSysManagerService( 1598): checkPermission is true.
01-01 12:00:22.508 W/ContextImpl( 2416): Calling a method in the system process without a qualified user: android.app.ContextImpl.sendBroadcast:1211 android.content.ContextWrapper.sendBroadcast:365 android.app.ActivityThread.performResumeActivity:2785 android.app.ActivityThread.handleResumeActivity:2823 android.app.ActivityThread$H.handleMessage:1238 
01-01 12:00:22.511 E/HiSysManagerService( 1598): checkPermission is true.
01-01 12:00:23.285 I/ActivityManager( 2049): Process com.dangbeimarket (pid 2582) has died.
01-01 12:00:23.285 D/ActivityManager( 2049): cleanUpApplicationRecordLocked -- 2582
01-01 12:00:23.285 I/WindowState( 2049): WIN DEATH: Window{41d49320 u0 com.dangbeimarket/com.dangbeimarket.activity.Main}
01-01 12:00:28.515 I/ActivityManager( 2049): START u0 {act=android.intent.umaction.UMATV flg=0x10008000 (has extras)} from pid 2416
01-01 12:00:50.244 D/ConnectivityService( 2049): Sampling interval elapsed, updating statistics ..
01-01 12:00:50.247 D/ConnectivityService( 2049): Done.
01-01 12:00:50.247 D/ConnectivityService( 2049): Setting timer for 720seconds
01-01 12:01:28.516 I/ActivityManager( 2049): START u0 {act=android.intent.umaction.UMATV flg=0x10008000 (has extras)} from pid 2416
01-01 12:03:00.006 I/ProcessStatsService( 2049): Prepared write state in 4ms
01-01 12:12:50.251 D/ConnectivityService( 2049): Sampling interval elapsed, updating statistics ..
01-01 12:12:50.254 D/ConnectivityService( 2049): Done.
01-01 12:12:50.254 D/ConnectivityService( 2049): Setting timer for 720seconds
01-01 12:16:52.098 I/ActivityManager( 2049): START u0 {act=android.intent.umaction.UMATV flg=0x10008000 (has extras)} from pid 2416
01-01 12:29:57.863 W/BatteryStatsImpl( 2049): Couldn't get kernel wake lock stats
01-01 12:30:03.121 D/ConnectivityService( 2049): Sampling interval elapsed, updating statistics ..
01-01 12:30:03.129 D/ConnectivityService( 2049): Done.
01-01 12:30:03.129 D/ConnectivityService( 2049): Setting timer for 720seconds
01-01 12:33:00.017 I/ProcessStatsService( 2049): Prepared write state in 4ms
01-01 12:42:03.131 D/ConnectivityService( 2049): Sampling interval elapsed, updating statistics ..
01-01 12:42:03.134 D/ConnectivityService( 2049): Done.
01-01 12:42:03.134 D/ConnectivityService( 2049): Setting timer for 720seconds
01-01 12:59:57.883 W/BatteryStatsImpl( 2049): Couldn't get kernel wake lock stats
01-01 13:00:03.120 D/ConnectivityService( 2049): Sampling interval elapsed, updating statistics ..
01-01 13:00:03.124 D/ConnectivityService( 2049): Done.
01-01 13:00:03.124 D/ConnectivityService( 2049): Setting timer for 720seconds
01-01 13:04:00.002 I/ProcessStatsService( 2049): Prepared write state in 1ms
01-01 13:12:03.126 D/ConnectivityService( 2049): Sampling interval elapsed, updating statistics ..
01-01 13:12:03.129 D/ConnectivityService( 2049): Done.
01-01 13:12:03.129 D/ConnectivityService( 2049): Setting timer for 720seconds
01-01 13:29:57.903 W/BatteryStatsImpl( 2049): Couldn't get kernel wake lock stats
01-01 13:30:03.120 D/ConnectivityService( 2049): Sampling interval elapsed, updating statistics ..
01-01 13:30:03.125 D/ConnectivityService( 2049): Done.
01-01 13:30:03.125 D/ConnectivityService( 2049): Setting timer for 720seconds
01-01 13:34:00.009 I/ProcessStatsService( 2049): Prepared write state in 4ms
01-01 13:42:03.127 D/ConnectivityService( 2049): Sampling interval elapsed, updating statistics ..
01-01 13:42:03.130 D/ConnectivityService( 2049): Done.
01-01 13:42:03.130 D/ConnectivityService( 2049): Setting timer for 720seconds
01-01 13:59:57.924 W/BatteryStatsImpl( 2049): Couldn't get kernel wake lock stats
01-01 14:00:02.333 I/EntropyMixer( 2049): Writing entropy...
01-01 14:00:50.436 D/ConnectivityService( 2049): Sampling interval elapsed, updating statistics ..
01-01 14:00:50.440 D/ConnectivityService( 2049): Done.
01-01 14:00:50.440 D/ConnectivityService( 2049): Setting timer for 720seconds
01-01 14:04:00.019 I/ProcessStatsService( 2049): Prepared write state in 6ms
01-01 14:12:50.441 D/ConnectivityService( 2049): Sampling interval elapsed, updating statistics ..
01-01 14:12:50.445 D/ConnectivityService( 2049): Done.
01-01 14:12:50.445 D/ConnectivityService( 2049): Setting timer for 720seconds
01-01 14:29:57.944 W/BatteryStatsImpl( 2049): Couldn't get kernel wake lock stats
01-01 14:30:03.121 D/ConnectivityService( 2049): Sampling interval elapsed, updating statistics ..
01-01 14:30:03.125 D/ConnectivityService( 2049): Done.
01-01 14:30:03.126 D/ConnectivityService( 2049): Setting timer for 720seconds
01-01 14:35:00.006 I/ProcessStatsService( 2049): Prepared write state in 4ms
01-01 14:42:03.127 D/ConnectivityService( 2049): Sampling interval elapsed, updating statistics ..
01-01 14:42:03.130 D/ConnectivityService( 2049): Done.
01-01 14:42:03.131 D/ConnectivityService( 2049): Setting timer for 720seconds
01-01 14:59:57.945 W/BatteryStatsImpl( 2049): Couldn't get kernel wake lock stats
01-01 15:00:03.121 D/ConnectivityService( 2049): Sampling interval elapsed, updating statistics ..
01-01 15:00:03.125 D/ConnectivityService( 2049): Done.
01-01 15:00:03.125 D/ConnectivityService( 2049): Setting timer for 720seconds
01-01 15:05:00.017 I/ProcessStatsService( 2049): Prepared write state in 4ms
01-01 15:12:03.127 D/ConnectivityService( 2049): Sampling interval elapsed, updating statistics ..
01-01 15:12:03.130 D/ConnectivityService( 2049): Done.
01-01 15:12:03.130 D/ConnectivityService( 2049): Setting timer for 720seconds
01-01 15:29:57.966 W/BatteryStatsImpl( 2049): Couldn't get kernel wake lock stats
01-01 15:30:03.119 D/ConnectivityService( 2049): Sampling interval elapsed, updating statistics ..
01-01 15:30:03.123 D/ConnectivityService( 2049): Done.
01-01 15:30:03.123 D/ConnectivityService( 2049): Setting timer for 720seconds
01-01 15:36:00.005 I/ProcessStatsService( 2049): Prepared write state in 3ms
01-01 15:42:03.125 D/ConnectivityService( 2049): Sampling interval elapsed, updating statistics ..
01-01 15:42:03.129 D/ConnectivityService( 2049): Done.
01-01 15:42:03.129 D/ConnectivityService( 2049): Setting timer for 720seconds
01-01 15:59:57.986 W/BatteryStatsImpl( 2049): Couldn't get kernel wake lock stats
01-01 16:00:50.500 D/ConnectivityService( 2049): Sampling interval elapsed, updating statistics ..
01-01 16:00:50.504 D/ConnectivityService( 2049): Done.
01-01 16:00:50.504 D/ConnectivityService( 2049): Setting timer for 720seconds
01-01 16:06:00.010 I/ProcessStatsService( 2049): Prepared write state in 3ms
01-01 16:12:50.507 D/ConnectivityService( 2049): Sampling interval elapsed, updating statistics ..
01-01 16:12:50.510 D/ConnectivityService( 2049): Done.
01-01 16:12:50.511 D/ConnectivityService( 2049): Setting timer for 720seconds
01-01 16:29:58.008 W/BatteryStatsImpl( 2049): Couldn't get kernel wake lock stats
01-01 16:30:03.120 D/ConnectivityService( 2049): Sampling interval elapsed, updating statistics ..
01-01 16:30:03.124 D/ConnectivityService( 2049): Done.
01-01 16:30:03.124 D/ConnectivityService( 2049): Setting timer for 720seconds
01-01 16:36:00.018 I/ProcessStatsService( 2049): Prepared write state in 4ms
01-01 16:42:03.125 D/ConnectivityService( 2049): Sampling interval elapsed, updating statistics ..
01-01 16:42:03.128 D/ConnectivityService( 2049): Done.
01-01 16:42:03.129 D/ConnectivityService( 2049): Setting timer for 720seconds
01-01 16:59:58.029 W/BatteryStatsImpl( 2049): Couldn't get kernel wake lock stats
01-01 17:00:02.345 I/EntropyMixer( 2049): Writing entropy...
01-01 17:00:03.119 D/ConnectivityService( 2049): Sampling interval elapsed, updating statistics ..
01-01 17:00:03.122 D/ConnectivityService( 2049): Done.
01-01 17:00:03.123 D/ConnectivityService( 2049): Setting timer for 720seconds
01-01 17:07:00.009 I/ProcessStatsService( 2049): Prepared write state in 7ms
01-01 17:12:03.124 D/ConnectivityService( 2049): Sampling interval elapsed, updating statistics ..
01-01 17:12:03.128 D/ConnectivityService( 2049): Done.
01-01 17:12:03.128 D/ConnectivityService( 2049): Setting timer for 720seconds
01-01 17:29:58.050 W/BatteryStatsImpl( 2049): Couldn't get kernel wake lock stats
01-01 17:30:03.124 D/ConnectivityService( 2049): Sampling interval elapsed, updating statistics ..
01-01 17:30:03.128 D/ConnectivityService( 2049): Done.
01-01 17:30:03.128 D/ConnectivityService( 2049): Setting timer for 720seconds
01-01 17:37:00.017 I/ProcessStatsService( 2049): Prepared write state in 4ms
01-01 17:42:03.130 D/ConnectivityService( 2049): Sampling interval elapsed, updating statistics ..
01-01 17:42:03.133 D/ConnectivityService( 2049): Done.
01-01 17:42:03.133 D/ConnectivityService( 2049): Setting timer for 720seconds
01-01 17:59:58.050 W/BatteryStatsImpl( 2049): Couldn't get kernel wake lock stats
01-01 18:00:50.579 D/ConnectivityService( 2049): Sampling interval elapsed, updating statistics ..
01-01 18:00:50.583 D/ConnectivityService( 2049): Done.
01-01 18:00:50.583 D/ConnectivityService( 2049): Setting timer for 720seconds
01-01 18:08:00.005 I/ProcessStatsService( 2049): Prepared write state in 4ms
01-01 18:12:50.586 D/ConnectivityService( 2049): Sampling interval elapsed, updating statistics ..
01-01 18:12:50.589 D/ConnectivityService( 2049): Done.
01-01 18:12:50.589 D/ConnectivityService( 2049): Setting timer for 720seconds
01-01 18:29:58.052 W/BatteryStatsImpl( 2049): Couldn't get kernel wake lock stats
01-01 18:30:03.120 D/ConnectivityService( 2049): Sampling interval elapsed, updating statistics ..
01-01 18:30:03.126 D/ConnectivityService( 2049): Done.
01-01 18:30:03.126 D/ConnectivityService( 2049): Setting timer for 720seconds
01-01 18:38:00.016 I/ProcessStatsService( 2049): Prepared write state in 4ms
01-01 18:42:03.129 D/ConnectivityService( 2049): Sampling interval elapsed, updating statistics ..
01-01 18:42:03.132 D/ConnectivityService( 2049): Done.
01-01 18:42:03.133 D/ConnectivityService( 2049): Setting timer for 720seconds
01-01 18:59:58.072 W/BatteryStatsImpl( 2049): Couldn't get kernel wake lock stats
01-01 19:00:03.120 D/ConnectivityService( 2049): Sampling interval elapsed, updating statistics ..
01-01 19:00:03.123 D/ConnectivityService( 2049): Done.
01-01 19:00:03.123 D/ConnectivityService( 2049): Setting timer for 720seconds
01-01 19:09:00.006 I/ProcessStatsService( 2049): Prepared write state in 4ms
01-01 19:12:03.126 D/ConnectivityService( 2049): Sampling interval elapsed, updating statistics ..
01-01 19:12:03.129 D/ConnectivityService( 2049): Done.
01-01 19:12:03.129 D/ConnectivityService( 2049): Setting timer for 720seconds
01-01 19:29:58.093 W/BatteryStatsImpl( 2049): Couldn't get kernel wake lock stats
01-01 19:30:03.122 D/ConnectivityService( 2049): Sampling interval elapsed, updating statistics ..
01-01 19:30:03.127 D/ConnectivityService( 2049): Done.
01-01 19:30:03.127 D/ConnectivityService( 2049): Setting timer for 720seconds
01-01 19:39:00.016 I/ProcessStatsService( 2049): Prepared write state in 4ms
01-01 19:42:03.128 D/ConnectivityService( 2049): Sampling interval elapsed, updating statistics ..
01-01 19:42:03.132 D/ConnectivityService( 2049): Done.
01-01 19:42:03.132 D/ConnectivityService( 2049): Setting timer for 720seconds
01-01 19:59:58.114 W/BatteryStatsImpl( 2049): Couldn't get kernel wake lock stats
01-01 20:00:02.357 I/EntropyMixer( 2049): Writing entropy...
01-01 20:00:50.644 D/ConnectivityService( 2049): Sampling interval elapsed, updating statistics ..
01-01 20:00:50.647 D/ConnectivityService( 2049): Done.
01-01 20:00:50.647 D/ConnectivityService( 2049): Setting timer for 720seconds
01-01 20:10:00.010 I/ProcessStatsService( 2049): Prepared write state in 7ms
01-01 20:12:50.651 D/ConnectivityService( 2049): Sampling interval elapsed, updating statistics ..
01-01 20:12:50.654 D/ConnectivityService( 2049): Done.
01-01 20:12:50.655 D/ConnectivityService( 2049): Setting timer for 720seconds
01-01 20:29:58.136 W/BatteryStatsImpl( 2049): Couldn't get kernel wake lock stats
01-01 20:30:03.120 D/ConnectivityService( 2049): Sampling interval elapsed, updating statistics ..
01-01 20:30:03.125 D/ConnectivityService( 2049): Done.
01-01 20:30:03.125 D/ConnectivityService( 2049): Setting timer for 720seconds
01-01 20:40:00.017 I/ProcessStatsService( 2049): Prepared write state in 5ms
01-01 20:42:03.127 D/ConnectivityService( 2049): Sampling interval elapsed, updating statistics ..
01-01 20:42:03.130 D/ConnectivityService( 2049): Done.
01-01 20:42:03.131 D/ConnectivityService( 2049): Setting timer for 720seconds
01-01 20:59:58.156 W/BatteryStatsImpl( 2049): Couldn't get kernel wake lock stats
01-01 21:00:03.119 D/ConnectivityService( 2049): Sampling interval elapsed, updating statistics ..
01-01 21:00:03.123 D/ConnectivityService( 2049): Done.
01-01 21:00:03.123 D/ConnectivityService( 2049): Setting timer for 720seconds
01-01 21:11:00.006 I/ProcessStatsService( 2049): Prepared write state in 4ms
01-01 21:12:03.124 D/ConnectivityService( 2049): Sampling interval elapsed, updating statistics ..
01-01 21:12:03.127 D/ConnectivityService( 2049): Done.
01-01 21:12:03.127 D/ConnectivityService( 2049): Setting timer for 720seconds
01-01 21:29:58.178 W/BatteryStatsImpl( 2049): Couldn't get kernel wake lock stats
01-01 21:30:03.119 D/ConnectivityService( 2049): Sampling interval elapsed, updating statistics ..
01-01 21:30:03.123 D/ConnectivityService( 2049): Done.
01-01 21:30:03.123 D/ConnectivityService( 2049): Setting timer for 720seconds
01-01 21:41:00.014 I/ProcessStatsService( 2049): Prepared write state in 6ms
01-01 21:42:03.124 D/ConnectivityService( 2049): Sampling interval elapsed, updating statistics ..
01-01 21:42:03.128 D/ConnectivityService( 2049): Done.
01-01 21:42:03.128 D/ConnectivityService( 2049): Setting timer for 720seconds
01-01 21:59:58.198 W/BatteryStatsImpl( 2049): Couldn't get kernel wake lock stats
01-01 22:00:50.708 D/ConnectivityService( 2049): Sampling interval elapsed, updating statistics ..
01-01 22:00:50.712 D/ConnectivityService( 2049): Done.
01-01 22:00:50.712 D/ConnectivityService( 2049): Setting timer for 720seconds
01-01 22:12:00.007 I/ProcessStatsService( 2049): Prepared write state in 5ms
01-01 22:12:50.713 D/ConnectivityService( 2049): Sampling interval elapsed, updating statistics ..
01-01 22:12:50.717 D/ConnectivityService( 2049): Done.
01-01 22:12:50.717 D/ConnectivityService( 2049): Setting timer for 720seconds
01-01 22:29:58.219 W/BatteryStatsImpl( 2049): Couldn't get kernel wake lock stats
01-01 22:30:03.119 D/ConnectivityService( 2049): Sampling interval elapsed, updating statistics ..
01-01 22:30:03.123 D/ConnectivityService( 2049): Done.
01-01 22:30:03.124 D/ConnectivityService( 2049): Setting timer for 720seconds
01-01 22:42:00.016 I/ProcessStatsService( 2049): Prepared write state in 4ms
01-01 22:42:03.125 D/ConnectivityService( 2049): Sampling interval elapsed, updating statistics ..
01-01 22:42:03.129 D/ConnectivityService( 2049): Done.
01-01 22:42:03.129 D/ConnectivityService( 2049): Setting timer for 720seconds
01-01 22:59:58.239 W/BatteryStatsImpl( 2049): Couldn't get kernel wake lock stats
01-01 23:00:02.368 I/EntropyMixer( 2049): Writing entropy...
01-01 23:00:03.119 D/ConnectivityService( 2049): Sampling interval elapsed, updating statistics ..
01-01 23:00:03.123 D/ConnectivityService( 2049): Done.
01-01 23:00:03.123 D/ConnectivityService( 2049): Setting timer for 720seconds
01-01 23:12:03.124 D/ConnectivityService( 2049): Sampling interval elapsed, updating statistics ..
01-01 23:12:03.128 D/ConnectivityService( 2049): Done.
01-01 23:12:03.128 D/ConnectivityService( 2049): Setting timer for 720seconds
01-01 23:12:03.135 I/ProcessStatsService( 2049): Prepared write state in 8ms
01-01 23:12:03.135 I/ProcessStatsService( 2049): Prepared write state in 0ms
01-01 23:29:58.259 W/BatteryStatsImpl( 2049): Couldn't get kernel wake lock stats
01-01 23:30:03.120 D/ConnectivityService( 2049): Sampling interval elapsed, updating statistics ..
01-01 23:30:03.124 D/ConnectivityService( 2049): Done.
01-01 23:30:03.125 D/ConnectivityService( 2049): Setting timer for 720seconds
01-01 23:42:03.127 D/ConnectivityService( 2049): Sampling interval elapsed, updating statistics ..
01-01 23:42:03.130 D/ConnectivityService( 2049): Done.
01-01 23:42:03.130 D/ConnectivityService( 2049): Setting timer for 720seconds
01-01 23:43:00.008 I/ProcessStatsService( 2049): Prepared write state in 6ms
01-01 23:59:58.281 W/BatteryStatsImpl( 2049): Couldn't get kernel wake lock stats
01-02 00:00:50.778 D/ConnectivityService( 2049): Sampling interval elapsed, updating statistics ..
01-02 00:00:50.782 D/ConnectivityService( 2049): Done.
01-02 00:00:50.782 D/ConnectivityService( 2049): Setting timer for 720seconds
01-02 00:12:50.783 D/ConnectivityService( 2049): Sampling interval elapsed, updating statistics ..
01-02 00:12:50.787 D/ConnectivityService( 2049): Done.
01-02 00:12:50.787 D/ConnectivityService( 2049): Setting timer for 720seconds
01-02 00:13:00.016 I/ProcessStatsService( 2049): Prepared write state in 5ms
01-02 00:29:58.301 W/BatteryStatsImpl( 2049): Couldn't get kernel wake lock stats
01-02 00:30:03.121 D/ConnectivityService( 2049): Sampling interval elapsed, updating statistics ..
01-02 00:30:03.124 D/ConnectivityService( 2049): Done.
01-02 00:30:03.124 D/ConnectivityService( 2049): Setting timer for 720seconds
01-02 00:42:03.125 D/ConnectivityService( 2049): Sampling interval elapsed, updating statistics ..
01-02 00:42:03.134 D/ConnectivityService( 2049): Done.
01-02 00:42:03.134 D/ConnectivityService( 2049): Setting timer for 720seconds
01-02 00:44:00.008 I/ProcessStatsService( 2049): Prepared write state in 5ms
01-02 00:59:58.322 W/BatteryStatsImpl( 2049): Couldn't get kernel wake lock stats
01-02 01:00:03.119 D/ConnectivityService( 2049): Sampling interval elapsed, updating statistics ..
01-02 01:00:03.128 D/ConnectivityService( 2049): Done.
01-02 01:00:03.128 D/ConnectivityService( 2049): Setting timer for 720seconds
01-02 01:12:03.131 D/ConnectivityService( 2049): Sampling interval elapsed, updating statistics ..
01-02 01:12:03.134 D/ConnectivityService( 2049): Done.
01-02 01:12:03.134 D/ConnectivityService( 2049): Setting timer for 720seconds
01-02 01:14:00.016 I/ProcessStatsService( 2049): Prepared write state in 3ms
01-02 01:29:58.343 W/BatteryStatsImpl( 2049): Couldn't get kernel wake lock stats
01-02 01:30:03.119 D/ConnectivityService( 2049): Sampling interval elapsed, updating statistics ..
01-02 01:30:03.124 D/ConnectivityService( 2049): Done.
01-02 01:30:03.124 D/ConnectivityService( 2049): Setting timer for 720seconds
01-02 01:42:03.126 D/ConnectivityService( 2049): Sampling interval elapsed, updating statistics ..
01-02 01:42:03.129 D/ConnectivityService( 2049): Done.
01-02 01:42:03.129 D/ConnectivityService( 2049): Setting timer for 720seconds
01-02 01:45:00.006 I/ProcessStatsService( 2049): Prepared write state in 3ms
01-02 01:59:58.366 W/BatteryStatsImpl( 2049): Couldn't get kernel wake lock stats
01-02 02:00:02.379 I/EntropyMixer( 2049): Writing entropy...
01-02 02:00:50.849 D/ConnectivityService( 2049): Sampling interval elapsed, updating statistics ..
01-02 02:00:50.853 D/ConnectivityService( 2049): Done.
01-02 02:00:50.854 D/ConnectivityService( 2049): Setting timer for 720seconds
01-02 02:09:59.471 E/HiSysManagerService( 1598): Unable to mmap region f8a22124 - f8a22224, aborting...
01-02 02:12:50.855 D/ConnectivityService( 2049): Sampling interval elapsed, updating statistics ..
01-02 02:12:50.860 D/ConnectivityService( 2049): Done.
01-02 02:12:50.861 D/ConnectivityService( 2049): Setting timer for 720seconds
01-02 02:15:00.016 I/ProcessStatsService( 2049): Prepared write state in 6ms
01-02 02:29:58.384 W/BatteryStatsImpl( 2049): Couldn't get kernel wake lock stats
01-02 02:30:03.120 D/ConnectivityService( 2049): Sampling interval elapsed, updating statistics ..
01-02 02:30:03.124 D/ConnectivityService( 2049): Done.
01-02 02:30:03.124 D/ConnectivityService( 2049): Setting timer for 720seconds
01-02 02:42:03.125 D/ConnectivityService( 2049): Sampling interval elapsed, updating statistics ..
01-02 02:42:03.129 D/ConnectivityService( 2049): Done.
01-02 02:42:03.129 D/ConnectivityService( 2049): Setting timer for 720seconds
01-02 02:46:00.005 I/ProcessStatsService( 2049): Prepared write state in 2ms
01-02 02:59:58.406 W/BatteryStatsImpl( 2049): Couldn't get kernel wake lock stats
01-02 03:00:03.119 D/ConnectivityService( 2049): Sampling interval elapsed, updating statistics ..
01-02 03:00:03.123 D/ConnectivityService( 2049): Done.
01-02 03:00:03.123 D/ConnectivityService( 2049): Setting timer for 720seconds
01-02 03:12:03.125 D/ConnectivityService( 2049): Sampling interval elapsed, updating statistics ..
01-02 03:12:03.128 D/ConnectivityService( 2049): Done.
01-02 03:12:03.128 D/ConnectivityService( 2049): Setting timer for 720seconds
01-02 03:16:00.014 I/ProcessStatsService( 2049): Prepared write state in 3ms
--------- beginning of /dev/log/main
01-02 03:27:56.316 W/System.err( 2370): 	at java.net.SocketTimeoutExceptionjava.net.DatagramSocket.receive(DatagramSocket.java:250)
01-02 03:27:56.316 W/System.err( 2370): 	at libcore.io.IoBridge.maybeThrowAfterRecvfrom(IoBridge.java:551)
01-02 03:27:56.316 W/System.err( 2370): 	at libcore.io.IoBridge.recvfrom(IoBridge.java:509)
01-02 03:27:56.317 W/System.err( 2370): 	at java.net.PlainDatagramSocketImpl.doRecv(PlainDatagramSocketImpl.java:161)
01-02 03:27:56.317 W/System.err( 2370): 	at 	at java.net.PlainDatagramSocketImpl.receive(PlainDatagramSocketImpl.java:169)
01-02 03:27:56.317 W/System.err( 2370): 	at utils.UdpReceiverService$1.run(UdpReceiverService.java:53)
01-02 03:27:56.317 W/System.err( 2370): Caused by: java.net.DatagramSocket.receive(DatagramSocket.java:250)
01-02 03:27:56.317 W/System.err( 2370): 	at utils.UdpReceiverService$1.run(UdpReceiverService.java:53)
01-02 03:27:56.317 W/System.err( 2370): libcore.io.ErrnoException: recvfrom failed: EAGAIN (Try again)
01-02 03:27:56.317 W/System.err( 2370): Caused by: libcore.io.ErrnoException: recvfrom failed: EAGAIN (Try again)
01-02 03:27:56.318 W/System.err( 2370): 	at libcore.io.Posix.recvfromBytes(Native Method)
01-02 03:27:56.318 W/System.err( 2370): 	at 	at libcore.io.Posix.recvfrom(Posix.java:141)libcore.io.Posix.recvfromBytes(Native Method)
01-02 03:27:56.318 W/System.err( 2370): 	at 
01-02 03:27:56.318 W/System.err( 2370): 	at libcore.io.Posix.recvfrom(Posix.java:141)
01-02 03:27:56.318 W/System.err( 2370): 	at libcore.io.BlockGuardOs.recvfrom(BlockGuardOs.java:164)
01-02 03:27:56.318 W/System.err( 2370): 	at libcore.io.BlockGuardOs.recvfrom(BlockGuardOs.java:164)
01-02 03:27:56.318 W/System.err( 2370): 	at libcore.io.IoBridge.recvfrom(IoBridge.java:506)
01-02 03:27:56.319 W/System.err( 2370): 	... 4 more
01-02 03:27:56.319 W/System.err( 2370): libcore.io.IoBridge.recvfrom(IoBridge.java:506)
01-02 03:27:56.319 W/System.err( 2370): 	... 4 more
01-02 03:27:56.565 D/dalvikvm( 2723): GC_CONCURRENT freed 4210K, 42% free 3652K/6192K, paused 3ms+5ms, total 44ms
01-02 03:27:56.565 D/dalvikvm( 2723): WAIT_FOR_CONCURRENT_GC blocked 21ms
01-02 03:27:56.701 D/dalvikvm( 2723): GC_CONCURRENT freed 758K, 37% free 3941K/6192K, paused 2ms+1ms, total 19ms
01-02 03:27:56.702 D/dalvikvm( 2723): WAIT_FOR_CONCURRENT_GC blocked 8ms
01-02 03:27:56.722 D/dalvikvm( 2723): GC_FOR_ALLOC freed 606K, 35% free 4027K/6192K, paused 15ms, total 15ms
01-02 03:27:56.737 D/dalvikvm( 2723): GC_FOR_ALLOC freed 215K, 34% free 4135K/6192K, paused 15ms, total 15ms
01-02 03:27:56.756 D/dalvikvm( 2723): GC_FOR_ALLOC freed 323K, 33% free 4177K/6192K, paused 15ms, total 15ms
01-02 03:27:56.933 D/dalvikvm( 2723): GC_CONCURRENT freed 1245K, 33% free 4163K/6192K, paused 1ms+1ms, total 18ms
01-02 03:27:57.026 D/dalvikvm( 2723): GC_CONCURRENT freed 911K, 28% free 4462K/6192K, paused 2ms+1ms, total 18ms
01-02 03:27:57.026 D/dalvikvm( 2723): WAIT_FOR_CONCURRENT_GC blocked 4ms
01-02 03:27:57.125 D/dalvikvm( 2723): GC_CONCURRENT freed 929K, 22% free 4850K/6192K, paused 2ms+2ms, total 18ms
01-02 03:27:57.125 D/dalvikvm( 2723): WAIT_FOR_CONCURRENT_GC blocked 7ms
01-02 03:27:57.193 D/dalvikvm( 2723): GC_FOR_ALLOC freed 1119K, 27% free 4602K/6280K, paused 15ms, total 15ms
01-02 03:27:57.193 I/dalvikvm-heap( 2723): Grow heap (frag case) to 4.592MB for 77426-byte allocation
01-02 03:27:57.208 D/dalvikvm( 2723): GC_FOR_ALLOC freed 50K, 28% free 4628K/6356K, paused 14ms, total 14ms
01-02 03:27:57.208 I/dalvikvm-heap( 2723): Grow heap (frag case) to 4.654MB for 116134-byte allocation
01-02 03:27:57.223 D/dalvikvm( 2723): GC_FOR_ALLOC freed 75K, 28% free 4665K/6472K, paused 14ms, total 14ms
01-02 03:27:57.238 D/dalvikvm( 2723): GC_FOR_ALLOC freed 113K, 28% free 4722K/6472K, paused 15ms, total 15ms
01-02 03:27:57.238 I/dalvikvm-heap( 2723): Grow heap (frag case) to 4.885MB for 261290-byte allocation
01-02 03:27:57.253 D/dalvikvm( 2723): GC_FOR_ALLOC freed 170K, 29% free 4807K/6728K, paused 14ms, total 14ms
01-02 03:27:57.253 I/dalvikvm-heap( 2723): Grow heap (frag case) to 5.092MB for 391930-byte allocation
01-02 03:27:57.269 D/dalvikvm( 2723): GC_FOR_ALLOC freed 255K, 31% free 4935K/7112K, paused 15ms, total 15ms
01-02 03:27:57.269 I/dalvikvm-heap( 2723): Grow heap (frag case) to 5.404MB for 587890-byte allocation
01-02 03:27:57.285 D/dalvikvm( 2723): GC_FOR_ALLOC freed 382K, 34% free 5126K/7688K, paused 15ms, total 15ms
01-02 03:27:57.286 I/dalvikvm-heap( 2723): Grow heap (frag case) to 5.872MB for 881830-byte allocation
01-02 03:27:57.301 D/dalvikvm( 2723): GC_FOR_ALLOC freed 574K, 37% free 5413K/8552K, paused 14ms, total 14ms
01-02 03:27:57.317 D/dalvikvm( 2723): GC_FOR_ALLOC freed 861K, 32% free 5844K/8552K, paused 14ms, total 14ms
01-02 03:27:57.333 D/dalvikvm( 2723): GC_FOR_ALLOC freed 1291K, 36% free 5534K/8552K, paused 14ms, total 14ms
01-02 03:27:57.360 D/dalvikvm( 2723): GC_FOR_ALLOC freed 0K, 30% free 6025K/8552K, paused 14ms, total 14ms
01-02 03:27:57.361 I/dalvikvm-heap( 2723): Grow heap (frag case) to 6.867MB for 1005178-byte allocation
01-02 03:27:57.376 D/dalvikvm( 2723): GC_FOR_ALLOC freed 490K, 32% free 6516K/9536K, paused 14ms, total 14ms
01-02 03:27:58.319 W/System.err( 2370): java.net.SocketTimeoutException
01-02 03:27:58.319 W/System.err( 2370): 	at libcore.io.IoBridge.maybeThrowAfterRecvfrom(IoBridge.java:551)
01-02 03:27:58.319 W/System.err( 2370): 	at libcore.io.IoBridge.recvfrom(IoBridge.java:509)
01-02 03:27:58.320 W/System.err( 2370): 	at java.net.PlainDatagramSocketImpl.doRecv(PlainDatagramSocketImpl.java:161)
01-02 03:27:58.320 W/System.err( 2370): 	at java.net.PlainDatagramSocketImpl.receive(PlainDatagramSocketImpl.java:169)
01-02 03:27:58.320 W/System.err( 2370): 	at java.net.SocketTimeoutException
01-02 03:27:58.320 W/System.err( 2370): java.net.DatagramSocket.receive(DatagramSocket.java:250)
01-02 03:27:58.320 W/System.err( 2370): 	at utils.UdpReceiverService$1.run(UdpReceiverService.java:53)
01-02 03:27:58.320 W/System.err( 2370): Caused by: 	at libcore.io.ErrnoException: recvfrom failed: EAGAIN (Try again)libcore.io.IoBridge.maybeThrowAfterRecvfrom(IoBridge.java:551)
01-02 03:27:58.320 W/System.err( 2370): 	at 
01-02 03:27:58.320 W/System.err( 2370): libcore.io.IoBridge.recvfrom(IoBridge.java:509)
01-02 03:27:58.320 W/System.err( 2370): 	at java.net.PlainDatagramSocketImpl.doRecv(PlainDatagramSocketImpl.java:161)
01-02 03:27:58.321 W/System.err( 2370): 	at java.net.PlainDatagramSocketImpl.receive(PlainDatagramSocketImpl.java:169)
01-02 03:27:58.321 W/System.err( 2370): 	at 	at java.net.DatagramSocket.receive(DatagramSocket.java:250)
01-02 03:27:58.321 W/System.err( 2370): 	at libcore.io.Posix.recvfromBytes(Native Method)
01-02 03:27:58.321 W/System.err( 2370): 	at utils.UdpReceiverService$1.run(UdpReceiverService.java:53)
01-02 03:27:58.321 W/System.err( 2370): Caused by: libcore.io.Posix.recvfrom(Posix.java:141)
01-02 03:27:58.321 W/System.err( 2370): 	at libcore.io.ErrnoException: recvfrom failed: EAGAIN (Try again)
01-02 03:27:58.321 W/System.err( 2370): libcore.io.BlockGuardOs.recvfrom(BlockGuardOs.java:164)
01-02 03:27:58.321 W/System.err( 2370): 	at libcore.io.IoBridge.recvfrom(IoBridge.java:506)
01-02 03:27:58.321 W/System.err( 2370): 	... 4 more
01-02 03:27:58.322 W/System.err( 2370): 	at libcore.io.Posix.recvfromBytes(Native Method)
01-02 03:27:58.322 W/System.err( 2370): 	at libcore.io.Posix.recvfrom(Posix.java:141)
01-02 03:27:58.322 W/System.err( 2370): 	at libcore.io.BlockGuardOs.recvfrom(BlockGuardOs.java:164)
01-02 03:27:58.322 W/System.err( 2370): 	at libcore.io.IoBridge.recvfrom(IoBridge.java:506)
01-02 03:27:58.325 W/System.err( 2370): 	... 4 more
01-02 03:27:58.363 D/dalvikvm( 2370): GC_CONCURRENT freed 894K, 21% free 3569K/4500K, paused 3ms+4ms, total 41ms
01-02 03:28:00.322 W/System.err( 2370): java.net.SocketTimeoutException
01-02 03:28:00.322 W/System.err( 2370): 	at libcore.io.IoBridge.maybeThrowAfterRecvfrom(IoBridge.java:551)
01-02 03:28:00.322 W/System.err( 2370): 	at libcore.io.IoBridge.recvfrom(IoBridge.java:509)
01-02 03:28:00.322 W/System.err( 2370): 	at java.net.PlainDatagramSocketImpl.doRecv(PlainDatagramSocketImpl.java:161)
01-02 03:28:00.323 W/System.err( 2370): 	at java.net.PlainDatagramSocketImpl.receive(PlainDatagramSocketImpl.java:169)
01-02 03:28:00.323 W/System.err( 2370): 	at java.net.DatagramSocket.receive(DatagramSocket.java:250)
01-02 03:28:00.323 W/System.err( 2370): 	at utils.UdpReceiverService$1.run(UdpReceiverService.java:53)
01-02 03:28:00.323 W/System.err( 2370): Caused by: libcore.io.ErrnoException: recvfrom failed: EAGAIN (Try again)
01-02 03:28:00.324 W/System.err( 2370): 	at libcore.io.Posix.recvfromBytes(Native Method)
01-02 03:28:00.324 W/System.err( 2370): 	at libcore.io.Posix.recvfrom(Posix.java:141)
01-02 03:28:00.324 W/System.err( 2370): 	at libcore.io.BlockGuardOs.recvfrom(BlockGuardOs.java:164)
01-02 03:28:00.324 W/System.err( 2370): 	at libcore.io.IoBridge.recvfrom(IoBridge.java:506)
01-02 03:28:00.324 W/System.err( 2370): 	... 4 more
01-02 03:28:00.325 W/System.err( 2370): java.net.SocketTimeoutException
01-02 03:28:00.325 W/System.err( 2370): 	at libcore.io.IoBridge.maybeThrowAfterRecvfrom(IoBridge.java:551)
01-02 03:28:00.325 W/System.err( 2370): 	at libcore.io.IoBridge.recvfrom(IoBridge.java:509)
01-02 03:28:00.326 W/System.err( 2370): 	at java.net.PlainDatagramSocketImpl.doRecv(PlainDatagramSocketImpl.java:161)
01-02 03:28:00.326 W/System.err( 2370): 	at java.net.PlainDatagramSocketImpl.receive(PlainDatagramSocketImpl.java:169)
01-02 03:28:00.326 W/System.err( 2370): 	at java.net.DatagramSocket.receive(DatagramSocket.java:250)
01-02 03:28:00.326 W/System.err( 2370): 	at utils.UdpReceiverService$1.run(UdpReceiverService.java:53)
01-02 03:28:00.327 W/System.err( 2370): Caused by: libcore.io.ErrnoException: recvfrom failed: EAGAIN (Try again)
01-02 03:28:00.327 W/System.err( 2370): 	at libcore.io.Posix.recvfromBytes(Native Method)
01-02 03:28:00.328 W/System.err( 2370): 	at libcore.io.Posix.recvfrom(Posix.java:141)
01-02 03:28:00.328 W/System.err( 2370): 	at libcore.io.BlockGuardOs.recvfrom(BlockGuardOs.java:164)
01-02 03:28:00.328 W/System.err( 2370): 	at libcore.io.IoBridge.recvfrom(IoBridge.java:506)
01-02 03:28:00.328 W/System.err( 2370): 	... 4 more
01-02 03:28:02.324 W/System.err( 2370): java.net.SocketTimeoutException
01-02 03:28:02.324 W/System.err( 2370): 	at libcore.io.IoBridge.maybeThrowAfterRecvfrom(IoBridge.java:551)
01-02 03:28:02.324 W/System.err( 2370): 	at libcore.io.IoBridge.recvfrom(IoBridge.java:509)
01-02 03:28:02.324 W/System.err( 2370): 	at java.net.PlainDatagramSocketImpl.doRecv(PlainDatagramSocketImpl.java:161)
01-02 03:28:02.325 W/System.err( 2370): 	at java.net.PlainDatagramSocketImpl.receive(PlainDatagramSocketImpl.java:169)
01-02 03:28:02.325 W/System.err( 2370): 	at java.net.DatagramSocket.receive(DatagramSocket.java:250)
01-02 03:28:02.325 W/System.err( 2370): 	at utils.UdpReceiverService$1.run(UdpReceiverService.java:53)
01-02 03:28:02.325 W/System.err( 2370): Caused by: libcore.io.ErrnoException: recvfrom failed: EAGAIN (Try again)
01-02 03:28:02.326 W/System.err( 2370): 	at libcore.io.Posix.recvfromBytes(Native Method)
01-02 03:28:02.326 W/System.err( 2370): 	at libcore.io.Posix.recvfrom(Posix.java:141)
01-02 03:28:02.326 W/System.err( 2370): 	at libcore.io.BlockGuardOs.recvfrom(BlockGuardOs.java:164)
01-02 03:28:02.326 W/System.err( 2370): 	at libcore.io.IoBridge.recvfrom(IoBridge.java:506)
01-02 03:28:02.326 W/System.err( 2370): 	... 4 more
01-02 03:28:02.329 W/System.err( 2370): java.net.SocketTimeoutException
01-02 03:28:02.329 W/System.err( 2370): 	at libcore.io.IoBridge.maybeThrowAfterRecvfrom(IoBridge.java:551)
01-02 03:28:02.329 W/System.err( 2370): 	at libcore.io.IoBridge.recvfrom(IoBridge.java:509)
01-02 03:28:02.329 W/System.err( 2370): 	at java.net.PlainDatagramSocketImpl.doRecv(PlainDatagramSocketImpl.java:161)
01-02 03:28:02.329 W/System.err( 2370): 	at java.net.PlainDatagramSocketImpl.receive(PlainDatagramSocketImpl.java:169)
01-02 03:28:02.330 W/System.err( 2370): 	at java.net.DatagramSocket.receive(DatagramSocket.java:250)
01-02 03:28:02.330 W/System.err( 2370): 	at utils.UdpReceiverService$1.run(UdpReceiverService.java:53)
01-02 03:28:02.330 W/System.err( 2370): Caused by: libcore.io.ErrnoException: recvfrom failed: EAGAIN (Try again)
01-02 03:28:02.330 W/System.err( 2370): 	at libcore.io.Posix.recvfromBytes(Native Method)
01-02 03:28:02.330 W/System.err( 2370): 	at libcore.io.Posix.recvfrom(Posix.java:141)
01-02 03:28:02.331 W/System.err( 2370): 	at libcore.io.BlockGuardOs.recvfrom(BlockGuardOs.java:164)
01-02 03:28:02.331 W/System.err( 2370): 	at libcore.io.IoBridge.recvfrom(IoBridge.java:506)
01-02 03:28:02.331 W/System.err( 2370): 	... 4 more
01-02 03:28:03.413 D/dalvikvm( 2073): GC_CONCURRENT freed 4544K, 35% free 4048K/6204K, paused 2ms+2ms, total 20ms
01-02 03:28:03.414 D/dalvikvm( 2073): WAIT_FOR_CONCURRENT_GC blocked 15ms
01-02 03:28:03.430 D/dalvikvm( 2073): GC_FOR_ALLOC freed 293K, 36% free 3985K/6204K, paused 16ms, total 16ms
01-02 03:28:03.445 D/dalvikvm( 2073): GC_FOR_ALLOC freed 100K, 36% free 4029K/6204K, paused 15ms, total 15ms
01-02 03:28:03.445 I/dalvikvm-heap( 2073): Grow heap (frag case) to 4.169MB for 220814-byte allocation
01-02 03:28:03.463 D/dalvikvm( 2073): GC_FOR_ALLOC freed 143K, 37% free 4100K/6420K, paused 18ms, total 18ms
01-02 03:28:03.478 D/dalvikvm( 2073): GC_FOR_ALLOC freed <1K, 37% free 4100K/6420K, paused 15ms, total 15ms
01-02 03:28:03.478 I/dalvikvm-heap( 2073): Grow heap (frag case) to 4.344MB for 331216-byte allocation
01-02 03:28:03.493 D/dalvikvm( 2073): GC_FOR_ALLOC freed 215K, 38% free 4208K/6744K, paused 14ms, total 14ms
01-02 03:28:03.508 D/dalvikvm( 2073): GC_FOR_ALLOC freed 0K, 38% free 4208K/6744K, paused 15ms, total 15ms
01-02 03:28:03.509 I/dalvikvm-heap( 2073): Grow heap (frag case) to 4.372MB for 249410-byte allocation
01-02 03:28:03.524 D/dalvikvm( 2073): GC_FOR_ALLOC freed 0K, 37% free 4452K/6988K, paused 14ms, total 14ms
01-02 03:28:03.541 D/dalvikvm( 2073): GC_FOR_ALLOC freed 323K, 40% free 4251K/6988K, paused 14ms, total 14ms
01-02 03:28:03.606 D/dalvikvm( 2073): GC_CONCURRENT freed 1267K, 40% free 4214K/6988K, paused 2ms+2ms, total 19ms
01-02 03:28:03.606 D/dalvikvm( 2073): WAIT_FOR_CONCURRENT_GC blocked 7ms
01-02 03:28:03.694 D/dalvikvm( 2073): GC_CONCURRENT freed 893K, 35% free 4542K/6988K, paused 1ms+2ms, total 18ms
01-02 03:28:03.694 D/dalvikvm( 2073): WAIT_FOR_CONCURRENT_GC blocked 7ms
01-02 03:28:03.788 D/dalvikvm( 2073): GC_CONCURRENT freed 959K, 30% free 4923K/6988K, paused 2ms+2ms, total 18ms
01-02 03:28:03.788 D/dalvikvm( 2073): WAIT_FOR_CONCURRENT_GC blocked 7ms
01-02 03:28:03.853 D/dalvikvm( 2073): GC_FOR_ALLOC freed 1323K, 32% free 4795K/6988K, paused 16ms, total 16ms
01-02 03:28:03.869 D/dalvikvm( 2073): GC_FOR_ALLOC freed 170K, 31% free 4880K/6988K, paused 16ms, total 16ms
01-02 03:28:03.885 D/dalvikvm( 2073): GC_FOR_ALLOC freed 255K, 29% free 5008K/6988K, paused 15ms, total 15ms
01-02 03:28:03.886 I/dalvikvm-heap( 2073): Grow heap (frag case) to 5.475MB for 587890-byte allocation
01-02 03:28:03.901 D/dalvikvm( 2073): GC_FOR_ALLOC freed 382K, 32% free 5199K/7564K, paused 15ms, total 15ms
01-02 03:28:03.903 I/dalvikvm-heap( 2073): Grow heap (frag case) to 5.943MB for 881830-byte allocation
01-02 03:28:03.919 D/dalvikvm( 2073): GC_FOR_ALLOC freed 574K, 35% free 5486K/8428K, paused 15ms, total 15ms
01-02 03:28:03.920 I/dalvikvm-heap( 2073): Grow heap (frag case) to 6.643MB for 1322740-byte allocation
01-02 03:28:03.936 D/dalvikvm( 2073): GC_FOR_ALLOC freed 861K, 40% free 5917K/9720K, paused 15ms, total 15ms
01-02 03:28:03.965 D/dalvikvm( 2073): GC_FOR_ALLOC freed 1291K, 38% free 6098K/9720K, paused 15ms, total 15ms
01-02 03:28:04.326 W/System.err( 2370): java.net.SocketTimeoutException
01-02 03:28:04.326 W/System.err( 2370): 	at libcore.io.IoBridge.maybeThrowAfterRecvfrom(IoBridge.java:551)
01-02 03:28:04.326 W/System.err( 2370): 	at libcore.io.IoBridge.recvfrom(IoBridge.java:509)
01-02 03:28:04.326 W/System.err( 2370): 	at java.net.PlainDatagramSocketImpl.doRecv(PlainDatagramSocketImpl.java:161)
01-02 03:28:04.326 W/System.err( 2370): 	at java.net.PlainDatagramSocketImpl.receive(PlainDatagramSocketImpl.java:169)
01-02 03:28:04.327 W/System.err( 2370): 	at java.net.DatagramSocket.receive(DatagramSocket.java:250)
01-02 03:28:04.327 W/System.err( 2370): 	at utils.UdpReceiverService$1.run(UdpReceiverService.java:53)
01-02 03:28:04.327 W/System.err( 2370): Caused by: libcore.io.ErrnoException: recvfrom failed: EAGAIN (Try again)
01-02 03:28:04.327 W/System.err( 2370): 	at libcore.io.Posix.recvfromBytes(Native Method)
01-02 03:28:04.327 W/System.err( 2370): 	at libcore.io.Posix.recvfrom(Posix.java:141)
01-02 03:28:04.327 W/System.err( 2370): 	at libcore.io.BlockGuardOs.recvfrom(BlockGuardOs.java:164)
01-02 03:28:04.327 W/System.err( 2370): 	at libcore.io.IoBridge.recvfrom(IoBridge.java:506)
01-02 03:28:04.328 W/System.err( 2370): 	... 4 more
01-02 03:28:04.331 W/System.err( 2370): java.net.SocketTimeoutException
01-02 03:28:04.331 W/System.err( 2370): 	at libcore.io.IoBridge.maybeThrowAfterRecvfrom(IoBridge.java:551)
01-02 03:28:04.332 W/System.err( 2370): 	at libcore.io.IoBridge.recvfrom(IoBridge.java:509)
01-02 03:28:04.332 W/System.err( 2370): 	at java.net.PlainDatagramSocketImpl.doRecv(PlainDatagramSocketImpl.java:161)
01-02 03:28:04.332 W/System.err( 2370): 	at java.net.PlainDatagramSocketImpl.receive(PlainDatagramSocketImpl.java:169)
01-02 03:28:04.333 W/System.err( 2370): 	at java.net.DatagramSocket.receive(DatagramSocket.java:250)
01-02 03:28:04.333 W/System.err( 2370): 	at utils.UdpReceiverService$1.run(UdpReceiverService.java:53)
01-02 03:28:04.333 W/System.err( 2370): Caused by: libcore.io.ErrnoException: recvfrom failed: EAGAIN (Try again)
01-02 03:28:04.334 W/System.err( 2370): 	at libcore.io.Posix.recvfromBytes(Native Method)
01-02 03:28:04.334 W/System.err( 2370): 	at libcore.io.Posix.recvfrom(Posix.java:141)
01-02 03:28:04.334 W/System.err( 2370): 	at libcore.io.BlockGuardOs.recvfrom(BlockGuardOs.java:164)
01-02 03:28:04.335 W/System.err( 2370): 	at libcore.io.IoBridge.recvfrom(IoBridge.java:506)
01-02 03:28:04.335 W/System.err( 2370): 	... 4 more
01-02 03:28:06.328 W/System.err( 2370): java.net.SocketTimeoutException
01-02 03:28:06.328 W/System.err( 2370): 	at libcore.io.IoBridge.maybeThrowAfterRecvfrom(IoBridge.java:551)
01-02 03:28:06.328 W/System.err( 2370): 	at libcore.io.IoBridge.recvfrom(IoBridge.java:509)
01-02 03:28:06.329 W/System.err( 2370): 	at java.net.PlainDatagramSocketImpl.doRecv(PlainDatagramSocketImpl.java:161)
01-02 03:28:06.329 W/System.err( 2370): 	at java.net.PlainDatagramSocketImpl.receive(PlainDatagramSocketImpl.java:169)
01-02 03:28:06.329 W/System.err( 2370): 	at java.net.DatagramSocket.receive(DatagramSocket.java:250)
01-02 03:28:06.329 W/System.err( 2370): 	at utils.UdpReceiverService$1.run(UdpReceiverService.java:53)
01-02 03:28:06.329 W/System.err( 2370): Caused by: libcore.io.ErrnoException: recvfrom failed: EAGAIN (Try again)
01-02 03:28:06.330 W/System.err( 2370): 	at libcore.io.Posix.recvfromBytes(Native Method)
01-02 03:28:06.330 W/System.err( 2370): 	at libcore.io.Posix.recvfrom(Posix.java:141)
01-02 03:28:06.330 W/System.err( 2370): 	at libcore.io.BlockGuardOs.recvfrom(BlockGuardOs.java:164)
01-02 03:28:06.330 W/System.err( 2370): 	at libcore.io.IoBridge.recvfrom(IoBridge.java:506)
01-02 03:28:06.330 W/System.err( 2370): 	... 4 more
01-02 03:28:06.335 W/System.err( 2370): java.net.SocketTimeoutException
01-02 03:28:06.335 W/System.err( 2370): 	at libcore.io.IoBridge.maybeThrowAfterRecvfrom(IoBridge.java:551)
01-02 03:28:06.336 W/System.err( 2370): 	at libcore.io.IoBridge.recvfrom(IoBridge.java:509)
01-02 03:28:06.336 W/System.err( 2370): 	at java.net.PlainDatagramSocketImpl.doRecv(PlainDatagramSocketImpl.java:161)
01-02 03:28:06.336 W/System.err( 2370): 	at java.net.PlainDatagramSocketImpl.receive(PlainDatagramSocketImpl.java:169)
01-02 03:28:06.336 W/System.err( 2370): 	at java.net.DatagramSocket.receive(DatagramSocket.java:250)
01-02 03:28:06.337 W/System.err( 2370): 	at utils.UdpReceiverService$1.run(UdpReceiverService.java:53)
01-02 03:28:06.337 W/System.err( 2370): Caused by: libcore.io.ErrnoException: recvfrom failed: EAGAIN (Try again)
01-02 03:28:06.338 W/System.err( 2370): 	at libcore.io.Posix.recvfromBytes(Native Method)
01-02 03:28:06.338 W/System.err( 2370): 	at libcore.io.Posix.recvfrom(Posix.java:141)
01-02 03:28:06.338 W/System.err( 2370): 	at libcore.io.BlockGuardOs.recvfrom(BlockGuardOs.java:164)
01-02 03:28:06.338 W/System.err( 2370): 	at libcore.io.IoBridge.recvfrom(IoBridge.java:506)
01-02 03:28:06.339 W/System.err( 2370): 	... 4 more
01-02 03:28:08.330 W/System.err( 2370): java.net.SocketTimeoutException
01-02 03:28:08.330 W/System.err( 2370): 	at libcore.io.IoBridge.maybeThrowAfterRecvfrom(IoBridge.java:551)
01-02 03:28:08.330 W/System.err( 2370): 	at libcore.io.IoBridge.recvfrom(IoBridge.java:509)
01-02 03:28:08.331 W/System.err( 2370): 	at java.net.PlainDatagramSocketImpl.doRecv(PlainDatagramSocketImpl.java:161)
01-02 03:28:08.331 W/System.err( 2370): 	at java.net.PlainDatagramSocketImpl.receive(PlainDatagramSocketImpl.java:169)
01-02 03:28:08.331 W/System.err( 2370): 	at java.net.DatagramSocket.receive(DatagramSocket.java:250)
01-02 03:28:08.331 W/System.err( 2370): 	at utils.UdpReceiverService$1.run(UdpReceiverService.java:53)
01-02 03:28:08.331 W/System.err( 2370): Caused by: libcore.io.ErrnoException: recvfrom failed: EAGAIN (Try again)
01-02 03:28:08.332 W/System.err( 2370): 	at libcore.io.Posix.recvfromBytes(Native Method)
01-02 03:28:08.332 W/System.err( 2370): 	at libcore.io.Posix.recvfrom(Posix.java:141)
01-02 03:28:08.332 W/System.err( 2370): 	at libcore.io.BlockGuardOs.recvfrom(BlockGuardOs.java:164)
01-02 03:28:08.332 W/System.err( 2370): 	at libcore.io.IoBridge.recvfrom(IoBridge.java:506)
01-02 03:28:08.332 W/System.err( 2370): 	... 4 more
01-02 03:28:08.339 W/System.err( 2370): java.net.SocketTimeoutException
01-02 03:28:08.339 W/System.err( 2370): 	at libcore.io.IoBridge.maybeThrowAfterRecvfrom(IoBridge.java:551)
01-02 03:28:08.340 W/System.err( 2370): 	at libcore.io.IoBridge.recvfrom(IoBridge.java:509)
01-02 03:28:08.340 W/System.err( 2370): 	at java.net.PlainDatagramSocketImpl.doRecv(PlainDatagramSocketImpl.java:161)
01-02 03:28:08.340 W/System.err( 2370): 	at java.net.PlainDatagramSocketImpl.receive(PlainDatagramSocketImpl.java:169)
01-02 03:28:08.340 W/System.err( 2370): 	at java.net.DatagramSocket.receive(DatagramSocket.java:250)
01-02 03:28:08.341 W/System.err( 2370): 	at utils.UdpReceiverService$1.run(UdpReceiverService.java:53)
01-02 03:28:08.341 W/System.err( 2370): Caused by: libcore.io.ErrnoException: recvfrom failed: EAGAIN (Try again)
01-02 03:28:08.342 W/System.err( 2370): 	at libcore.io.Posix.recvfromBytes(Native Method)
01-02 03:28:08.342 W/System.err( 2370): 	at libcore.io.Posix.recvfrom(Posix.java:141)
01-02 03:28:08.342 W/System.err( 2370): 	at libcore.io.BlockGuardOs.recvfrom(BlockGuardOs.java:164)
01-02 03:28:08.343 W/System.err( 2370): 	at libcore.io.IoBridge.recvfrom(IoBridge.java:506)
01-02 03:28:08.343 W/System.err( 2370): 	... 4 more
01-02 03:28:10.332 W/System.err( 2370): java.net.SocketTimeoutException
01-02 03:28:10.332 W/System.err( 2370): 	at libcore.io.IoBridge.maybeThrowAfterRecvfrom(IoBridge.java:551)
01-02 03:28:10.333 W/System.err( 2370): 	at libcore.io.IoBridge.recvfrom(IoBridge.java:509)
01-02 03:28:10.333 W/System.err( 2370): 	at java.net.PlainDatagramSocketImpl.doRecv(PlainDatagramSocketImpl.java:161)
01-02 03:28:10.334 W/System.err( 2370): 	at java.net.PlainDatagramSocketImpl.receive(PlainDatagramSocketImpl.java:169)
01-02 03:28:10.334 W/System.err( 2370): 	at java.net.DatagramSocket.receive(DatagramSocket.java:250)
01-02 03:28:10.334 W/System.err( 2370): 	at utils.UdpReceiverService$1.run(UdpReceiverService.java:53)
01-02 03:28:10.334 W/System.err( 2370): Caused by: libcore.io.ErrnoException: recvfrom failed: EAGAIN (Try again)
01-02 03:28:10.335 W/System.err( 2370): 	at libcore.io.Posix.recvfromBytes(Native Method)
01-02 03:28:10.335 W/System.err( 2370): 	at libcore.io.Posix.recvfrom(Posix.java:141)
01-02 03:28:10.336 W/System.err( 2370): 	at libcore.io.BlockGuardOs.recvfrom(BlockGuardOs.java:164)
01-02 03:28:10.336 W/System.err( 2370): 	at libcore.io.IoBridge.recvfrom(IoBridge.java:506)
01-02 03:28:10.336 W/System.err( 2370): 	... 4 more
01-02 03:28:10.343 W/System.err( 2370): java.net.SocketTimeoutException
01-02 03:28:10.343 W/System.err( 2370): 	at libcore.io.IoBridge.maybeThrowAfterRecvfrom(IoBridge.java:551)
01-02 03:28:10.343 W/System.err( 2370): 	at libcore.io.IoBridge.recvfrom(IoBridge.java:509)
01-02 03:28:10.343 W/System.err( 2370): 	at java.net.PlainDatagramSocketImpl.doRecv(PlainDatagramSocketImpl.java:161)
01-02 03:28:10.344 W/System.err( 2370): 	at java.net.PlainDatagramSocketImpl.receive(PlainDatagramSocketImpl.java:169)
01-02 03:28:10.344 W/System.err( 2370): 	at java.net.DatagramSocket.receive(DatagramSocket.java:250)
01-02 03:28:10.344 W/System.err( 2370): 	at utils.UdpReceiverService$1.run(UdpReceiverService.java:53)
01-02 03:28:10.344 W/System.err( 2370): Caused by: libcore.io.ErrnoException: recvfrom failed: EAGAIN (Try again)
01-02 03:28:10.345 W/System.err( 2370): 	at libcore.io.Posix.recvfromBytes(Native Method)
01-02 03:28:10.345 W/System.err( 2370): 	at libcore.io.Posix.recvfrom(Posix.java:141)
01-02 03:28:10.345 W/System.err( 2370): 	at libcore.io.BlockGuardOs.recvfrom(BlockGuardOs.java:164)
01-02 03:28:10.345 W/System.err( 2370): 	at libcore.io.IoBridge.recvfrom(IoBridge.java:506)
01-02 03:28:10.345 W/System.err( 2370): 	... 4 more
01-02 03:28:12.336 W/System.err( 2370): java.net.SocketTimeoutException
01-02 03:28:12.336 W/System.err( 2370): 	at libcore.io.IoBridge.maybeThrowAfterRecvfrom(IoBridge.java:551)
01-02 03:28:12.336 W/System.err( 2370): 	at libcore.io.IoBridge.recvfrom(IoBridge.java:509)
01-02 03:28:12.336 W/System.err( 2370): 	at java.net.PlainDatagramSocketImpl.doRecv(PlainDatagramSocketImpl.java:161)
