01-01 08:05:25.657 W/System.err( 2397): 	at libcore.io.Posix.recvfromBytes(Native Method)
01-01 08:05:25.657 W/System.err( 2397): 	at libcore.io.Posix.recvfrom(Posix.java:141)
01-01 08:05:25.657 W/System.err( 2397): 	at libcore.io.BlockGuardOs.recvfrom(BlockGuardOs.java:164)
01-01 08:05:25.657 W/System.err( 2397): 	at libcore.io.IoBridge.recvfrom(IoBridge.java:506)
01-01 08:05:25.657 W/System.err( 2397): 	... 4 more
01-01 08:05:25.788 D/MainActivity( 2432): SwitchThread SWITCH_SOURCE, type:1
01-01 08:05:25.788 D/SourceManagerInterface( 2432): getCurSourceId() begin
01-01 08:05:25.788 D/SourceManagerInterface( 2432): getCurSourceId() end value = 0
01-01 08:05:25.788 D/SourceManagerInterface( 2432): getLastSourceId() begin
01-01 08:05:25.788 D/SourceManagerInterface( 2432): getLastSourceId() end value = 0
01-01 08:05:25.788 D/SourceManagerInterface( 2432): getSelectSourceId() begin
01-01 08:05:25.788 D/SourceManagerInterface( 2432): getSelectSourceId() end value = 0
01-01 08:05:25.788 D/SourceManagerInterface( 2432): getSelectSourceId() begin
01-01 08:05:25.788 D/SourceManagerInterface( 2432): getSelectSourceId() end value = 0
01-01 08:05:25.788 D/MainActivity( 2432): doSelectSourceToTv is called: mCurrentSourceIdx=0, TvSourceIdx=0 getSelectSourceId = 0
01-01 08:05:25.788 D/SourceManagerInterface( 2432): getSelectSourceId() begin
01-01 08:05:25.788 D/SourceManagerInterface( 2432): getSelectSourceId() end value = 0
01-01 08:05:25.788 D/MainActivity( 2432): Scaler TV Windows to Small
01-01 08:05:25.788 D/SourceManagerInterface( 2432): SourceManager  setWindowRect ret = 0
01-01 08:05:26.265 E/sample_enc( 4878): 
01-01 08:05:26.265 E/sample_enc( 4878): =======================================================
01-01 08:05:26.265 E/sample_enc( 4878): -------> save file: /sdcard/1.jpg OK. n
01-01 08:05:26.265 E/sample_enc( 4878): =======================================================
01-01 08:05:26.525 D/AndroidRuntime( 4882): 
01-01 08:05:26.525 D/AndroidRuntime( 4882): >>>>>> AndroidRuntime START com.android.internal.os.RuntimeInit <<<<<<
01-01 08:05:26.527 D/AndroidRuntime( 4882): CheckJNI is OFF
01-01 08:05:26.531 D/dalvikvm( 4882): Unable to stat classpath element '/system/framework/telephony-common.jar'
01-01 08:05:26.531 D/dalvikvm( 4882): Unable to stat classpath element '/system/framework/mms-common.jar'
01-01 08:05:26.537 D/dalvikvm( 4882): Trying to load lib libjavacore.so 0x0
01-01 08:05:26.540 D/dalvikvm( 4882): Added shared lib libjavacore.so 0x0
01-01 08:05:26.543 D/dalvikvm( 4882): Trying to load lib libnativehelper.so 0x0
01-01 08:05:26.544 D/dalvikvm( 4882): Added shared lib libnativehelper.so 0x0
01-01 08:05:26.544 D/dalvikvm( 4882): No JNI_OnLoad found in libnativehelper.so 0x0, skipping init
01-01 08:05:26.559 E/cutils-trace( 4882): Error opening trace file: No such file or directory (2)
01-01 08:05:26.573 D/dalvikvm( 4882): Note: class Landroid/app/ActivityManagerNative; has 179 unimplemented (abstract) methods
01-01 08:05:26.726 E/memtrack( 4882): Couldn't load memtrack module (No such file or directory)
01-01 08:05:26.726 E/android.os.Debug( 4882): failed to load memtrack module: -2
01-01 08:05:26.728 I/EthernetJNI( 4882): Loading ethernet jni class
01-01 08:05:26.778 D/AndroidRuntime( 4882): Calling main entry com.android.commands.input.Input
01-01 08:05:26.779 I/Input   ( 4882): injectKeyEvent: KeyEvent { action=ACTION_DOWN, keyCode=KEYCODE_DPAD_LEFT, scanCode=0, metaState=0, flags=0x0, repeatCount=0, eventTime=329008, downTime=329008, deviceId=-1, source=0x101 }
01-01 08:05:26.782 D/WindowManager( 2078): interceptKeyTq keycode=21 screenIsOn=true keyguardActive=false policyFlags=b000000 isWakeKey=false
01-01 08:05:26.783 D/RemoteIME( 2282): keycode: 21, realAction: false
01-01 08:05:26.785 I/Input   ( 4882): injectKeyEvent: KeyEvent { action=ACTION_UP, keyCode=KEYCODE_DPAD_LEFT, scanCode=0, metaState=0, flags=0x0, repeatCount=0, eventTime=329008, downTime=329008, deviceId=-1, source=0x101 }
01-01 08:05:26.785 D/WindowManager( 2078): interceptKeyTq keycode=21 screenIsOn=true keyguardActive=false policyFlags=b000000 isWakeKey=false
01-01 08:05:26.786 D/AudioPolicyManagerBase( 1592): startOutput() output 2, stream 1, session 12
01-01 08:05:26.786 D/AudioPolicyManagerBase( 1592): startoutput ->setOutputDevice
01-01 08:05:26.786 D/AudioPolicyManagerBase( 1592): AudioPolicyManagerBase::checkAndSetVolume 8,0.191346
01-01 08:05:26.786 D/RemoteIME( 2282): keycode: 21, realAction: true
01-01 08:05:26.787 D/AndroidRuntime( 4882): Shutting down VM
01-01 08:05:26.791 I/FocusedBasePositionManager.drawAsyncFrame(L:287)( 2432): drawAsyncFrame
01-01 08:05:26.792 D/dalvikvm( 4882): GC_CONCURRENT freed 98K, 16% free 569K/672K, paused 2ms+0ms, total 4ms
01-01 08:05:26.793 I/FocusedBasePositionManager.drawStaticFocus(L:460)( 2432): drawStaticFocus: mCurrentFrame = 1, dstScaleX = 1.02, dstScaleY = 1.02, mScaleXValue = 1.1, mScaleYValue = 1.1, this = com.um.launcher.widget.FocusedRelativeLayout$FocusedLayoutPositionManager@421d6950
01-01 08:05:26.806 I/FocusedBasePositionManager.drawAsyncFrame(L:287)( 2432): drawAsyncFrame
01-01 08:05:26.807 I/FocusedBasePositionManager.drawOtherFrame(L:367)( 2432): drawOtherFrame, this = com.um.launcher.widget.FocusedRelativeLayout$FocusedLayoutPositionManager@421d6950
01-01 08:05:26.808 I/FocusedBasePositionManager.drawStaticFocus(L:460)( 2432): drawStaticFocus: mCurrentFrame = 2, dstScaleX = 1.04, dstScaleY = 1.04, mScaleXValue = 1.1, mScaleYValue = 1.1, this = com.um.launcher.widget.FocusedRelativeLayout$FocusedLayoutPositionManager@421d6950
01-01 08:05:26.823 I/FocusedBasePositionManager.drawAsyncFrame(L:287)( 2432): drawAsyncFrame
01-01 08:05:26.823 I/FocusedBasePositionManager.drawOtherFrame(L:367)( 2432): drawOtherFrame, this = com.um.launcher.widget.FocusedRelativeLayout$FocusedLayoutPositionManager@421d6950
01-01 08:05:26.824 I/FocusedBasePositionManager.drawStaticFocus(L:460)( 2432): drawStaticFocus: mCurrentFrame = 3, dstScaleX = 1.0600001, dstScaleY = 1.0600001, mScaleXValue = 1.1, mScaleYValue = 1.1, this = com.um.launcher.widget.FocusedRelativeLayout$FocusedLayoutPositionManager@421d6950
01-01 08:05:26.839 I/FocusedBasePositionManager.drawAsyncFrame(L:287)( 2432): drawAsyncFrame
01-01 08:05:26.840 I/FocusedBasePositionManager.drawOtherFrame(L:367)( 2432): drawOtherFrame, this = com.um.launcher.widget.FocusedRelativeLayout$FocusedLayoutPositionManager@421d6950
01-01 08:05:26.841 I/FocusedBasePositionManager.drawStaticFocus(L:460)( 2432): drawStaticFocus: mCurrentFrame = 4, dstScaleX = 1.08, dstScaleY = 1.08, mScaleXValue = 1.1, mScaleYValue = 1.1, this = com.um.launcher.widget.FocusedRelativeLayout$FocusedLayoutPositionManager@421d6950
01-01 08:05:26.856 I/FocusedBasePositionManager.drawAsyncFrame(L:287)( 2432): drawAsyncFrame
01-01 08:05:26.857 I/FocusedBasePositionManager.drawLastFrame(L:377)( 2432): drawLastFrame, this = com.um.launcher.widget.FocusedRelativeLayout$FocusedLayoutPositionManager@421d6950
01-01 08:05:26.858 I/FocusedBasePositionManager.drawStaticFocus(L:460)( 2432): drawStaticFocus: mCurrentFrame = 5, dstScaleX = 1.1, dstScaleY = 1.1, mScaleXValue = 1.1, mScaleYValue = 1.1, this = com.um.launcher.widget.FocusedRelativeLayout$FocusedLayoutPositionManager@421d6950
01-01 08:05:27.074 E/sample_enc( 4894): 
01-01 08:05:27.074 E/sample_enc( 4894): =======================================================
01-01 08:05:27.074 E/sample_enc( 4894): -------> save file: /sdcard/1.jpg OK. n
01-01 08:05:27.074 E/sample_enc( 4894): =======================================================
01-01 08:05:27.657 W/System.err( 2397): java.net.SocketTimeoutException
01-01 08:05:27.657 W/System.err( 2397): 	at libcore.io.IoBridge.maybeThrowAfterRecvfrom(IoBridge.java:551)
01-01 08:05:27.657 W/System.err( 2397): 	at libcore.io.IoBridge.recvfrom(IoBridge.java:509)
01-01 08:05:27.658 W/System.err( 2397): 	at java.net.PlainDatagramSocketImpl.doRecv(PlainDatagramSocketImpl.java:161)
01-01 08:05:27.658 W/System.err( 2397): 	at java.net.PlainDatagramSocketImpl.receive(PlainDatagramSocketImpl.java:169)
01-01 08:05:27.658 W/System.err( 2397): 	at java.net.DatagramSocket.receive(DatagramSocket.java:250)
01-01 08:05:27.658 W/System.err( 2397): 	at utils.UdpReceiverService$1.run(UdpReceiverService.java:53)
01-01 08:05:27.658 W/System.err( 2397): Caused by: libcore.io.ErrnoException: recvfrom failed: EAGAIN (Try again)
01-01 08:05:27.658 W/System.err( 2397): 	at libcore.io.Posix.recvfromBytes(Native Method)
01-01 08:05:27.659 W/System.err( 2397): 	at libcore.io.Posix.recvfrom(Posix.java:141)
01-01 08:05:27.659 W/System.err( 2397): 	at libcore.io.BlockGuardOs.recvfrom(BlockGuardOs.java:164)
01-01 08:05:27.659 W/System.err( 2397): 	at libcore.io.IoBridge.recvfrom(IoBridge.java:506)
01-01 08:05:27.659 W/System.err( 2397): 	... 4 more
01-01 08:05:28.018 D/AndroidRuntime( 4900): 
01-01 08:05:28.018 D/AndroidRuntime( 4900): >>>>>> AndroidRuntime START com.android.internal.os.RuntimeInit <<<<<<
01-01 08:05:28.019 D/AndroidRuntime( 4900): CheckJNI is OFF
01-01 08:05:28.023 D/dalvikvm( 4900): Unable to stat classpath element '/system/framework/telephony-common.jar'
01-01 08:05:28.023 D/dalvikvm( 4900): Unable to stat classpath element '/system/framework/mms-common.jar'
01-01 08:05:28.030 D/dalvikvm( 4900): Trying to load lib libjavacore.so 0x0
01-01 08:05:28.034 D/dalvikvm( 4900): Added shared lib libjavacore.so 0x0
01-01 08:05:28.037 D/dalvikvm( 4900): Trying to load lib libnativehelper.so 0x0
01-01 08:05:28.037 D/dalvikvm( 4900): Added shared lib libnativehelper.so 0x0
01-01 08:05:28.037 D/dalvikvm( 4900): No JNI_OnLoad found in libnativehelper.so 0x0, skipping init
01-01 08:05:28.053 E/cutils-trace( 4900): Error opening trace file: No such file or directory (2)
01-01 08:05:28.066 D/dalvikvm( 4900): Note: class Landroid/app/ActivityManagerNative; has 179 unimplemented (abstract) methods
01-01 08:05:28.073 E/sample_enc( 4902): 
01-01 08:05:28.073 E/sample_enc( 4902): =======================================================
01-01 08:05:28.073 E/sample_enc( 4902): -------> save file: /sdcard/1.jpg OK. n
01-01 08:05:28.073 E/sample_enc( 4902): =======================================================
01-01 08:05:28.213 E/memtrack( 4900): Couldn't load memtrack module (No such file or directory)
01-01 08:05:28.213 E/android.os.Debug( 4900): failed to load memtrack module: -2
01-01 08:05:28.215 I/EthernetJNI( 4900): Loading ethernet jni class
01-01 08:05:28.261 D/AndroidRuntime( 4900): Calling main entry com.android.commands.input.Input
01-01 08:05:28.262 I/Input   ( 4900): injectKeyEvent: KeyEvent { action=ACTION_DOWN, keyCode=KEYCODE_DPAD_LEFT, scanCode=0, metaState=0, flags=0x0, repeatCount=0, eventTime=330491, downTime=330491, deviceId=-1, source=0x101 }
01-01 08:05:28.265 D/WindowManager( 2078): interceptKeyTq keycode=21 screenIsOn=true keyguardActive=false policyFlags=b000000 isWakeKey=false
01-01 08:05:28.266 D/RemoteIME( 2282): keycode: 21, realAction: false
01-01 08:05:28.267 I/MainPageFirst( 2432): =======================================hasFocus===========================================true
01-01 08:05:28.268 I/Input   ( 4900): injectKeyEvent: KeyEvent { action=ACTION_UP, keyCode=KEYCODE_DPAD_LEFT, scanCode=0, metaState=0, flags=0x0, repeatCount=0, eventTime=330491, downTime=330491, deviceId=-1, source=0x101 }
01-01 08:05:28.269 D/WindowManager( 2078): interceptKeyTq keycode=21 screenIsOn=true keyguardActive=false policyFlags=b000000 isWakeKey=false
01-01 08:05:28.269 D/RemoteIME( 2282): keycode: 21, realAction: true
01-01 08:05:28.270 D/AudioPolicyManagerBase( 1592): startOutput() output 2, stream 1, session 13
01-01 08:05:28.270 D/AudioPolicyManagerBase( 1592): startoutput ->setOutputDevice
01-01 08:05:28.270 D/AudioPolicyManagerBase( 1592): AudioPolicyManagerBase::checkAndSetVolume 8,0.191346
01-01 08:05:28.270 D/AndroidRuntime( 4900): Shutting down VM
01-01 08:05:28.273 D/dalvikvm( 4900): GC_CONCURRENT freed 98K, 16% free 569K/672K, paused 0ms+0ms, total 1ms
01-01 08:05:28.277 I/FocusedBasePositionManager.drawAsyncFrame(L:287)( 2432): drawAsyncFrame
01-01 08:05:28.278 I/FocusedBasePositionManager.drawStaticFocus(L:460)( 2432): drawStaticFocus: mCurrentFrame = 1, dstScaleX = 1.02, dstScaleY = 1.02, mScaleXValue = 1.1, mScaleYValue = 1.1, this = com.um.launcher.widget.FocusedRelativeLayout$FocusedLayoutPositionManager@421d6950
01-01 08:05:28.290 I/FocusedBasePositionManager.drawAsyncFrame(L:287)( 2432): drawAsyncFrame
01-01 08:05:28.290 I/FocusedBasePositionManager.drawOtherFrame(L:367)( 2432): drawOtherFrame, this = com.um.launcher.widget.FocusedRelativeLayout$FocusedLayoutPositionManager@421d6950
01-01 08:05:28.292 I/FocusedBasePositionManager.drawStaticFocus(L:460)( 2432): drawStaticFocus: mCurrentFrame = 2, dstScaleX = 1.04, dstScaleY = 1.04, mScaleXValue = 1.1, mScaleYValue = 1.1, this = com.um.launcher.widget.FocusedRelativeLayout$FocusedLayoutPositionManager@421d6950
01-01 08:05:28.306 I/FocusedBasePositionManager.drawAsyncFrame(L:287)( 2432): drawAsyncFrame
01-01 08:05:28.307 I/FocusedBasePositionManager.drawOtherFrame(L:367)( 2432): drawOtherFrame, this = com.um.launcher.widget.FocusedRelativeLayout$FocusedLayoutPositionManager@421d6950
01-01 08:05:28.308 I/FocusedBasePositionManager.drawStaticFocus(L:460)( 2432): drawStaticFocus: mCurrentFrame = 3, dstScaleX = 1.0600001, dstScaleY = 1.0600001, mScaleXValue = 1.1, mScaleYValue = 1.1, this = com.um.launcher.widget.FocusedRelativeLayout$FocusedLayoutPositionManager@421d6950
01-01 08:05:28.323 I/FocusedBasePositionManager.drawAsyncFrame(L:287)( 2432): drawAsyncFrame
01-01 08:05:28.323 I/FocusedBasePositionManager.drawOtherFrame(L:367)( 2432): drawOtherFrame, this = com.um.launcher.widget.FocusedRelativeLayout$FocusedLayoutPositionManager@421d6950
01-01 08:05:28.324 I/FocusedBasePositionManager.drawStaticFocus(L:460)( 2432): drawStaticFocus: mCurrentFrame = 4, dstScaleX = 1.08, dstScaleY = 1.08, mScaleXValue = 1.1, mScaleYValue = 1.1, this = com.um.launcher.widget.FocusedRelativeLayout$FocusedLayoutPositionManager@421d6950
01-01 08:05:28.341 I/FocusedBasePositionManager.drawAsyncFrame(L:287)( 2432): drawAsyncFrame
01-01 08:05:28.343 I/FocusedBasePositionManager.drawLastFrame(L:377)( 2432): drawLastFrame, this = com.um.launcher.widget.FocusedRelativeLayout$FocusedLayoutPositionManager@421d6950
01-01 08:05:28.345 I/FocusedBasePositionManager.drawStaticFocus(L:460)( 2432): drawStaticFocus: mCurrentFrame = 5, dstScaleX = 1.1, dstScaleY = 1.1, mScaleXValue = 1.1, mScaleYValue = 1.1, this = com.um.launcher.widget.FocusedRelativeLayout$FocusedLayoutPositionManager@421d6950
01-01 08:05:28.814 D/dalvikvm( 2855): GC_CONCURRENT freed 1718K, 37% free 3690K/5772K, paused 4ms+6ms, total 44ms
01-01 08:05:28.957 D/dalvikvm( 2855): GC_CONCURRENT freed 855K, 34% free 3856K/5772K, paused 2ms+2ms, total 17ms
01-01 08:05:28.957 D/dalvikvm( 2855): WAIT_FOR_CONCURRENT_GC blocked 15ms
01-01 08:05:28.972 D/dalvikvm( 2855): GC_FOR_ALLOC freed 431K, 31% free 4038K/5772K, paused 14ms, total 14ms
01-01 08:05:28.973 I/dalvikvm-heap( 2855): Grow heap (frag case) to 4.342MB for 391942-byte allocation
01-01 08:05:28.988 D/dalvikvm( 2855): GC_FOR_ALLOC freed 255K, 33% free 4166K/6156K, paused 15ms, total 15ms
01-01 08:05:29.010 D/dalvikvm( 2855): GC_FOR_ALLOC freed 382K, 32% free 4205K/6156K, paused 18ms, total 18ms
01-01 08:05:29.045 E/sample_enc( 4919): 
01-01 08:05:29.045 E/sample_enc( 4919): =======================================================
01-01 08:05:29.045 E/sample_enc( 4919): -------> save file: /sdcard/1.jpg OK. n
01-01 08:05:29.045 E/sample_enc( 4919): =======================================================
01-01 08:05:29.400 D/AndroidRuntime( 4925): 
01-01 08:05:29.400 D/AndroidRuntime( 4925): >>>>>> AndroidRuntime START com.android.internal.os.RuntimeInit <<<<<<
01-01 08:05:29.402 D/AndroidRuntime( 4925): CheckJNI is OFF
01-01 08:05:29.405 D/dalvikvm( 4925): Unable to stat classpath element '/system/framework/telephony-common.jar'
01-01 08:05:29.406 D/dalvikvm( 4925): Unable to stat classpath element '/system/framework/mms-common.jar'
01-01 08:05:29.412 D/dalvikvm( 4925): Trying to load lib libjavacore.so 0x0
01-01 08:05:29.414 D/dalvikvm( 4925): Added shared lib libjavacore.so 0x0
01-01 08:05:29.417 D/dalvikvm( 4925): Trying to load lib libnativehelper.so 0x0
01-01 08:05:29.418 D/dalvikvm( 4925): Added shared lib libnativehelper.so 0x0
01-01 08:05:29.418 D/dalvikvm( 4925): No JNI_OnLoad found in libnativehelper.so 0x0, skipping init
01-01 08:05:29.433 E/cutils-trace( 4925): Error opening trace file: No such file or directory (2)
01-01 08:05:29.446 D/dalvikvm( 4925): Note: class Landroid/app/ActivityManagerNative; has 179 unimplemented (abstract) methods
01-01 08:05:29.592 E/memtrack( 4925): Couldn't load memtrack module (No such file or directory)
01-01 08:05:29.592 E/android.os.Debug( 4925): failed to load memtrack module: -2
01-01 08:05:29.593 I/EthernetJNI( 4925): Loading ethernet jni class
01-01 08:05:29.638 D/AndroidRuntime( 4925): Calling main entry com.android.commands.input.Input
01-01 08:05:29.639 I/Input   ( 4925): injectKeyEvent: KeyEvent { action=ACTION_DOWN, keyCode=KEYCODE_DPAD_LEFT, scanCode=0, metaState=0, flags=0x0, repeatCount=0, eventTime=331867, downTime=331867, deviceId=-1, source=0x101 }
01-01 08:05:29.642 D/WindowManager( 2078): interceptKeyTq keycode=21 screenIsOn=true keyguardActive=false policyFlags=b000000 isWakeKey=false
01-01 08:05:29.643 D/RemoteIME( 2282): keycode: 21, realAction: false
01-01 08:05:29.644 W/FocusedRelativeLayout.onKeyDown(L:390)( 2432): onKeyDown select view is null
01-01 08:05:29.645 I/Input   ( 4925): injectKeyEvent: KeyEvent { action=ACTION_UP, keyCode=KEYCODE_DPAD_LEFT, scanCode=0, metaState=0, flags=0x0, repeatCount=0, eventTime=331867, downTime=331867, deviceId=-1, source=0x101 }
01-01 08:05:29.646 D/WindowManager( 2078): interceptKeyTq keycode=21 screenIsOn=true keyguardActive=false policyFlags=b000000 isWakeKey=false
01-01 08:05:29.646 D/AudioPolicyManagerBase( 1592): startOutput() output 2, stream 1, session 14
01-01 08:05:29.646 D/AudioPolicyManagerBase( 1592): startoutput ->setOutputDevice
01-01 08:05:29.646 D/AudioPolicyManagerBase( 1592): AudioPolicyManagerBase::checkAndSetVolume 8,0.191346
01-01 08:05:29.646 D/RemoteIME( 2282): keycode: 21, realAction: true
01-01 08:05:29.647 D/AndroidRuntime( 4925): Shutting down VM
01-01 08:05:29.650 D/dalvikvm( 4925): GC_CONCURRENT freed 98K, 16% free 569K/672K, paused 0ms+1ms, total 2ms
01-01 08:05:29.659 W/System.err( 2397): java.net.SocketTimeoutException
01-01 08:05:29.659 W/System.err( 2397): 	at libcore.io.IoBridge.maybeThrowAfterRecvfrom(IoBridge.java:551)
01-01 08:05:29.659 W/System.err( 2397): 	at libcore.io.IoBridge.recvfrom(IoBridge.java:509)
01-01 08:05:29.659 W/System.err( 2397): 	at java.net.PlainDatagramSocketImpl.doRecv(PlainDatagramSocketImpl.java:161)
01-01 08:05:29.659 W/System.err( 2397): 	at java.net.PlainDatagramSocketImpl.receive(PlainDatagramSocketImpl.java:169)
01-01 08:05:29.659 W/System.err( 2397): 	at java.net.DatagramSocket.receive(DatagramSocket.java:250)
01-01 08:05:29.659 W/System.err( 2397): 	at utils.UdpReceiverService$1.run(UdpReceiverService.java:53)
01-01 08:05:29.659 W/System.err( 2397): Caused by: libcore.io.ErrnoException: recvfrom failed: EAGAIN (Try again)
01-01 08:05:29.659 W/System.err( 2397): 	at libcore.io.Posix.recvfromBytes(Native Method)
01-01 08:05:29.659 W/System.err( 2397): 	at libcore.io.Posix.recvfrom(Posix.java:141)
01-01 08:05:29.659 W/System.err( 2397): 	at libcore.io.BlockGuardOs.recvfrom(BlockGuardOs.java:164)
01-01 08:05:29.659 W/System.err( 2397): 	at libcore.io.IoBridge.recvfrom(IoBridge.java:506)
01-01 08:05:29.659 W/System.err( 2397): 	... 4 more
01-01 08:05:30.151 E/sample_enc( 4937): 
01-01 08:05:30.151 E/sample_enc( 4937): =======================================================
01-01 08:05:30.151 E/sample_enc( 4937): -------> save file: /sdcard/1.jpg OK. n
01-01 08:05:30.151 E/sample_enc( 4937): =======================================================
01-01 08:05:31.120 E/sample_enc( 4943): 
01-01 08:05:31.120 E/sample_enc( 4943): =======================================================
01-01 08:05:31.120 E/sample_enc( 4943): -------> save file: /sdcard/1.jpg OK. n
01-01 08:05:31.120 E/sample_enc( 4943): =======================================================
01-01 08:05:31.660 W/System.err( 2397): java.net.SocketTimeoutException
01-01 08:05:31.660 W/System.err( 2397): 	at libcore.io.IoBridge.maybeThrowAfterRecvfrom(IoBridge.java:551)
01-01 08:05:31.660 W/System.err( 2397): 	at libcore.io.IoBridge.recvfrom(IoBridge.java:509)
01-01 08:05:31.660 W/System.err( 2397): 	at java.net.PlainDatagramSocketImpl.doRecv(PlainDatagramSocketImpl.java:161)
01-01 08:05:31.661 W/System.err( 2397): 	at java.net.PlainDatagramSocketImpl.receive(PlainDatagramSocketImpl.java:169)
01-01 08:05:31.661 W/System.err( 2397): 	at java.net.DatagramSocket.receive(DatagramSocket.java:250)
01-01 08:05:31.661 W/System.err( 2397): 	at utils.UdpReceiverService$1.run(UdpReceiverService.java:53)
01-01 08:05:31.661 W/System.err( 2397): Caused by: libcore.io.ErrnoException: recvfrom failed: EAGAIN (Try again)
01-01 08:05:31.661 W/System.err( 2397): 	at libcore.io.Posix.recvfromBytes(Native Method)
01-01 08:05:31.661 W/System.err( 2397): 	at libcore.io.Posix.recvfrom(Posix.java:141)
01-01 08:05:31.662 W/System.err( 2397): 	at libcore.io.BlockGuardOs.recvfrom(BlockGuardOs.java:164)
01-01 08:05:31.662 W/System.err( 2397): 	at libcore.io.IoBridge.recvfrom(IoBridge.java:506)
01-01 08:05:31.662 W/System.err( 2397): 	... 4 more
01-01 08:05:33.662 W/System.err( 2397): java.net.SocketTimeoutException
01-01 08:05:33.662 W/System.err( 2397): 	at libcore.io.IoBridge.maybeThrowAfterRecvfrom(IoBridge.java:551)
01-01 08:05:33.662 W/System.err( 2397): 	at libcore.io.IoBridge.recvfrom(IoBridge.java:509)
01-01 08:05:33.662 W/System.err( 2397): 	at java.net.PlainDatagramSocketImpl.doRecv(PlainDatagramSocketImpl.java:161)
01-01 08:05:33.663 W/System.err( 2397): 	at java.net.PlainDatagramSocketImpl.receive(PlainDatagramSocketImpl.java:169)
01-01 08:05:33.663 W/System.err( 2397): 	at java.net.DatagramSocket.receive(DatagramSocket.java:250)
01-01 08:05:33.663 W/System.err( 2397): 	at utils.UdpReceiverService$1.run(UdpReceiverService.java:53)
01-01 08:05:33.663 W/System.err( 2397): Caused by: libcore.io.ErrnoException: recvfrom failed: EAGAIN (Try again)
01-01 08:05:33.663 W/System.err( 2397): 	at libcore.io.Posix.recvfromBytes(Native Method)
01-01 08:05:33.664 W/System.err( 2397): 	at libcore.io.Posix.recvfrom(Posix.java:141)
01-01 08:05:33.664 W/System.err( 2397): 	at libcore.io.BlockGuardOs.recvfrom(BlockGuardOs.java:164)
01-01 08:05:33.664 W/System.err( 2397): 	at libcore.io.IoBridge.recvfrom(IoBridge.java:506)
01-01 08:05:33.664 W/System.err( 2397): 	... 4 more
01-01 08:05:35.664 W/System.err( 2397): java.net.SocketTimeoutException
01-01 08:05:35.664 W/System.err( 2397): 	at libcore.io.IoBridge.maybeThrowAfterRecvfrom(IoBridge.java:551)
01-01 08:05:35.664 W/System.err( 2397): 	at libcore.io.IoBridge.recvfrom(IoBridge.java:509)
01-01 08:05:35.665 W/System.err( 2397): 	at java.net.PlainDatagramSocketImpl.doRecv(PlainDatagramSocketImpl.java:161)
01-01 08:05:35.665 W/System.err( 2397): 	at java.net.PlainDatagramSocketImpl.receive(PlainDatagramSocketImpl.java:169)
01-01 08:05:35.665 W/System.err( 2397): 	at java.net.DatagramSocket.receive(DatagramSocket.java:250)
01-01 08:05:35.665 W/System.err( 2397): 	at utils.UdpReceiverService$1.run(UdpReceiverService.java:53)
01-01 08:05:35.665 W/System.err( 2397): Caused by: libcore.io.ErrnoException: recvfrom failed: EAGAIN (Try again)
01-01 08:05:35.666 W/System.err( 2397): 	at libcore.io.Posix.recvfromBytes(Native Method)
01-01 08:05:35.666 W/System.err( 2397): 	at libcore.io.Posix.recvfrom(Posix.java:141)
01-01 08:05:35.666 W/System.err( 2397): 	at libcore.io.BlockGuardOs.recvfrom(BlockGuardOs.java:164)
01-01 08:05:35.666 W/System.err( 2397): 	at libcore.io.IoBridge.recvfrom(IoBridge.java:506)
01-01 08:05:35.666 W/System.err( 2397): 	... 4 more
01-01 08:05:37.666 W/System.err( 2397): java.net.SocketTimeoutException
01-01 08:05:37.666 W/System.err( 2397): 	at libcore.io.IoBridge.maybeThrowAfterRecvfrom(IoBridge.java:551)
01-01 08:05:37.666 W/System.err( 2397): 	at libcore.io.IoBridge.recvfrom(IoBridge.java:509)
01-01 08:05:37.666 W/System.err( 2397): 	at java.net.PlainDatagramSocketImpl.doRecv(PlainDatagramSocketImpl.java:161)
01-01 08:05:37.667 W/System.err( 2397): 	at java.net.PlainDatagramSocketImpl.receive(PlainDatagramSocketImpl.java:169)
01-01 08:05:37.667 W/System.err( 2397): 	at java.net.DatagramSocket.receive(DatagramSocket.java:250)
01-01 08:05:37.667 W/System.err( 2397): 	at utils.UdpReceiverService$1.run(UdpReceiverService.java:53)
01-01 08:05:37.667 W/System.err( 2397): Caused by: libcore.io.ErrnoException: recvfrom failed: EAGAIN (Try again)
01-01 08:05:37.667 W/System.err( 2397): 	at libcore.io.Posix.recvfromBytes(Native Method)
01-01 08:05:37.667 W/System.err( 2397): 	at libcore.io.Posix.recvfrom(Posix.java:141)
01-01 08:05:37.668 W/System.err( 2397): 	at libcore.io.BlockGuardOs.recvfrom(BlockGuardOs.java:164)
01-01 08:05:37.668 W/System.err( 2397): 	at libcore.io.IoBridge.recvfrom(IoBridge.java:506)
01-01 08:05:37.668 W/System.err( 2397): 	... 4 more
01-01 08:05:39.668 W/System.err( 2397): java.net.SocketTimeoutException
01-01 08:05:39.668 W/System.err( 2397): 	at libcore.io.IoBridge.maybeThrowAfterRecvfrom(IoBridge.java:551)
01-01 08:05:39.668 W/System.err( 2397): 	at libcore.io.IoBridge.recvfrom(IoBridge.java:509)
01-01 08:05:39.668 W/System.err( 2397): 	at java.net.PlainDatagramSocketImpl.doRecv(PlainDatagramSocketImpl.java:161)
01-01 08:05:39.669 W/System.err( 2397): 	at java.net.PlainDatagramSocketImpl.receive(PlainDatagramSocketImpl.java:169)
01-01 08:05:39.669 W/System.err( 2397): 	at java.net.DatagramSocket.receive(DatagramSocket.java:250)
01-01 08:05:39.669 W/System.err( 2397): 	at utils.UdpReceiverService$1.run(UdpReceiverService.java:53)
01-01 08:05:39.669 W/System.err( 2397): Caused by: libcore.io.ErrnoException: recvfrom failed: EAGAIN (Try again)
01-01 08:05:39.669 W/System.err( 2397): 	at libcore.io.Posix.recvfromBytes(Native Method)
01-01 08:05:39.670 W/System.err( 2397): 	at libcore.io.Posix.recvfrom(Posix.java:141)
01-01 08:05:39.670 W/System.err( 2397): 	at libcore.io.BlockGuardOs.recvfrom(BlockGuardOs.java:164)
01-01 08:05:39.670 W/System.err( 2397): 	at libcore.io.IoBridge.recvfrom(IoBridge.java:506)
01-01 08:05:39.670 W/System.err( 2397): 	... 4 more
01-01 08:05:41.670 W/System.err( 2397): java.net.SocketTimeoutException
01-01 08:05:41.670 W/System.err( 2397): 	at libcore.io.IoBridge.maybeThrowAfterRecvfrom(IoBridge.java:551)
01-01 08:05:41.670 W/System.err( 2397): 	at libcore.io.IoBridge.recvfrom(IoBridge.java:509)
01-01 08:05:41.670 W/System.err( 2397): 	at java.net.PlainDatagramSocketImpl.doRecv(PlainDatagramSocketImpl.java:161)
01-01 08:05:41.671 W/System.err( 2397): 	at java.net.PlainDatagramSocketImpl.receive(PlainDatagramSocketImpl.java:169)
01-01 08:05:41.671 W/System.err( 2397): 	at java.net.DatagramSocket.receive(DatagramSocket.java:250)
01-01 08:05:41.671 W/System.err( 2397): 	at utils.UdpReceiverService$1.run(UdpReceiverService.java:53)
01-01 08:05:41.671 W/System.err( 2397): Caused by: libcore.io.ErrnoException: recvfrom failed: EAGAIN (Try again)
01-01 08:05:41.671 W/System.err( 2397): 	at libcore.io.Posix.recvfromBytes(Native Method)
01-01 08:05:41.672 W/System.err( 2397): 	at libcore.io.Posix.recvfrom(Posix.java:141)
01-01 08:05:41.672 W/System.err( 2397): 	at libcore.io.BlockGuardOs.recvfrom(BlockGuardOs.java:164)
01-01 08:05:41.672 W/System.err( 2397): 	at libcore.io.IoBridge.recvfrom(IoBridge.java:506)
01-01 08:05:41.672 W/System.err( 2397): 	... 4 more
01-01 08:05:43.672 W/System.err( 2397): java.net.SocketTimeoutException
01-01 08:05:43.672 W/System.err( 2397): 	at libcore.io.IoBridge.maybeThrowAfterRecvfrom(IoBridge.java:551)
01-01 08:05:43.672 W/System.err( 2397): 	at libcore.io.IoBridge.recvfrom(IoBridge.java:509)
01-01 08:05:43.672 W/System.err( 2397): 	at java.net.PlainDatagramSocketImpl.doRecv(PlainDatagramSocketImpl.java:161)
01-01 08:05:43.673 W/System.err( 2397): 	at java.net.PlainDatagramSocketImpl.receive(PlainDatagramSocketImpl.java:169)
01-01 08:05:43.673 W/System.err( 2397): 	at java.net.DatagramSocket.receive(DatagramSocket.java:250)
01-01 08:05:43.673 W/System.err( 2397): 	at utils.UdpReceiverService$1.run(UdpReceiverService.java:53)
01-01 08:05:43.673 W/System.err( 2397): Caused by: libcore.io.ErrnoException: recvfrom failed: EAGAIN (Try again)
01-01 08:05:43.673 W/System.err( 2397): 	at libcore.io.Posix.recvfromBytes(Native Method)
01-01 08:05:43.673 W/System.err( 2397): 	at libcore.io.Posix.recvfrom(Posix.java:141)
01-01 08:05:43.674 W/System.err( 2397): 	at libcore.io.BlockGuardOs.recvfrom(BlockGuardOs.java:164)
01-01 08:05:43.674 W/System.err( 2397): 	at libcore.io.IoBridge.recvfrom(IoBridge.java:506)
01-01 08:05:43.674 W/System.err( 2397): 	... 4 more
01-01 08:05:45.674 W/System.err( 2397): java.net.SocketTimeoutException
01-01 08:05:45.674 W/System.err( 2397): 	at libcore.io.IoBridge.maybeThrowAfterRecvfrom(IoBridge.java:551)
01-01 08:05:45.674 W/System.err( 2397): 	at libcore.io.IoBridge.recvfrom(IoBridge.java:509)
01-01 08:05:45.674 W/System.err( 2397): 	at java.net.PlainDatagramSocketImpl.doRecv(PlainDatagramSocketImpl.java:161)
01-01 08:05:45.675 W/System.err( 2397): 	at java.net.PlainDatagramSocketImpl.receive(PlainDatagramSocketImpl.java:169)
01-01 08:05:45.675 W/System.err( 2397): 	at java.net.DatagramSocket.receive(DatagramSocket.java:250)
01-01 08:05:45.675 W/System.err( 2397): 	at utils.UdpReceiverService$1.run(UdpReceiverService.java:53)
01-01 08:05:45.675 W/System.err( 2397): Caused by: libcore.io.ErrnoException: recvfrom failed: EAGAIN (Try again)
01-01 08:05:45.675 W/System.err( 2397): 	at libcore.io.Posix.recvfromBytes(Native Method)
01-01 08:05:45.675 W/System.err( 2397): 	at libcore.io.Posix.recvfrom(Posix.java:141)
01-01 08:05:45.676 W/System.err( 2397): 	at libcore.io.BlockGuardOs.recvfrom(BlockGuardOs.java:164)
01-01 08:05:45.676 W/System.err( 2397): 	at libcore.io.IoBridge.recvfrom(IoBridge.java:506)
01-01 08:05:45.676 W/System.err( 2397): 	... 4 more
01-01 08:05:47.676 W/System.err( 2397): java.net.SocketTimeoutException
01-01 08:05:47.676 W/System.err( 2397): 	at libcore.io.IoBridge.maybeThrowAfterRecvfrom(IoBridge.java:551)
01-01 08:05:47.676 W/System.err( 2397): 	at libcore.io.IoBridge.recvfrom(IoBridge.java:509)
01-01 08:05:47.676 W/System.err( 2397): 	at java.net.PlainDatagramSocketImpl.doRecv(PlainDatagramSocketImpl.java:161)
01-01 08:05:47.677 W/System.err( 2397): 	at java.net.PlainDatagramSocketImpl.receive(PlainDatagramSocketImpl.java:169)
01-01 08:05:47.677 W/System.err( 2397): 	at java.net.DatagramSocket.receive(DatagramSocket.java:250)
01-01 08:05:47.677 W/System.err( 2397): 	at utils.UdpReceiverService$1.run(UdpReceiverService.java:53)
01-01 08:05:47.677 W/System.err( 2397): Caused by: libcore.io.ErrnoException: recvfrom failed: EAGAIN (Try again)
01-01 08:05:47.677 W/System.err( 2397): 	at libcore.io.Posix.recvfromBytes(Native Method)
01-01 08:05:47.677 W/System.err( 2397): 	at libcore.io.Posix.recvfrom(Posix.java:141)
01-01 08:05:47.678 W/System.err( 2397): 	at libcore.io.BlockGuardOs.recvfrom(BlockGuardOs.java:164)
01-01 08:05:47.678 W/System.err( 2397): 	at libcore.io.IoBridge.recvfrom(IoBridge.java:506)
01-01 08:05:47.678 W/System.err( 2397): 	... 4 more
01-01 08:05:49.678 W/System.err( 2397): java.net.SocketTimeoutException
01-01 08:05:49.678 W/System.err( 2397): 	at libcore.io.IoBridge.maybeThrowAfterRecvfrom(IoBridge.java:551)
01-01 08:05:49.679 W/System.err( 2397): 	at libcore.io.IoBridge.recvfrom(IoBridge.java:509)
01-01 08:05:49.679 W/System.err( 2397): 	at java.net.PlainDatagramSocketImpl.doRecv(PlainDatagramSocketImpl.java:161)
01-01 08:05:49.679 W/System.err( 2397): 	at java.net.PlainDatagramSocketImpl.receive(PlainDatagramSocketImpl.java:169)
01-01 08:05:49.680 W/System.err( 2397): 	at java.net.DatagramSocket.receive(DatagramSocket.java:250)
01-01 08:05:49.680 W/System.err( 2397): 	at utils.UdpReceiverService$1.run(UdpReceiverService.java:53)
01-01 08:05:49.680 W/System.err( 2397): Caused by: libcore.io.ErrnoException: recvfrom failed: EAGAIN (Try again)
01-01 08:05:49.681 W/System.err( 2397): 	at libcore.io.Posix.recvfromBytes(Native Method)
01-01 08:05:49.681 W/System.err( 2397): 	at libcore.io.Posix.recvfrom(Posix.java:141)
01-01 08:05:49.682 W/System.err( 2397): 	at libcore.io.BlockGuardOs.recvfrom(BlockGuardOs.java:164)
01-01 08:05:49.682 W/System.err( 2397): 	at libcore.io.IoBridge.recvfrom(IoBridge.java:506)
01-01 08:05:49.682 W/System.err( 2397): 	... 4 more
01-01 08:05:51.683 W/System.err( 2397): java.net.SocketTimeoutException
01-01 08:05:51.683 W/System.err( 2397): 	at libcore.io.IoBridge.maybeThrowAfterRecvfrom(IoBridge.java:551)
01-01 08:05:51.684 W/System.err( 2397): 	at libcore.io.IoBridge.recvfrom(IoBridge.java:509)
01-01 08:05:51.684 W/System.err( 2397): 	at java.net.PlainDatagramSocketImpl.doRecv(PlainDatagramSocketImpl.java:161)
01-01 08:05:51.684 W/System.err( 2397): 	at java.net.PlainDatagramSocketImpl.receive(PlainDatagramSocketImpl.java:169)
01-01 08:05:51.684 W/System.err( 2397): 	at java.net.DatagramSocket.receive(DatagramSocket.java:250)
01-01 08:05:51.685 W/System.err( 2397): 	at utils.UdpReceiverService$1.run(UdpReceiverService.java:53)
01-01 08:05:51.685 W/System.err( 2397): Caused by: libcore.io.ErrnoException: recvfrom failed: EAGAIN (Try again)
01-01 08:05:51.686 W/System.err( 2397): 	at libcore.io.Posix.recvfromBytes(Native Method)
01-01 08:05:51.686 W/System.err( 2397): 	at libcore.io.Posix.recvfrom(Posix.java:141)
01-01 08:05:51.686 W/System.err( 2397): 	at libcore.io.BlockGuardOs.recvfrom(BlockGuardOs.java:164)
01-01 08:05:51.687 W/System.err( 2397): 	at libcore.io.IoBridge.recvfrom(IoBridge.java:506)
01-01 08:05:51.687 W/System.err( 2397): 	... 4 more
01-01 08:05:53.687 W/System.err( 2397): java.net.SocketTimeoutException
01-01 08:05:53.687 W/System.err( 2397): 	at libcore.io.IoBridge.maybeThrowAfterRecvfrom(IoBridge.java:551)
01-01 08:05:53.688 W/System.err( 2397): 	at libcore.io.IoBridge.recvfrom(IoBridge.java:509)
01-01 08:05:53.688 W/System.err( 2397): 	at java.net.PlainDatagramSocketImpl.doRecv(PlainDatagramSocketImpl.java:161)
01-01 08:05:53.688 W/System.err( 2397): 	at java.net.PlainDatagramSocketImpl.receive(PlainDatagramSocketImpl.java:169)
01-01 08:05:53.689 W/System.err( 2397): 	at java.net.DatagramSocket.receive(DatagramSocket.java:250)
01-01 08:05:53.689 W/System.err( 2397): 	at utils.UdpReceiverService$1.run(UdpReceiverService.java:53)
01-01 08:05:53.689 W/System.err( 2397): Caused by: libcore.io.ErrnoException: recvfrom failed: EAGAIN (Try again)
01-01 08:05:53.690 W/System.err( 2397): 	at libcore.io.Posix.recvfromBytes(Native Method)
01-01 08:05:53.690 W/System.err( 2397): 	at libcore.io.Posix.recvfrom(Posix.java:141)
01-01 08:05:53.690 W/System.err( 2397): 	at libcore.io.BlockGuardOs.recvfrom(BlockGuardOs.java:164)
01-01 08:05:53.691 W/System.err( 2397): 	at libcore.io.IoBridge.recvfrom(IoBridge.java:506)
01-01 08:05:53.691 W/System.err( 2397): 	... 4 more
01-01 08:05:55.691 W/System.err( 2397): java.net.SocketTimeoutException
01-01 08:05:55.691 W/System.err( 2397): 	at libcore.io.IoBridge.maybeThrowAfterRecvfrom(IoBridge.java:551)
01-01 08:05:55.692 W/System.err( 2397): 	at libcore.io.IoBridge.recvfrom(IoBridge.java:509)
01-01 08:05:55.692 W/System.err( 2397): 	at java.net.PlainDatagramSocketImpl.doRecv(PlainDatagramSocketImpl.java:161)
01-01 08:05:55.692 W/System.err( 2397): 	at java.net.PlainDatagramSocketImpl.receive(PlainDatagramSocketImpl.java:169)
01-01 08:05:55.693 W/System.err( 2397): 	at java.net.DatagramSocket.receive(DatagramSocket.java:250)
01-01 08:05:55.693 W/System.err( 2397): 	at utils.UdpReceiverService$1.run(UdpReceiverService.java:53)
01-01 08:05:55.693 W/System.err( 2397): Caused by: libcore.io.ErrnoException: recvfrom failed: EAGAIN (Try again)
01-01 08:05:55.694 W/System.err( 2397): 	at libcore.io.Posix.recvfromBytes(Native Method)
01-01 08:05:55.694 W/System.err( 2397): 	at libcore.io.Posix.recvfrom(Posix.java:141)
01-01 08:05:55.694 W/System.err( 2397): 	at libcore.io.BlockGuardOs.recvfrom(BlockGuardOs.java:164)
01-01 08:05:55.695 W/System.err( 2397): 	at libcore.io.IoBridge.recvfrom(IoBridge.java:506)
01-01 08:05:55.695 W/System.err( 2397): 	... 4 more
01-01 08:05:57.695 W/System.err( 2397): java.net.SocketTimeoutException
01-01 08:05:57.695 W/System.err( 2397): 	at libcore.io.IoBridge.maybeThrowAfterRecvfrom(IoBridge.java:551)
01-01 08:05:57.696 W/System.err( 2397): 	at libcore.io.IoBridge.recvfrom(IoBridge.java:509)
01-01 08:05:57.696 W/System.err( 2397): 	at java.net.PlainDatagramSocketImpl.doRecv(PlainDatagramSocketImpl.java:161)
01-01 08:05:57.696 W/System.err( 2397): 	at java.net.PlainDatagramSocketImpl.receive(PlainDatagramSocketImpl.java:169)
01-01 08:05:57.696 W/System.err( 2397): 	at java.net.DatagramSocket.receive(DatagramSocket.java:250)
01-01 08:05:57.697 W/System.err( 2397): 	at utils.UdpReceiverService$1.run(UdpReceiverService.java:53)
01-01 08:05:57.697 W/System.err( 2397): Caused by: libcore.io.ErrnoException: recvfrom failed: EAGAIN (Try again)
01-01 08:05:57.698 W/System.err( 2397): 	at libcore.io.Posix.recvfromBytes(Native Method)
01-01 08:05:57.698 W/System.err( 2397): 	at libcore.io.Posix.recvfrom(Posix.java:141)
01-01 08:05:57.698 W/System.err( 2397): 	at libcore.io.BlockGuardOs.recvfrom(BlockGuardOs.java:164)
01-01 08:05:57.698 W/System.err( 2397): 	at libcore.io.IoBridge.recvfrom(IoBridge.java:506)
01-01 08:05:57.699 W/System.err( 2397): 	... 4 more
01-01 08:05:59.699 W/System.err( 2397): java.net.SocketTimeoutException
01-01 08:05:59.699 W/System.err( 2397): 	at libcore.io.IoBridge.maybeThrowAfterRecvfrom(IoBridge.java:551)
01-01 08:05:59.700 W/System.err( 2397): 	at libcore.io.IoBridge.recvfrom(IoBridge.java:509)
01-01 08:05:59.700 W/System.err( 2397): 	at java.net.PlainDatagramSocketImpl.doRecv(PlainDatagramSocketImpl.java:161)
01-01 08:05:59.700 W/System.err( 2397): 	at java.net.PlainDatagramSocketImpl.receive(PlainDatagramSocketImpl.java:169)
01-01 08:05:59.701 W/System.err( 2397): 	at java.net.DatagramSocket.receive(DatagramSocket.java:250)
01-01 08:05:59.701 W/System.err( 2397): 	at utils.UdpReceiverService$1.run(UdpReceiverService.java:53)
01-01 08:05:59.701 W/System.err( 2397): Caused by: libcore.io.ErrnoException: recvfrom failed: EAGAIN (Try again)
01-01 08:05:59.702 W/System.err( 2397): 	at libcore.io.Posix.recvfromBytes(Native Method)
01-01 08:05:59.702 W/System.err( 2397): 	at libcore.io.Posix.recvfrom(Posix.java:141)
01-01 08:05:59.702 W/System.err( 2397): 	at libcore.io.BlockGuardOs.recvfrom(BlockGuardOs.java:164)
01-01 08:05:59.703 W/System.err( 2397): 	at libcore.io.IoBridge.recvfrom(IoBridge.java:506)
01-01 08:05:59.703 W/System.err( 2397): 	... 4 more
01-01 08:06:01.704 W/System.err( 2397): java.net.SocketTimeoutException
01-01 08:06:01.704 W/System.err( 2397): 	at libcore.io.IoBridge.maybeThrowAfterRecvfrom(IoBridge.java:551)
01-01 08:06:01.704 W/System.err( 2397): 	at libcore.io.IoBridge.recvfrom(IoBridge.java:509)
01-01 08:06:01.705 W/System.err( 2397): 	at java.net.PlainDatagramSocketImpl.doRecv(PlainDatagramSocketImpl.java:161)
01-01 08:06:01.705 W/System.err( 2397): 	at java.net.PlainDatagramSocketImpl.receive(PlainDatagramSocketImpl.java:169)
01-01 08:06:01.705 W/System.err( 2397): 	at java.net.DatagramSocket.receive(DatagramSocket.java:250)
01-01 08:06:01.705 W/System.err( 2397): 	at utils.UdpReceiverService$1.run(UdpReceiverService.java:53)
01-01 08:06:01.705 W/System.err( 2397): Caused by: libcore.io.ErrnoException: recvfrom failed: EAGAIN (Try again)
01-01 08:06:01.705 W/System.err( 2397): 	at libcore.io.Posix.recvfromBytes(Native Method)
01-01 08:06:01.706 W/System.err( 2397): 	at libcore.io.Posix.recvfrom(Posix.java:141)
01-01 08:06:01.706 W/System.err( 2397): 	at libcore.io.BlockGuardOs.recvfrom(BlockGuardOs.java:164)
01-01 08:06:01.706 W/System.err( 2397): 	at libcore.io.IoBridge.recvfrom(IoBridge.java:506)
01-01 08:06:01.706 W/System.err( 2397): 	... 4 more
01-01 08:06:03.706 W/System.err( 2397): java.net.SocketTimeoutException
01-01 08:06:03.706 W/System.err( 2397): 	at libcore.io.IoBridge.maybeThrowAfterRecvfrom(IoBridge.java:551)
01-01 08:06:03.706 W/System.err( 2397): 	at libcore.io.IoBridge.recvfrom(IoBridge.java:509)
01-01 08:06:03.706 W/System.err( 2397): 	at java.net.PlainDatagramSocketImpl.doRecv(PlainDatagramSocketImpl.java:161)
01-01 08:06:03.707 W/System.err( 2397): 	at java.net.PlainDatagramSocketImpl.receive(PlainDatagramSocketImpl.java:169)
01-01 08:06:03.707 W/System.err( 2397): 	at java.net.DatagramSocket.receive(DatagramSocket.java:250)
01-01 08:06:03.707 W/System.err( 2397): 	at utils.UdpReceiverService$1.run(UdpReceiverService.java:53)
01-01 08:06:03.707 W/System.err( 2397): Caused by: libcore.io.ErrnoException: recvfrom failed: EAGAIN (Try again)
01-01 08:06:03.708 W/System.err( 2397): 	at libcore.io.Posix.recvfromBytes(Native Method)
01-01 08:06:03.708 W/System.err( 2397): 	at libcore.io.Posix.recvfrom(Posix.java:141)
01-01 08:06:03.708 W/System.err( 2397): 	at libcore.io.BlockGuardOs.recvfrom(BlockGuardOs.java:164)
01-01 08:06:03.708 W/System.err( 2397): 	at libcore.io.IoBridge.recvfrom(IoBridge.java:506)
01-01 08:06:03.708 W/System.err( 2397): 	... 4 more
01-01 08:06:05.708 W/System.err( 2397): java.net.SocketTimeoutException
01-01 08:06:05.708 W/System.err( 2397): 	at libcore.io.IoBridge.maybeThrowAfterRecvfrom(IoBridge.java:551)
01-01 08:06:05.708 W/System.err( 2397): 	at libcore.io.IoBridge.recvfrom(IoBridge.java:509)
01-01 08:06:05.708 W/System.err( 2397): 	at java.net.PlainDatagramSocketImpl.doRecv(PlainDatagramSocketImpl.java:161)
01-01 08:06:05.709 W/System.err( 2397): 	at java.net.PlainDatagramSocketImpl.receive(PlainDatagramSocketImpl.java:169)
01-01 08:06:05.709 W/System.err( 2397): 	at java.net.DatagramSocket.receive(DatagramSocket.java:250)
01-01 08:06:05.709 W/System.err( 2397): 	at utils.UdpReceiverService$1.run(UdpReceiverService.java:53)
01-01 08:06:05.709 W/System.err( 2397): Caused by: libcore.io.ErrnoException: recvfrom failed: EAGAIN (Try again)
01-01 08:06:05.710 W/System.err( 2397): 	at libcore.io.Posix.recvfromBytes(Native Method)
01-01 08:06:05.710 W/System.err( 2397): 	at libcore.io.Posix.recvfrom(Posix.java:141)
01-01 08:06:05.710 W/System.err( 2397): 	at libcore.io.BlockGuardOs.recvfrom(BlockGuardOs.java:164)
01-01 08:06:05.710 W/System.err( 2397): 	at libcore.io.IoBridge.recvfrom(IoBridge.java:506)
01-01 08:06:05.710 W/System.err( 2397): 	... 4 more
01-01 08:06:07.710 W/System.err( 2397): java.net.SocketTimeoutException
01-01 08:06:07.710 W/System.err( 2397): 	at libcore.io.IoBridge.maybeThrowAfterRecvfrom(IoBridge.java:551)
01-01 08:06:07.710 W/System.err( 2397): 	at libcore.io.IoBridge.recvfrom(IoBridge.java:509)
01-01 08:06:07.711 W/System.err( 2397): 	at java.net.PlainDatagramSocketImpl.doRecv(PlainDatagramSocketImpl.java:161)
01-01 08:06:07.711 W/System.err( 2397): 	at java.net.PlainDatagramSocketImpl.receive(PlainDatagramSocketImpl.java:169)
01-01 08:06:07.711 W/System.err( 2397): 	at java.net.DatagramSocket.receive(DatagramSocket.java:250)
01-01 08:06:07.711 W/System.err( 2397): 	at utils.UdpReceiverService$1.run(UdpReceiverService.java:53)
01-01 08:06:07.711 W/System.err( 2397): Caused by: libcore.io.ErrnoException: recvfrom failed: EAGAIN (Try again)
01-01 08:06:07.711 W/System.err( 2397): 	at libcore.io.Posix.recvfromBytes(Native Method)
01-01 08:06:07.712 W/System.err( 2397): 	at libcore.io.Posix.recvfrom(Posix.java:141)
01-01 08:06:07.712 W/System.err( 2397): 	at libcore.io.BlockGuardOs.recvfrom(BlockGuardOs.java:164)
01-01 08:06:07.712 W/System.err( 2397): 	at libcore.io.IoBridge.recvfrom(IoBridge.java:506)
01-01 08:06:07.712 W/System.err( 2397): 	... 4 more
01-01 08:06:09.712 W/System.err( 2397): java.net.SocketTimeoutException
01-01 08:06:09.712 W/System.err( 2397): 	at libcore.io.IoBridge.maybeThrowAfterRecvfrom(IoBridge.java:551)
01-01 08:06:09.712 W/System.err( 2397): 	at libcore.io.IoBridge.recvfrom(IoBridge.java:509)
01-01 08:06:09.712 W/System.err( 2397): 	at java.net.PlainDatagramSocketImpl.doRecv(PlainDatagramSocketImpl.java:161)
01-01 08:06:09.713 W/System.err( 2397): 	at java.net.PlainDatagramSocketImpl.receive(PlainDatagramSocketImpl.java:169)
01-01 08:06:09.713 W/System.err( 2397): 	at java.net.DatagramSocket.receive(DatagramSocket.java:250)
01-01 08:06:09.713 W/System.err( 2397): 	at utils.UdpReceiverService$1.run(UdpReceiverService.java:53)
01-01 08:06:09.713 W/System.err( 2397): Caused by: libcore.io.ErrnoException: recvfrom failed: EAGAIN (Try again)
01-01 08:06:09.713 W/System.err( 2397): 	at libcore.io.Posix.recvfromBytes(Native Method)
01-01 08:06:09.714 W/System.err( 2397): 	at libcore.io.Posix.recvfrom(Posix.java:141)
01-01 08:06:09.714 W/System.err( 2397): 	at libcore.io.BlockGuardOs.recvfrom(BlockGuardOs.java:164)
01-01 08:06:09.714 W/System.err( 2397): 	at libcore.io.IoBridge.recvfrom(IoBridge.java:506)
01-01 08:06:09.714 W/System.err( 2397): 	... 4 more
01-01 08:06:11.714 W/System.err( 2397): java.net.SocketTimeoutException
01-01 08:06:11.714 W/System.err( 2397): 	at libcore.io.IoBridge.maybeThrowAfterRecvfrom(IoBridge.java:551)
01-01 08:06:11.714 W/System.err( 2397): 	at libcore.io.IoBridge.recvfrom(IoBridge.java:509)
01-01 08:06:11.714 W/System.err( 2397): 	at java.net.PlainDatagramSocketImpl.doRecv(PlainDatagramSocketImpl.java:161)
01-01 08:06:11.714 W/System.err( 2397): 	at java.net.PlainDatagramSocketImpl.receive(PlainDatagramSocketImpl.java:169)
01-01 08:06:11.714 W/System.err( 2397): 	at java.net.DatagramSocket.receive(DatagramSocket.java:250)
01-01 08:06:11.714 W/System.err( 2397): 	at utils.UdpReceiverService$1.run(UdpReceiverService.java:53)
01-01 08:06:11.714 W/System.err( 2397): Caused by: libcore.io.ErrnoException: recvfrom failed: EAGAIN (Try again)
01-01 08:06:11.714 W/System.err( 2397): 	at libcore.io.Posix.recvfromBytes(Native Method)
01-01 08:06:11.714 W/System.err( 2397): 	at libcore.io.Posix.recvfrom(Posix.java:141)
01-01 08:06:11.714 W/System.err( 2397): 	at libcore.io.BlockGuardOs.recvfrom(BlockGuardOs.java:164)
01-01 08:06:11.714 W/System.err( 2397): 	at libcore.io.IoBridge.recvfrom(IoBridge.java:506)
01-01 08:06:11.714 W/System.err( 2397): 	... 4 more
01-01 08:06:13.715 W/System.err( 2397): java.net.SocketTimeoutException
01-01 08:06:13.715 W/System.err( 2397): 	at libcore.io.IoBridge.maybeThrowAfterRecvfrom(IoBridge.java:551)
01-01 08:06:13.716 W/System.err( 2397): 	at libcore.io.IoBridge.recvfrom(IoBridge.java:509)
01-01 08:06:13.716 W/System.err( 2397): 	at java.net.PlainDatagramSocketImpl.doRecv(PlainDatagramSocketImpl.java:161)
01-01 08:06:13.717 W/System.err( 2397): 	at java.net.PlainDatagramSocketImpl.receive(PlainDatagramSocketImpl.java:169)
01-01 08:06:13.717 W/System.err( 2397): 	at java.net.DatagramSocket.receive(DatagramSocket.java:250)
01-01 08:06:13.718 W/System.err( 2397): 	at utils.UdpReceiverService$1.run(UdpReceiverService.java:53)
01-01 08:06:13.718 W/System.err( 2397): Caused by: libcore.io.ErrnoException: recvfrom failed: EAGAIN (Try again)
01-01 08:06:13.719 W/System.err( 2397): 	at libcore.io.Posix.recvfromBytes(Native Method)
01-01 08:06:13.719 W/System.err( 2397): 	at libcore.io.Posix.recvfrom(Posix.java:141)
01-01 08:06:13.720 W/System.err( 2397): 	at libcore.io.BlockGuardOs.recvfrom(BlockGuardOs.java:164)
01-01 08:06:13.720 W/System.err( 2397): 	at libcore.io.IoBridge.recvfrom(IoBridge.java:506)
01-01 08:06:13.721 W/System.err( 2397): 	... 4 more
01-01 08:06:15.721 W/System.err( 2397): java.net.SocketTimeoutException
01-01 08:06:15.721 W/System.err( 2397): 	at libcore.io.IoBridge.maybeThrowAfterRecvfrom(IoBridge.java:551)
01-01 08:06:15.722 W/System.err( 2397): 	at libcore.io.IoBridge.recvfrom(IoBridge.java:509)
01-01 08:06:15.722 W/System.err( 2397): 	at java.net.PlainDatagramSocketImpl.doRecv(PlainDatagramSocketImpl.java:161)
01-01 08:06:15.722 W/System.err( 2397): 	at java.net.PlainDatagramSocketImpl.receive(PlainDatagramSocketImpl.java:169)
01-01 08:06:15.723 W/System.err( 2397): 	at java.net.DatagramSocket.receive(DatagramSocket.java:250)
01-01 08:06:15.723 W/System.err( 2397): 	at utils.UdpReceiverService$1.run(UdpReceiverService.java:53)
01-01 08:06:15.724 W/System.err( 2397): Caused by: libcore.io.ErrnoException: recvfrom failed: EAGAIN (Try again)
01-01 08:06:15.724 W/System.err( 2397): 	at libcore.io.Posix.recvfromBytes(Native Method)
01-01 08:06:15.725 W/System.err( 2397): 	at libcore.io.Posix.recvfrom(Posix.java:141)
01-01 08:06:15.729 W/System.err( 2397): 	at libcore.io.BlockGuardOs.recvfrom(BlockGuardOs.java:164)
01-01 08:06:15.729 W/System.err( 2397): 	at libcore.io.IoBridge.recvfrom(IoBridge.java:506)
01-01 08:06:15.730 W/System.err( 2397): 	... 4 more
01-01 08:06:15.765 D/dalvikvm( 2397): GC_CONCURRENT freed 874K, 22% free 3386K/4288K, paused 4ms+4ms, total 40ms
01-01 08:06:17.730 W/System.err( 2397): java.net.SocketTimeoutException
01-01 08:06:17.730 W/System.err( 2397): 	at libcore.io.IoBridge.maybeThrowAfterRecvfrom(IoBridge.java:551)
01-01 08:06:17.731 W/System.err( 2397): 	at libcore.io.IoBridge.recvfrom(IoBridge.java:509)
