01-01 08:02:21.180 D/PackageManager( 2078): grantSignaturePermission permission = android.permission.INJECT_EVENTS
01-01 08:02:21.180 D/PackageManager( 2078): verifyPackageMD5 apkControlMode = none
01-01 08:02:21.180 D/PackageManager( 2078): grantSignaturePermission permission = android.permission.RETRIEVE_WINDOW_CONTENT
01-01 08:02:21.180 D/PackageManager( 2078): verifyPackageMD5 apkControlMode = none
01-01 08:02:21.181 D/PackageManager( 2078): grantSignaturePermission permission = android.permission.SET_ACTIVITY_WATCHER
01-01 08:02:21.181 D/PackageManager( 2078): verifyPackageMD5 apkControlMode = none
01-01 08:02:21.181 D/PackageManager( 2078): grantSignaturePermission permission = android.permission.READ_INPUT_STATE
01-01 08:02:21.181 D/PackageManager( 2078): verifyPackageMD5 apkControlMode = none
01-01 08:02:21.181 D/PackageManager( 2078): grantSignaturePermission permission = android.permission.SET_ORIENTATION
01-01 08:02:21.181 D/PackageManager( 2078): verifyPackageMD5 apkControlMode = none
01-01 08:02:21.181 D/PackageManager( 2078): grantSignaturePermission permission = android.permission.INSTALL_PACKAGES
01-01 08:02:21.181 D/PackageManager( 2078): verifyPackageMD5 apkControlMode = none
01-01 08:02:21.181 D/PackageManager( 2078): grantSignaturePermission permission = android.permission.CLEAR_APP_USER_DATA
01-01 08:02:21.181 D/PackageManager( 2078): verifyPackageMD5 apkControlMode = none
01-01 08:02:21.181 D/PackageManager( 2078): grantSignaturePermission permission = android.permission.DELETE_CACHE_FILES
01-01 08:02:21.181 D/PackageManager( 2078): verifyPackageMD5 apkControlMode = none
01-01 08:02:21.181 D/PackageManager( 2078): grantSignaturePermission permission = android.permission.DELETE_PACKAGES
01-01 08:02:21.181 D/PackageManager( 2078): verifyPackageMD5 apkControlMode = none
01-01 08:02:21.181 D/PackageManager( 2078): grantSignaturePermission permission = android.permission.ACCESS_SURFACE_FLINGER
01-01 08:02:21.181 D/PackageManager( 2078): verifyPackageMD5 apkControlMode = none
01-01 08:02:21.181 D/PackageManager( 2078): grantSignaturePermission permission = android.permission.READ_FRAME_BUFFER
01-01 08:02:21.181 D/PackageManager( 2078): verifyPackageMD5 apkControlMode = none
01-01 08:02:21.181 D/PackageManager( 2078): grantSignaturePermission permission = android.permission.DEVICE_POWER
01-01 08:02:21.181 D/PackageManager( 2078): verifyPackageMD5 apkControlMode = none
01-01 08:02:21.181 D/PackageManager( 2078): grantSignaturePermission permission = android.permission.INSTALL_LOCATION_PROVIDER
01-01 08:02:21.181 D/PackageManager( 2078): verifyPackageMD5 apkControlMode = none
01-01 08:02:21.181 D/PackageManager( 2078): grantSignaturePermission permission = android.permission.BACKUP
01-01 08:02:21.181 D/PackageManager( 2078): verifyPackageMD5 apkControlMode = none
01-01 08:02:21.181 D/PackageManager( 2078): grantSignaturePermission permission = android.permission.FORCE_STOP_PACKAGES
01-01 08:02:21.181 D/PackageManager( 2078): verifyPackageMD5 apkControlMode = none
01-01 08:02:21.181 D/PackageManager( 2078): grantSignaturePermission permission = android.permission.STOP_APP_SWITCHES
01-01 08:02:21.181 D/PackageManager( 2078): verifyPackageMD5 apkControlMode = none
01-01 08:02:21.181 D/PackageManager( 2078): grantSignaturePermission permission = android.permission.ACCESS_CONTENT_PROVIDERS_EXTERNALLY
01-01 08:02:21.181 D/PackageManager( 2078): verifyPackageMD5 apkControlMode = none
01-01 08:02:21.182 D/PackageManager( 2078): grantSignaturePermission permission = android.permission.GRANT_REVOKE_PERMISSIONS
01-01 08:02:21.182 D/PackageManager( 2078): verifyPackageMD5 apkControlMode = none
01-01 08:02:21.182 D/PackageManager( 2078): grantSignaturePermission permission = android.permission.SET_KEYBOARD_LAYOUT
01-01 08:02:21.182 D/PackageManager( 2078): verifyPackageMD5 apkControlMode = none
01-01 08:02:21.182 D/PackageManager( 2078): grantSignaturePermission permission = android.permission.GET_DETAILED_TASKS
01-01 08:02:21.182 D/PackageManager( 2078): verifyPackageMD5 apkControlMode = none
01-01 08:02:21.182 D/PackageManager( 2078): grantSignaturePermission permission = android.permission.SET_SCREEN_COMPATIBILITY
01-01 08:02:21.182 D/PackageManager( 2078): verifyPackageMD5 apkControlMode = none
01-01 08:02:21.182 D/PackageManager( 2078): grantSignaturePermission permission = android.permission.WRITE_MEDIA_STORAGE
01-01 08:02:21.182 D/PackageManager( 2078): verifyPackageMD5 apkControlMode = none
01-01 08:02:21.182 D/PackageManager( 2078): grantSignaturePermission permission = android.permission.INTERACT_ACROSS_USERS
01-01 08:02:21.182 D/PackageManager( 2078): verifyPackageMD5 apkControlMode = none
01-01 08:02:21.182 D/PackageManager( 2078): grantSignaturePermission permission = android.permission.INTERACT_ACROSS_USERS_FULL
01-01 08:02:21.182 D/PackageManager( 2078): verifyPackageMD5 apkControlMode = none
01-01 08:02:21.182 D/PackageManager( 2078): grantSignaturePermission permission = android.permission.MANAGE_USERS
01-01 08:02:21.182 D/PackageManager( 2078): verifyPackageMD5 apkControlMode = none
01-01 08:02:21.182 D/PackageManager( 2078): grantSignaturePermission permission = android.permission.BLUETOOTH_STACK
01-01 08:02:21.182 D/PackageManager( 2078): verifyPackageMD5 apkControlMode = none
01-01 08:02:21.182 D/PackageManager( 2078): grantSignaturePermission permission = android.permission.ACCESS_DOWNLOAD_MANAGER
01-01 08:02:21.182 D/PackageManager( 2078): verifyPackageMD5 apkControlMode = none
01-01 08:02:21.182 D/PackageManager( 2078): grantSignaturePermission permission = android.permission.ACCESS_CACHE_FILESYSTEM
01-01 08:02:21.182 D/PackageManager( 2078): verifyPackageMD5 apkControlMode = none
01-01 08:02:21.183 D/PackageManager( 2078): com.android.providers.downloads compare in grantSignaturePermission : package publickey_string = OpenSSLRSAPublicKey{modulus=c41552dde9a751173b7b8d78f1028c582f7790622752fa7b0a23b1c7b10f769f1ade6401b01719891566d9080fb45c0b4c533daf1cec7a3874a21d941a493966d5df9c29d8fdbaa2b095e00eac97a9df384856461d98dd88f4b8f28d697a88845b57b9e2132ee436eb15b09452a495418829c30ca7143534397c7d26fad583dd8e7f3348be29c415b57f05bf8c7a9ef8f5a39f2b6774bd0c35983f866b15444b670d87f39931ca5209b0d0a3087b265953fd45026f0b196b33cb6eedea4eb2dc17d303295ba46f8f253c4de3960f00e60b26f8bf6df50a321acccd8b97a287f2b85b5f8b9a1f81f078a489c38d3b457572b8ecadb4068ee02fe26725a93833cd,publicExponent=10001}
01-01 08:02:21.183 D/PackageManager( 2078): com.android.providers.downloads compare in grantSignaturePermission : package keyString = c41552dde9a751173b7b8d78f1028c582f7790622752fa7b0a23b1c7b10f769f1ade6401b01719891566d9080fb45c0b4c533daf1cec7a3874a21d941a493966d5df9c29d8fdbaa2b095e00eac97a9df384856461d98dd88f4b8f28d697a88845b57b9e2132ee436eb15b09452a495418829c30ca7143534397c7d26fad583dd8e7f3348be29c415b57f05bf8c7a9ef8f5a39f2b6774bd0c35983f866b15444b670d87f39931ca5209b0d0a3087b265953fd45026f0b196b33cb6eedea4eb2dc17d303295ba46f8f253c4de3960f00e60b26f8bf6df50a321acccd8b97a287f2b85b5f8b9a1f81f078a489c38d3b457572b8ecadb4068ee02fe26725a93833cd
01-01 08:02:21.183 D/PackageManager( 2078): grantSignaturePermission:OriPubKey allowed = false
01-01 08:02:21.183 D/PackageManager( 2078): grantSignaturePermission permission = android.permission.SEND_DOWNLOAD_COMPLETED_INTENTS
01-01 08:02:21.183 D/PackageManager( 2078): verifyPackageMD5 apkControlMode = none
01-01 08:02:21.183 D/PackageManager( 2078): grantSignaturePermission permission = android.permission.ACCESS_ALL_DOWNLOADS
01-01 08:02:21.184 D/PackageManager( 2078): verifyPackageMD5 apkControlMode = none
01-01 08:02:21.184 D/PackageManager( 2078): grantSignaturePermission permission = android.permission.UPDATE_DEVICE_STATS
01-01 08:02:21.184 D/PackageManager( 2078): verifyPackageMD5 apkControlMode = none
01-01 08:02:21.185 D/PackageManager( 2078): com.android.providers.downloads compare in grantSignaturePermission : package publickey_string = OpenSSLRSAPublicKey{modulus=c41552dde9a751173b7b8d78f1028c582f7790622752fa7b0a23b1c7b10f769f1ade6401b01719891566d9080fb45c0b4c533daf1cec7a3874a21d941a493966d5df9c29d8fdbaa2b095e00eac97a9df384856461d98dd88f4b8f28d697a88845b57b9e2132ee436eb15b09452a495418829c30ca7143534397c7d26fad583dd8e7f3348be29c415b57f05bf8c7a9ef8f5a39f2b6774bd0c35983f866b15444b670d87f39931ca5209b0d0a3087b265953fd45026f0b196b33cb6eedea4eb2dc17d303295ba46f8f253c4de3960f00e60b26f8bf6df50a321acccd8b97a287f2b85b5f8b9a1f81f078a489c38d3b457572b8ecadb4068ee02fe26725a93833cd,publicExponent=10001}
01-01 08:02:21.185 D/PackageManager( 2078): com.android.providers.downloads compare in grantSignaturePermission : package keyString = c41552dde9a751173b7b8d78f1028c582f7790622752fa7b0a23b1c7b10f769f1ade6401b01719891566d9080fb45c0b4c533daf1cec7a3874a21d941a493966d5df9c29d8fdbaa2b095e00eac97a9df384856461d98dd88f4b8f28d697a88845b57b9e2132ee436eb15b09452a495418829c30ca7143534397c7d26fad583dd8e7f3348be29c415b57f05bf8c7a9ef8f5a39f2b6774bd0c35983f866b15444b670d87f39931ca5209b0d0a3087b265953fd45026f0b196b33cb6eedea4eb2dc17d303295ba46f8f253c4de3960f00e60b26f8bf6df50a321acccd8b97a287f2b85b5f8b9a1f81f078a489c38d3b457572b8ecadb4068ee02fe26725a93833cd
01-01 08:02:21.185 D/PackageManager( 2078): grantSignaturePermission:OriPubKey allowed = false
01-01 08:02:21.185 D/PackageManager( 2078): grantSignaturePermission permission = android.permission.CONNECTIVITY_INTERNAL
01-01 08:02:21.185 D/PackageManager( 2078): verifyPackageMD5 apkControlMode = none
01-01 08:02:21.186 D/PackageManager( 2078): com.android.providers.downloads compare in grantSignaturePermission : package publickey_string = OpenSSLRSAPublicKey{modulus=c41552dde9a751173b7b8d78f1028c582f7790622752fa7b0a23b1c7b10f769f1ade6401b01719891566d9080fb45c0b4c533daf1cec7a3874a21d941a493966d5df9c29d8fdbaa2b095e00eac97a9df384856461d98dd88f4b8f28d697a88845b57b9e2132ee436eb15b09452a495418829c30ca7143534397c7d26fad583dd8e7f3348be29c415b57f05bf8c7a9ef8f5a39f2b6774bd0c35983f866b15444b670d87f39931ca5209b0d0a3087b265953fd45026f0b196b33cb6eedea4eb2dc17d303295ba46f8f253c4de3960f00e60b26f8bf6df50a321acccd8b97a287f2b85b5f8b9a1f81f078a489c38d3b457572b8ecadb4068ee02fe26725a93833cd,publicExponent=10001}
01-01 08:02:21.186 D/PackageManager( 2078): com.android.providers.downloads compare in grantSignaturePermission : package keyString = c41552dde9a751173b7b8d78f1028c582f7790622752fa7b0a23b1c7b10f769f1ade6401b01719891566d9080fb45c0b4c533daf1cec7a3874a21d941a493966d5df9c29d8fdbaa2b095e00eac97a9df384856461d98dd88f4b8f28d697a88845b57b9e2132ee436eb15b09452a495418829c30ca7143534397c7d26fad583dd8e7f3348be29c415b57f05bf8c7a9ef8f5a39f2b6774bd0c35983f866b15444b670d87f39931ca5209b0d0a3087b265953fd45026f0b196b33cb6eedea4eb2dc17d303295ba46f8f253c4de3960f00e60b26f8bf6df50a321acccd8b97a287f2b85b5f8b9a1f81f078a489c38d3b457572b8ecadb4068ee02fe26725a93833cd
01-01 08:02:21.186 D/PackageManager( 2078): grantSignaturePermission:OriPubKey allowed = false
01-01 08:02:21.186 D/PackageManager( 2078): grantSignaturePermission permission = android.permission.MODIFY_NETWORK_ACCOUNTING
01-01 08:02:21.186 D/PackageManager( 2078): verifyPackageMD5 apkControlMode = none
01-01 08:02:21.187 D/PackageManager( 2078): com.android.providers.downloads compare in grantSignaturePermission : package publickey_string = OpenSSLRSAPublicKey{modulus=c41552dde9a751173b7b8d78f1028c582f7790622752fa7b0a23b1c7b10f769f1ade6401b01719891566d9080fb45c0b4c533daf1cec7a3874a21d941a493966d5df9c29d8fdbaa2b095e00eac97a9df384856461d98dd88f4b8f28d697a88845b57b9e2132ee436eb15b09452a495418829c30ca7143534397c7d26fad583dd8e7f3348be29c415b57f05bf8c7a9ef8f5a39f2b6774bd0c35983f866b15444b670d87f39931ca5209b0d0a3087b265953fd45026f0b196b33cb6eedea4eb2dc17d303295ba46f8f253c4de3960f00e60b26f8bf6df50a321acccd8b97a287f2b85b5f8b9a1f81f078a489c38d3b457572b8ecadb4068ee02fe26725a93833cd,publicExponent=10001}
01-01 08:02:21.187 D/PackageManager( 2078): com.android.providers.downloads compare in grantSignaturePermission : package keyString = c41552dde9a751173b7b8d78f1028c582f7790622752fa7b0a23b1c7b10f769f1ade6401b01719891566d9080fb45c0b4c533daf1cec7a3874a21d941a493966d5df9c29d8fdbaa2b095e00eac97a9df384856461d98dd88f4b8f28d697a88845b57b9e2132ee436eb15b09452a495418829c30ca7143534397c7d26fad583dd8e7f3348be29c415b57f05bf8c7a9ef8f5a39f2b6774bd0c35983f866b15444b670d87f39931ca5209b0d0a3087b265953fd45026f0b196b33cb6eedea4eb2dc17d303295ba46f8f253c4de3960f00e60b26f8bf6df50a321acccd8b97a287f2b85b5f8b9a1f81f078a489c38d3b457572b8ecadb4068ee02fe26725a93833cd
01-01 08:02:21.187 D/PackageManager( 2078): grantSignaturePermission:OriPubKey allowed = false
01-01 08:02:21.187 D/PackageManager( 2078): grantSignaturePermission permission = android.permission.CHANGE_CONFIGURATION
01-01 08:02:21.187 D/PackageManager( 2078): verifyPackageMD5 apkControlMode = none
01-01 08:02:21.188 D/PackageManager( 2078): com.android.email compare in grantSignaturePermission : package publickey_string = OpenSSLRSAPublicKey{modulus=9e2b9f598ee5b48603b7ba3b14fb8c2336d9757743d41a864b25d9fe3216ce9453fafdf441ca024464d67e3c7145f86c8cb12bec8354b063c8ebf23881cf685d80df8780756b712e2e2822c2932eabb9661e5a6d03bef546cf304c2fbdcc999f85a8150cfabc6c75af1ba379f568309c0042c8269692835566e5d5fc19e2ae2c70cf9434bf0d066f1f1421c57354f3b7a7e809bebef9c11c958ce5d3671aff42c864d0e7403edb7fd1c6aa34ce544556748bac421e4bdf9ca606ba353dd42c1c2d9768b6664870b94012f85a91cd9cca49d0dab5d0e74f7736360880f983256709aae9019056391ff8cf05d454cd969309433a63f94fb2de83e733b496931099,publicExponent=3}
01-01 08:02:21.188 D/PackageManager( 2078): com.android.email compare in grantSignaturePermission : package keyString = 9e2b9f598ee5b48603b7ba3b14fb8c2336d9757743d41a864b25d9fe3216ce9453fafdf441ca024464d67e3c7145f86c8cb12bec8354b063c8ebf23881cf685d80df8780756b712e2e2822c2932eabb9661e5a6d03bef546cf304c2fbdcc999f85a8150cfabc6c75af1ba379f568309c0042c8269692835566e5d5fc19e2ae2c70cf9434bf0d066f1f1421c57354f3b7a7e809bebef9c11c958ce5d3671aff42c864d0e7403edb7fd1c6aa34ce544556748bac421e4bdf9ca606ba353dd42c1c2d9768b6664870b94012f85a91cd9cca49d0dab5d0e74f7736360880f983256709aae9019056391ff8cf05d454cd969309433a63f94fb2de83e733b496931099
01-01 08:02:21.189 D/PackageManager( 2078): grantSignaturePermission:OriPubKey allowed = false
01-01 08:02:21.189 W/PackageManager( 2078): Not granting permission android.permission.CHANGE_CONFIGURATION to package com.android.email (protectionLevel=50 flags=0x18be44)
01-01 08:02:21.189 D/PackageManager( 2078): grantSignaturePermission permission = com.android.email.permission.ACCESS_PROVIDER
01-01 08:02:21.189 D/PackageManager( 2078): verifyPackageMD5 apkControlMode = none
01-01 08:02:21.189 D/PackageManager( 2078): grantSignaturePermission permission = com.android.email.permission.MIPUSH_RECEIVE
01-01 08:02:21.189 D/PackageManager( 2078): verifyPackageMD5 apkControlMode = none
01-01 08:02:21.189 D/PackageManager( 2078): grantSignaturePermission permission = com.android.launcher.permission.WRITE_SETTINGS
01-01 08:02:21.189 D/PackageManager( 2078): verifyPackageMD5 apkControlMode = none
01-01 08:02:21.190 D/PackageManager( 2078): com.android.email compare in grantSignaturePermission : package publickey_string = OpenSSLRSAPublicKey{modulus=9e2b9f598ee5b48603b7ba3b14fb8c2336d9757743d41a864b25d9fe3216ce9453fafdf441ca024464d67e3c7145f86c8cb12bec8354b063c8ebf23881cf685d80df8780756b712e2e2822c2932eabb9661e5a6d03bef546cf304c2fbdcc999f85a8150cfabc6c75af1ba379f568309c0042c8269692835566e5d5fc19e2ae2c70cf9434bf0d066f1f1421c57354f3b7a7e809bebef9c11c958ce5d3671aff42c864d0e7403edb7fd1c6aa34ce544556748bac421e4bdf9ca606ba353dd42c1c2d9768b6664870b94012f85a91cd9cca49d0dab5d0e74f7736360880f983256709aae9019056391ff8cf05d454cd969309433a63f94fb2de83e733b496931099,publicExponent=3}
01-01 08:02:21.190 D/PackageManager( 2078): com.android.email compare in grantSignaturePermission : package keyString = 9e2b9f598ee5b48603b7ba3b14fb8c2336d9757743d41a864b25d9fe3216ce9453fafdf441ca024464d67e3c7145f86c8cb12bec8354b063c8ebf23881cf685d80df8780756b712e2e2822c2932eabb9661e5a6d03bef546cf304c2fbdcc999f85a8150cfabc6c75af1ba379f568309c0042c8269692835566e5d5fc19e2ae2c70cf9434bf0d066f1f1421c57354f3b7a7e809bebef9c11c958ce5d3671aff42c864d0e7403edb7fd1c6aa34ce544556748bac421e4bdf9ca606ba353dd42c1c2d9768b6664870b94012f85a91cd9cca49d0dab5d0e74f7736360880f983256709aae9019056391ff8cf05d454cd969309433a63f94fb2de83e733b496931099
01-01 08:02:21.190 D/PackageManager( 2078): grantSignaturePermission:OriPubKey allowed = false
01-01 08:02:21.190 W/PackageManager( 2078): Not granting permission com.android.launcher.permission.WRITE_SETTINGS to package com.android.email (protectionLevel=18 flags=0x18be44)
01-01 08:02:21.190 W/PackageManager( 2078): Unknown permission com.sec.android.provider.badge.permission.READ in package com.android.email
01-01 08:02:21.190 W/PackageManager( 2078): Unknown permission com.sec.android.provider.badge.permission.WRITE in package com.android.email
01-01 08:02:21.190 W/PackageManager( 2078): Unknown permission com.htc.launcher.permission.READ_SETTINGS in package com.android.email
01-01 08:02:21.190 W/PackageManager( 2078): Unknown permission com.htc.launcher.permission.UPDATE_SHORTCUT in package com.android.email
01-01 08:02:21.190 W/PackageManager( 2078): Unknown permission com.sonyericsson.home.permission.BROADCAST_BADGE in package com.android.email
01-01 08:02:21.190 W/PackageManager( 2078): Unknown permission com.anddoes.launcher.permission.UPDATE_COUNT in package com.android.email
01-01 08:02:21.257 I/ActivityManager( 2078): Start proc com.svox.pico for broadcast com.svox.pico/.VoiceDataInstallerReceiver: pid=3534 uid=10015 gids={50015, 1028}
01-01 08:02:21.264 D/BackupManagerService( 2078): Received broadcast Intent { act=android.intent.action.PACKAGE_ADDED dat=package:com.android.email flg=0x4000010 (has extras) }
01-01 08:02:21.266 V/BackupManagerService( 2078): addPackageParticipantsLocked: #1
01-01 08:02:21.270 E/installd( 1593): value = false 
01-01 08:02:21.323 E/installd( 1593): value = false 
01-01 08:02:21.328 W/RecognitionManagerService( 2078): no available voice recognition services found for user 0
01-01 08:02:26.011 I/ActivityManager( 2078): Killing 3109:com.explorer/1000 (adj 15): empty #5
01-01 08:02:26.023 D/ActivityManager( 2078): cleanUpApplicationRecordLocked -- 3109
01-01 08:06:29.649 I/ActivityManager( 2078): START u0 {act=android.intent.umaction.UMATV flg=0x10008000 (has extras)} from pid 2432
01-01 08:13:19.145 D/ConnectivityService( 2078): Sampling interval elapsed, updating statistics ..
01-01 08:13:19.149 D/ConnectivityService( 2078): Done.
01-01 08:13:19.149 D/ConnectivityService( 2078): Setting timer for 720seconds
01-01 08:29:57.794 W/BatteryStatsImpl( 2078): Couldn't get kernel wake lock stats
01-01 08:30:13.756 D/ConnectivityService( 2078): Sampling interval elapsed, updating statistics ..
01-01 08:30:13.765 D/ConnectivityService( 2078): Done.
01-01 08:30:13.765 D/ConnectivityService( 2078): Setting timer for 720seconds
01-01 08:30:13.768 I/ProcessStatsService( 2078): Prepared write state in 10ms
01-01 08:42:13.768 D/ConnectivityService( 2078): Sampling interval elapsed, updating statistics ..
01-01 08:42:13.772 D/ConnectivityService( 2078): Done.
01-01 08:42:13.772 D/ConnectivityService( 2078): Setting timer for 720seconds
01-01 08:59:57.815 W/BatteryStatsImpl( 2078): Couldn't get kernel wake lock stats
01-01 09:00:13.755 D/ConnectivityService( 2078): Sampling interval elapsed, updating statistics ..
01-01 09:00:13.760 D/ConnectivityService( 2078): Done.
01-01 09:00:13.760 D/ConnectivityService( 2078): Setting timer for 720seconds
01-01 09:00:13.821 I/ProcessStatsService( 2078): Prepared write state in 7ms
01-01 09:00:13.827 I/ProcessStatsService( 2078): Prepared write state in 6ms
01-01 09:12:13.762 D/ConnectivityService( 2078): Sampling interval elapsed, updating statistics ..
01-01 09:12:13.766 D/ConnectivityService( 2078): Done.
01-01 09:12:13.766 D/ConnectivityService( 2078): Setting timer for 720seconds
01-01 09:28:40.410 I/ActivityManager( 2078): START u0 {act=android.intent.umaction.UMATV flg=0x10008000 (has extras)} from pid 2432
01-01 09:29:57.836 W/BatteryStatsImpl( 2078): Couldn't get kernel wake lock stats
01-01 09:30:13.756 D/ConnectivityService( 2078): Sampling interval elapsed, updating statistics ..
01-01 09:30:13.760 D/ConnectivityService( 2078): Done.
01-01 09:30:13.760 D/ConnectivityService( 2078): Setting timer for 720seconds
01-01 09:31:00.009 I/ProcessStatsService( 2078): Prepared write state in 6ms
01-01 09:42:13.761 D/ConnectivityService( 2078): Sampling interval elapsed, updating statistics ..
01-01 09:42:13.765 D/ConnectivityService( 2078): Done.
01-01 09:42:13.765 D/ConnectivityService( 2078): Setting timer for 720seconds
01-01 09:59:57.857 W/BatteryStatsImpl( 2078): Couldn't get kernel wake lock stats
01-01 10:00:24.154 D/ConnectivityService( 2078): Sampling interval elapsed, updating statistics ..
01-01 10:00:24.158 D/ConnectivityService( 2078): Done.
01-01 10:00:24.158 D/ConnectivityService( 2078): Setting timer for 720seconds
01-01 10:01:00.032 I/ProcessStatsService( 2078): Prepared write state in 6ms
01-01 10:12:24.159 D/ConnectivityService( 2078): Sampling interval elapsed, updating statistics ..
01-01 10:12:24.163 D/ConnectivityService( 2078): Done.
01-01 10:12:24.163 D/ConnectivityService( 2078): Setting timer for 720seconds
01-01 10:29:24.784 I/ActivityManager( 2078): START u0 {act=android.intent.umaction.UMATV flg=0x10008000 (has extras)} from pid 2432
01-01 10:29:57.878 W/BatteryStatsImpl( 2078): Couldn't get kernel wake lock stats
01-01 10:30:13.756 D/ConnectivityService( 2078): Sampling interval elapsed, updating statistics ..
01-01 10:30:13.763 D/ConnectivityService( 2078): Done.
01-01 10:30:13.764 D/ConnectivityService( 2078): Setting timer for 720seconds
01-01 10:32:00.009 I/ProcessStatsService( 2078): Prepared write state in 6ms
01-01 10:42:13.765 D/ConnectivityService( 2078): Sampling interval elapsed, updating statistics ..
01-01 10:42:13.769 D/ConnectivityService( 2078): Done.
01-01 10:42:13.769 D/ConnectivityService( 2078): Setting timer for 720seconds
01-01 10:59:57.899 W/BatteryStatsImpl( 2078): Couldn't get kernel wake lock stats
01-01 11:00:12.337 I/EntropyMixer( 2078): Writing entropy...
01-01 11:00:13.756 D/ConnectivityService( 2078): Sampling interval elapsed, updating statistics ..
01-01 11:00:13.761 D/ConnectivityService( 2078): Done.
01-01 11:00:13.762 D/ConnectivityService( 2078): Setting timer for 720seconds
01-01 11:02:00.034 I/ProcessStatsService( 2078): Prepared write state in 8ms
01-01 11:12:13.763 D/ConnectivityService( 2078): Sampling interval elapsed, updating statistics ..
01-01 11:12:13.767 D/ConnectivityService( 2078): Done.
01-01 11:12:13.768 D/ConnectivityService( 2078): Setting timer for 720seconds
--------- beginning of /dev/log/main
01-01 11:29:40.742 W/System.err( 2397): 	at libcore.io.IoBridge.recvfrom(IoBridge.java:509)
01-01 11:29:40.742 W/System.err( 2397): 	at java.net.PlainDatagramSocketImpl.doRecv(PlainDatagramSocketImpl.java:161)
01-01 11:29:40.743 W/System.err( 2397): 	at java.net.PlainDatagramSocketImpl.receive(PlainDatagramSocketImpl.java:169)
01-01 11:29:40.743 W/System.err( 2397): 	at java.net.DatagramSocket.receive(DatagramSocket.java:250)
01-01 11:29:40.743 W/System.err( 2397): 	at utils.UdpReceiverService$1.run(UdpReceiverService.java:53)
01-01 11:29:40.743 W/System.err( 2397): Caused by: libcore.io.ErrnoException: recvfrom failed: EAGAIN (Try again)
01-01 11:29:40.744 W/System.err( 2397): 	at libcore.io.Posix.recvfromBytes(Native Method)
01-01 11:29:40.744 W/System.err( 2397): 	at libcore.io.Posix.recvfrom(Posix.java:141)
01-01 11:29:40.744 W/System.err( 2397): 	at libcore.io.BlockGuardOs.recvfrom(BlockGuardOs.java:164)
01-01 11:29:40.744 W/System.err( 2397): 	at libcore.io.IoBridge.recvfrom(IoBridge.java:506)
01-01 11:29:40.744 W/System.err( 2397): 	... 4 more
01-01 11:29:42.744 W/System.err( 2397): java.net.SocketTimeoutException
01-01 11:29:42.744 W/System.err( 2397): 	at libcore.io.IoBridge.maybeThrowAfterRecvfrom(IoBridge.java:551)
01-01 11:29:42.744 W/System.err( 2397): 	at libcore.io.IoBridge.recvfrom(IoBridge.java:509)
01-01 11:29:42.744 W/System.err( 2397): 	at java.net.PlainDatagramSocketImpl.doRecv(PlainDatagramSocketImpl.java:161)
01-01 11:29:42.744 W/System.err( 2397): 	at java.net.PlainDatagramSocketImpl.receive(PlainDatagramSocketImpl.java:169)
01-01 11:29:42.744 W/System.err( 2397): 	at java.net.DatagramSocket.receive(DatagramSocket.java:250)
01-01 11:29:42.744 W/System.err( 2397): 	at utils.UdpReceiverService$1.run(UdpReceiverService.java:53)
01-01 11:29:42.745 W/System.err( 2397): Caused by: libcore.io.ErrnoException: recvfrom failed: EAGAIN (Try again)
01-01 11:29:42.745 W/System.err( 2397): 	at libcore.io.Posix.recvfromBytes(Native Method)
01-01 11:29:42.745 W/System.err( 2397): 	at libcore.io.Posix.recvfrom(Posix.java:141)
01-01 11:29:42.745 W/System.err( 2397): 	at libcore.io.BlockGuardOs.recvfrom(BlockGuardOs.java:164)
01-01 11:29:42.745 W/System.err( 2397): 	at libcore.io.IoBridge.recvfrom(IoBridge.java:506)
01-01 11:29:42.745 W/System.err( 2397): 	... 4 more
01-01 11:29:44.092 D/dalvikvm( 3004): GC_CONCURRENT freed 1679K, 35% free 3838K/5832K, paused 4ms+4ms, total 42ms
01-01 11:29:44.269 D/dalvikvm( 3004): GC_CONCURRENT freed 897K, 33% free 3963K/5832K, paused 2ms+1ms, total 17ms
01-01 11:29:44.270 D/dalvikvm( 3004): WAIT_FOR_CONCURRENT_GC blocked 16ms
01-01 11:29:44.285 D/dalvikvm( 3004): GC_FOR_ALLOC freed 283K, 30% free 4105K/5832K, paused 15ms, total 15ms
01-01 11:29:44.285 I/dalvikvm-heap( 3004): Grow heap (frag case) to 4.407MB for 391942-byte allocation
01-01 11:29:44.300 D/dalvikvm( 3004): GC_FOR_ALLOC freed 255K, 32% free 4233K/6216K, paused 15ms, total 15ms
01-01 11:29:44.318 D/dalvikvm( 3004): GC_FOR_ALLOC freed 382K, 32% free 4271K/6216K, paused 14ms, total 14ms
01-01 11:29:44.746 W/System.err( 2397): java.net.SocketTimeoutException
01-01 11:29:44.746 W/System.err( 2397): 	at libcore.io.IoBridge.maybeThrowAfterRecvfrom(IoBridge.java:551)
01-01 11:29:44.746 W/System.err( 2397): 	at libcore.io.IoBridge.recvfrom(IoBridge.java:509)
01-01 11:29:44.746 W/System.err( 2397): 	at java.net.PlainDatagramSocketImpl.doRecv(PlainDatagramSocketImpl.java:161)
01-01 11:29:44.747 W/System.err( 2397): 	at java.net.PlainDatagramSocketImpl.receive(PlainDatagramSocketImpl.java:169)
01-01 11:29:44.747 W/System.err( 2397): 	at java.net.DatagramSocket.receive(DatagramSocket.java:250)
01-01 11:29:44.747 W/System.err( 2397): 	at utils.UdpReceiverService$1.run(UdpReceiverService.java:53)
01-01 11:29:44.747 W/System.err( 2397): Caused by: libcore.io.ErrnoException: recvfrom failed: EAGAIN (Try again)
01-01 11:29:44.748 W/System.err( 2397): 	at libcore.io.Posix.recvfromBytes(Native Method)
01-01 11:29:44.748 W/System.err( 2397): 	at libcore.io.Posix.recvfrom(Posix.java:141)
01-01 11:29:44.748 W/System.err( 2397): 	at libcore.io.BlockGuardOs.recvfrom(BlockGuardOs.java:164)
01-01 11:29:44.748 W/System.err( 2397): 	at libcore.io.IoBridge.recvfrom(IoBridge.java:506)
01-01 11:29:44.748 W/System.err( 2397): 	... 4 more
01-01 11:29:46.748 W/System.err( 2397): java.net.SocketTimeoutException
01-01 11:29:46.748 W/System.err( 2397): 	at libcore.io.IoBridge.maybeThrowAfterRecvfrom(IoBridge.java:551)
01-01 11:29:46.748 W/System.err( 2397): 	at libcore.io.IoBridge.recvfrom(IoBridge.java:509)
01-01 11:29:46.748 W/System.err( 2397): 	at java.net.PlainDatagramSocketImpl.doRecv(PlainDatagramSocketImpl.java:161)
01-01 11:29:46.748 W/System.err( 2397): 	at java.net.PlainDatagramSocketImpl.receive(PlainDatagramSocketImpl.java:169)
01-01 11:29:46.748 W/System.err( 2397): 	at java.net.DatagramSocket.receive(DatagramSocket.java:250)
01-01 11:29:46.749 W/System.err( 2397): 	at utils.UdpReceiverService$1.run(UdpReceiverService.java:53)
01-01 11:29:46.749 W/System.err( 2397): Caused by: libcore.io.ErrnoException: recvfrom failed: EAGAIN (Try again)
01-01 11:29:46.749 W/System.err( 2397): 	at libcore.io.Posix.recvfromBytes(Native Method)
01-01 11:29:46.749 W/System.err( 2397): 	at libcore.io.Posix.recvfrom(Posix.java:141)
01-01 11:29:46.749 W/System.err( 2397): 	at libcore.io.BlockGuardOs.recvfrom(BlockGuardOs.java:164)
01-01 11:29:46.749 W/System.err( 2397): 	at libcore.io.IoBridge.recvfrom(IoBridge.java:506)
01-01 11:29:46.749 W/System.err( 2397): 	... 4 more
01-01 11:29:48.750 W/System.err( 2397): java.net.SocketTimeoutException
01-01 11:29:48.750 W/System.err( 2397): 	at libcore.io.IoBridge.maybeThrowAfterRecvfrom(IoBridge.java:551)
01-01 11:29:48.750 W/System.err( 2397): 	at libcore.io.IoBridge.recvfrom(IoBridge.java:509)
01-01 11:29:48.751 W/System.err( 2397): 	at java.net.PlainDatagramSocketImpl.doRecv(PlainDatagramSocketImpl.java:161)
01-01 11:29:48.751 W/System.err( 2397): 	at java.net.PlainDatagramSocketImpl.receive(PlainDatagramSocketImpl.java:169)
01-01 11:29:48.751 W/System.err( 2397): 	at java.net.DatagramSocket.receive(DatagramSocket.java:250)
01-01 11:29:48.751 W/System.err( 2397): 	at utils.UdpReceiverService$1.run(UdpReceiverService.java:53)
01-01 11:29:48.751 W/System.err( 2397): Caused by: libcore.io.ErrnoException: recvfrom failed: EAGAIN (Try again)
01-01 11:29:48.752 W/System.err( 2397): 	at libcore.io.Posix.recvfromBytes(Native Method)
01-01 11:29:48.752 W/System.err( 2397): 	at libcore.io.Posix.recvfrom(Posix.java:141)
01-01 11:29:48.752 W/System.err( 2397): 	at libcore.io.BlockGuardOs.recvfrom(BlockGuardOs.java:164)
01-01 11:29:48.752 W/System.err( 2397): 	at libcore.io.IoBridge.recvfrom(IoBridge.java:506)
01-01 11:29:48.752 W/System.err( 2397): 	... 4 more
01-01 11:29:50.752 W/System.err( 2397): java.net.SocketTimeoutException
01-01 11:29:50.752 W/System.err( 2397): 	at libcore.io.IoBridge.maybeThrowAfterRecvfrom(IoBridge.java:551)
01-01 11:29:50.752 W/System.err( 2397): 	at libcore.io.IoBridge.recvfrom(IoBridge.java:509)
01-01 11:29:50.752 W/System.err( 2397): 	at java.net.PlainDatagramSocketImpl.doRecv(PlainDatagramSocketImpl.java:161)
01-01 11:29:50.753 W/System.err( 2397): 	at java.net.PlainDatagramSocketImpl.receive(PlainDatagramSocketImpl.java:169)
01-01 11:29:50.753 W/System.err( 2397): 	at java.net.DatagramSocket.receive(DatagramSocket.java:250)
01-01 11:29:50.753 W/System.err( 2397): 	at utils.UdpReceiverService$1.run(UdpReceiverService.java:53)
01-01 11:29:50.753 W/System.err( 2397): Caused by: libcore.io.ErrnoException: recvfrom failed: EAGAIN (Try again)
01-01 11:29:50.754 W/System.err( 2397): 	at libcore.io.Posix.recvfromBytes(Native Method)
01-01 11:29:50.754 W/System.err( 2397): 	at libcore.io.Posix.recvfrom(Posix.java:141)
01-01 11:29:50.754 W/System.err( 2397): 	at libcore.io.BlockGuardOs.recvfrom(BlockGuardOs.java:164)
01-01 11:29:50.754 W/System.err( 2397): 	at libcore.io.IoBridge.recvfrom(IoBridge.java:506)
01-01 11:29:50.754 W/System.err( 2397): 	... 4 more
01-01 11:29:52.754 W/System.err( 2397): java.net.SocketTimeoutException
01-01 11:29:52.754 W/System.err( 2397): 	at libcore.io.IoBridge.maybeThrowAfterRecvfrom(IoBridge.java:551)
01-01 11:29:52.754 W/System.err( 2397): 	at libcore.io.IoBridge.recvfrom(IoBridge.java:509)
01-01 11:29:52.754 W/System.err( 2397): 	at java.net.PlainDatagramSocketImpl.doRecv(PlainDatagramSocketImpl.java:161)
01-01 11:29:52.755 W/System.err( 2397): 	at java.net.PlainDatagramSocketImpl.receive(PlainDatagramSocketImpl.java:169)
01-01 11:29:52.755 W/System.err( 2397): 	at java.net.DatagramSocket.receive(DatagramSocket.java:250)
01-01 11:29:52.755 W/System.err( 2397): 	at utils.UdpReceiverService$1.run(UdpReceiverService.java:53)
01-01 11:29:52.755 W/System.err( 2397): Caused by: libcore.io.ErrnoException: recvfrom failed: EAGAIN (Try again)
01-01 11:29:52.755 W/System.err( 2397): 	at libcore.io.Posix.recvfromBytes(Native Method)
01-01 11:29:52.756 W/System.err( 2397): 	at libcore.io.Posix.recvfrom(Posix.java:141)
01-01 11:29:52.756 W/System.err( 2397): 	at libcore.io.BlockGuardOs.recvfrom(BlockGuardOs.java:164)
01-01 11:29:52.756 W/System.err( 2397): 	at libcore.io.IoBridge.recvfrom(IoBridge.java:506)
01-01 11:29:52.756 W/System.err( 2397): 	... 4 more
01-01 11:29:54.756 W/System.err( 2397): java.net.SocketTimeoutException
01-01 11:29:54.756 W/System.err( 2397): 	at libcore.io.IoBridge.maybeThrowAfterRecvfrom(IoBridge.java:551)
01-01 11:29:54.756 W/System.err( 2397): 	at libcore.io.IoBridge.recvfrom(IoBridge.java:509)
01-01 11:29:54.756 W/System.err( 2397): 	at java.net.PlainDatagramSocketImpl.doRecv(PlainDatagramSocketImpl.java:161)
01-01 11:29:54.757 W/System.err( 2397): 	at java.net.PlainDatagramSocketImpl.receive(PlainDatagramSocketImpl.java:169)
01-01 11:29:54.757 W/System.err( 2397): 	at java.net.DatagramSocket.receive(DatagramSocket.java:250)
01-01 11:29:54.757 W/System.err( 2397): 	at utils.UdpReceiverService$1.run(UdpReceiverService.java:53)
01-01 11:29:54.757 W/System.err( 2397): Caused by: libcore.io.ErrnoException: recvfrom failed: EAGAIN (Try again)
01-01 11:29:54.757 W/System.err( 2397): 	at libcore.io.Posix.recvfromBytes(Native Method)
01-01 11:29:54.757 W/System.err( 2397): 	at libcore.io.Posix.recvfrom(Posix.java:141)
01-01 11:29:54.757 W/System.err( 2397): 	at libcore.io.BlockGuardOs.recvfrom(BlockGuardOs.java:164)
01-01 11:29:54.757 W/System.err( 2397): 	at libcore.io.IoBridge.recvfrom(IoBridge.java:506)
01-01 11:29:54.758 W/System.err( 2397): 	... 4 more
01-01 11:29:56.758 W/System.err( 2397): java.net.SocketTimeoutException
01-01 11:29:56.758 W/System.err( 2397): 	at libcore.io.IoBridge.maybeThrowAfterRecvfrom(IoBridge.java:551)
01-01 11:29:56.758 W/System.err( 2397): 	at libcore.io.IoBridge.recvfrom(IoBridge.java:509)
01-01 11:29:56.758 W/System.err( 2397): 	at java.net.PlainDatagramSocketImpl.doRecv(PlainDatagramSocketImpl.java:161)
01-01 11:29:56.759 W/System.err( 2397): 	at java.net.PlainDatagramSocketImpl.receive(PlainDatagramSocketImpl.java:169)
01-01 11:29:56.759 W/System.err( 2397): 	at java.net.DatagramSocket.receive(DatagramSocket.java:250)
01-01 11:29:56.759 W/System.err( 2397): 	at utils.UdpReceiverService$1.run(UdpReceiverService.java:53)
01-01 11:29:56.759 W/System.err( 2397): Caused by: libcore.io.ErrnoException: recvfrom failed: EAGAIN (Try again)
01-01 11:29:56.759 W/System.err( 2397): 	at libcore.io.Posix.recvfromBytes(Native Method)
01-01 11:29:56.759 W/System.err( 2397): 	at libcore.io.Posix.recvfrom(Posix.java:141)
01-01 11:29:56.760 W/System.err( 2397): 	at libcore.io.BlockGuardOs.recvfrom(BlockGuardOs.java:164)
01-01 11:29:56.760 W/System.err( 2397): 	at libcore.io.IoBridge.recvfrom(IoBridge.java:506)
01-01 11:29:56.760 W/System.err( 2397): 	... 4 more
01-01 11:29:57.919 W/BatteryStatsImpl( 2078): Couldn't get kernel wake lock stats
01-01 11:29:58.760 W/System.err( 2397): java.net.SocketTimeoutException
01-01 11:29:58.760 W/System.err( 2397): 	at libcore.io.IoBridge.maybeThrowAfterRecvfrom(IoBridge.java:551)
01-01 11:29:58.760 W/System.err( 2397): 	at libcore.io.IoBridge.recvfrom(IoBridge.java:509)
01-01 11:29:58.760 W/System.err( 2397): 	at java.net.PlainDatagramSocketImpl.doRecv(PlainDatagramSocketImpl.java:161)
01-01 11:29:58.760 W/System.err( 2397): 	at java.net.PlainDatagramSocketImpl.receive(PlainDatagramSocketImpl.java:169)
01-01 11:29:58.761 W/System.err( 2397): 	at java.net.DatagramSocket.receive(DatagramSocket.java:250)
01-01 11:29:58.761 W/System.err( 2397): 	at utils.UdpReceiverService$1.run(UdpReceiverService.java:53)
01-01 11:29:58.761 W/System.err( 2397): Caused by: libcore.io.ErrnoException: recvfrom failed: EAGAIN (Try again)
01-01 11:29:58.761 W/System.err( 2397): 	at libcore.io.Posix.recvfromBytes(Native Method)
01-01 11:29:58.761 W/System.err( 2397): 	at libcore.io.Posix.recvfrom(Posix.java:141)
01-01 11:29:58.761 W/System.err( 2397): 	at libcore.io.BlockGuardOs.recvfrom(BlockGuardOs.java:164)
01-01 11:29:58.761 W/System.err( 2397): 	at libcore.io.IoBridge.recvfrom(IoBridge.java:506)
01-01 11:29:58.761 W/System.err( 2397): 	... 4 more
01-01 11:30:00.762 W/System.err( 2397): java.net.SocketTimeoutException
01-01 11:30:00.763 W/System.err( 2397): 	at libcore.io.IoBridge.maybeThrowAfterRecvfrom(IoBridge.java:551)
01-01 11:30:00.763 W/System.err( 2397): 	at libcore.io.IoBridge.recvfrom(IoBridge.java:509)
01-01 11:30:00.763 W/System.err( 2397): 	at java.net.PlainDatagramSocketImpl.doRecv(PlainDatagramSocketImpl.java:161)
01-01 11:30:00.763 W/System.err( 2397): 	at java.net.PlainDatagramSocketImpl.receive(PlainDatagramSocketImpl.java:169)
01-01 11:30:00.763 W/System.err( 2397): 	at java.net.DatagramSocket.receive(DatagramSocket.java:250)
01-01 11:30:00.763 W/System.err( 2397): 	at utils.UdpReceiverService$1.run(UdpReceiverService.java:53)
01-01 11:30:00.763 W/System.err( 2397): Caused by: libcore.io.ErrnoException: recvfrom failed: EAGAIN (Try again)
01-01 11:30:00.764 W/System.err( 2397): 	at libcore.io.Posix.recvfromBytes(Native Method)
01-01 11:30:00.764 W/System.err( 2397): 	at libcore.io.Posix.recvfrom(Posix.java:141)
01-01 11:30:00.764 W/System.err( 2397): 	at libcore.io.BlockGuardOs.recvfrom(BlockGuardOs.java:164)
01-01 11:30:00.764 W/System.err( 2397): 	at libcore.io.IoBridge.recvfrom(IoBridge.java:506)
01-01 11:30:00.764 W/System.err( 2397): 	... 4 more
01-01 11:30:02.072 D/dalvikvm( 2731): GC_CONCURRENT freed 1755K, 37% free 4173K/6624K, paused 4ms+2ms, total 34ms
01-01 11:30:02.138 D/dalvikvm( 2731): GC_FOR_ALLOC freed 936K, 36% free 4303K/6624K, paused 17ms, total 17ms
01-01 11:30:02.155 D/dalvikvm( 2731): GC_FOR_ALLOC freed 170K, 34% free 4388K/6624K, paused 17ms, total 17ms
01-01 11:30:02.194 D/dalvikvm( 2731): GC_FOR_ALLOC freed 637K, 34% free 4414K/6624K, paused 36ms, total 36ms
01-01 11:30:02.764 W/System.err( 2397): java.net.SocketTimeoutException
01-01 11:30:02.764 W/System.err( 2397): 	at libcore.io.IoBridge.maybeThrowAfterRecvfrom(IoBridge.java:551)
01-01 11:30:02.764 W/System.err( 2397): 	at libcore.io.IoBridge.recvfrom(IoBridge.java:509)
01-01 11:30:02.764 W/System.err( 2397): 	at java.net.PlainDatagramSocketImpl.doRecv(PlainDatagramSocketImpl.java:161)
01-01 11:30:02.765 W/System.err( 2397): 	at java.net.PlainDatagramSocketImpl.receive(PlainDatagramSocketImpl.java:169)
01-01 11:30:02.765 W/System.err( 2397): 	at java.net.DatagramSocket.receive(DatagramSocket.java:250)
01-01 11:30:02.765 W/System.err( 2397): 	at utils.UdpReceiverService$1.run(UdpReceiverService.java:53)
01-01 11:30:02.765 W/System.err( 2397): Caused by: libcore.io.ErrnoException: recvfrom failed: EAGAIN (Try again)
01-01 11:30:02.765 W/System.err( 2397): 	at libcore.io.Posix.recvfromBytes(Native Method)
01-01 11:30:02.766 W/System.err( 2397): 	at libcore.io.Posix.recvfrom(Posix.java:141)
01-01 11:30:02.766 W/System.err( 2397): 	at libcore.io.BlockGuardOs.recvfrom(BlockGuardOs.java:164)
01-01 11:30:02.766 W/System.err( 2397): 	at libcore.io.IoBridge.recvfrom(IoBridge.java:506)
01-01 11:30:02.766 W/System.err( 2397): 	... 4 more
01-01 11:30:04.766 W/System.err( 2397): java.net.SocketTimeoutException
01-01 11:30:04.766 W/System.err( 2397): 	at libcore.io.IoBridge.maybeThrowAfterRecvfrom(IoBridge.java:551)
01-01 11:30:04.766 W/System.err( 2397): 	at libcore.io.IoBridge.recvfrom(IoBridge.java:509)
01-01 11:30:04.766 W/System.err( 2397): 	at java.net.PlainDatagramSocketImpl.doRecv(PlainDatagramSocketImpl.java:161)
01-01 11:30:04.767 W/System.err( 2397): 	at java.net.PlainDatagramSocketImpl.receive(PlainDatagramSocketImpl.java:169)
01-01 11:30:04.767 W/System.err( 2397): 	at java.net.DatagramSocket.receive(DatagramSocket.java:250)
01-01 11:30:04.767 W/System.err( 2397): 	at utils.UdpReceiverService$1.run(UdpReceiverService.java:53)
01-01 11:30:04.767 W/System.err( 2397): Caused by: libcore.io.ErrnoException: recvfrom failed: EAGAIN (Try again)
01-01 11:30:04.767 W/System.err( 2397): 	at libcore.io.Posix.recvfromBytes(Native Method)
01-01 11:30:04.768 W/System.err( 2397): 	at libcore.io.Posix.recvfrom(Posix.java:141)
01-01 11:30:04.768 W/System.err( 2397): 	at libcore.io.BlockGuardOs.recvfrom(BlockGuardOs.java:164)
01-01 11:30:04.768 W/System.err( 2397): 	at libcore.io.IoBridge.recvfrom(IoBridge.java:506)
01-01 11:30:04.768 W/System.err( 2397): 	... 4 more
01-01 11:30:06.768 W/System.err( 2397): java.net.SocketTimeoutException
01-01 11:30:06.768 W/System.err( 2397): 	at libcore.io.IoBridge.maybeThrowAfterRecvfrom(IoBridge.java:551)
01-01 11:30:06.768 W/System.err( 2397): 	at libcore.io.IoBridge.recvfrom(IoBridge.java:509)
01-01 11:30:06.768 W/System.err( 2397): 	at java.net.PlainDatagramSocketImpl.doRecv(PlainDatagramSocketImpl.java:161)
01-01 11:30:06.768 W/System.err( 2397): 	at java.net.PlainDatagramSocketImpl.receive(PlainDatagramSocketImpl.java:169)
01-01 11:30:06.768 W/System.err( 2397): 	at java.net.DatagramSocket.receive(DatagramSocket.java:250)
01-01 11:30:06.768 W/System.err( 2397): 	at utils.UdpReceiverService$1.run(UdpReceiverService.java:53)
01-01 11:30:06.769 W/System.err( 2397): Caused by: libcore.io.ErrnoException: recvfrom failed: EAGAIN (Try again)
01-01 11:30:06.769 W/System.err( 2397): 	at libcore.io.Posix.recvfromBytes(Native Method)
01-01 11:30:06.769 W/System.err( 2397): 	at libcore.io.Posix.recvfrom(Posix.java:141)
01-01 11:30:06.769 W/System.err( 2397): 	at libcore.io.BlockGuardOs.recvfrom(BlockGuardOs.java:164)
01-01 11:30:06.769 W/System.err( 2397): 	at libcore.io.IoBridge.recvfrom(IoBridge.java:506)
01-01 11:30:06.769 W/System.err( 2397): 	... 4 more
01-01 11:30:08.712 D/dalvikvm( 2839): GC_CONCURRENT freed 1724K, 35% free 3913K/5940K, paused 4ms+5ms, total 43ms
01-01 11:30:08.770 W/System.err( 2397): java.net.SocketTimeoutException
01-01 11:30:08.770 W/System.err( 2397): 	at libcore.io.IoBridge.maybeThrowAfterRecvfrom(IoBridge.java:551)
01-01 11:30:08.770 W/System.err( 2397): 	at libcore.io.IoBridge.recvfrom(IoBridge.java:509)
01-01 11:30:08.770 W/System.err( 2397): 	at java.net.PlainDatagramSocketImpl.doRecv(PlainDatagramSocketImpl.java:161)
01-01 11:30:08.770 W/System.err( 2397): 	at java.net.PlainDatagramSocketImpl.receive(PlainDatagramSocketImpl.java:169)
01-01 11:30:08.771 W/System.err( 2397): 	at java.net.DatagramSocket.receive(DatagramSocket.java:250)
01-01 11:30:08.771 W/System.err( 2397): 	at utils.UdpReceiverService$1.run(UdpReceiverService.java:53)
01-01 11:30:08.771 W/System.err( 2397): Caused by: libcore.io.ErrnoException: recvfrom failed: EAGAIN (Try again)
01-01 11:30:08.771 W/System.err( 2397): 	at libcore.io.Posix.recvfromBytes(Native Method)
01-01 11:30:08.771 W/System.err( 2397): 	at libcore.io.Posix.recvfrom(Posix.java:141)
01-01 11:30:08.771 W/System.err( 2397): 	at libcore.io.BlockGuardOs.recvfrom(BlockGuardOs.java:164)
01-01 11:30:08.771 W/System.err( 2397): 	at libcore.io.IoBridge.recvfrom(IoBridge.java:506)
01-01 11:30:08.771 W/System.err( 2397): 	... 4 more
01-01 11:30:08.881 D/dalvikvm( 2839): GC_FOR_ALLOC freed 853K, 32% free 4042K/5940K, paused 18ms, total 18ms
01-01 11:30:08.896 D/dalvikvm( 2839): GC_FOR_ALLOC freed 283K, 30% free 4183K/5940K, paused 15ms, total 15ms
01-01 11:30:08.896 I/dalvikvm-heap( 2839): Grow heap (frag case) to 4.483MB for 391942-byte allocation
01-01 11:30:08.911 D/dalvikvm( 2839): GC_FOR_ALLOC freed 255K, 32% free 4311K/6324K, paused 14ms, total 14ms
01-01 11:30:08.930 D/dalvikvm( 2839): GC_FOR_ALLOC freed 382K, 32% free 4350K/6324K, paused 14ms, total 14ms
01-01 11:30:10.772 W/System.err( 2397): java.net.SocketTimeoutException
01-01 11:30:10.772 W/System.err( 2397): 	at libcore.io.IoBridge.maybeThrowAfterRecvfrom(IoBridge.java:551)
01-01 11:30:10.772 W/System.err( 2397): 	at libcore.io.IoBridge.recvfrom(IoBridge.java:509)
01-01 11:30:10.772 W/System.err( 2397): 	at java.net.PlainDatagramSocketImpl.doRecv(PlainDatagramSocketImpl.java:161)
01-01 11:30:10.773 W/System.err( 2397): 	at java.net.PlainDatagramSocketImpl.receive(PlainDatagramSocketImpl.java:169)
01-01 11:30:10.773 W/System.err( 2397): 	at java.net.DatagramSocket.receive(DatagramSocket.java:250)
01-01 11:30:10.773 W/System.err( 2397): 	at utils.UdpReceiverService$1.run(UdpReceiverService.java:53)
01-01 11:30:10.773 W/System.err( 2397): Caused by: libcore.io.ErrnoException: recvfrom failed: EAGAIN (Try again)
01-01 11:30:10.773 W/System.err( 2397): 	at libcore.io.Posix.recvfromBytes(Native Method)
01-01 11:30:10.773 W/System.err( 2397): 	at libcore.io.Posix.recvfrom(Posix.java:141)
01-01 11:30:10.773 W/System.err( 2397): 	at libcore.io.BlockGuardOs.recvfrom(BlockGuardOs.java:164)
01-01 11:30:10.773 W/System.err( 2397): 	at libcore.io.IoBridge.recvfrom(IoBridge.java:506)
01-01 11:30:10.773 W/System.err( 2397): 	... 4 more
01-01 11:30:11.642 D/dalvikvm( 2855): GC_CONCURRENT freed 1823K, 35% free 3784K/5784K, paused 4ms+4ms, total 41ms
01-01 11:30:11.772 D/dalvikvm( 2855): GC_CONCURRENT freed 886K, 32% free 3956K/5784K, paused 2ms+1ms, total 17ms
01-01 11:30:11.772 D/dalvikvm( 2855): WAIT_FOR_CONCURRENT_GC blocked 15ms
01-01 11:30:11.787 D/dalvikvm( 2855): GC_FOR_ALLOC freed 170K, 31% free 4041K/5784K, paused 13ms, total 13ms
01-01 11:30:11.801 D/dalvikvm( 2855): GC_FOR_ALLOC freed 255K, 28% free 4169K/5784K, paused 14ms, total 14ms
01-01 11:30:11.815 D/dalvikvm( 2855): GC_FOR_ALLOC freed 382K, 30% free 4068K/5784K, paused 14ms, total 14ms
01-01 11:30:11.833 D/dalvikvm( 2855): GC_FOR_ALLOC freed 140K, 25% free 4348K/5784K, paused 14ms, total 14ms
01-01 11:30:11.833 I/dalvikvm-heap( 2855): Grow heap (frag case) to 4.408MB for 143880-byte allocation
01-01 11:30:11.860 D/dalvikvm( 2855): GC_FOR_ALLOC freed 280K, 30% free 4208K/5928K, paused 14ms, total 14ms
01-01 11:30:12.774 W/System.err( 2397): java.net.SocketTimeoutException
01-01 11:30:12.774 W/System.err( 2397): 	at libcore.io.IoBridge.maybeThrowAfterRecvfrom(IoBridge.java:551)
01-01 11:30:12.774 W/System.err( 2397): 	at libcore.io.IoBridge.recvfrom(IoBridge.java:509)
01-01 11:30:12.774 W/System.err( 2397): 	at java.net.PlainDatagramSocketImpl.doRecv(PlainDatagramSocketImpl.java:161)
01-01 11:30:12.775 W/System.err( 2397): 	at java.net.PlainDatagramSocketImpl.receive(PlainDatagramSocketImpl.java:169)
01-01 11:30:12.775 W/System.err( 2397): 	at java.net.DatagramSocket.receive(DatagramSocket.java:250)
01-01 11:30:12.775 W/System.err( 2397): 	at utils.UdpReceiverService$1.run(UdpReceiverService.java:53)
01-01 11:30:12.775 W/System.err( 2397): Caused by: libcore.io.ErrnoException: recvfrom failed: EAGAIN (Try again)
01-01 11:30:12.775 W/System.err( 2397): 	at libcore.io.Posix.recvfromBytes(Native Method)
01-01 11:30:12.775 W/System.err( 2397): 	at libcore.io.Posix.recvfrom(Posix.java:141)
01-01 11:30:12.775 W/System.err( 2397): 	at libcore.io.BlockGuardOs.recvfrom(BlockGuardOs.java:164)
01-01 11:30:12.776 W/System.err( 2397): 	at libcore.io.IoBridge.recvfrom(IoBridge.java:506)
01-01 11:30:12.776 W/System.err( 2397): 	... 4 more
01-01 11:30:13.759 D/ConnectivityService( 2078): Sampling interval elapsed, updating statistics ..
01-01 11:30:13.763 I/NtpTrustedTime( 2078): refreshtime() from cn.pool.ntp.org
01-01 11:30:13.764 D/ConnectivityService( 2078): Done.
01-01 11:30:13.765 D/ConnectivityService( 2078): Setting timer for 720seconds
01-01 11:30:13.832 D/dalvikvm( 2078): GC_CONCURRENT freed 938K, 41% free 4339K/7324K, paused 3ms+6ms, total 76ms
01-01 11:30:13.832 D/dalvikvm( 2078): WAIT_FOR_CONCURRENT_GC blocked 37ms
01-01 11:30:14.776 W/System.err( 2397): java.net.SocketTimeoutException
01-01 11:30:14.776 W/System.err( 2397): 	at libcore.io.IoBridge.maybeThrowAfterRecvfrom(IoBridge.java:551)
01-01 11:30:14.776 W/System.err( 2397): 	at libcore.io.IoBridge.recvfrom(IoBridge.java:509)
01-01 11:30:14.776 W/System.err( 2397): 	at java.net.PlainDatagramSocketImpl.doRecv(PlainDatagramSocketImpl.java:161)
01-01 11:30:14.777 W/System.err( 2397): 	at java.net.PlainDatagramSocketImpl.receive(PlainDatagramSocketImpl.java:169)
01-01 11:30:14.777 W/System.err( 2397): 	at java.net.DatagramSocket.receive(DatagramSocket.java:250)
01-01 11:30:14.777 W/System.err( 2397): 	at utils.UdpReceiverService$1.run(UdpReceiverService.java:53)
01-01 11:30:14.777 W/System.err( 2397): Caused by: libcore.io.ErrnoException: recvfrom failed: EAGAIN (Try again)
01-01 11:30:14.777 W/System.err( 2397): 	at libcore.io.Posix.recvfromBytes(Native Method)
01-01 11:30:14.778 W/System.err( 2397): 	at libcore.io.Posix.recvfrom(Posix.java:141)
01-01 11:30:14.778 W/System.err( 2397): 	at libcore.io.BlockGuardOs.recvfrom(BlockGuardOs.java:164)
01-01 11:30:14.778 W/System.err( 2397): 	at libcore.io.IoBridge.recvfrom(IoBridge.java:506)
01-01 11:30:14.778 W/System.err( 2397): 	... 4 more
01-01 11:30:16.778 W/System.err( 2397): java.net.SocketTimeoutException
01-01 11:30:16.778 W/System.err( 2397): 	at libcore.io.IoBridge.maybeThrowAfterRecvfrom(IoBridge.java:551)
01-01 11:30:16.778 W/System.err( 2397): 	at libcore.io.IoBridge.recvfrom(IoBridge.java:509)
01-01 11:30:16.778 W/System.err( 2397): 	at java.net.PlainDatagramSocketImpl.doRecv(PlainDatagramSocketImpl.java:161)
01-01 11:30:16.778 W/System.err( 2397): 	at java.net.PlainDatagramSocketImpl.receive(PlainDatagramSocketImpl.java:169)
01-01 11:30:16.778 W/System.err( 2397): 	at java.net.DatagramSocket.receive(DatagramSocket.java:250)
01-01 11:30:16.779 W/System.err( 2397): 	at utils.UdpReceiverService$1.run(UdpReceiverService.java:53)
01-01 11:30:16.779 W/System.err( 2397): Caused by: libcore.io.ErrnoException: recvfrom failed: EAGAIN (Try again)
01-01 11:30:16.779 W/System.err( 2397): 	at libcore.io.Posix.recvfromBytes(Native Method)
01-01 11:30:16.779 W/System.err( 2397): 	at libcore.io.Posix.recvfrom(Posix.java:141)
01-01 11:30:16.779 W/System.err( 2397): 	at libcore.io.BlockGuardOs.recvfrom(BlockGuardOs.java:164)
01-01 11:30:16.779 W/System.err( 2397): 	at libcore.io.IoBridge.recvfrom(IoBridge.java:506)
