01-01 08:05:07.642 W/System.err( 2397): 	at libcore.io.IoBridge.recvfrom(IoBridge.java:506)
01-01 08:05:07.642 W/System.err( 2397): 	... 4 more
01-01 08:05:08.473 E/sample_enc( 4699): 
01-01 08:05:08.473 E/sample_enc( 4699): =======================================================
01-01 08:05:08.473 E/sample_enc( 4699): -------> save file: /sdcard/1.jpg OK. n
01-01 08:05:08.473 E/sample_enc( 4699): =======================================================
01-01 08:05:09.465 E/sample_enc( 4705): 
01-01 08:05:09.465 E/sample_enc( 4705): =======================================================
01-01 08:05:09.465 E/sample_enc( 4705): -------> save file: /sdcard/1.jpg OK. n
01-01 08:05:09.465 E/sample_enc( 4705): =======================================================
01-01 08:05:09.642 W/System.err( 2397): java.net.SocketTimeoutException
01-01 08:05:09.642 W/System.err( 2397): 	at libcore.io.IoBridge.maybeThrowAfterRecvfrom(IoBridge.java:551)
01-01 08:05:09.642 W/System.err( 2397): 	at libcore.io.IoBridge.recvfrom(IoBridge.java:509)
01-01 08:05:09.642 W/System.err( 2397): 	at java.net.PlainDatagramSocketImpl.doRecv(PlainDatagramSocketImpl.java:161)
01-01 08:05:09.643 W/System.err( 2397): 	at java.net.PlainDatagramSocketImpl.receive(PlainDatagramSocketImpl.java:169)
01-01 08:05:09.643 W/System.err( 2397): 	at java.net.DatagramSocket.receive(DatagramSocket.java:250)
01-01 08:05:09.643 W/System.err( 2397): 	at utils.UdpReceiverService$1.run(UdpReceiverService.java:53)
01-01 08:05:09.643 W/System.err( 2397): Caused by: libcore.io.ErrnoException: recvfrom failed: EAGAIN (Try again)
01-01 08:05:09.643 W/System.err( 2397): 	at libcore.io.Posix.recvfromBytes(Native Method)
01-01 08:05:09.644 W/System.err( 2397): 	at libcore.io.Posix.recvfrom(Posix.java:141)
01-01 08:05:09.644 W/System.err( 2397): 	at libcore.io.BlockGuardOs.recvfrom(BlockGuardOs.java:164)
01-01 08:05:09.644 W/System.err( 2397): 	at libcore.io.IoBridge.recvfrom(IoBridge.java:506)
01-01 08:05:09.644 W/System.err( 2397): 	... 4 more
01-01 08:05:10.434 E/sample_enc( 4711): 
01-01 08:05:10.434 E/sample_enc( 4711): =======================================================
01-01 08:05:10.434 E/sample_enc( 4711): -------> save file: /sdcard/1.jpg OK. n
01-01 08:05:10.434 E/sample_enc( 4711): =======================================================
01-01 08:05:11.270 E/sample_enc( 4717): 
01-01 08:05:11.270 E/sample_enc( 4717): =======================================================
01-01 08:05:11.270 E/sample_enc( 4717): -------> save file: /sdcard/1.jpg OK. n
01-01 08:05:11.270 E/sample_enc( 4717): =======================================================
01-01 08:05:11.644 W/System.err( 2397): java.net.SocketTimeoutException
01-01 08:05:11.644 W/System.err( 2397): 	at libcore.io.IoBridge.maybeThrowAfterRecvfrom(IoBridge.java:551)
01-01 08:05:11.644 W/System.err( 2397): 	at libcore.io.IoBridge.recvfrom(IoBridge.java:509)
01-01 08:05:11.644 W/System.err( 2397): 	at java.net.PlainDatagramSocketImpl.doRecv(PlainDatagramSocketImpl.java:161)
01-01 08:05:11.645 W/System.err( 2397): 	at java.net.PlainDatagramSocketImpl.receive(PlainDatagramSocketImpl.java:169)
01-01 08:05:11.645 W/System.err( 2397): 	at java.net.DatagramSocket.receive(DatagramSocket.java:250)
01-01 08:05:11.645 W/System.err( 2397): 	at utils.UdpReceiverService$1.run(UdpReceiverService.java:53)
01-01 08:05:11.645 W/System.err( 2397): Caused by: libcore.io.ErrnoException: recvfrom failed: EAGAIN (Try again)
01-01 08:05:11.645 W/System.err( 2397): 	at libcore.io.Posix.recvfromBytes(Native Method)
01-01 08:05:11.645 W/System.err( 2397): 	at libcore.io.Posix.recvfrom(Posix.java:141)
01-01 08:05:11.646 W/System.err( 2397): 	at libcore.io.BlockGuardOs.recvfrom(BlockGuardOs.java:164)
01-01 08:05:11.646 W/System.err( 2397): 	at libcore.io.IoBridge.recvfrom(IoBridge.java:506)
01-01 08:05:11.646 W/System.err( 2397): 	... 4 more
01-01 08:05:12.331 E/sample_enc( 4723): 
01-01 08:05:12.331 E/sample_enc( 4723): =======================================================
01-01 08:05:12.331 E/sample_enc( 4723): -------> save file: /sdcard/1.jpg OK. n
01-01 08:05:12.331 E/sample_enc( 4723): =======================================================
01-01 08:05:13.377 E/sample_enc( 4729): 
01-01 08:05:13.377 E/sample_enc( 4729): =======================================================
01-01 08:05:13.377 E/sample_enc( 4729): -------> save file: /sdcard/1.jpg OK. n
01-01 08:05:13.377 E/sample_enc( 4729): =======================================================
01-01 08:05:13.646 W/System.err( 2397): java.net.SocketTimeoutException
01-01 08:05:13.646 W/System.err( 2397): 	at libcore.io.IoBridge.maybeThrowAfterRecvfrom(IoBridge.java:551)
01-01 08:05:13.646 W/System.err( 2397): 	at libcore.io.IoBridge.recvfrom(IoBridge.java:509)
01-01 08:05:13.646 W/System.err( 2397): 	at java.net.PlainDatagramSocketImpl.doRecv(PlainDatagramSocketImpl.java:161)
01-01 08:05:13.647 W/System.err( 2397): 	at java.net.PlainDatagramSocketImpl.receive(PlainDatagramSocketImpl.java:169)
01-01 08:05:13.647 W/System.err( 2397): 	at java.net.DatagramSocket.receive(DatagramSocket.java:250)
01-01 08:05:13.647 W/System.err( 2397): 	at utils.UdpReceiverService$1.run(UdpReceiverService.java:53)
01-01 08:05:13.647 W/System.err( 2397): Caused by: libcore.io.ErrnoException: recvfrom failed: EAGAIN (Try again)
01-01 08:05:13.647 W/System.err( 2397): 	at libcore.io.Posix.recvfromBytes(Native Method)
01-01 08:05:13.647 W/System.err( 2397): 	at libcore.io.Posix.recvfrom(Posix.java:141)
01-01 08:05:13.648 W/System.err( 2397): 	at libcore.io.BlockGuardOs.recvfrom(BlockGuardOs.java:164)
01-01 08:05:13.648 W/System.err( 2397): 	at libcore.io.IoBridge.recvfrom(IoBridge.java:506)
01-01 08:05:13.648 W/System.err( 2397): 	... 4 more
01-01 08:05:14.501 E/sample_enc( 4735): 
01-01 08:05:14.501 E/sample_enc( 4735): =======================================================
01-01 08:05:14.501 E/sample_enc( 4735): -------> save file: /sdcard/1.jpg OK. n
01-01 08:05:14.501 E/sample_enc( 4735): =======================================================
01-01 08:05:15.400 E/sample_enc( 4741): 
01-01 08:05:15.400 E/sample_enc( 4741): =======================================================
01-01 08:05:15.400 E/sample_enc( 4741): -------> save file: /sdcard/1.jpg OK. n
01-01 08:05:15.400 E/sample_enc( 4741): =======================================================
01-01 08:05:15.648 W/System.err( 2397): java.net.SocketTimeoutException
01-01 08:05:15.648 W/System.err( 2397): 	at libcore.io.IoBridge.maybeThrowAfterRecvfrom(IoBridge.java:551)
01-01 08:05:15.648 W/System.err( 2397): 	at libcore.io.IoBridge.recvfrom(IoBridge.java:509)
01-01 08:05:15.648 W/System.err( 2397): 	at java.net.PlainDatagramSocketImpl.doRecv(PlainDatagramSocketImpl.java:161)
01-01 08:05:15.649 W/System.err( 2397): 	at java.net.PlainDatagramSocketImpl.receive(PlainDatagramSocketImpl.java:169)
01-01 08:05:15.649 W/System.err( 2397): 	at java.net.DatagramSocket.receive(DatagramSocket.java:250)
01-01 08:05:15.649 W/System.err( 2397): 	at utils.UdpReceiverService$1.run(UdpReceiverService.java:53)
01-01 08:05:15.649 W/System.err( 2397): Caused by: libcore.io.ErrnoException: recvfrom failed: EAGAIN (Try again)
01-01 08:05:15.649 W/System.err( 2397): 	at libcore.io.Posix.recvfromBytes(Native Method)
01-01 08:05:15.649 W/System.err( 2397): 	at libcore.io.Posix.recvfrom(Posix.java:141)
01-01 08:05:15.650 W/System.err( 2397): 	at libcore.io.BlockGuardOs.recvfrom(BlockGuardOs.java:164)
01-01 08:05:15.650 W/System.err( 2397): 	at libcore.io.IoBridge.recvfrom(IoBridge.java:506)
01-01 08:05:15.650 W/System.err( 2397): 	... 4 more
01-01 08:05:16.337 E/sample_enc( 4747): 
01-01 08:05:16.337 E/sample_enc( 4747): =======================================================
01-01 08:05:16.337 E/sample_enc( 4747): -------> save file: /sdcard/1.jpg OK. n
01-01 08:05:16.337 E/sample_enc( 4747): =======================================================
01-01 08:05:17.236 E/sample_enc( 4763): 
01-01 08:05:17.236 E/sample_enc( 4763): =======================================================
01-01 08:05:17.236 E/sample_enc( 4763): -------> save file: /sdcard/1.jpg OK. n
01-01 08:05:17.236 E/sample_enc( 4763): =======================================================
01-01 08:05:17.637 D/AndroidRuntime( 4767): 
01-01 08:05:17.637 D/AndroidRuntime( 4767): >>>>>> AndroidRuntime START com.android.internal.os.RuntimeInit <<<<<<
01-01 08:05:17.640 D/AndroidRuntime( 4767): CheckJNI is OFF
01-01 08:05:17.650 W/System.err( 2397): java.net.SocketTimeoutException
01-01 08:05:17.650 W/System.err( 2397): 	at libcore.io.IoBridge.maybeThrowAfterRecvfrom(IoBridge.java:551)
01-01 08:05:17.650 W/System.err( 2397): 	at libcore.io.IoBridge.recvfrom(IoBridge.java:509)
01-01 08:05:17.650 W/System.err( 2397): 	at java.net.PlainDatagramSocketImpl.doRecv(PlainDatagramSocketImpl.java:161)
01-01 08:05:17.650 W/System.err( 2397): 	at java.net.PlainDatagramSocketImpl.receive(PlainDatagramSocketImpl.java:169)
01-01 08:05:17.650 W/System.err( 2397): 	at java.net.DatagramSocket.receive(DatagramSocket.java:250)
01-01 08:05:17.650 W/System.err( 2397): 	at utils.UdpReceiverService$1.run(UdpReceiverService.java:53)
01-01 08:05:17.650 W/System.err( 2397): Caused by: libcore.io.ErrnoException: recvfrom failed: EAGAIN (Try again)
01-01 08:05:17.650 W/System.err( 2397): 	at libcore.io.Posix.recvfromBytes(Native Method)
01-01 08:05:17.650 W/System.err( 2397): 	at libcore.io.Posix.recvfrom(Posix.java:141)
01-01 08:05:17.650 W/System.err( 2397): 	at libcore.io.BlockGuardOs.recvfrom(BlockGuardOs.java:164)
01-01 08:05:17.650 W/System.err( 2397): 	at libcore.io.IoBridge.recvfrom(IoBridge.java:506)
01-01 08:05:17.650 W/System.err( 2397): 	... 4 more
01-01 08:05:17.652 D/dalvikvm( 4767): Unable to stat classpath element '/system/framework/telephony-common.jar'
01-01 08:05:17.653 D/dalvikvm( 4767): Unable to stat classpath element '/system/framework/mms-common.jar'
01-01 08:05:17.663 D/dalvikvm( 4767): Trying to load lib libjavacore.so 0x0
01-01 08:05:17.666 D/dalvikvm( 4767): Added shared lib libjavacore.so 0x0
01-01 08:05:17.669 D/dalvikvm( 4767): Trying to load lib libnativehelper.so 0x0
01-01 08:05:17.669 D/dalvikvm( 4767): Added shared lib libnativehelper.so 0x0
01-01 08:05:17.669 D/dalvikvm( 4767): No JNI_OnLoad found in libnativehelper.so 0x0, skipping init
01-01 08:05:17.687 E/cutils-trace( 4767): Error opening trace file: No such file or directory (2)
01-01 08:05:17.703 D/dalvikvm( 4767): Note: class Landroid/app/ActivityManagerNative; has 179 unimplemented (abstract) methods
01-01 08:05:17.855 E/memtrack( 4767): Couldn't load memtrack module (No such file or directory)
01-01 08:05:17.855 E/android.os.Debug( 4767): failed to load memtrack module: -2
01-01 08:05:17.856 I/EthernetJNI( 4767): Loading ethernet jni class
01-01 08:05:17.907 D/AndroidRuntime( 4767): Calling main entry com.android.commands.input.Input
01-01 08:05:17.908 I/Input   ( 4767): injectKeyEvent: KeyEvent { action=ACTION_DOWN, keyCode=KEYCODE_DPAD_RIGHT, scanCode=0, metaState=0, flags=0x0, repeatCount=0, eventTime=320137, downTime=320137, deviceId=-1, source=0x101 }
01-01 08:05:17.912 D/WindowManager( 2078): interceptKeyTq keycode=22 screenIsOn=true keyguardActive=false policyFlags=b000000 isWakeKey=false
01-01 08:05:17.913 D/RemoteIME( 2282): keycode: 22, realAction: false
01-01 08:05:17.915 W/FocusedRelativeLayout.smoothScrollBy(L:539)( 2432): smoothScrollBy dx = 700
01-01 08:05:17.916 I/MainActivity( 2432): packageName com.android.defcontainer at index 0
01-01 08:05:17.917 I/MainActivity( 2432): packageName com.svox.pico at index 0
01-01 08:05:17.917 I/MainActivity( 2432): packageName com.android.launcher at index 0
01-01 08:05:17.917 I/MainActivity( 2432): packageName com.android.settings at index 0
01-01 08:05:17.918 I/MainActivity( 2432): packageName com.android.bluetooth at index 0
01-01 08:05:17.918 I/MainActivity( 2432): packageName com.dangbeimarket at index 0
01-01 08:05:17.918 I/MainActivity( 2432): packageName com.dangbeimarket at index 0
01-01 08:05:17.918 I/MainActivity( 2432): packageName com.dangbeimarket at index 0
01-01 08:05:17.918 I/MainActivity( 2432): packageName com.dangbeimarket at index 0
01-01 08:05:17.919 I/MainActivity( 2432): packageName com.unionman.umosd at index 0
01-01 08:05:17.919 I/MainActivity( 2432): packageName com.um.launcher at index 0
01-01 08:05:17.919 I/MainActivity( 2432): packageName com.um.usbupgrade at index 0
01-01 08:05:17.919 I/MainActivity( 2432): packageName com.example.man.myapplication at index 0
01-01 08:05:17.920 I/MainActivity( 2432): packageName com.hisilicon.android.hiRMService at index 0
01-01 08:05:17.920 I/MainActivity( 2432): packageName com.um.ctica at index 0
01-01 08:05:17.920 I/MainActivity( 2432): packageName com.unionman.shortcut at index 0
01-01 08:05:17.920 I/MainActivity( 2432): packageName com.hisilicon.dlna.dmr at index 0
01-01 08:05:17.921 I/MainActivity( 2432): packageName com.hisilicon.dlna.dms at index 0
01-01 08:05:17.921 I/MainActivity( 2432): packageName com.um.upgrade at index 0
01-01 08:05:17.921 I/MainActivity( 2432): packageName com.hisilicon.android.inputmethod.remote at index 0
01-01 08:05:17.921 I/MainActivity( 2432): packageName com.android.systemui at index 0
01-01 08:05:17.922 I/MainActivity( 2432): packageName android at index 0
01-01 08:05:17.922 I/MainActivity( 2432): packageName com.android.providers.settings at index 1
01-01 08:05:17.922 I/MainActivity( 2432): packageName com.android.location.fused at index 2
01-01 08:05:17.923 D/MainActivity( 2432): sendMessageDelayed DELECT_TVSOURCE
01-01 08:05:17.923 I/Input   ( 4767): injectKeyEvent: KeyEvent { action=ACTION_UP, keyCode=KEYCODE_DPAD_RIGHT, scanCode=0, metaState=0, flags=0x0, repeatCount=0, eventTime=320137, downTime=320137, deviceId=-1, source=0x101 }
01-01 08:05:17.923 D/WindowManager( 2078): interceptKeyTq keycode=22 screenIsOn=true keyguardActive=false policyFlags=b000000 isWakeKey=false
01-01 08:05:17.924 D/RemoteIME( 2282): keycode: 22, realAction: true
01-01 08:05:17.928 I/FocusedBasePositionManager.drawAsyncFrame(L:287)( 2432): drawAsyncFrame
01-01 08:05:17.929 D/AudioPolicyManagerBase( 1592): startOutput() output 2, stream 1, session 8
01-01 08:05:17.929 D/AudioPolicyManagerBase( 1592): startoutput ->setOutputDevice
01-01 08:05:17.929 D/AudioPolicyManagerBase( 1592): AudioPolicyManagerBase::checkAndSetVolume 8,0.191346
01-01 08:05:17.931 E/sample_enc( 4776): 
01-01 08:05:17.931 E/sample_enc( 4776): =======================================================
01-01 08:05:17.931 E/sample_enc( 4776): -------> save file: /sdcard/1.jpg OK. n
01-01 08:05:17.931 E/sample_enc( 4776): =======================================================
01-01 08:05:17.931 I/FocusedBasePositionManager.drawStaticFocus(L:460)( 2432): drawStaticFocus: mCurrentFrame = 1, dstScaleX = 1.02, dstScaleY = 1.02, mScaleXValue = 1.1, mScaleYValue = 1.1, this = com.um.launcher.widget.FocusedRelativeLayout$FocusedLayoutPositionManager@421d6950
01-01 08:05:17.939 I/        ( 1600): transcode 39 flags 16
01-01 08:05:17.939 D/AndroidRuntime( 4767): Shutting down VM
01-01 08:05:17.942 D/dalvikvm( 4767): GC_CONCURRENT freed 98K, 16% free 569K/672K, paused 0ms+0ms, total 2ms
01-01 08:05:17.948 I/FocusedBasePositionManager.drawAsyncFrame(L:287)( 2432): drawAsyncFrame
01-01 08:05:17.949 I/FocusedBasePositionManager.drawOtherFrame(L:367)( 2432): drawOtherFrame, this = com.um.launcher.widget.FocusedRelativeLayout$FocusedLayoutPositionManager@421d6950
01-01 08:05:17.950 I/FocusedBasePositionManager.drawStaticFocus(L:460)( 2432): drawStaticFocus: mCurrentFrame = 2, dstScaleX = 1.04, dstScaleY = 1.04, mScaleXValue = 1.1, mScaleYValue = 1.1, this = com.um.launcher.widget.FocusedRelativeLayout$FocusedLayoutPositionManager@421d6950
01-01 08:05:17.961 I/        ( 1600): transcode 39 flags 16
01-01 08:05:17.966 I/FocusedBasePositionManager.drawAsyncFrame(L:287)( 2432): drawAsyncFrame
01-01 08:05:17.967 I/FocusedBasePositionManager.drawOtherFrame(L:367)( 2432): drawOtherFrame, this = com.um.launcher.widget.FocusedRelativeLayout$FocusedLayoutPositionManager@421d6950
01-01 08:05:17.968 I/FocusedBasePositionManager.drawStaticFocus(L:460)( 2432): drawStaticFocus: mCurrentFrame = 3, dstScaleX = 1.0600001, dstScaleY = 1.0600001, mScaleXValue = 1.1, mScaleYValue = 1.1, this = com.um.launcher.widget.FocusedRelativeLayout$FocusedLayoutPositionManager@421d6950
01-01 08:05:17.972 I/        ( 1600): transcode 39 flags 16
01-01 08:05:17.977 I/FocusedBasePositionManager.drawAsyncFrame(L:287)( 2432): drawAsyncFrame
01-01 08:05:17.977 I/FocusedBasePositionManager.drawOtherFrame(L:367)( 2432): drawOtherFrame, this = com.um.launcher.widget.FocusedRelativeLayout$FocusedLayoutPositionManager@421d6950
01-01 08:05:17.979 I/FocusedBasePositionManager.drawStaticFocus(L:460)( 2432): drawStaticFocus: mCurrentFrame = 4, dstScaleX = 1.08, dstScaleY = 1.08, mScaleXValue = 1.1, mScaleYValue = 1.1, this = com.um.launcher.widget.FocusedRelativeLayout$FocusedLayoutPositionManager@421d6950
01-01 08:05:17.989 I/        ( 1600): transcode 39 flags 16
01-01 08:05:17.998 I/FocusedBasePositionManager.drawAsyncFrame(L:287)( 2432): drawAsyncFrame
01-01 08:05:17.998 I/FocusedBasePositionManager.drawLastFrame(L:377)( 2432): drawLastFrame, this = com.um.launcher.widget.FocusedRelativeLayout$FocusedLayoutPositionManager@421d6950
01-01 08:05:18.000 I/FocusedBasePositionManager.drawStaticFocus(L:460)( 2432): drawStaticFocus: mCurrentFrame = 5, dstScaleX = 1.1, dstScaleY = 1.1, mScaleXValue = 1.1, mScaleYValue = 1.1, this = com.um.launcher.widget.FocusedRelativeLayout$FocusedLayoutPositionManager@421d6950
01-01 08:05:18.005 I/        ( 1600): transcode 39 flags 16
01-01 08:05:18.022 I/FocusedBasePositionManager.drawAsyncFrame(L:287)( 2432): drawAsyncFrame
01-01 08:05:18.023 I/FocusedBasePositionManager.drawStaticFocus(L:460)( 2432): drawStaticFocus: mCurrentFrame = 1, dstScaleX = 1.02, dstScaleY = 1.02, mScaleXValue = 1.1, mScaleYValue = 1.1, this = com.um.launcher.widget.FocusedRelativeLayout$FocusedLayoutPositionManager@421d6950
01-01 08:05:18.026 I/        ( 1600): transcode 39 flags 16
01-01 08:05:18.040 I/FocusedBasePositionManager.drawAsyncFrame(L:287)( 2432): drawAsyncFrame
01-01 08:05:18.041 I/FocusedBasePositionManager.drawStaticFocus(L:460)( 2432): drawStaticFocus: mCurrentFrame = 1, dstScaleX = 1.02, dstScaleY = 1.02, mScaleXValue = 1.1, mScaleYValue = 1.1, this = com.um.launcher.widget.FocusedRelativeLayout$FocusedLayoutPositionManager@421d6950
01-01 08:05:18.373 D/MainActivity( 2432): SwitchThread SWITCH_SOURCE, type:2
01-01 08:05:18.373 D/SourceManagerInterface( 2432): getCurSourceId() begin
01-01 08:05:18.373 D/SourceManagerInterface( 2432): getCurSourceId() end value = 0
01-01 08:05:18.373 D/SourceManagerInterface( 2432): getLastSourceId() begin
01-01 08:05:18.374 D/SourceManagerInterface( 2432): getLastSourceId() end value = 0
01-01 08:05:18.374 D/SourceManagerInterface( 2432): getSelectSourceId() begin
01-01 08:05:18.374 D/SourceManagerInterface( 2432): getSelectSourceId() end value = 0
01-01 08:05:18.374 D/MainActivity( 2432): doDelectTVSource is called: mCurrentSourceIdx=0, TvSourceIdx=0 getSelectSourceId = 0
01-01 08:05:18.374 D/MainActivity( 2432): doDelectTVSource
01-01 08:05:18.374 D/SourceManagerInterface( 2432): getSelectSourceId() begin
01-01 08:05:18.374 D/SourceManagerInterface( 2432): getSelectSourceId() end value = 0
01-01 08:05:18.374 D/MainActivity( 2432): Scaler TV Windows to Full
01-01 08:05:18.374 D/SourceManagerInterface( 2432): SourceManager  setWindowRect ret = 0
01-01 08:05:18.374 D/SourceManagerInterface( 2432): deselectSource(int srcId = 0, boolean bDestroy = true)  begin
01-01 08:05:18.374 D/SourceManagerInterface( 2432): deselectSource(int srcId = 0, boolean bDestroy =true) end value = 0
01-01 08:05:18.374 D/SourceManagerInterface( 2432): selectSource(int srcId = 13, int nMainWindow =0)  begin
01-01 08:05:18.375 D/SourceManagerInterface( 2432): selectSource(int srcId = 13, int nMainWindow = 0)  end value = 0
01-01 08:05:18.810 E/sample_enc( 4785): 
01-01 08:05:18.810 E/sample_enc( 4785): =======================================================
01-01 08:05:18.810 E/sample_enc( 4785): -------> save file: /sdcard/1.jpg OK. n
01-01 08:05:18.810 E/sample_enc( 4785): =======================================================
01-01 08:05:19.651 W/System.err( 2397): java.net.SocketTimeoutException
01-01 08:05:19.651 W/System.err( 2397): 	at libcore.io.IoBridge.maybeThrowAfterRecvfrom(IoBridge.java:551)
01-01 08:05:19.651 W/System.err( 2397): 	at libcore.io.IoBridge.recvfrom(IoBridge.java:509)
01-01 08:05:19.651 W/System.err( 2397): 	at java.net.PlainDatagramSocketImpl.doRecv(PlainDatagramSocketImpl.java:161)
01-01 08:05:19.652 W/System.err( 2397): 	at java.net.PlainDatagramSocketImpl.receive(PlainDatagramSocketImpl.java:169)
01-01 08:05:19.652 W/System.err( 2397): 	at java.net.DatagramSocket.receive(DatagramSocket.java:250)
01-01 08:05:19.652 W/System.err( 2397): 	at utils.UdpReceiverService$1.run(UdpReceiverService.java:53)
01-01 08:05:19.652 W/System.err( 2397): Caused by: libcore.io.ErrnoException: recvfrom failed: EAGAIN (Try again)
01-01 08:05:19.652 W/System.err( 2397): 	at libcore.io.Posix.recvfromBytes(Native Method)
01-01 08:05:19.653 W/System.err( 2397): 	at libcore.io.Posix.recvfrom(Posix.java:141)
01-01 08:05:19.653 W/System.err( 2397): 	at libcore.io.BlockGuardOs.recvfrom(BlockGuardOs.java:164)
01-01 08:05:19.653 W/System.err( 2397): 	at libcore.io.IoBridge.recvfrom(IoBridge.java:506)
01-01 08:05:19.653 W/System.err( 2397): 	... 4 more
01-01 08:05:19.891 E/sample_enc( 4791): 
01-01 08:05:19.891 E/sample_enc( 4791): =======================================================
01-01 08:05:19.891 E/sample_enc( 4791): -------> save file: /sdcard/1.jpg OK. n
01-01 08:05:19.891 E/sample_enc( 4791): =======================================================
01-01 08:05:20.490 D/AndroidRuntime( 4807): 
01-01 08:05:20.490 D/AndroidRuntime( 4807): >>>>>> AndroidRuntime START com.android.internal.os.RuntimeInit <<<<<<
01-01 08:05:20.492 D/AndroidRuntime( 4807): CheckJNI is OFF
01-01 08:05:20.497 D/dalvikvm( 4807): Unable to stat classpath element '/system/framework/telephony-common.jar'
01-01 08:05:20.498 D/dalvikvm( 4807): Unable to stat classpath element '/system/framework/mms-common.jar'
01-01 08:05:20.504 D/dalvikvm( 4807): Trying to load lib libjavacore.so 0x0
01-01 08:05:20.506 D/dalvikvm( 4807): Added shared lib libjavacore.so 0x0
01-01 08:05:20.510 D/dalvikvm( 4807): Trying to load lib libnativehelper.so 0x0
01-01 08:05:20.510 D/dalvikvm( 4807): Added shared lib libnativehelper.so 0x0
01-01 08:05:20.510 D/dalvikvm( 4807): No JNI_OnLoad found in libnativehelper.so 0x0, skipping init
01-01 08:05:20.525 E/cutils-trace( 4807): Error opening trace file: No such file or directory (2)
01-01 08:05:20.538 D/dalvikvm( 4807): Note: class Landroid/app/ActivityManagerNative; has 179 unimplemented (abstract) methods
01-01 08:05:20.698 E/memtrack( 4807): Couldn't load memtrack module (No such file or directory)
01-01 08:05:20.698 E/android.os.Debug( 4807): failed to load memtrack module: -2
01-01 08:05:20.700 I/EthernetJNI( 4807): Loading ethernet jni class
01-01 08:05:20.747 D/AndroidRuntime( 4807): Calling main entry com.android.commands.input.Input
01-01 08:05:20.748 I/Input   ( 4807): injectKeyEvent: KeyEvent { action=ACTION_DOWN, keyCode=KEYCODE_DPAD_RIGHT, scanCode=0, metaState=0, flags=0x0, repeatCount=0, eventTime=322976, downTime=322976, deviceId=-1, source=0x101 }
01-01 08:05:20.751 D/WindowManager( 2078): interceptKeyTq keycode=22 screenIsOn=true keyguardActive=false policyFlags=b000000 isWakeKey=false
01-01 08:05:20.752 D/RemoteIME( 2282): keycode: 22, realAction: false
01-01 08:05:20.754 I/Input   ( 4807): injectKeyEvent: KeyEvent { action=ACTION_UP, keyCode=KEYCODE_DPAD_RIGHT, scanCode=0, metaState=0, flags=0x0, repeatCount=0, eventTime=322976, downTime=322976, deviceId=-1, source=0x101 }
01-01 08:05:20.754 D/WindowManager( 2078): interceptKeyTq keycode=22 screenIsOn=true keyguardActive=false policyFlags=b000000 isWakeKey=false
01-01 08:05:20.755 D/AudioPolicyManagerBase( 1592): startOutput() output 2, stream 1, session 9
01-01 08:05:20.755 D/AudioPolicyManagerBase( 1592): startoutput ->setOutputDevice
01-01 08:05:20.755 D/AudioPolicyManagerBase( 1592): AudioPolicyManagerBase::checkAndSetVolume 8,0.191346
01-01 08:05:20.757 I/FocusedBasePositionManager.drawAsyncFrame(L:287)( 2432): drawAsyncFrame
01-01 08:05:20.759 I/FocusedBasePositionManager.drawStaticFocus(L:460)( 2432): drawStaticFocus: mCurrentFrame = 1, dstScaleX = 1.02, dstScaleY = 1.02, mScaleXValue = 1.1, mScaleYValue = 1.1, this = com.um.launcher.widget.FocusedRelativeLayout$FocusedLayoutPositionManager@421d6950
01-01 08:05:20.762 D/RemoteIME( 2282): keycode: 22, realAction: true
01-01 08:05:20.763 D/AndroidRuntime( 4807): Shutting down VM
01-01 08:05:20.766 D/dalvikvm( 4807): GC_CONCURRENT freed 98K, 16% free 569K/672K, paused 0ms+0ms, total 2ms
01-01 08:05:20.773 I/FocusedBasePositionManager.drawAsyncFrame(L:287)( 2432): drawAsyncFrame
01-01 08:05:20.773 I/FocusedBasePositionManager.drawOtherFrame(L:367)( 2432): drawOtherFrame, this = com.um.launcher.widget.FocusedRelativeLayout$FocusedLayoutPositionManager@421d6950
01-01 08:05:20.775 I/FocusedBasePositionManager.drawStaticFocus(L:460)( 2432): drawStaticFocus: mCurrentFrame = 2, dstScaleX = 1.04, dstScaleY = 1.04, mScaleXValue = 1.1, mScaleYValue = 1.1, this = com.um.launcher.widget.FocusedRelativeLayout$FocusedLayoutPositionManager@421d6950
01-01 08:05:20.790 I/FocusedBasePositionManager.drawAsyncFrame(L:287)( 2432): drawAsyncFrame
01-01 08:05:20.790 I/FocusedBasePositionManager.drawOtherFrame(L:367)( 2432): drawOtherFrame, this = com.um.launcher.widget.FocusedRelativeLayout$FocusedLayoutPositionManager@421d6950
01-01 08:05:20.791 I/FocusedBasePositionManager.drawStaticFocus(L:460)( 2432): drawStaticFocus: mCurrentFrame = 3, dstScaleX = 1.0600001, dstScaleY = 1.0600001, mScaleXValue = 1.1, mScaleYValue = 1.1, this = com.um.launcher.widget.FocusedRelativeLayout$FocusedLayoutPositionManager@421d6950
01-01 08:05:20.806 I/FocusedBasePositionManager.drawAsyncFrame(L:287)( 2432): drawAsyncFrame
01-01 08:05:20.807 I/FocusedBasePositionManager.drawOtherFrame(L:367)( 2432): drawOtherFrame, this = com.um.launcher.widget.FocusedRelativeLayout$FocusedLayoutPositionManager@421d6950
01-01 08:05:20.808 I/FocusedBasePositionManager.drawStaticFocus(L:460)( 2432): drawStaticFocus: mCurrentFrame = 4, dstScaleX = 1.08, dstScaleY = 1.08, mScaleXValue = 1.1, mScaleYValue = 1.1, this = com.um.launcher.widget.FocusedRelativeLayout$FocusedLayoutPositionManager@421d6950
01-01 08:05:20.823 I/FocusedBasePositionManager.drawAsyncFrame(L:287)( 2432): drawAsyncFrame
01-01 08:05:20.823 I/FocusedBasePositionManager.drawLastFrame(L:377)( 2432): drawLastFrame, this = com.um.launcher.widget.FocusedRelativeLayout$FocusedLayoutPositionManager@421d6950
01-01 08:05:20.825 I/FocusedBasePositionManager.drawStaticFocus(L:460)( 2432): drawStaticFocus: mCurrentFrame = 5, dstScaleX = 1.1, dstScaleY = 1.1, mScaleXValue = 1.1, mScaleYValue = 1.1, this = com.um.launcher.widget.FocusedRelativeLayout$FocusedLayoutPositionManager@421d6950
01-01 08:05:20.882 E/sample_enc( 4815): 
01-01 08:05:20.882 E/sample_enc( 4815): =======================================================
01-01 08:05:20.882 E/sample_enc( 4815): -------> save file: /sdcard/1.jpg OK. n
01-01 08:05:20.882 E/sample_enc( 4815): =======================================================
01-01 08:05:21.653 W/System.err( 2397): java.net.SocketTimeoutException
01-01 08:05:21.653 W/System.err( 2397): 	at libcore.io.IoBridge.maybeThrowAfterRecvfrom(IoBridge.java:551)
01-01 08:05:21.653 W/System.err( 2397): 	at libcore.io.IoBridge.recvfrom(IoBridge.java:509)
01-01 08:05:21.653 W/System.err( 2397): 	at java.net.PlainDatagramSocketImpl.doRecv(PlainDatagramSocketImpl.java:161)
01-01 08:05:21.654 W/System.err( 2397): 	at java.net.PlainDatagramSocketImpl.receive(PlainDatagramSocketImpl.java:169)
01-01 08:05:21.654 W/System.err( 2397): 	at java.net.DatagramSocket.receive(DatagramSocket.java:250)
01-01 08:05:21.654 W/System.err( 2397): 	at utils.UdpReceiverService$1.run(UdpReceiverService.java:53)
01-01 08:05:21.654 W/System.err( 2397): Caused by: libcore.io.ErrnoException: recvfrom failed: EAGAIN (Try again)
01-01 08:05:21.654 W/System.err( 2397): 	at libcore.io.Posix.recvfromBytes(Native Method)
01-01 08:05:21.654 W/System.err( 2397): 	at libcore.io.Posix.recvfrom(Posix.java:141)
01-01 08:05:21.655 W/System.err( 2397): 	at libcore.io.BlockGuardOs.recvfrom(BlockGuardOs.java:164)
01-01 08:05:21.655 W/System.err( 2397): 	at libcore.io.IoBridge.recvfrom(IoBridge.java:506)
01-01 08:05:21.655 W/System.err( 2397): 	... 4 more
01-01 08:05:21.761 E/sample_enc( 4825): 
01-01 08:05:21.761 E/sample_enc( 4825): =======================================================
01-01 08:05:21.761 E/sample_enc( 4825): -------> save file: /sdcard/1.jpg OK. n
01-01 08:05:21.761 E/sample_enc( 4825): =======================================================
01-01 08:05:22.715 E/sample_enc( 4831): 
01-01 08:05:22.715 E/sample_enc( 4831): =======================================================
01-01 08:05:22.715 E/sample_enc( 4831): -------> save file: /sdcard/1.jpg OK. n
01-01 08:05:22.715 E/sample_enc( 4831): =======================================================
01-01 08:05:23.499 D/AndroidRuntime( 4837): 
01-01 08:05:23.499 D/AndroidRuntime( 4837): >>>>>> AndroidRuntime START com.android.internal.os.RuntimeInit <<<<<<
01-01 08:05:23.501 D/AndroidRuntime( 4837): CheckJNI is OFF
01-01 08:05:23.505 D/dalvikvm( 4837): Unable to stat classpath element '/system/framework/telephony-common.jar'
01-01 08:05:23.505 D/dalvikvm( 4837): Unable to stat classpath element '/system/framework/mms-common.jar'
01-01 08:05:23.506 E/sample_enc( 4839): 
01-01 08:05:23.506 E/sample_enc( 4839): =======================================================
01-01 08:05:23.506 E/sample_enc( 4839): -------> save file: /sdcard/1.jpg OK. n
01-01 08:05:23.506 E/sample_enc( 4839): =======================================================
01-01 08:05:23.513 D/dalvikvm( 4837): Trying to load lib libjavacore.so 0x0
01-01 08:05:23.515 D/dalvikvm( 4837): Added shared lib libjavacore.so 0x0
01-01 08:05:23.519 D/dalvikvm( 4837): Trying to load lib libnativehelper.so 0x0
01-01 08:05:23.519 D/dalvikvm( 4837): Added shared lib libnativehelper.so 0x0
01-01 08:05:23.519 D/dalvikvm( 4837): No JNI_OnLoad found in libnativehelper.so 0x0, skipping init
01-01 08:05:23.534 E/cutils-trace( 4837): Error opening trace file: No such file or directory (2)
01-01 08:05:23.547 D/dalvikvm( 4837): Note: class Landroid/app/ActivityManagerNative; has 179 unimplemented (abstract) methods
01-01 08:05:23.655 W/System.err( 2397): java.net.SocketTimeoutException
01-01 08:05:23.655 W/System.err( 2397): 	at libcore.io.IoBridge.maybeThrowAfterRecvfrom(IoBridge.java:551)
01-01 08:05:23.655 W/System.err( 2397): 	at libcore.io.IoBridge.recvfrom(IoBridge.java:509)
01-01 08:05:23.655 W/System.err( 2397): 	at java.net.PlainDatagramSocketImpl.doRecv(PlainDatagramSocketImpl.java:161)
01-01 08:05:23.655 W/System.err( 2397): 	at java.net.PlainDatagramSocketImpl.receive(PlainDatagramSocketImpl.java:169)
01-01 08:05:23.655 W/System.err( 2397): 	at java.net.DatagramSocket.receive(DatagramSocket.java:250)
01-01 08:05:23.655 W/System.err( 2397): 	at utils.UdpReceiverService$1.run(UdpReceiverService.java:53)
01-01 08:05:23.655 W/System.err( 2397): Caused by: libcore.io.ErrnoException: recvfrom failed: EAGAIN (Try again)
01-01 08:05:23.655 W/System.err( 2397): 	at libcore.io.Posix.recvfromBytes(Native Method)
01-01 08:05:23.655 W/System.err( 2397): 	at libcore.io.Posix.recvfrom(Posix.java:141)
01-01 08:05:23.655 W/System.err( 2397): 	at libcore.io.BlockGuardOs.recvfrom(BlockGuardOs.java:164)
01-01 08:05:23.655 W/System.err( 2397): 	at libcore.io.IoBridge.recvfrom(IoBridge.java:506)
01-01 08:05:23.655 W/System.err( 2397): 	... 4 more
01-01 08:05:23.692 E/memtrack( 4837): Couldn't load memtrack module (No such file or directory)
01-01 08:05:23.692 E/android.os.Debug( 4837): failed to load memtrack module: -2
01-01 08:05:23.693 I/EthernetJNI( 4837): Loading ethernet jni class
01-01 08:05:23.738 D/AndroidRuntime( 4837): Calling main entry com.android.commands.input.Input
01-01 08:05:23.739 I/Input   ( 4837): injectKeyEvent: KeyEvent { action=ACTION_DOWN, keyCode=KEYCODE_DPAD_LEFT, scanCode=0, metaState=0, flags=0x0, repeatCount=0, eventTime=325968, downTime=325968, deviceId=-1, source=0x101 }
01-01 08:05:23.742 D/WindowManager( 2078): interceptKeyTq keycode=21 screenIsOn=true keyguardActive=false policyFlags=b000000 isWakeKey=false
01-01 08:05:23.743 D/RemoteIME( 2282): keycode: 21, realAction: false
01-01 08:05:23.745 I/Input   ( 4837): injectKeyEvent: KeyEvent { action=ACTION_UP, keyCode=KEYCODE_DPAD_LEFT, scanCode=0, metaState=0, flags=0x0, repeatCount=0, eventTime=325968, downTime=325968, deviceId=-1, source=0x101 }
01-01 08:05:23.745 D/WindowManager( 2078): interceptKeyTq keycode=21 screenIsOn=true keyguardActive=false policyFlags=b000000 isWakeKey=false
01-01 08:05:23.746 D/AudioPolicyManagerBase( 1592): startOutput() output 2, stream 1, session 10
01-01 08:05:23.746 D/AudioPolicyManagerBase( 1592): startoutput ->setOutputDevice
01-01 08:05:23.746 D/RemoteIME( 2282): keycode: 21, realAction: true
01-01 08:05:23.746 D/AudioPolicyManagerBase( 1592): AudioPolicyManagerBase::checkAndSetVolume 8,0.191346
01-01 08:05:23.746 D/AndroidRuntime( 4837): Shutting down VM
01-01 08:05:23.750 D/dalvikvm( 4837): GC_CONCURRENT freed 98K, 16% free 569K/672K, paused 0ms+0ms, total 2ms
01-01 08:05:23.757 I/FocusedBasePositionManager.drawAsyncFrame(L:287)( 2432): drawAsyncFrame
01-01 08:05:23.759 I/FocusedBasePositionManager.drawStaticFocus(L:460)( 2432): drawStaticFocus: mCurrentFrame = 1, dstScaleX = 1.02, dstScaleY = 1.02, mScaleXValue = 1.1, mScaleYValue = 1.1, this = com.um.launcher.widget.FocusedRelativeLayout$FocusedLayoutPositionManager@421d6950
01-01 08:05:23.773 I/FocusedBasePositionManager.drawAsyncFrame(L:287)( 2432): drawAsyncFrame
01-01 08:05:23.774 I/FocusedBasePositionManager.drawOtherFrame(L:367)( 2432): drawOtherFrame, this = com.um.launcher.widget.FocusedRelativeLayout$FocusedLayoutPositionManager@421d6950
01-01 08:05:23.775 I/FocusedBasePositionManager.drawStaticFocus(L:460)( 2432): drawStaticFocus: mCurrentFrame = 2, dstScaleX = 1.04, dstScaleY = 1.04, mScaleXValue = 1.1, mScaleYValue = 1.1, this = com.um.launcher.widget.FocusedRelativeLayout$FocusedLayoutPositionManager@421d6950
01-01 08:05:23.790 I/FocusedBasePositionManager.drawAsyncFrame(L:287)( 2432): drawAsyncFrame
01-01 08:05:23.790 I/FocusedBasePositionManager.drawOtherFrame(L:367)( 2432): drawOtherFrame, this = com.um.launcher.widget.FocusedRelativeLayout$FocusedLayoutPositionManager@421d6950
01-01 08:05:23.791 I/FocusedBasePositionManager.drawStaticFocus(L:460)( 2432): drawStaticFocus: mCurrentFrame = 3, dstScaleX = 1.0600001, dstScaleY = 1.0600001, mScaleXValue = 1.1, mScaleYValue = 1.1, this = com.um.launcher.widget.FocusedRelativeLayout$FocusedLayoutPositionManager@421d6950
01-01 08:05:23.806 I/FocusedBasePositionManager.drawAsyncFrame(L:287)( 2432): drawAsyncFrame
01-01 08:05:23.807 I/FocusedBasePositionManager.drawOtherFrame(L:367)( 2432): drawOtherFrame, this = com.um.launcher.widget.FocusedRelativeLayout$FocusedLayoutPositionManager@421d6950
01-01 08:05:23.808 I/FocusedBasePositionManager.drawStaticFocus(L:460)( 2432): drawStaticFocus: mCurrentFrame = 4, dstScaleX = 1.08, dstScaleY = 1.08, mScaleXValue = 1.1, mScaleYValue = 1.1, this = com.um.launcher.widget.FocusedRelativeLayout$FocusedLayoutPositionManager@421d6950
01-01 08:05:23.823 I/FocusedBasePositionManager.drawAsyncFrame(L:287)( 2432): drawAsyncFrame
01-01 08:05:23.823 I/FocusedBasePositionManager.drawLastFrame(L:377)( 2432): drawLastFrame, this = com.um.launcher.widget.FocusedRelativeLayout$FocusedLayoutPositionManager@421d6950
01-01 08:05:23.825 I/FocusedBasePositionManager.drawStaticFocus(L:460)( 2432): drawStaticFocus: mCurrentFrame = 5, dstScaleX = 1.1, dstScaleY = 1.1, mScaleXValue = 1.1, mScaleYValue = 1.1, this = com.um.launcher.widget.FocusedRelativeLayout$FocusedLayoutPositionManager@421d6950
01-01 08:05:24.614 E/sample_enc( 4854): 
01-01 08:05:24.614 E/sample_enc( 4854): =======================================================
01-01 08:05:24.614 E/sample_enc( 4854): -------> save file: /sdcard/1.jpg OK. n
01-01 08:05:24.614 E/sample_enc( 4854): =======================================================
01-01 08:05:25.080 D/AndroidRuntime( 4858): 
01-01 08:05:25.080 D/AndroidRuntime( 4858): >>>>>> AndroidRuntime START com.android.internal.os.RuntimeInit <<<<<<
01-01 08:05:25.082 D/AndroidRuntime( 4858): CheckJNI is OFF
01-01 08:05:25.086 D/dalvikvm( 4858): Unable to stat classpath element '/system/framework/telephony-common.jar'
01-01 08:05:25.086 D/dalvikvm( 4858): Unable to stat classpath element '/system/framework/mms-common.jar'
01-01 08:05:25.092 D/dalvikvm( 4858): Trying to load lib libjavacore.so 0x0
01-01 08:05:25.094 D/dalvikvm( 4858): Added shared lib libjavacore.so 0x0
01-01 08:05:25.098 D/dalvikvm( 4858): Trying to load lib libnativehelper.so 0x0
01-01 08:05:25.098 D/dalvikvm( 4858): Added shared lib libnativehelper.so 0x0
01-01 08:05:25.098 D/dalvikvm( 4858): No JNI_OnLoad found in libnativehelper.so 0x0, skipping init
01-01 08:05:25.113 E/cutils-trace( 4858): Error opening trace file: No such file or directory (2)
01-01 08:05:25.126 D/dalvikvm( 4858): Note: class Landroid/app/ActivityManagerNative; has 179 unimplemented (abstract) methods
01-01 08:05:25.276 E/memtrack( 4858): Couldn't load memtrack module (No such file or directory)
01-01 08:05:25.276 E/android.os.Debug( 4858): failed to load memtrack module: -2
01-01 08:05:25.278 I/EthernetJNI( 4858): Loading ethernet jni class
01-01 08:05:25.323 D/AndroidRuntime( 4858): Calling main entry com.android.commands.input.Input
01-01 08:05:25.324 I/Input   ( 4858): injectKeyEvent: KeyEvent { action=ACTION_DOWN, keyCode=KEYCODE_DPAD_LEFT, scanCode=0, metaState=0, flags=0x0, repeatCount=0, eventTime=327553, downTime=327553, deviceId=-1, source=0x101 }
01-01 08:05:25.327 D/WindowManager( 2078): interceptKeyTq keycode=21 screenIsOn=true keyguardActive=false policyFlags=b000000 isWakeKey=false
01-01 08:05:25.328 D/RemoteIME( 2282): keycode: 21, realAction: false
01-01 08:05:25.330 W/FocusedRelativeLayout.smoothScrollBy(L:539)( 2432): smoothScrollBy dx = -700
01-01 08:05:25.331 I/MainActivity( 2432): packageName com.android.defcontainer at index 0
01-01 08:05:25.332 I/MainActivity( 2432): packageName com.svox.pico at index 0
01-01 08:05:25.332 I/MainActivity( 2432): packageName com.android.launcher at index 0
01-01 08:05:25.332 I/MainActivity( 2432): packageName com.android.settings at index 0
01-01 08:05:25.333 I/MainActivity( 2432): packageName com.android.bluetooth at index 0
01-01 08:05:25.333 I/MainActivity( 2432): packageName com.dangbeimarket at index 0
01-01 08:05:25.333 I/MainActivity( 2432): packageName com.dangbeimarket at index 0
01-01 08:05:25.333 I/MainActivity( 2432): packageName com.dangbeimarket at index 0
01-01 08:05:25.333 I/MainActivity( 2432): packageName com.dangbeimarket at index 0
01-01 08:05:25.334 I/MainActivity( 2432): packageName com.unionman.umosd at index 0
01-01 08:05:25.334 I/MainActivity( 2432): packageName com.um.launcher at index 0
01-01 08:05:25.334 I/MainActivity( 2432): packageName com.um.usbupgrade at index 0
01-01 08:05:25.334 I/MainActivity( 2432): packageName com.example.man.myapplication at index 0
01-01 08:05:25.335 I/MainActivity( 2432): packageName com.hisilicon.android.hiRMService at index 0
01-01 08:05:25.335 I/MainActivity( 2432): packageName com.um.ctica at index 0
01-01 08:05:25.335 I/MainActivity( 2432): packageName com.unionman.shortcut at index 0
01-01 08:05:25.335 I/MainActivity( 2432): packageName com.hisilicon.dlna.dmr at index 0
01-01 08:05:25.335 I/MainActivity( 2432): packageName com.hisilicon.dlna.dms at index 0
01-01 08:05:25.336 I/MainActivity( 2432): packageName com.um.upgrade at index 0
01-01 08:05:25.336 I/MainActivity( 2432): packageName com.hisilicon.android.inputmethod.remote at index 0
01-01 08:05:25.336 I/MainActivity( 2432): packageName com.android.systemui at index 0
01-01 08:05:25.336 I/MainActivity( 2432): packageName android at index 0
01-01 08:05:25.337 I/MainActivity( 2432): packageName com.android.providers.settings at index 1
01-01 08:05:25.337 I/MainActivity( 2432): packageName com.android.location.fused at index 2
01-01 08:05:25.337 D/MainActivity( 2432): sendMessageDelayed SELECT_TVSOURCE
01-01 08:05:25.338 I/Input   ( 4858): injectKeyEvent: KeyEvent { action=ACTION_UP, keyCode=KEYCODE_DPAD_LEFT, scanCode=0, metaState=0, flags=0x0, repeatCount=0, eventTime=327553, downTime=327553, deviceId=-1, source=0x101 }
01-01 08:05:25.338 D/WindowManager( 2078): interceptKeyTq keycode=21 screenIsOn=true keyguardActive=false policyFlags=b000000 isWakeKey=false
01-01 08:05:25.338 D/AudioPolicyManagerBase( 1592): startOutput() output 2, stream 1, session 11
01-01 08:05:25.338 D/AudioPolicyManagerBase( 1592): startoutput ->setOutputDevice
01-01 08:05:25.338 D/AudioPolicyManagerBase( 1592): AudioPolicyManagerBase::checkAndSetVolume 8,0.191346
01-01 08:05:25.342 I/FocusedBasePositionManager.drawAsyncFrame(L:287)( 2432): drawAsyncFrame
01-01 08:05:25.343 I/FocusedBasePositionManager.drawStaticFocus(L:460)( 2432): drawStaticFocus: mCurrentFrame = 1, dstScaleX = 1.02, dstScaleY = 1.02, mScaleXValue = 1.1, mScaleYValue = 1.1, this = com.um.launcher.widget.FocusedRelativeLayout$FocusedLayoutPositionManager@421d6950
01-01 08:05:25.346 D/RemoteIME( 2282): keycode: 21, realAction: true
01-01 08:05:25.347 D/AndroidRuntime( 4858): Shutting down VM
01-01 08:05:25.352 D/dalvikvm( 4858): GC_CONCURRENT freed 98K, 16% free 569K/672K, paused 0ms+1ms, total 2ms
01-01 08:05:25.355 I/        ( 1600): transcode 39 flags 16
01-01 08:05:25.359 I/FocusedBasePositionManager.drawAsyncFrame(L:287)( 2432): drawAsyncFrame
01-01 08:05:25.360 I/FocusedBasePositionManager.drawOtherFrame(L:367)( 2432): drawOtherFrame, this = com.um.launcher.widget.FocusedRelativeLayout$FocusedLayoutPositionManager@421d6950
01-01 08:05:25.361 I/FocusedBasePositionManager.drawStaticFocus(L:460)( 2432): drawStaticFocus: mCurrentFrame = 2, dstScaleX = 1.04, dstScaleY = 1.04, mScaleXValue = 1.1, mScaleYValue = 1.1, this = com.um.launcher.widget.FocusedRelativeLayout$FocusedLayoutPositionManager@421d6950
01-01 08:05:25.371 I/        ( 1600): transcode 39 flags 16
01-01 08:05:25.378 I/FocusedBasePositionManager.drawAsyncFrame(L:287)( 2432): drawAsyncFrame
01-01 08:05:25.379 I/FocusedBasePositionManager.drawOtherFrame(L:367)( 2432): drawOtherFrame, this = com.um.launcher.widget.FocusedRelativeLayout$FocusedLayoutPositionManager@421d6950
01-01 08:05:25.380 I/FocusedBasePositionManager.drawStaticFocus(L:460)( 2432): drawStaticFocus: mCurrentFrame = 3, dstScaleX = 1.0600001, dstScaleY = 1.0600001, mScaleXValue = 1.1, mScaleYValue = 1.1, this = com.um.launcher.widget.FocusedRelativeLayout$FocusedLayoutPositionManager@421d6950
01-01 08:05:25.388 I/        ( 1600): transcode 39 flags 16
01-01 08:05:25.393 I/FocusedBasePositionManager.drawAsyncFrame(L:287)( 2432): drawAsyncFrame
01-01 08:05:25.393 I/FocusedBasePositionManager.drawOtherFrame(L:367)( 2432): drawOtherFrame, this = com.um.launcher.widget.FocusedRelativeLayout$FocusedLayoutPositionManager@421d6950
01-01 08:05:25.395 I/FocusedBasePositionManager.drawStaticFocus(L:460)( 2432): drawStaticFocus: mCurrentFrame = 4, dstScaleX = 1.08, dstScaleY = 1.08, mScaleXValue = 1.1, mScaleYValue = 1.1, this = com.um.launcher.widget.FocusedRelativeLayout$FocusedLayoutPositionManager@421d6950
01-01 08:05:25.405 I/        ( 1600): transcode 39 flags 16
01-01 08:05:25.409 I/FocusedBasePositionManager.drawAsyncFrame(L:287)( 2432): drawAsyncFrame
01-01 08:05:25.410 I/FocusedBasePositionManager.drawLastFrame(L:377)( 2432): drawLastFrame, this = com.um.launcher.widget.FocusedRelativeLayout$FocusedLayoutPositionManager@421d6950
01-01 08:05:25.411 I/FocusedBasePositionManager.drawStaticFocus(L:460)( 2432): drawStaticFocus: mCurrentFrame = 5, dstScaleX = 1.1, dstScaleY = 1.1, mScaleXValue = 1.1, mScaleYValue = 1.1, this = com.um.launcher.widget.FocusedRelativeLayout$FocusedLayoutPositionManager@421d6950
01-01 08:05:25.417 E/sample_enc( 4869): 
01-01 08:05:25.417 E/sample_enc( 4869): =======================================================
01-01 08:05:25.417 E/sample_enc( 4869): -------> save file: /sdcard/1.jpg OK. n
01-01 08:05:25.417 E/sample_enc( 4869): =======================================================
01-01 08:05:25.426 I/        ( 1600): transcode 39 flags 16
01-01 08:05:25.433 I/FocusedBasePositionManager.drawAsyncFrame(L:287)( 2432): drawAsyncFrame
01-01 08:05:25.434 I/FocusedBasePositionManager.drawStaticFocus(L:460)( 2432): drawStaticFocus: mCurrentFrame = 1, dstScaleX = 1.02, dstScaleY = 1.02, mScaleXValue = 1.1, mScaleYValue = 1.1, this = com.um.launcher.widget.FocusedRelativeLayout$FocusedLayoutPositionManager@421d6950
01-01 08:05:25.438 I/        ( 1600): transcode 39 flags 16
01-01 08:05:25.451 I/FocusedBasePositionManager.drawAsyncFrame(L:287)( 2432): drawAsyncFrame
01-01 08:05:25.452 I/FocusedBasePositionManager.drawStaticFocus(L:460)( 2432): drawStaticFocus: mCurrentFrame = 1, dstScaleX = 1.02, dstScaleY = 1.02, mScaleXValue = 1.1, mScaleYValue = 1.1, this = com.um.launcher.widget.FocusedRelativeLayout$FocusedLayoutPositionManager@421d6950
01-01 08:05:25.456 I/        ( 1600): transcode 39 flags 16
01-01 08:05:25.477 I/FocusedBasePositionManager.drawAsyncFrame(L:287)( 2432): drawAsyncFrame
01-01 08:05:25.479 I/FocusedBasePositionManager.drawStaticFocus(L:460)( 2432): drawStaticFocus: mCurrentFrame = 1, dstScaleX = 1.02, dstScaleY = 1.02, mScaleXValue = 1.1, mScaleYValue = 1.1, this = com.um.launcher.widget.FocusedRelativeLayout$FocusedLayoutPositionManager@421d6950
01-01 08:05:25.488 I/        ( 1600): transcode 39 flags 16
01-01 08:05:25.494 I/FocusedBasePositionManager.drawAsyncFrame(L:287)( 2432): drawAsyncFrame
01-01 08:05:25.496 I/FocusedBasePositionManager.drawStaticFocus(L:460)( 2432): drawStaticFocus: mCurrentFrame = 1, dstScaleX = 1.02, dstScaleY = 1.02, mScaleXValue = 1.1, mScaleYValue = 1.1, this = com.um.launcher.widget.FocusedRelativeLayout$FocusedLayoutPositionManager@421d6950
01-01 08:05:25.505 I/        ( 1600): transcode 39 flags 16
01-01 08:05:25.518 I/FocusedBasePositionManager.drawAsyncFrame(L:287)( 2432): drawAsyncFrame
01-01 08:05:25.520 I/FocusedBasePositionManager.drawStaticFocus(L:460)( 2432): drawStaticFocus: mCurrentFrame = 1, dstScaleX = 1.02, dstScaleY = 1.02, mScaleXValue = 1.1, mScaleYValue = 1.1, this = com.um.launcher.widget.FocusedRelativeLayout$FocusedLayoutPositionManager@421d6950
01-01 08:05:25.524 I/        ( 1600): transcode 39 flags 16
01-01 08:05:25.530 I/FocusedBasePositionManager.drawAsyncFrame(L:287)( 2432): drawAsyncFrame
01-01 08:05:25.531 I/FocusedBasePositionManager.drawStaticFocus(L:460)( 2432): drawStaticFocus: mCurrentFrame = 1, dstScaleX = 1.02, dstScaleY = 1.02, mScaleXValue = 1.1, mScaleYValue = 1.1, this = com.um.launcher.widget.FocusedRelativeLayout$FocusedLayoutPositionManager@421d6950
01-01 08:05:25.538 I/        ( 1600): transcode 39 flags 16
01-01 08:05:25.559 I/FocusedBasePositionManager.drawAsyncFrame(L:287)( 2432): drawAsyncFrame
01-01 08:05:25.564 I/FocusedBasePositionManager.drawStaticFocus(L:460)( 2432): drawStaticFocus: mCurrentFrame = 1, dstScaleX = 1.02, dstScaleY = 1.02, mScaleXValue = 1.1, mScaleYValue = 1.1, this = com.um.launcher.widget.FocusedRelativeLayout$FocusedLayoutPositionManager@421d6950
01-01 08:05:25.572 I/        ( 1600): transcode 39 flags 16
01-01 08:05:25.579 I/FocusedBasePositionManager.drawAsyncFrame(L:287)( 2432): drawAsyncFrame
01-01 08:05:25.580 I/FocusedBasePositionManager.drawStaticFocus(L:460)( 2432): drawStaticFocus: mCurrentFrame = 1, dstScaleX = 1.02, dstScaleY = 1.02, mScaleXValue = 1.1, mScaleYValue = 1.1, this = com.um.launcher.widget.FocusedRelativeLayout$FocusedLayoutPositionManager@421d6950
01-01 08:05:25.591 I/FocusedBasePositionManager.drawAsyncFrame(L:287)( 2432): drawAsyncFrame
01-01 08:05:25.592 I/FocusedBasePositionManager.drawStaticFocus(L:460)( 2432): drawStaticFocus: mCurrentFrame = 1, dstScaleX = 1.02, dstScaleY = 1.02, mScaleXValue = 1.1, mScaleYValue = 1.1, this = com.um.launcher.widget.FocusedRelativeLayout$FocusedLayoutPositionManager@421d6950
01-01 08:05:25.656 W/System.err( 2397): java.net.SocketTimeoutException
01-01 08:05:25.656 W/System.err( 2397): 	at libcore.io.IoBridge.maybeThrowAfterRecvfrom(IoBridge.java:551)
01-01 08:05:25.656 W/System.err( 2397): 	at libcore.io.IoBridge.recvfrom(IoBridge.java:509)
01-01 08:05:25.656 W/System.err( 2397): 	at java.net.PlainDatagramSocketImpl.doRecv(PlainDatagramSocketImpl.java:161)
01-01 08:05:25.656 W/System.err( 2397): 	at java.net.PlainDatagramSocketImpl.receive(PlainDatagramSocketImpl.java:169)
01-01 08:05:25.656 W/System.err( 2397): 	at java.net.DatagramSocket.receive(DatagramSocket.java:250)
01-01 08:05:25.656 W/System.err( 2397): 	at utils.UdpReceiverService$1.run(UdpReceiverService.java:53)
01-01 08:05:25.656 W/System.err( 2397): Caused by: libcore.io.ErrnoException: recvfrom failed: EAGAIN (Try again)
