01-01 08:00:18.278 D/PackageManager( 2078): grantSignaturePermission permission = android.permission.BATTERY_STATS
01-01 08:00:18.278 D/PackageManager( 2078): verifyPackageMD5 apkControlMode = none
01-01 08:00:18.278 D/PackageManager( 2078): grantSignaturePermission permission = android.permission.INTERNAL_SYSTEM_WINDOW
01-01 08:00:18.278 D/PackageManager( 2078): verifyPackageMD5 apkControlMode = none
01-01 08:00:18.278 D/PackageManager( 2078): grantSignaturePermission permission = android.permission.INJECT_EVENTS
01-01 08:00:18.278 D/PackageManager( 2078): verifyPackageMD5 apkControlMode = none
01-01 08:00:18.278 D/PackageManager( 2078): grantSignaturePermission permission = android.permission.RETRIEVE_WINDOW_CONTENT
01-01 08:00:18.278 D/PackageManager( 2078): verifyPackageMD5 apkControlMode = none
01-01 08:00:18.278 D/PackageManager( 2078): grantSignaturePermission permission = android.permission.SET_ACTIVITY_WATCHER
01-01 08:00:18.278 D/PackageManager( 2078): verifyPackageMD5 apkControlMode = none
01-01 08:00:18.278 D/PackageManager( 2078): grantSignaturePermission permission = android.permission.READ_INPUT_STATE
01-01 08:00:18.278 D/PackageManager( 2078): verifyPackageMD5 apkControlMode = none
01-01 08:00:18.278 D/PackageManager( 2078): grantSignaturePermission permission = android.permission.SET_ORIENTATION
01-01 08:00:18.278 D/PackageManager( 2078): verifyPackageMD5 apkControlMode = none
01-01 08:00:18.279 D/PackageManager( 2078): grantSignaturePermission permission = android.permission.INSTALL_PACKAGES
01-01 08:00:18.279 D/PackageManager( 2078): verifyPackageMD5 apkControlMode = none
01-01 08:00:18.279 D/PackageManager( 2078): grantSignaturePermission permission = android.permission.CLEAR_APP_USER_DATA
01-01 08:00:18.279 D/PackageManager( 2078): verifyPackageMD5 apkControlMode = none
01-01 08:00:18.279 D/PackageManager( 2078): grantSignaturePermission permission = android.permission.DELETE_CACHE_FILES
01-01 08:00:18.279 D/PackageManager( 2078): verifyPackageMD5 apkControlMode = none
01-01 08:00:18.279 D/PackageManager( 2078): grantSignaturePermission permission = android.permission.DELETE_PACKAGES
01-01 08:00:18.279 D/PackageManager( 2078): verifyPackageMD5 apkControlMode = none
01-01 08:00:18.279 D/PackageManager( 2078): grantSignaturePermission permission = android.permission.ACCESS_SURFACE_FLINGER
01-01 08:00:18.279 D/PackageManager( 2078): verifyPackageMD5 apkControlMode = none
01-01 08:00:18.279 D/PackageManager( 2078): grantSignaturePermission permission = android.permission.READ_FRAME_BUFFER
01-01 08:00:18.279 D/PackageManager( 2078): verifyPackageMD5 apkControlMode = none
01-01 08:00:18.279 D/PackageManager( 2078): grantSignaturePermission permission = android.permission.DEVICE_POWER
01-01 08:00:18.279 D/PackageManager( 2078): verifyPackageMD5 apkControlMode = none
01-01 08:00:18.279 D/PackageManager( 2078): grantSignaturePermission permission = android.permission.INSTALL_LOCATION_PROVIDER
01-01 08:00:18.279 D/PackageManager( 2078): verifyPackageMD5 apkControlMode = none
01-01 08:00:18.279 D/PackageManager( 2078): grantSignaturePermission permission = android.permission.BACKUP
01-01 08:00:18.279 D/PackageManager( 2078): verifyPackageMD5 apkControlMode = none
01-01 08:00:18.279 D/PackageManager( 2078): grantSignaturePermission permission = android.permission.FORCE_STOP_PACKAGES
01-01 08:00:18.279 D/PackageManager( 2078): verifyPackageMD5 apkControlMode = none
01-01 08:00:18.279 D/PackageManager( 2078): grantSignaturePermission permission = android.permission.STOP_APP_SWITCHES
01-01 08:00:18.279 D/PackageManager( 2078): verifyPackageMD5 apkControlMode = none
01-01 08:00:18.279 D/PackageManager( 2078): grantSignaturePermission permission = android.permission.ACCESS_CONTENT_PROVIDERS_EXTERNALLY
01-01 08:00:18.279 D/PackageManager( 2078): verifyPackageMD5 apkControlMode = none
01-01 08:00:18.279 D/PackageManager( 2078): grantSignaturePermission permission = android.permission.GRANT_REVOKE_PERMISSIONS
01-01 08:00:18.279 D/PackageManager( 2078): verifyPackageMD5 apkControlMode = none
01-01 08:00:18.279 D/PackageManager( 2078): grantSignaturePermission permission = android.permission.SET_KEYBOARD_LAYOUT
01-01 08:00:18.279 D/PackageManager( 2078): verifyPackageMD5 apkControlMode = none
01-01 08:00:18.280 D/PackageManager( 2078): grantSignaturePermission permission = android.permission.GET_DETAILED_TASKS
01-01 08:00:18.280 D/PackageManager( 2078): verifyPackageMD5 apkControlMode = none
01-01 08:00:18.280 D/PackageManager( 2078): grantSignaturePermission permission = android.permission.SET_SCREEN_COMPATIBILITY
01-01 08:00:18.280 D/PackageManager( 2078): verifyPackageMD5 apkControlMode = none
01-01 08:00:18.280 D/PackageManager( 2078): grantSignaturePermission permission = android.permission.WRITE_MEDIA_STORAGE
01-01 08:00:18.280 D/PackageManager( 2078): verifyPackageMD5 apkControlMode = none
01-01 08:00:18.280 D/PackageManager( 2078): grantSignaturePermission permission = android.permission.INTERACT_ACROSS_USERS
01-01 08:00:18.280 D/PackageManager( 2078): verifyPackageMD5 apkControlMode = none
01-01 08:00:18.280 D/PackageManager( 2078): grantSignaturePermission permission = android.permission.INTERACT_ACROSS_USERS_FULL
01-01 08:00:18.280 D/PackageManager( 2078): verifyPackageMD5 apkControlMode = none
01-01 08:00:18.280 D/PackageManager( 2078): grantSignaturePermission permission = android.permission.MANAGE_USERS
01-01 08:00:18.280 D/PackageManager( 2078): verifyPackageMD5 apkControlMode = none
01-01 08:00:18.281 D/PackageManager( 2078): grantSignaturePermission permission = android.permission.BLUETOOTH_STACK
01-01 08:00:18.281 D/PackageManager( 2078): verifyPackageMD5 apkControlMode = none
01-01 08:00:18.281 D/PackageManager( 2078): grantSignaturePermission permission = android.permission.ACCESS_DOWNLOAD_MANAGER
01-01 08:00:18.281 D/PackageManager( 2078): verifyPackageMD5 apkControlMode = none
01-01 08:00:18.281 D/PackageManager( 2078): grantSignaturePermission permission = android.permission.ACCESS_CACHE_FILESYSTEM
01-01 08:00:18.281 D/PackageManager( 2078): verifyPackageMD5 apkControlMode = none
01-01 08:00:18.282 D/PackageManager( 2078): com.android.providers.downloads compare in grantSignaturePermission : package publickey_string = OpenSSLRSAPublicKey{modulus=c41552dde9a751173b7b8d78f1028c582f7790622752fa7b0a23b1c7b10f769f1ade6401b01719891566d9080fb45c0b4c533daf1cec7a3874a21d941a493966d5df9c29d8fdbaa2b095e00eac97a9df384856461d98dd88f4b8f28d697a88845b57b9e2132ee436eb15b09452a495418829c30ca7143534397c7d26fad583dd8e7f3348be29c415b57f05bf8c7a9ef8f5a39f2b6774bd0c35983f866b15444b670d87f39931ca5209b0d0a3087b265953fd45026f0b196b33cb6eedea4eb2dc17d303295ba46f8f253c4de3960f00e60b26f8bf6df50a321acccd8b97a287f2b85b5f8b9a1f81f078a489c38d3b457572b8ecadb4068ee02fe26725a93833cd,publicExponent=10001}
01-01 08:00:18.282 D/PackageManager( 2078): com.android.providers.downloads compare in grantSignaturePermission : package keyString = c41552dde9a751173b7b8d78f1028c582f7790622752fa7b0a23b1c7b10f769f1ade6401b01719891566d9080fb45c0b4c533daf1cec7a3874a21d941a493966d5df9c29d8fdbaa2b095e00eac97a9df384856461d98dd88f4b8f28d697a88845b57b9e2132ee436eb15b09452a495418829c30ca7143534397c7d26fad583dd8e7f3348be29c415b57f05bf8c7a9ef8f5a39f2b6774bd0c35983f866b15444b670d87f39931ca5209b0d0a3087b265953fd45026f0b196b33cb6eedea4eb2dc17d303295ba46f8f253c4de3960f00e60b26f8bf6df50a321acccd8b97a287f2b85b5f8b9a1f81f078a489c38d3b457572b8ecadb4068ee02fe26725a93833cd
01-01 08:00:18.282 D/PackageManager( 2078): grantSignaturePermission:OriPubKey allowed = false
01-01 08:00:18.282 D/PackageManager( 2078): grantSignaturePermission permission = android.permission.SEND_DOWNLOAD_COMPLETED_INTENTS
01-01 08:00:18.282 D/PackageManager( 2078): verifyPackageMD5 apkControlMode = none
01-01 08:00:18.282 D/PackageManager( 2078): grantSignaturePermission permission = android.permission.ACCESS_ALL_DOWNLOADS
01-01 08:00:18.282 D/PackageManager( 2078): verifyPackageMD5 apkControlMode = none
01-01 08:00:18.282 D/PackageManager( 2078): grantSignaturePermission permission = android.permission.UPDATE_DEVICE_STATS
01-01 08:00:18.282 D/PackageManager( 2078): verifyPackageMD5 apkControlMode = none
01-01 08:00:18.283 D/PackageManager( 2078): com.android.providers.downloads compare in grantSignaturePermission : package publickey_string = OpenSSLRSAPublicKey{modulus=c41552dde9a751173b7b8d78f1028c582f7790622752fa7b0a23b1c7b10f769f1ade6401b01719891566d9080fb45c0b4c533daf1cec7a3874a21d941a493966d5df9c29d8fdbaa2b095e00eac97a9df384856461d98dd88f4b8f28d697a88845b57b9e2132ee436eb15b09452a495418829c30ca7143534397c7d26fad583dd8e7f3348be29c415b57f05bf8c7a9ef8f5a39f2b6774bd0c35983f866b15444b670d87f39931ca5209b0d0a3087b265953fd45026f0b196b33cb6eedea4eb2dc17d303295ba46f8f253c4de3960f00e60b26f8bf6df50a321acccd8b97a287f2b85b5f8b9a1f81f078a489c38d3b457572b8ecadb4068ee02fe26725a93833cd,publicExponent=10001}
01-01 08:00:18.283 D/PackageManager( 2078): com.android.providers.downloads compare in grantSignaturePermission : package keyString = c41552dde9a751173b7b8d78f1028c582f7790622752fa7b0a23b1c7b10f769f1ade6401b01719891566d9080fb45c0b4c533daf1cec7a3874a21d941a493966d5df9c29d8fdbaa2b095e00eac97a9df384856461d98dd88f4b8f28d697a88845b57b9e2132ee436eb15b09452a495418829c30ca7143534397c7d26fad583dd8e7f3348be29c415b57f05bf8c7a9ef8f5a39f2b6774bd0c35983f866b15444b670d87f39931ca5209b0d0a3087b265953fd45026f0b196b33cb6eedea4eb2dc17d303295ba46f8f253c4de3960f00e60b26f8bf6df50a321acccd8b97a287f2b85b5f8b9a1f81f078a489c38d3b457572b8ecadb4068ee02fe26725a93833cd
01-01 08:00:18.284 D/PackageManager( 2078): grantSignaturePermission:OriPubKey allowed = false
01-01 08:00:18.284 D/PackageManager( 2078): grantSignaturePermission permission = android.permission.CONNECTIVITY_INTERNAL
01-01 08:00:18.284 D/PackageManager( 2078): verifyPackageMD5 apkControlMode = none
01-01 08:00:18.285 D/PackageManager( 2078): com.android.providers.downloads compare in grantSignaturePermission : package publickey_string = OpenSSLRSAPublicKey{modulus=c41552dde9a751173b7b8d78f1028c582f7790622752fa7b0a23b1c7b10f769f1ade6401b01719891566d9080fb45c0b4c533daf1cec7a3874a21d941a493966d5df9c29d8fdbaa2b095e00eac97a9df384856461d98dd88f4b8f28d697a88845b57b9e2132ee436eb15b09452a495418829c30ca7143534397c7d26fad583dd8e7f3348be29c415b57f05bf8c7a9ef8f5a39f2b6774bd0c35983f866b15444b670d87f39931ca5209b0d0a3087b265953fd45026f0b196b33cb6eedea4eb2dc17d303295ba46f8f253c4de3960f00e60b26f8bf6df50a321acccd8b97a287f2b85b5f8b9a1f81f078a489c38d3b457572b8ecadb4068ee02fe26725a93833cd,publicExponent=10001}
01-01 08:00:18.285 D/PackageManager( 2078): com.android.providers.downloads compare in grantSignaturePermission : package keyString = c41552dde9a751173b7b8d78f1028c582f7790622752fa7b0a23b1c7b10f769f1ade6401b01719891566d9080fb45c0b4c533daf1cec7a3874a21d941a493966d5df9c29d8fdbaa2b095e00eac97a9df384856461d98dd88f4b8f28d697a88845b57b9e2132ee436eb15b09452a495418829c30ca7143534397c7d26fad583dd8e7f3348be29c415b57f05bf8c7a9ef8f5a39f2b6774bd0c35983f866b15444b670d87f39931ca5209b0d0a3087b265953fd45026f0b196b33cb6eedea4eb2dc17d303295ba46f8f253c4de3960f00e60b26f8bf6df50a321acccd8b97a287f2b85b5f8b9a1f81f078a489c38d3b457572b8ecadb4068ee02fe26725a93833cd
01-01 08:00:18.285 D/PackageManager( 2078): grantSignaturePermission:OriPubKey allowed = false
01-01 08:00:18.285 D/PackageManager( 2078): grantSignaturePermission permission = android.permission.MODIFY_NETWORK_ACCOUNTING
01-01 08:00:18.285 D/PackageManager( 2078): verifyPackageMD5 apkControlMode = none
01-01 08:00:18.286 D/PackageManager( 2078): com.android.providers.downloads compare in grantSignaturePermission : package publickey_string = OpenSSLRSAPublicKey{modulus=c41552dde9a751173b7b8d78f1028c582f7790622752fa7b0a23b1c7b10f769f1ade6401b01719891566d9080fb45c0b4c533daf1cec7a3874a21d941a493966d5df9c29d8fdbaa2b095e00eac97a9df384856461d98dd88f4b8f28d697a88845b57b9e2132ee436eb15b09452a495418829c30ca7143534397c7d26fad583dd8e7f3348be29c415b57f05bf8c7a9ef8f5a39f2b6774bd0c35983f866b15444b670d87f39931ca5209b0d0a3087b265953fd45026f0b196b33cb6eedea4eb2dc17d303295ba46f8f253c4de3960f00e60b26f8bf6df50a321acccd8b97a287f2b85b5f8b9a1f81f078a489c38d3b457572b8ecadb4068ee02fe26725a93833cd,publicExponent=10001}
01-01 08:00:18.286 D/PackageManager( 2078): com.android.providers.downloads compare in grantSignaturePermission : package keyString = c41552dde9a751173b7b8d78f1028c582f7790622752fa7b0a23b1c7b10f769f1ade6401b01719891566d9080fb45c0b4c533daf1cec7a3874a21d941a493966d5df9c29d8fdbaa2b095e00eac97a9df384856461d98dd88f4b8f28d697a88845b57b9e2132ee436eb15b09452a495418829c30ca7143534397c7d26fad583dd8e7f3348be29c415b57f05bf8c7a9ef8f5a39f2b6774bd0c35983f866b15444b670d87f39931ca5209b0d0a3087b265953fd45026f0b196b33cb6eedea4eb2dc17d303295ba46f8f253c4de3960f00e60b26f8bf6df50a321acccd8b97a287f2b85b5f8b9a1f81f078a489c38d3b457572b8ecadb4068ee02fe26725a93833cd
01-01 08:00:18.286 D/PackageManager( 2078): grantSignaturePermission:OriPubKey allowed = false
01-01 08:00:18.310 E/installd( 1593): value = false 
01-01 08:00:18.315 W/BroadcastQueue( 2078): Permission Denial: broadcasting Intent { act=android.net.ethernet.ETHERNET_STATE_CHANGE flg=0x4000010 (has extras) } from null (pid=-1, uid=-1) requires android.hiRMService.permission.PLUGIN_CHANGE due to registered receiver BroadcastFilter{4264c128 u0 ReceiverList{423df290 2385 com.hisilicon.android.hiRMService/1000/u0 remote:424dbdf0}}
01-01 08:00:18.316 E/HiSysManagerService( 1598): checkPermission is true.
01-01 08:00:18.317 W/ActivityThread( 2385): ClassLoader.loadClass: The class loader returned by Thread.getContextClassLoader() may fail for processes that host multiple applications. You should explicitly specify a context class loader. For example: Thread.setContextClassLoader(getClass().getClassLoader());
01-01 08:00:18.327 E/HiSysManagerService( 1598): checkPermission is true.
01-01 08:00:18.328 V/        ( 2385): set lotID=D301DB231834C023114B178B0A0370628
01-01 08:00:18.328 E/HiSysManagerService( 1598): checkPermission is true.
01-01 08:00:18.329 E/HiSysManagerService( 1598): checkPermission is true.
01-01 08:00:18.333 E/HiSysManagerService( 1598): checkPermission is true.
01-01 08:00:18.337 I/ActivityManager( 2078): Start proc com.android.bluetooth for service com.android.bluetooth/.btservice.AdapterService: pid=2570 uid=1002 gids={41002, 3003, 3002, 3001, 3005, 1016, 3008, 1028}
01-01 08:00:18.339 W/ContextImpl( 2078): Calling a method in the system process without a qualified user: android.app.ContextImpl.bindService:1631 android.bluetooth.BluetoothHeadset.doBind:283 android.bluetooth.BluetoothHeadset.<init>:276 android.bluetooth.BluetoothAdapter.getProfileProxy:1181 android.media.AudioService.getBluetoothHeadset:2414 
01-01 08:00:18.340 W/ContextImpl( 2078): Calling a method in the system process without a qualified user: android.app.ContextImpl.bindService:1631 android.bluetooth.BluetoothA2dp.doBind:165 android.bluetooth.BluetoothA2dp.<init>:158 android.bluetooth.BluetoothAdapter.getProfileProxy:1184 android.media.AudioService$AudioServiceBroadcastReceiver.onReceive:4368 
01-01 08:00:18.342 V/WiredAccessoryManager( 2078): init()
01-01 08:00:18.342 V/WiredAccessoryManager( 2078): newName=hdmi newState=16 headsetState=16 prev headsetState=0
01-01 08:00:18.343 V/WiredAccessoryManager( 2078): device hdmi connected
01-01 08:00:18.347 I/PowerManagerService( 2078): Boot animation finished.
01-01 08:00:18.354 E/installd( 1593): value = false 
01-01 08:00:18.361 I/PackageManager( 2078): get DATA_APP_SCAN_END msg over=0.152seconds
01-01 08:00:18.386 I/BootReceiver( 2078): Copying audit failures to DropBox
01-01 08:00:18.386 I/BootReceiver( 2078): Checking for fsck errors
01-01 08:00:18.622 E/installd( 1593): value = false 
01-01 08:00:19.075 W/BackupManagerService( 2078): dataChanged but no participant pkg='com.android.providers.settings' uid=10004
01-01 08:00:19.084 W/ContextImpl( 2432): Calling a method in the system process without a qualified user: android.app.ContextImpl.sendBroadcast:1211 android.content.ContextWrapper.sendBroadcast:365 com.um.launcher.weather.WeatherView.sendWeatherBroadcast:131 com.um.launcher.weather.WeatherView.access$000:25 com.um.launcher.weather.WeatherView$2.onReceive:151 
01-01 08:00:19.907 E/HiNetshareHAL( 1597): run shell script fail, script exit code: 127
01-01 08:00:19.911 W/ContextImpl( 2372): Calling a method in the system process without a qualified user: android.app.ContextImpl.sendStickyBroadcast:1369 android.content.ContextWrapper.sendStickyBroadcast:427 android.content.ContextWrapper.sendStickyBroadcast:427 com.um.receiver.UmBroadcastReceiver.onReceive:31 android.app.ActivityThread.handleReceiver:2419 
01-01 08:00:19.914 W/ContextImpl( 2314): Calling a method in the system process without a qualified user: android.app.ContextImpl.startService:1567 android.content.ContextWrapper.startService:494 android.content.ContextWrapper.startService:494 com.hisilicon.dlna.dms.StartServerBroadcastReceiver.onReceive:22 android.app.ActivityThread.handleReceiver:2419 
01-01 08:00:19.921 I/ActivityManager( 2078): Start proc com.um.dvbsearch.receiver for broadcast com.um.dvbsearch/com.um.ui.ProgUpdateReceiver: pid=2665 uid=10011 gids={50011, 1028}
01-01 08:00:19.928 E/installd( 1593): value = false 
01-01 08:00:20.197 E/installd( 1593): value = false 
01-01 08:00:20.219 W/ContextImpl( 2329): Calling a method in the system process without a qualified user: android.app.ContextImpl.startService:1567 android.content.ContextWrapper.startService:494 android.content.ContextWrapper.startService:494 com.hisilicon.dlna.dmr.UpnpBootBroadcastRec.onReceive:33 android.app.ActivityThread.handleReceiver:2419 
01-01 08:00:20.235 I/ActivityManager( 2078): Start proc com.android.camera2 for broadcast com.android.camera2/com.android.camera.DisableCameraReceiver: pid=2681 uid=10012 gids={50012, 3003, 1028}
01-01 08:00:20.240 E/installd( 1593): value = false 
01-01 08:00:20.749 E/installd( 1593): value = false 
01-01 08:00:20.787 I/ActivityManager( 2078): Killing 2505:com.android.externalstorage/u0a3 (adj 15): empty #5
01-01 08:00:20.789 W/ContextImpl( 2344): Calling a method in the system process without a qualified user: android.app.ContextImpl.startService:1567 android.content.ContextWrapper.startService:494 android.content.ContextWrapper.startService:494 com.unionman.umosd.BootReceiver.onReceive:17 android.app.ActivityThread.handleReceiver:2419 
01-01 08:00:20.793 D/ActivityManager( 2078): cleanUpApplicationRecordLocked -- 2505
01-01 08:00:20.796 W/ContextImpl( 2357): Calling a method in the system process without a qualified user: android.app.ContextImpl.startService:1567 android.content.ContextWrapper.startService:494 android.content.ContextWrapper.startService:494 com.unionman.shortcut.BootBroadcastReceiver.onReceive:16 android.app.ActivityThread.handleReceiver:2419 
01-01 08:00:20.800 W/ContextImpl( 2300): Calling a method in the system process without a qualified user: android.app.ContextImpl.startService:1567 android.content.ContextWrapper.startService:494 android.content.ContextWrapper.startService:494 com.um.upgrade.UpgradBroadCastReceiver.onReceive:23 android.app.ActivityThread.handleReceiver:2419 
01-01 08:00:20.816 I/ActivityManager( 2078): Start proc com.dangbeimarket for broadcast com.dangbeimarket/.service.BootReceiver: pid=2731 uid=10020 gids={50020, 3003, 1028}
01-01 08:00:20.825 E/installd( 1593): value = false 
01-01 08:00:20.834 E/AndroidRuntime( 2344): FATAL EXCEPTION: main
01-01 08:00:20.834 E/AndroidRuntime( 2344): Process: com.unionman.umosd, PID: 2344
01-01 08:00:20.834 E/AndroidRuntime( 2344): java.lang.RuntimeException: Unable to stop service com.unionman.umosd.UmOsdService@4228d848: java.lang.NullPointerException
01-01 08:00:20.834 E/AndroidRuntime( 2344): 	at android.app.ActivityThread.handleStopService(ActivityThread.java:2749)
01-01 08:00:20.834 E/AndroidRuntime( 2344): 	at android.app.ActivityThread.access$2200(ActivityThread.java:135)
01-01 08:00:20.834 E/AndroidRuntime( 2344): 	at android.app.ActivityThread$H.handleMessage(ActivityThread.java:1298)
01-01 08:00:20.834 E/AndroidRuntime( 2344): 	at android.os.Handler.dispatchMessage(Handler.java:102)
01-01 08:00:20.834 E/AndroidRuntime( 2344): 	at android.os.Looper.loop(Looper.java:136)
01-01 08:00:20.834 E/AndroidRuntime( 2344): 	at android.app.ActivityThread.main(ActivityThread.java:5030)
01-01 08:00:20.834 E/AndroidRuntime( 2344): 	at java.lang.reflect.Method.invokeNative(Native Method)
01-01 08:00:20.834 E/AndroidRuntime( 2344): 	at java.lang.reflect.Method.invoke(Method.java:515)
01-01 08:00:20.834 E/AndroidRuntime( 2344): 	at com.android.internal.os.ZygoteInit$MethodAndArgsCaller.run(ZygoteInit.java:861)
01-01 08:00:20.834 E/AndroidRuntime( 2344): 	at com.android.internal.os.ZygoteInit.main(ZygoteInit.java:677)
01-01 08:00:20.834 E/AndroidRuntime( 2344): 	at dalvik.system.NativeStart.main(Native Method)
01-01 08:00:20.834 E/AndroidRuntime( 2344): Caused by: java.lang.NullPointerException
01-01 08:00:20.834 E/AndroidRuntime( 2344): 	at com.unionman.umosd.UmOsdService.deinitStatus(UmOsdService.java:237)
01-01 08:00:20.834 E/AndroidRuntime( 2344): 	at com.unionman.umosd.UmOsdService.onDestroy(UmOsdService.java:226)
01-01 08:00:20.834 E/AndroidRuntime( 2344): 	at android.app.ActivityThread.handleStopService(ActivityThread.java:2732)
01-01 08:00:20.834 E/AndroidRuntime( 2344): 	... 10 more
01-01 08:00:21.201 W/BackupManagerService( 2078): dataChanged but no participant pkg='com.android.providers.settings' uid=10004
01-01 08:00:21.807 W/ActivityThread( 2300): ClassLoader.loadClass: The class loader returned by Thread.getContextClassLoader() may fail for processes that host multiple applications. You should explicitly specify a context class loader. For example: Thread.setContextClassLoader(getClass().getClassLoader());
01-01 08:00:23.019 W/BackupManagerService( 2078): dataChanged but no participant pkg='com.android.providers.settings' uid=10004
01-01 08:00:23.755 E/installd( 1593): value = false 
01-01 08:00:23.765 I/ActivityManager( 2078): Process com.unionman.umosd (pid 2344) has died.
01-01 08:00:23.765 D/ActivityManager( 2078): cleanUpApplicationRecordLocked -- 2344
01-01 08:00:23.765 I/WindowState( 2078): WIN DEATH: Window{42170d88 u0 com.unionman.umosd}
01-01 08:00:23.767 I/WindowState( 2078): WIN DEATH: Window{42121c18 u0 com.unionman.umosd}
01-01 08:00:23.771 I/ActivityManager( 2078): Start proc com.unionman.umosd for restart com.unionman.umosd: pid=2785 uid=1000 gids={41000, 3003, 1028, 1007, 3002, 3001}
01-01 08:00:24.117 E/RemotePrintSpooler( 2078): Error removing obsolete print jobs .
01-01 08:00:24.117 E/RemotePrintSpooler( 2078): java.util.concurrent.TimeoutException: Cannot get spooler!
01-01 08:00:24.117 E/RemotePrintSpooler( 2078): 	at com.android.server.print.RemotePrintSpooler.bindLocked(RemotePrintSpooler.java:376)
01-01 08:00:24.117 E/RemotePrintSpooler( 2078): 	at com.android.server.print.RemotePrintSpooler.getRemoteInstanceLazy(RemotePrintSpooler.java:352)
01-01 08:00:24.117 E/RemotePrintSpooler( 2078): 	at com.android.server.print.RemotePrintSpooler.removeObsoletePrintJobs(RemotePrintSpooler.java:287)
01-01 08:00:24.117 E/RemotePrintSpooler( 2078): 	at com.android.server.print.UserState.removeObsoletePrintJobs(UserState.java:163)
01-01 08:00:24.117 E/RemotePrintSpooler( 2078): 	at com.android.server.print.PrintManagerService$1.run(PrintManagerService.java:94)
01-01 08:00:24.117 E/RemotePrintSpooler( 2078): 	at android.os.Handler.handleCallback(Handler.java:733)
01-01 08:00:24.117 E/RemotePrintSpooler( 2078): 	at android.os.Handler.dispatchMessage(Handler.java:95)
01-01 08:00:24.117 E/RemotePrintSpooler( 2078): 	at android.os.Looper.loop(Looper.java:136)
01-01 08:00:24.117 E/RemotePrintSpooler( 2078): 	at android.os.HandlerThread.run(HandlerThread.java:61)
01-01 08:00:24.120 I/ActivityManager( 2078): Start proc com.dangbeimarket:dangbei_web for service com.dangbeimarket/.uploadfile.RemoteService: pid=2839 uid=10020 gids={50020, 3003, 1028}
01-01 08:00:24.135 I/ActivityManager( 2078): Start proc com.dangbeimarket:MonitorService for service com.dangbeimarket/.service.MonitorService: pid=2855 uid=10020 gids={50020, 3003, 1028}
01-01 08:00:24.149 I/ActivityManager( 2078): Delaying start of: ServiceRecord{424c00e8 u0 com.dangbeimarket/.service.AppUninstallMonitorService}
01-01 08:00:24.150 W/ActivityManager( 2078): Unable to start service Intent { cmp=com.dangbeimarket/.module.question.NetChangeRecevier } U=0: not found
01-01 08:00:24.208 I/ActivityManager( 2078): Delay finish: com.dangbeimarket/.service.BootReceiver
01-01 08:00:25.015 I/ActivityManager( 2078): Killing 2552:com.android.factorytest/1000 (adj 15): empty #5
01-01 08:00:25.020 D/ActivityManager( 2078): cleanUpApplicationRecordLocked -- 2552
01-01 08:00:33.132 E/HiSysManagerService( 1598): checkPermission is true.
01-01 08:00:33.132 E/HiSysManagerService( 1598): checkPermission is true.
01-01 08:00:33.162 E/HiSysManagerService( 1598): checkPermission is true.
01-01 08:00:33.164 E/HiSysManagerService( 1598): checkPermission is true.
01-01 08:00:39.105 I/ActivityManager( 2078): Waited long enough for: ServiceRecord{4263c128 u0 com.dangbeimarket/.downloader.core.DownloadService}
01-01 08:00:39.118 I/ActivityManager( 2078): Start proc com.dangbeimarket:appuninstallMonitor for service com.dangbeimarket/.service.AppUninstallMonitorService: pid=3004 uid=10020 gids={50020, 3003, 1028}
01-01 08:00:39.120 I/ActivityManager( 2078): Waited long enough for: ServiceRecord{4263c018 u0 com.dangbeimarket/.uploadfile.RemoteService}
01-01 08:00:39.120 I/ActivityManager( 2078): Resuming delayed broadcast
01-01 08:00:39.131 I/ActivityManager( 2078): Delay finish: com.dangbeimarket/com.tv.filemanager.tools.BootReceiver
01-01 08:00:39.135 I/ActivityManager( 2078): Waited long enough for: ServiceRecord{4263be48 u0 com.dangbeimarket/.service.MonitorService}
01-01 08:00:39.135 I/ActivityManager( 2078): Resuming delayed broadcast
01-01 08:00:39.149 I/ActivityManager( 2078): Start proc com.dangbeimarket:push for broadcast com.dangbeimarket/com.umeng.message.SystemReceiver: pid=3018 uid=10020 gids={50020, 3003, 1028}
01-01 08:00:39.325 I/ActivityManager( 2078): Delay finish: com.dangbeimarket/com.umeng.message.SystemReceiver
01-01 08:00:39.359 I/ActivityManager( 2078): Resuming delayed broadcast
01-01 08:00:39.397 I/ActivityManager( 2078): Start proc com.android.music for broadcast com.android.music/.MediaButtonIntentReceiver: pid=3078 uid=10016 gids={50016, 3003, 1028}
01-01 08:00:39.425 E/installd( 1593): value = false 
01-01 08:00:39.667 E/installd( 1593): value = false 
01-01 08:00:39.711 I/ActivityManager( 2078): Start proc com.explorer for broadcast com.explorer/.activity.NFSBroadcast: pid=3109 uid=1000 gids={41000, 3003, 1028, 1007, 3002, 3001}
01-01 08:00:39.733 W/BackupManagerService( 2078): dataChanged but no participant pkg='com.android.providers.settings' uid=10020
01-01 08:00:39.737 E/installd( 1593): value = false 
01-01 08:00:40.189 E/installd( 1593): value = false 
01-01 08:00:40.235 I/ActivityManager( 2078): Process com.dangbeimarket:push (pid 3018) has died.
01-01 08:00:40.235 D/ActivityManager( 2078): cleanUpApplicationRecordLocked -- 3018
01-01 08:00:40.248 I/ActivityManager( 2078): Killing 2525:com.android.settings/1000 (adj 15): empty #5
01-01 08:00:40.256 D/ActivityManager( 2078): cleanUpApplicationRecordLocked -- 2525
01-01 08:00:40.273 I/ActivityManager( 2078): Start proc com.dangbeimarket:push for broadcast com.dangbeimarket/com.umeng.message.SystemReceiver: pid=3150 uid=10020 gids={50020, 3003, 1028}
01-01 08:00:40.369 I/ActivityManager( 2078): Start proc com.android.settings for broadcast com.android.settings/.widget.SettingsAppWidgetProvider: pid=3177 uid=1000 gids={41000, 3003, 1028, 1007, 3002, 3001}
01-01 08:00:40.423 W/ContextImpl( 3177): Calling a method in the system process without a qualified user: android.app.ContextImpl.bindService:1631 android.content.ContextWrapper.bindService:517 android.bluetooth.BluetoothInputDevice.doBind:245 android.bluetooth.BluetoothInputDevice.<init>:238 android.bluetooth.BluetoothAdapter.getProfileProxy:1187 
01-01 08:00:40.427 W/ContextImpl( 3177): Calling a method in the system process without a qualified user: android.app.ContextImpl.bindService:1631 android.content.ContextWrapper.bindService:517 android.bluetooth.BluetoothPan.doBind:149 android.bluetooth.BluetoothPan.<init>:141 android.bluetooth.BluetoothAdapter.getProfileProxy:1190 
01-01 08:00:40.430 W/ContextImpl( 3177): Calling a method in the system process without a qualified user: android.app.ContextImpl.bindService:1631 android.content.ContextWrapper.bindService:517 android.bluetooth.BluetoothMap.doBind:109 android.bluetooth.BluetoothMap.<init>:102 android.bluetooth.BluetoothAdapter.getProfileProxy:1196 
01-01 08:00:40.434 W/ContextImpl( 3177): Calling a method in the system process without a qualified user: android.app.ContextImpl.bindService:1631 android.content.ContextWrapper.bindService:517 android.bluetooth.BluetoothPbap.doBind:164 android.bluetooth.BluetoothPbap.<init>:157 com.android.settings.bluetooth.PbapServerProfile.<init>:68 
01-01 08:00:40.446 I/ActivityManager( 2078): Start proc com.android.launcher for broadcast com.android.launcher/com.android.launcher2.PackageChangedReceiver: pid=3198 uid=10007 gids={50007}
01-01 08:00:40.447 I/ActivityManager( 2078): Killing 2665:com.um.dvbsearch.receiver/u0a11 (adj 15): empty #5
01-01 08:00:40.455 D/ActivityManager( 2078): cleanUpApplicationRecordLocked -- 2665
01-01 08:00:40.466 W/BackupManagerService( 2078): dataChanged but no participant pkg='com.android.providers.settings' uid=10020
01-01 08:00:40.468 E/installd( 1593): value = false 
01-01 08:00:40.795 E/installd( 1593): value = false 
01-01 08:00:40.830 I/ActivityManager( 2078): Process com.dangbeimarket:push (pid 3150) has died.
01-01 08:00:40.830 D/ActivityManager( 2078): cleanUpApplicationRecordLocked -- 3150
01-01 08:00:40.873 I/ActivityManager( 2078): Killing 2681:com.android.camera2/u0a12 (adj 15): empty #5
01-01 08:00:40.879 D/ActivityManager( 2078): cleanUpApplicationRecordLocked -- 2681
01-01 08:00:51.039 I/PackageManager( 2078): uid=0, pid=3235, processName=, packageName=null
01-01 08:00:51.039 I/PackageManager( 2078): packageURI:file:///data/local/tmp/app-debug.apk
01-01 08:00:51.039 I/PackageManager( 2078): packageURI.getPath=/data/local/tmp/app-debug.apk
01-01 08:00:51.045 I/ActivityManager( 2078): Start proc com.android.defcontainer for service com.android.defcontainer/.DefaultContainerService: pid=3245 uid=10001 gids={50001, 1023, 2001, 1028, 1035}
01-01 08:00:51.055 E/installd( 1593): value = false 
01-01 08:00:51.091 E/installd( 1593): value = false 
01-01 08:00:51.136 W/ActivityManager( 2078): No content provider found for permission revoke: file:///data/local/tmp/app-debug.apk
01-01 08:00:51.151 W/ActivityManager( 2078): No content provider found for permission revoke: file:///data/local/tmp/app-debug.apk
01-01 08:00:51.151 I/PackageManager( 2078): Copying native libraries to /data/app-lib/vmdl845107404
01-01 08:00:51.157 W/PackageParser( 2078): Unknown element under <manifest>: action at /data/app/vmdl845107404.tmp Binary XML file line #18
01-01 08:00:51.628 D/PackageManager( 2078): com.example.man.myapplication compare in replacePackageLI : package publickey_string = OpenSSLRSAPublicKey{modulus=f34de9fb979be05c3a11ffd0d93dcd4a58b7fa2edee6a7ca0202b19178eecfe9e1fa39f74ec8ab877d8bc3bbcfbdafd9d138e8a4608fd00b0b8bdff2ecac66185683e8c812ce2f3e3544fe202cbc338969d8e6949256cd947a9cfefdff8dc3858a25a3e2fa43eb0f76d5a27d3e18961c465034f4311cf3c01fb691e9e30e9d6d,publicExponent=10001}
01-01 08:00:51.628 D/PackageManager( 2078): com.example.man.myapplication compare in replacePackageLI : package keyString = f34de9fb979be05c3a11ffd0d93dcd4a58b7fa2edee6a7ca0202b19178eecfe9e1fa39f74ec8ab877d8bc3bbcfbdafd9d138e8a4608fd00b0b8bdff2ecac66185683e8c812ce2f3e3544fe202cbc338969d8e6949256cd947a9cfefdff8dc3858a25a3e2fa43eb0f76d5a27d3e18961c465034f4311cf3c01fb691e9e30e9d6d
01-01 08:00:51.628 W/PackageManager( 2078): New package has a different signature: com.example.man.myapplication
01-01 08:00:54.132 I/ActivityManager( 2078): Waited long enough for: ServiceRecord{426082e0 u0 com.dangbeimarket/com.tv.filemanager.UsbStartService}
01-01 08:00:54.692 I/ActivityManager( 2078): Waited long enough for: ServiceRecord{42628c18 u0 com.android.music/.MediaPlaybackService}
01-01 08:01:01.205 I/ActivityManager( 2078): Killing 2471:android.process.media/u0a4 (adj 15): empty #5
01-01 08:01:01.222 D/ActivityManager( 2078): cleanUpApplicationRecordLocked -- 2471
01-01 08:01:15.258 I/PackageManager( 2078): uid=0, pid=3336, processName=, packageName=null
01-01 08:01:15.258 I/PackageManager( 2078): packageURI:file:///data/local/tmp/app-debug.apk
01-01 08:01:15.258 I/PackageManager( 2078): packageURI.getPath=/data/local/tmp/app-debug.apk
01-01 08:01:15.264 W/ActivityManager( 2078): No content provider found for permission revoke: file:///data/local/tmp/app-debug.apk
01-01 08:01:15.281 W/ActivityManager( 2078): No content provider found for permission revoke: file:///data/local/tmp/app-debug.apk
01-01 08:01:15.281 I/PackageManager( 2078): Copying native libraries to /data/app-lib/vmdl-1817408376
01-01 08:01:15.286 W/PackageParser( 2078): Unknown element under <manifest>: action at /data/app/vmdl-1817408376.tmp Binary XML file line #18
01-01 08:01:15.703 D/PackageManager( 2078): com.example.man.myapplication compare in replacePackageLI : package publickey_string = OpenSSLRSAPublicKey{modulus=f34de9fb979be05c3a11ffd0d93dcd4a58b7fa2edee6a7ca0202b19178eecfe9e1fa39f74ec8ab877d8bc3bbcfbdafd9d138e8a4608fd00b0b8bdff2ecac66185683e8c812ce2f3e3544fe202cbc338969d8e6949256cd947a9cfefdff8dc3858a25a3e2fa43eb0f76d5a27d3e18961c465034f4311cf3c01fb691e9e30e9d6d,publicExponent=10001}
01-01 08:01:15.703 D/PackageManager( 2078): com.example.man.myapplication compare in replacePackageLI : package keyString = f34de9fb979be05c3a11ffd0d93dcd4a58b7fa2edee6a7ca0202b19178eecfe9e1fa39f74ec8ab877d8bc3bbcfbdafd9d138e8a4608fd00b0b8bdff2ecac66185683e8c812ce2f3e3544fe202cbc338969d8e6949256cd947a9cfefdff8dc3858a25a3e2fa43eb0f76d5a27d3e18961c465034f4311cf3c01fb691e9e30e9d6d
01-01 08:01:15.704 W/PackageManager( 2078): New package has a different signature: com.example.man.myapplication
01-01 08:01:18.629 I/ActivityManager( 2078): START u0 {act=android.intent.umaction.UMATV flg=0x10008000 (has extras)} from pid 2432
01-01 08:01:19.138 D/ConnectivityService( 2078): Sampling interval elapsed, updating statistics ..
01-01 08:01:19.143 D/ConnectivityService( 2078): Done.
01-01 08:01:19.144 D/ConnectivityService( 2078): Setting timer for 720seconds
01-01 08:01:40.296 I/ActivityManager( 2078): Killing 3078:com.android.music/u0a16 (adj 15): empty #5
01-01 08:01:40.309 D/ActivityManager( 2078): cleanUpApplicationRecordLocked -- 3078
01-01 08:02:15.944 I/PackageManager( 2078): uid=0, pid=3511, processName=, packageName=null
01-01 08:02:15.945 I/PackageManager( 2078): packageURI:file:///data/local/tmp/com.android.email.apk
01-01 08:02:15.945 I/PackageManager( 2078): packageURI.getPath=/data/local/tmp/com.android.email.apk
01-01 08:02:15.954 W/ActivityManager( 2078): No content provider found for permission revoke: file:///data/local/tmp/com.android.email.apk
01-01 08:02:15.991 W/ActivityManager( 2078): No content provider found for permission revoke: file:///data/local/tmp/com.android.email.apk
01-01 08:02:15.991 I/PackageManager( 2078): Copying native libraries to /data/app-lib/vmdl-456406042
01-01 08:02:17.374 D/PackageManager( 2078): verifyPackageMD5 apkControlMode = none
01-01 08:02:17.375 D/PackageManager( 2078): com.android.email compare in verifySignaturesLP : package publickey_string = OpenSSLRSAPublicKey{modulus=9e2b9f598ee5b48603b7ba3b14fb8c2336d9757743d41a864b25d9fe3216ce9453fafdf441ca024464d67e3c7145f86c8cb12bec8354b063c8ebf23881cf685d80df8780756b712e2e2822c2932eabb9661e5a6d03bef546cf304c2fbdcc999f85a8150cfabc6c75af1ba379f568309c0042c8269692835566e5d5fc19e2ae2c70cf9434bf0d066f1f1421c57354f3b7a7e809bebef9c11c958ce5d3671aff42c864d0e7403edb7fd1c6aa34ce544556748bac421e4bdf9ca606ba353dd42c1c2d9768b6664870b94012f85a91cd9cca49d0dab5d0e74f7736360880f983256709aae9019056391ff8cf05d454cd969309433a63f94fb2de83e733b496931099,publicExponent=3}
01-01 08:02:17.376 D/PackageManager( 2078): com.android.email compare in verifySignaturesLP : package keyString = 9e2b9f598ee5b48603b7ba3b14fb8c2336d9757743d41a864b25d9fe3216ce9453fafdf441ca024464d67e3c7145f86c8cb12bec8354b063c8ebf23881cf685d80df8780756b712e2e2822c2932eabb9661e5a6d03bef546cf304c2fbdcc999f85a8150cfabc6c75af1ba379f568309c0042c8269692835566e5d5fc19e2ae2c70cf9434bf0d066f1f1421c57354f3b7a7e809bebef9c11c958ce5d3671aff42c864d0e7403edb7fd1c6aa34ce544556748bac421e4bdf9ca606ba353dd42c1c2d9768b6664870b94012f85a91cd9cca49d0dab5d0e74f7736360880f983256709aae9019056391ff8cf05d454cd969309433a63f94fb2de83e733b496931099
01-01 08:02:17.376 D/PackageManager( 2078): verifySignaturesLP SPJDPublicKey verifyResult = 0
01-01 08:02:17.377 D/PackageManager( 2078): com.android.email compare in verifySignaturesLP : package publickey_string = OpenSSLRSAPublicKey{modulus=9e2b9f598ee5b48603b7ba3b14fb8c2336d9757743d41a864b25d9fe3216ce9453fafdf441ca024464d67e3c7145f86c8cb12bec8354b063c8ebf23881cf685d80df8780756b712e2e2822c2932eabb9661e5a6d03bef546cf304c2fbdcc999f85a8150cfabc6c75af1ba379f568309c0042c8269692835566e5d5fc19e2ae2c70cf9434bf0d066f1f1421c57354f3b7a7e809bebef9c11c958ce5d3671aff42c864d0e7403edb7fd1c6aa34ce544556748bac421e4bdf9ca606ba353dd42c1c2d9768b6664870b94012f85a91cd9cca49d0dab5d0e74f7736360880f983256709aae9019056391ff8cf05d454cd969309433a63f94fb2de83e733b496931099,publicExponent=3}
01-01 08:02:17.377 D/PackageManager( 2078): com.android.email compare in verifySignaturesLP : package keyString = 9e2b9f598ee5b48603b7ba3b14fb8c2336d9757743d41a864b25d9fe3216ce9453fafdf441ca024464d67e3c7145f86c8cb12bec8354b063c8ebf23881cf685d80df8780756b712e2e2822c2932eabb9661e5a6d03bef546cf304c2fbdcc999f85a8150cfabc6c75af1ba379f568309c0042c8269692835566e5d5fc19e2ae2c70cf9434bf0d066f1f1421c57354f3b7a7e809bebef9c11c958ce5d3671aff42c864d0e7403edb7fd1c6aa34ce544556748bac421e4bdf9ca606ba353dd42c1c2d9768b6664870b94012f85a91cd9cca49d0dab5d0e74f7736360880f983256709aae9019056391ff8cf05d454cd969309433a63f94fb2de83e733b496931099
01-01 08:02:17.377 D/PackageManager( 2078): verifySignaturesLP verifyResult = 0
01-01 08:02:17.377 E/installd( 1593): value = false 
01-01 08:02:17.378 E/installd( 1593): value = false 
01-01 08:02:17.392 E/installd( 1593): value = false 
01-01 08:02:17.392 E/installd( 1593): value = false 
01-01 08:02:17.392 E/installd( 1593): value = false 
01-01 08:02:21.087 E/installd( 1593): value = false 
01-01 08:02:21.087 I/ActivityManager( 2078): Force stopping com.android.email appid=10021 user=-1: update pkg
01-01 08:02:21.142 E/installd( 1593): value = false 
01-01 08:02:21.142 E/installd( 1593): value = false 
01-01 08:02:21.143 D/PackageManager( 2078): grantSignaturePermission permission = android.permission.BIND_APPWIDGET
01-01 08:02:21.143 D/PackageManager( 2078): verifyPackageMD5 apkControlMode = none
01-01 08:02:21.144 D/PackageManager( 2078): com.android.launcher compare in grantSignaturePermission : package publickey_string = OpenSSLRSAPublicKey{modulus=b06f54c89e43986e47890a01091f21d97e68233b0c9b2cea4b3ac7349b8e8eaa485005a6733b7ef15e39aa1796c4407cd69e9200ff879813802cbbad050b7f2efcfef25d788192e78ae0acc7d93d7fc19dc658c42fd5edc4be8345c5fafb866adefdc223ffa1012bb56a3ca20ed7a91df06a4ebcf63e5c94cdba1394e29e36d4990799dc8020b6cbbc2ff7bd2d4d8d140d509062b0a4b7fb3ca702f12c698e76cf22c3ee2f70e4f511cc77e2ef7bbbca3b689f40601c23d1ea02368d43e83d1a434e2eb7cb20daf2598680dc3e57a43055a7aede0f94074133487d9c8a2bff652d59181042777b38e5f48534ef7e05204b41a71b3b214e3a2154268320d81f51,publicExponent=10001}
01-01 08:02:21.144 D/PackageManager( 2078): com.android.launcher compare in grantSignaturePermission : package keyString = b06f54c89e43986e47890a01091f21d97e68233b0c9b2cea4b3ac7349b8e8eaa485005a6733b7ef15e39aa1796c4407cd69e9200ff879813802cbbad050b7f2efcfef25d788192e78ae0acc7d93d7fc19dc658c42fd5edc4be8345c5fafb866adefdc223ffa1012bb56a3ca20ed7a91df06a4ebcf63e5c94cdba1394e29e36d4990799dc8020b6cbbc2ff7bd2d4d8d140d509062b0a4b7fb3ca702f12c698e76cf22c3ee2f70e4f511cc77e2ef7bbbca3b689f40601c23d1ea02368d43e83d1a434e2eb7cb20daf2598680dc3e57a43055a7aede0f94074133487d9c8a2bff652d59181042777b38e5f48534ef7e05204b41a71b3b214e3a2154268320d81f51
01-01 08:02:21.144 D/PackageManager( 2078): grantSignaturePermission:OriPubKey allowed = false
01-01 08:02:21.144 D/PackageManager( 2078): grantSignaturePermission permission = com.android.launcher.permission.WRITE_SETTINGS
01-01 08:02:21.144 D/PackageManager( 2078): verifyPackageMD5 apkControlMode = none
01-01 08:02:21.144 D/PackageManager( 2078): grantSignaturePermission permission = android.permission.ACCESS_DOWNLOAD_MANAGER
01-01 08:02:21.144 D/PackageManager( 2078): verifyPackageMD5 apkControlMode = none
01-01 08:02:21.144 D/PackageManager( 2078): grantSignaturePermission permission = android.permission.ACCESS_ALL_DOWNLOADS
01-01 08:02:21.144 D/PackageManager( 2078): verifyPackageMD5 apkControlMode = none
01-01 08:02:21.144 D/PackageManager( 2078): grantSignaturePermission permission = android.permission.ASEC_ACCESS
01-01 08:02:21.144 D/PackageManager( 2078): verifyPackageMD5 apkControlMode = none
01-01 08:02:21.145 D/PackageManager( 2078): grantSignaturePermission permission = android.permission.ASEC_CREATE
01-01 08:02:21.145 D/PackageManager( 2078): verifyPackageMD5 apkControlMode = none
01-01 08:02:21.145 D/PackageManager( 2078): grantSignaturePermission permission = android.permission.ASEC_DESTROY
01-01 08:02:21.145 D/PackageManager( 2078): verifyPackageMD5 apkControlMode = none
01-01 08:02:21.145 D/PackageManager( 2078): grantSignaturePermission permission = android.permission.ASEC_MOUNT_UNMOUNT
01-01 08:02:21.145 D/PackageManager( 2078): verifyPackageMD5 apkControlMode = none
01-01 08:02:21.145 D/PackageManager( 2078): grantSignaturePermission permission = android.permission.WRITE_MEDIA_STORAGE
01-01 08:02:21.145 D/PackageManager( 2078): verifyPackageMD5 apkControlMode = none
01-01 08:02:21.145 D/PackageManager( 2078): grantSignaturePermission permission = android.permission.ACCESS_CACHE_FILESYSTEM
01-01 08:02:21.145 D/PackageManager( 2078): verifyPackageMD5 apkControlMode = none
01-01 08:02:21.145 D/PackageManager( 2078): grantSignaturePermission permission = android.permission.ACCESS_ALL_EXTERNAL_STORAGE
01-01 08:02:21.145 D/PackageManager( 2078): verifyPackageMD5 apkControlMode = none
01-01 08:02:21.145 D/PackageManager( 2078): grantSignaturePermission permission = android.permission.MOUNT_UNMOUNT_FILESYSTEMS
01-01 08:02:21.145 D/PackageManager( 2078): verifyPackageMD5 apkControlMode = none
01-01 08:02:21.145 D/PackageManager( 2078): grantSignaturePermission permission = android.permission.MASTER_CLEAR
01-01 08:02:21.145 D/PackageManager( 2078): verifyPackageMD5 apkControlMode = none
01-01 08:02:21.145 D/PackageManager( 2078): grantSignaturePermission permission = android.permission.INSTALL_PACKAGES
01-01 08:02:21.145 D/PackageManager( 2078): verifyPackageMD5 apkControlMode = none
01-01 08:02:21.145 D/PackageManager( 2078): grantSignaturePermission permission = com.android.launcher.permission.WRITE_SETTINGS
01-01 08:02:21.146 D/PackageManager( 2078): verifyPackageMD5 apkControlMode = none
01-01 08:02:21.146 D/PackageManager( 2078): grantSignaturePermission permission = com.hisilicon.dlna.DMS_SYSTEM_BROADCAST
01-01 08:02:21.146 D/PackageManager( 2078): verifyPackageMD5 apkControlMode = none
01-01 08:02:21.146 D/PackageManager( 2078): grantSignaturePermission permission = android.permission.FORCE_STOP_PACKAGES
01-01 08:02:21.146 D/PackageManager( 2078): verifyPackageMD5 apkControlMode = none
01-01 08:02:21.146 D/PackageManager( 2078): grantSignaturePermission permission = com.hisilicon.dlna.DMR_SYSTEM_BROADCAST
01-01 08:02:21.146 D/PackageManager( 2078): verifyPackageMD5 apkControlMode = none
01-01 08:02:21.146 D/PackageManager( 2078): grantSignaturePermission permission = com.hisilicon.dlna.RECV_DMP_PLAYER
01-01 08:02:21.146 D/PackageManager( 2078): verifyPackageMD5 apkControlMode = none
01-01 08:02:21.146 D/PackageManager( 2078): grantSignaturePermission permission = com.hisilicon.dlna.SEND_DMP_PLAYER
01-01 08:02:21.146 D/PackageManager( 2078): verifyPackageMD5 apkControlMode = none
01-01 08:02:21.146 D/PackageManager( 2078): grantSignaturePermission permission = com.hisilicon.dlna.DMP_NETWORK_BROADCAST
01-01 08:02:21.146 D/PackageManager( 2078): verifyPackageMD5 apkControlMode = none
01-01 08:02:21.146 D/PackageManager( 2078): grantSignaturePermission permission = android.permission.SHUTDOWN
01-01 08:02:21.146 D/PackageManager( 2078): verifyPackageMD5 apkControlMode = none
01-01 08:02:21.146 W/PackageManager( 2078): Unknown permission android.permission.SYSTEM_OVERLAY_WINDOW in package com.hisilicon.android.pqsetting
01-01 08:02:21.146 D/PackageManager( 2078): grantSignaturePermission permission = android.permission.ACCESS_BLUETOOTH_SHARE
01-01 08:02:21.146 D/PackageManager( 2078): verifyPackageMD5 apkControlMode = none
01-01 08:02:21.147 D/PackageManager( 2078): grantSignaturePermission permission = com.android.permission.HANDOVER_STATUS
01-01 08:02:21.147 D/PackageManager( 2078): verifyPackageMD5 apkControlMode = none
01-01 08:02:21.147 D/PackageManager( 2078): grantSignaturePermission permission = android.permission.WRITE_SECURE_SETTINGS
01-01 08:02:21.147 D/PackageManager( 2078): verifyPackageMD5 apkControlMode = none
01-01 08:02:21.147 D/PackageManager( 2078): grantSignaturePermission permission = android.permission.NET_ADMIN
01-01 08:02:21.147 D/PackageManager( 2078): verifyPackageMD5 apkControlMode = none
01-01 08:02:21.147 D/PackageManager( 2078): grantSignaturePermission permission = android.permission.CALL_PRIVILEGED
01-01 08:02:21.147 D/PackageManager( 2078): verifyPackageMD5 apkControlMode = none
01-01 08:02:21.147 D/PackageManager( 2078): grantSignaturePermission permission = android.permission.NET_TUNNELING
01-01 08:02:21.147 D/PackageManager( 2078): verifyPackageMD5 apkControlMode = none
01-01 08:02:21.147 D/PackageManager( 2078): grantSignaturePermission permission = android.permission.CONNECTIVITY_INTERNAL
01-01 08:02:21.147 D/PackageManager( 2078): verifyPackageMD5 apkControlMode = none
01-01 08:02:21.147 D/PackageManager( 2078): grantSignaturePermission permission = android.permission.MODIFY_PHONE_STATE
01-01 08:02:21.147 D/PackageManager( 2078): verifyPackageMD5 apkControlMode = none
01-01 08:02:21.147 D/PackageManager( 2078): grantSignaturePermission permission = android.permission.INTERACT_ACROSS_USERS_FULL
01-01 08:02:21.147 D/PackageManager( 2078): verifyPackageMD5 apkControlMode = none
01-01 08:02:21.148 D/PackageManager( 2078): grantSignaturePermission permission = android.permission.BLUETOOTH_STACK
01-01 08:02:21.148 D/PackageManager( 2078): verifyPackageMD5 apkControlMode = none
01-01 08:02:21.148 D/PackageManager( 2078): grantSignaturePermission permission = android.permission.INTERACT_ACROSS_USERS
01-01 08:02:21.148 D/PackageManager( 2078): verifyPackageMD5 apkControlMode = none
01-01 08:02:21.148 D/PackageManager( 2078): grantSignaturePermission permission = android.permission.MANAGE_USERS
01-01 08:02:21.148 D/PackageManager( 2078): verifyPackageMD5 apkControlMode = none
01-01 08:02:21.148 W/PackageManager( 2078): Unknown permission com.google.android.gallery3d.permission.GALLERY_PROVIDER in package com.android.bluetooth
01-01 08:02:21.148 W/PackageManager( 2078): Unknown permission com.android.gallery3d.permission.GALLERY_PROVIDER in package com.android.bluetooth
01-01 08:02:21.148 W/PackageManager( 2078): Unknown permission android.permission.MMS_SEND_OUTBOX_MSG in package com.android.bluetooth
01-01 08:02:21.148 D/PackageManager( 2078): grantSignaturePermission permission = android.permission.MEDIA_CONTENT_CONTROL
01-01 08:02:21.148 D/PackageManager( 2078): verifyPackageMD5 apkControlMode = none
01-01 08:02:21.148 D/PackageManager( 2078): grantSignaturePermission permission = android.permission.ACCESS_DOWNLOAD_MANAGER
01-01 08:02:21.148 D/PackageManager( 2078): verifyPackageMD5 apkControlMode = none
01-01 08:02:21.149 D/PackageManager( 2078): grantSignaturePermission permission = android.permission.SEND_DOWNLOAD_COMPLETED_INTENTS
01-01 08:02:21.149 D/PackageManager( 2078): verifyPackageMD5 apkControlMode = none
01-01 08:02:21.149 D/PackageManager( 2078): grantSignaturePermission permission = android.permission.WRITE_SECURE_SETTINGS
01-01 08:02:21.149 D/PackageManager( 2078): verifyPackageMD5 apkControlMode = none
01-01 08:02:21.149 D/PackageManager( 2078): grantSignaturePermission permission = android.permission.MOUNT_UNMOUNT_FILESYSTEMS
01-01 08:02:21.149 D/PackageManager( 2078): verifyPackageMD5 apkControlMode = none
01-01 08:02:21.149 D/PackageManager( 2078): grantSignaturePermission permission = android.permission.READ_LOGS
01-01 08:02:21.149 D/PackageManager( 2078): verifyPackageMD5 apkControlMode = none
01-01 08:02:21.149 D/PackageManager( 2078): grantSignaturePermission permission = android.permission.SEND_DOWNLOAD_COMPLETED_INTENTS
01-01 08:02:21.149 D/PackageManager( 2078): verifyPackageMD5 apkControlMode = none
01-01 08:02:21.149 D/PackageManager( 2078): grantSignaturePermission permission = android.permission.ACCESS_ALL_DOWNLOADS
01-01 08:02:21.149 D/PackageManager( 2078): verifyPackageMD5 apkControlMode = none
