01-01 11:30:02.072 D/dalvikvm( 2731): GC_CONCURRENT freed 1755K, 37% free 4173K/6624K, paused 4ms+2ms, total 34ms
01-01 11:30:02.138 D/dalvikvm( 2731): GC_FOR_ALLOC freed 936K, 36% free 4303K/6624K, paused 17ms, total 17ms
01-01 11:30:02.155 D/dalvikvm( 2731): GC_FOR_ALLOC freed 170K, 34% free 4388K/6624K, paused 17ms, total 17ms
01-01 11:30:02.194 D/dalvikvm( 2731): GC_FOR_ALLOC freed 637K, 34% free 4414K/6624K, paused 36ms, total 36ms
01-01 11:30:02.764 W/System.err( 2397): java.net.SocketTimeoutException
01-01 11:30:02.764 W/System.err( 2397): 	at libcore.io.IoBridge.maybeThrowAfterRecvfrom(IoBridge.java:551)
01-01 11:30:02.764 W/System.err( 2397): 	at libcore.io.IoBridge.recvfrom(IoBridge.java:509)
01-01 11:30:02.764 W/System.err( 2397): 	at java.net.PlainDatagramSocketImpl.doRecv(PlainDatagramSocketImpl.java:161)
01-01 11:30:02.765 W/System.err( 2397): 	at java.net.PlainDatagramSocketImpl.receive(PlainDatagramSocketImpl.java:169)
01-01 11:30:02.765 W/System.err( 2397): 	at java.net.DatagramSocket.receive(DatagramSocket.java:250)
01-01 11:30:02.765 W/System.err( 2397): 	at utils.UdpReceiverService$1.run(UdpReceiverService.java:53)
01-01 11:30:02.765 W/System.err( 2397): Caused by: libcore.io.ErrnoException: recvfrom failed: EAGAIN (Try again)
01-01 11:30:02.765 W/System.err( 2397): 	at libcore.io.Posix.recvfromBytes(Native Method)
01-01 11:30:02.766 W/System.err( 2397): 	at libcore.io.Posix.recvfrom(Posix.java:141)
01-01 11:30:02.766 W/System.err( 2397): 	at libcore.io.BlockGuardOs.recvfrom(BlockGuardOs.java:164)
01-01 11:30:02.766 W/System.err( 2397): 	at libcore.io.IoBridge.recvfrom(IoBridge.java:506)
01-01 11:30:02.766 W/System.err( 2397): 	... 4 more
01-01 11:30:04.766 W/System.err( 2397): java.net.SocketTimeoutException
01-01 11:30:04.766 W/System.err( 2397): 	at libcore.io.IoBridge.maybeThrowAfterRecvfrom(IoBridge.java:551)
01-01 11:30:04.766 W/System.err( 2397): 	at libcore.io.IoBridge.recvfrom(IoBridge.java:509)
01-01 11:30:04.766 W/System.err( 2397): 	at java.net.PlainDatagramSocketImpl.doRecv(PlainDatagramSocketImpl.java:161)
01-01 11:30:04.767 W/System.err( 2397): 	at java.net.PlainDatagramSocketImpl.receive(PlainDatagramSocketImpl.java:169)
01-01 11:30:04.767 W/System.err( 2397): 	at java.net.DatagramSocket.receive(DatagramSocket.java:250)
01-01 11:30:04.767 W/System.err( 2397): 	at utils.UdpReceiverService$1.run(UdpReceiverService.java:53)
01-01 11:30:04.767 W/System.err( 2397): Caused by: libcore.io.ErrnoException: recvfrom failed: EAGAIN (Try again)
01-01 11:30:04.767 W/System.err( 2397): 	at libcore.io.Posix.recvfromBytes(Native Method)
01-01 11:30:04.768 W/System.err( 2397): 	at libcore.io.Posix.recvfrom(Posix.java:141)
01-01 11:30:04.768 W/System.err( 2397): 	at libcore.io.BlockGuardOs.recvfrom(BlockGuardOs.java:164)
01-01 11:30:04.768 W/System.err( 2397): 	at libcore.io.IoBridge.recvfrom(IoBridge.java:506)
01-01 11:30:04.768 W/System.err( 2397): 	... 4 more
01-01 11:30:06.768 W/System.err( 2397): java.net.SocketTimeoutException
01-01 11:30:06.768 W/System.err( 2397): 	at libcore.io.IoBridge.maybeThrowAfterRecvfrom(IoBridge.java:551)
01-01 11:30:06.768 W/System.err( 2397): 	at libcore.io.IoBridge.recvfrom(IoBridge.java:509)
01-01 11:30:06.768 W/System.err( 2397): 	at java.net.PlainDatagramSocketImpl.doRecv(PlainDatagramSocketImpl.java:161)
01-01 11:30:06.768 W/System.err( 2397): 	at java.net.PlainDatagramSocketImpl.receive(PlainDatagramSocketImpl.java:169)
01-01 11:30:06.768 W/System.err( 2397): 	at java.net.DatagramSocket.receive(DatagramSocket.java:250)
01-01 11:30:06.768 W/System.err( 2397): 	at utils.UdpReceiverService$1.run(UdpReceiverService.java:53)
01-01 11:30:06.769 W/System.err( 2397): Caused by: libcore.io.ErrnoException: recvfrom failed: EAGAIN (Try again)
01-01 11:30:06.769 W/System.err( 2397): 	at libcore.io.Posix.recvfromBytes(Native Method)
01-01 11:30:06.769 W/System.err( 2397): 	at libcore.io.Posix.recvfrom(Posix.java:141)
01-01 11:30:06.769 W/System.err( 2397): 	at libcore.io.BlockGuardOs.recvfrom(BlockGuardOs.java:164)
01-01 11:30:06.769 W/System.err( 2397): 	at libcore.io.IoBridge.recvfrom(IoBridge.java:506)
01-01 11:30:06.769 W/System.err( 2397): 	... 4 more
01-01 11:30:08.712 D/dalvikvm( 2839): GC_CONCURRENT freed 1724K, 35% free 3913K/5940K, paused 4ms+5ms, total 43ms
01-01 11:30:08.770 W/System.err( 2397): java.net.SocketTimeoutException
01-01 11:30:08.770 W/System.err( 2397): 	at libcore.io.IoBridge.maybeThrowAfterRecvfrom(IoBridge.java:551)
01-01 11:30:08.770 W/System.err( 2397): 	at libcore.io.IoBridge.recvfrom(IoBridge.java:509)
01-01 11:30:08.770 W/System.err( 2397): 	at java.net.PlainDatagramSocketImpl.doRecv(PlainDatagramSocketImpl.java:161)
01-01 11:30:08.770 W/System.err( 2397): 	at java.net.PlainDatagramSocketImpl.receive(PlainDatagramSocketImpl.java:169)
01-01 11:30:08.771 W/System.err( 2397): 	at java.net.DatagramSocket.receive(DatagramSocket.java:250)
01-01 11:30:08.771 W/System.err( 2397): 	at utils.UdpReceiverService$1.run(UdpReceiverService.java:53)
01-01 11:30:08.771 W/System.err( 2397): Caused by: libcore.io.ErrnoException: recvfrom failed: EAGAIN (Try again)
01-01 11:30:08.771 W/System.err( 2397): 	at libcore.io.Posix.recvfromBytes(Native Method)
01-01 11:30:08.771 W/System.err( 2397): 	at libcore.io.Posix.recvfrom(Posix.java:141)
01-01 11:30:08.771 W/System.err( 2397): 	at libcore.io.BlockGuardOs.recvfrom(BlockGuardOs.java:164)
01-01 11:30:08.771 W/System.err( 2397): 	at libcore.io.IoBridge.recvfrom(IoBridge.java:506)
01-01 11:30:08.771 W/System.err( 2397): 	... 4 more
01-01 11:30:08.881 D/dalvikvm( 2839): GC_FOR_ALLOC freed 853K, 32% free 4042K/5940K, paused 18ms, total 18ms
01-01 11:30:08.896 D/dalvikvm( 2839): GC_FOR_ALLOC freed 283K, 30% free 4183K/5940K, paused 15ms, total 15ms
01-01 11:30:08.896 I/dalvikvm-heap( 2839): Grow heap (frag case) to 4.483MB for 391942-byte allocation
01-01 11:30:08.911 D/dalvikvm( 2839): GC_FOR_ALLOC freed 255K, 32% free 4311K/6324K, paused 14ms, total 14ms
01-01 11:30:08.930 D/dalvikvm( 2839): GC_FOR_ALLOC freed 382K, 32% free 4350K/6324K, paused 14ms, total 14ms
01-01 11:30:10.772 W/System.err( 2397): java.net.SocketTimeoutException
01-01 11:30:10.772 W/System.err( 2397): 	at libcore.io.IoBridge.maybeThrowAfterRecvfrom(IoBridge.java:551)
01-01 11:30:10.772 W/System.err( 2397): 	at libcore.io.IoBridge.recvfrom(IoBridge.java:509)
01-01 11:30:10.772 W/System.err( 2397): 	at java.net.PlainDatagramSocketImpl.doRecv(PlainDatagramSocketImpl.java:161)
01-01 11:30:10.773 W/System.err( 2397): 	at java.net.PlainDatagramSocketImpl.receive(PlainDatagramSocketImpl.java:169)
01-01 11:30:10.773 W/System.err( 2397): 	at java.net.DatagramSocket.receive(DatagramSocket.java:250)
01-01 11:30:10.773 W/System.err( 2397): 	at utils.UdpReceiverService$1.run(UdpReceiverService.java:53)
01-01 11:30:10.773 W/System.err( 2397): Caused by: libcore.io.ErrnoException: recvfrom failed: EAGAIN (Try again)
01-01 11:30:10.773 W/System.err( 2397): 	at libcore.io.Posix.recvfromBytes(Native Method)
01-01 11:30:10.773 W/System.err( 2397): 	at libcore.io.Posix.recvfrom(Posix.java:141)
01-01 11:30:10.773 W/System.err( 2397): 	at libcore.io.BlockGuardOs.recvfrom(BlockGuardOs.java:164)
01-01 11:30:10.773 W/System.err( 2397): 	at libcore.io.IoBridge.recvfrom(IoBridge.java:506)
01-01 11:30:10.773 W/System.err( 2397): 	... 4 more
01-01 11:30:11.642 D/dalvikvm( 2855): GC_CONCURRENT freed 1823K, 35% free 3784K/5784K, paused 4ms+4ms, total 41ms
01-01 11:30:11.772 D/dalvikvm( 2855): GC_CONCURRENT freed 886K, 32% free 3956K/5784K, paused 2ms+1ms, total 17ms
01-01 11:30:11.772 D/dalvikvm( 2855): WAIT_FOR_CONCURRENT_GC blocked 15ms
01-01 11:30:11.787 D/dalvikvm( 2855): GC_FOR_ALLOC freed 170K, 31% free 4041K/5784K, paused 13ms, total 13ms
01-01 11:30:11.801 D/dalvikvm( 2855): GC_FOR_ALLOC freed 255K, 28% free 4169K/5784K, paused 14ms, total 14ms
01-01 11:30:11.815 D/dalvikvm( 2855): GC_FOR_ALLOC freed 382K, 30% free 4068K/5784K, paused 14ms, total 14ms
01-01 11:30:11.833 D/dalvikvm( 2855): GC_FOR_ALLOC freed 140K, 25% free 4348K/5784K, paused 14ms, total 14ms
01-01 11:30:11.833 I/dalvikvm-heap( 2855): Grow heap (frag case) to 4.408MB for 143880-byte allocation
01-01 11:30:11.860 D/dalvikvm( 2855): GC_FOR_ALLOC freed 280K, 30% free 4208K/5928K, paused 14ms, total 14ms
01-01 11:30:12.774 W/System.err( 2397): java.net.SocketTimeoutException
01-01 11:30:12.774 W/System.err( 2397): 	at libcore.io.IoBridge.maybeThrowAfterRecvfrom(IoBridge.java:551)
01-01 11:30:12.774 W/System.err( 2397): 	at libcore.io.IoBridge.recvfrom(IoBridge.java:509)
01-01 11:30:12.774 W/System.err( 2397): 	at java.net.PlainDatagramSocketImpl.doRecv(PlainDatagramSocketImpl.java:161)
01-01 11:30:12.775 W/System.err( 2397): 	at java.net.PlainDatagramSocketImpl.receive(PlainDatagramSocketImpl.java:169)
01-01 11:30:12.775 W/System.err( 2397): 	at java.net.DatagramSocket.receive(DatagramSocket.java:250)
01-01 11:30:12.775 W/System.err( 2397): 	at utils.UdpReceiverService$1.run(UdpReceiverService.java:53)
01-01 11:30:12.775 W/System.err( 2397): Caused by: libcore.io.ErrnoException: recvfrom failed: EAGAIN (Try again)
01-01 11:30:12.775 W/System.err( 2397): 	at libcore.io.Posix.recvfromBytes(Native Method)
01-01 11:30:12.775 W/System.err( 2397): 	at libcore.io.Posix.recvfrom(Posix.java:141)
01-01 11:30:12.775 W/System.err( 2397): 	at libcore.io.BlockGuardOs.recvfrom(BlockGuardOs.java:164)
01-01 11:30:12.776 W/System.err( 2397): 	at libcore.io.IoBridge.recvfrom(IoBridge.java:506)
01-01 11:30:12.776 W/System.err( 2397): 	... 4 more
01-01 11:30:13.759 D/ConnectivityService( 2078): Sampling interval elapsed, updating statistics ..
01-01 11:30:13.763 I/NtpTrustedTime( 2078): refreshtime() from cn.pool.ntp.org
01-01 11:30:13.764 D/ConnectivityService( 2078): Done.
01-01 11:30:13.765 D/ConnectivityService( 2078): Setting timer for 720seconds
01-01 11:30:13.832 D/dalvikvm( 2078): GC_CONCURRENT freed 938K, 41% free 4339K/7324K, paused 3ms+6ms, total 76ms
01-01 11:30:13.832 D/dalvikvm( 2078): WAIT_FOR_CONCURRENT_GC blocked 37ms
01-01 11:30:14.776 W/System.err( 2397): java.net.SocketTimeoutException
01-01 11:30:14.776 W/System.err( 2397): 	at libcore.io.IoBridge.maybeThrowAfterRecvfrom(IoBridge.java:551)
01-01 11:30:14.776 W/System.err( 2397): 	at libcore.io.IoBridge.recvfrom(IoBridge.java:509)
01-01 11:30:14.776 W/System.err( 2397): 	at java.net.PlainDatagramSocketImpl.doRecv(PlainDatagramSocketImpl.java:161)
01-01 11:30:14.777 W/System.err( 2397): 	at java.net.PlainDatagramSocketImpl.receive(PlainDatagramSocketImpl.java:169)
01-01 11:30:14.777 W/System.err( 2397): 	at java.net.DatagramSocket.receive(DatagramSocket.java:250)
01-01 11:30:14.777 W/System.err( 2397): 	at utils.UdpReceiverService$1.run(UdpReceiverService.java:53)
01-01 11:30:14.777 W/System.err( 2397): Caused by: libcore.io.ErrnoException: recvfrom failed: EAGAIN (Try again)
01-01 11:30:14.777 W/System.err( 2397): 	at libcore.io.Posix.recvfromBytes(Native Method)
01-01 11:30:14.778 W/System.err( 2397): 	at libcore.io.Posix.recvfrom(Posix.java:141)
01-01 11:30:14.778 W/System.err( 2397): 	at libcore.io.BlockGuardOs.recvfrom(BlockGuardOs.java:164)
01-01 11:30:14.778 W/System.err( 2397): 	at libcore.io.IoBridge.recvfrom(IoBridge.java:506)
01-01 11:30:14.778 W/System.err( 2397): 	... 4 more
01-01 11:30:16.778 W/System.err( 2397): java.net.SocketTimeoutException
01-01 11:30:16.778 W/System.err( 2397): 	at libcore.io.IoBridge.maybeThrowAfterRecvfrom(IoBridge.java:551)
01-01 11:30:16.778 W/System.err( 2397): 	at libcore.io.IoBridge.recvfrom(IoBridge.java:509)
01-01 11:30:16.778 W/System.err( 2397): 	at java.net.PlainDatagramSocketImpl.doRecv(PlainDatagramSocketImpl.java:161)
01-01 11:30:16.778 W/System.err( 2397): 	at java.net.PlainDatagramSocketImpl.receive(PlainDatagramSocketImpl.java:169)
01-01 11:30:16.778 W/System.err( 2397): 	at java.net.DatagramSocket.receive(DatagramSocket.java:250)
01-01 11:30:16.779 W/System.err( 2397): 	at utils.UdpReceiverService$1.run(UdpReceiverService.java:53)
01-01 11:30:16.779 W/System.err( 2397): Caused by: libcore.io.ErrnoException: recvfrom failed: EAGAIN (Try again)
01-01 11:30:16.779 W/System.err( 2397): 	at libcore.io.Posix.recvfromBytes(Native Method)
01-01 11:30:16.779 W/System.err( 2397): 	at libcore.io.Posix.recvfrom(Posix.java:141)
01-01 11:30:16.779 W/System.err( 2397): 	at libcore.io.BlockGuardOs.recvfrom(BlockGuardOs.java:164)
01-01 11:30:16.779 W/System.err( 2397): 	at libcore.io.IoBridge.recvfrom(IoBridge.java:506)
01-01 11:30:16.779 W/System.err( 2397): 	... 4 more
01-01 11:30:18.780 W/System.err( 2397): java.net.SocketTimeoutException
01-01 11:30:18.780 W/System.err( 2397): 	at libcore.io.IoBridge.maybeThrowAfterRecvfrom(IoBridge.java:551)
01-01 11:30:18.780 W/System.err( 2397): 	at libcore.io.IoBridge.recvfrom(IoBridge.java:509)
01-01 11:30:18.780 W/System.err( 2397): 	at java.net.PlainDatagramSocketImpl.doRecv(PlainDatagramSocketImpl.java:161)
01-01 11:30:18.781 W/System.err( 2397): 	at java.net.PlainDatagramSocketImpl.receive(PlainDatagramSocketImpl.java:169)
01-01 11:30:18.781 W/System.err( 2397): 	at java.net.DatagramSocket.receive(DatagramSocket.java:250)
01-01 11:30:18.781 W/System.err( 2397): 	at utils.UdpReceiverService$1.run(UdpReceiverService.java:53)
01-01 11:30:18.781 W/System.err( 2397): Caused by: libcore.io.ErrnoException: recvfrom failed: EAGAIN (Try again)
01-01 11:30:18.782 W/System.err( 2397): 	at libcore.io.Posix.recvfromBytes(Native Method)
01-01 11:30:18.782 W/System.err( 2397): 	at libcore.io.Posix.recvfrom(Posix.java:141)
01-01 11:30:18.782 W/System.err( 2397): 	at libcore.io.BlockGuardOs.recvfrom(BlockGuardOs.java:164)
01-01 11:30:18.782 W/System.err( 2397): 	at libcore.io.IoBridge.recvfrom(IoBridge.java:506)
01-01 11:30:18.782 W/System.err( 2397): 	... 4 more
01-01 11:30:20.782 W/System.err( 2397): java.net.SocketTimeoutException
01-01 11:30:20.782 W/System.err( 2397): 	at libcore.io.IoBridge.maybeThrowAfterRecvfrom(IoBridge.java:551)
01-01 11:30:20.782 W/System.err( 2397): 	at libcore.io.IoBridge.recvfrom(IoBridge.java:509)
01-01 11:30:20.782 W/System.err( 2397): 	at java.net.PlainDatagramSocketImpl.doRecv(PlainDatagramSocketImpl.java:161)
01-01 11:30:20.783 W/System.err( 2397): 	at java.net.PlainDatagramSocketImpl.receive(PlainDatagramSocketImpl.java:169)
01-01 11:30:20.783 W/System.err( 2397): 	at java.net.DatagramSocket.receive(DatagramSocket.java:250)
01-01 11:30:20.783 W/System.err( 2397): 	at utils.UdpReceiverService$1.run(UdpReceiverService.java:53)
01-01 11:30:20.783 W/System.err( 2397): Caused by: libcore.io.ErrnoException: recvfrom failed: EAGAIN (Try again)
01-01 11:30:20.783 W/System.err( 2397): 	at libcore.io.Posix.recvfromBytes(Native Method)
01-01 11:30:20.783 W/System.err( 2397): 	at libcore.io.Posix.recvfrom(Posix.java:141)
01-01 11:30:20.784 W/System.err( 2397): 	at libcore.io.BlockGuardOs.recvfrom(BlockGuardOs.java:164)
01-01 11:30:20.784 W/System.err( 2397): 	at libcore.io.IoBridge.recvfrom(IoBridge.java:506)
01-01 11:30:20.784 W/System.err( 2397): 	... 4 more
01-01 11:30:22.784 W/System.err( 2397): java.net.SocketTimeoutException
01-01 11:30:22.784 W/System.err( 2397): 	at libcore.io.IoBridge.maybeThrowAfterRecvfrom(IoBridge.java:551)
01-01 11:30:22.784 W/System.err( 2397): 	at libcore.io.IoBridge.recvfrom(IoBridge.java:509)
01-01 11:30:22.784 W/System.err( 2397): 	at java.net.PlainDatagramSocketImpl.doRecv(PlainDatagramSocketImpl.java:161)
01-01 11:30:22.784 W/System.err( 2397): 	at java.net.PlainDatagramSocketImpl.receive(PlainDatagramSocketImpl.java:169)
01-01 11:30:22.785 W/System.err( 2397): 	at java.net.DatagramSocket.receive(DatagramSocket.java:250)
01-01 11:30:22.785 W/System.err( 2397): 	at utils.UdpReceiverService$1.run(UdpReceiverService.java:53)
01-01 11:30:22.785 W/System.err( 2397): Caused by: libcore.io.ErrnoException: recvfrom failed: EAGAIN (Try again)
01-01 11:30:22.785 W/System.err( 2397): 	at libcore.io.Posix.recvfromBytes(Native Method)
01-01 11:30:22.785 W/System.err( 2397): 	at libcore.io.Posix.recvfrom(Posix.java:141)
01-01 11:30:22.785 W/System.err( 2397): 	at libcore.io.BlockGuardOs.recvfrom(BlockGuardOs.java:164)
01-01 11:30:22.785 W/System.err( 2397): 	at libcore.io.IoBridge.recvfrom(IoBridge.java:506)
01-01 11:30:22.785 W/System.err( 2397): 	... 4 more
01-01 11:30:24.786 W/System.err( 2397): java.net.SocketTimeoutException
01-01 11:30:24.786 W/System.err( 2397): 	at libcore.io.IoBridge.maybeThrowAfterRecvfrom(IoBridge.java:551)
01-01 11:30:24.786 W/System.err( 2397): 	at libcore.io.IoBridge.recvfrom(IoBridge.java:509)
01-01 11:30:24.786 W/System.err( 2397): 	at java.net.PlainDatagramSocketImpl.doRecv(PlainDatagramSocketImpl.java:161)
01-01 11:30:24.786 W/System.err( 2397): 	at java.net.PlainDatagramSocketImpl.receive(PlainDatagramSocketImpl.java:169)
01-01 11:30:24.787 W/System.err( 2397): 	at java.net.DatagramSocket.receive(DatagramSocket.java:250)
01-01 11:30:24.787 W/System.err( 2397): 	at utils.UdpReceiverService$1.run(UdpReceiverService.java:53)
01-01 11:30:24.787 W/System.err( 2397): Caused by: libcore.io.ErrnoException: recvfrom failed: EAGAIN (Try again)
01-01 11:30:24.787 W/System.err( 2397): 	at libcore.io.Posix.recvfromBytes(Native Method)
01-01 11:30:24.787 W/System.err( 2397): 	at libcore.io.Posix.recvfrom(Posix.java:141)
01-01 11:30:24.787 W/System.err( 2397): 	at libcore.io.BlockGuardOs.recvfrom(BlockGuardOs.java:164)
01-01 11:30:24.788 W/System.err( 2397): 	at libcore.io.IoBridge.recvfrom(IoBridge.java:506)
01-01 11:30:24.788 W/System.err( 2397): 	... 4 more
01-01 11:30:26.788 W/System.err( 2397): java.net.SocketTimeoutException
01-01 11:30:26.788 W/System.err( 2397): 	at libcore.io.IoBridge.maybeThrowAfterRecvfrom(IoBridge.java:551)
01-01 11:30:26.788 W/System.err( 2397): 	at libcore.io.IoBridge.recvfrom(IoBridge.java:509)
01-01 11:30:26.788 W/System.err( 2397): 	at java.net.PlainDatagramSocketImpl.doRecv(PlainDatagramSocketImpl.java:161)
01-01 11:30:26.789 W/System.err( 2397): 	at java.net.PlainDatagramSocketImpl.receive(PlainDatagramSocketImpl.java:169)
01-01 11:30:26.789 W/System.err( 2397): 	at java.net.DatagramSocket.receive(DatagramSocket.java:250)
01-01 11:30:26.789 W/System.err( 2397): 	at utils.UdpReceiverService$1.run(UdpReceiverService.java:53)
01-01 11:30:26.789 W/System.err( 2397): Caused by: libcore.io.ErrnoException: recvfrom failed: EAGAIN (Try again)
01-01 11:30:26.789 W/System.err( 2397): 	at libcore.io.Posix.recvfromBytes(Native Method)
01-01 11:30:26.789 W/System.err( 2397): 	at libcore.io.Posix.recvfrom(Posix.java:141)
01-01 11:30:26.789 W/System.err( 2397): 	at libcore.io.BlockGuardOs.recvfrom(BlockGuardOs.java:164)
01-01 11:30:26.789 W/System.err( 2397): 	at libcore.io.IoBridge.recvfrom(IoBridge.java:506)
01-01 11:30:26.789 W/System.err( 2397): 	... 4 more
01-01 11:30:28.790 W/System.err( 2397): java.net.SocketTimeoutException
01-01 11:30:28.790 W/System.err( 2397): 	at libcore.io.IoBridge.maybeThrowAfterRecvfrom(IoBridge.java:551)
01-01 11:30:28.790 W/System.err( 2397): 	at libcore.io.IoBridge.recvfrom(IoBridge.java:509)
01-01 11:30:28.790 W/System.err( 2397): 	at java.net.PlainDatagramSocketImpl.doRecv(PlainDatagramSocketImpl.java:161)
01-01 11:30:28.791 W/System.err( 2397): 	at java.net.PlainDatagramSocketImpl.receive(PlainDatagramSocketImpl.java:169)
01-01 11:30:28.791 W/System.err( 2397): 	at java.net.DatagramSocket.receive(DatagramSocket.java:250)
01-01 11:30:28.791 W/System.err( 2397): 	at utils.UdpReceiverService$1.run(UdpReceiverService.java:53)
01-01 11:30:28.791 W/System.err( 2397): Caused by: libcore.io.ErrnoException: recvfrom failed: EAGAIN (Try again)
01-01 11:30:28.791 W/System.err( 2397): 	at libcore.io.Posix.recvfromBytes(Native Method)
01-01 11:30:28.792 W/System.err( 2397): 	at libcore.io.Posix.recvfrom(Posix.java:141)
01-01 11:30:28.792 W/System.err( 2397): 	at libcore.io.BlockGuardOs.recvfrom(BlockGuardOs.java:164)
01-01 11:30:28.792 W/System.err( 2397): 	at libcore.io.IoBridge.recvfrom(IoBridge.java:506)
01-01 11:30:28.792 W/System.err( 2397): 	... 4 more
01-01 11:30:30.792 W/System.err( 2397): java.net.SocketTimeoutException
01-01 11:30:30.792 W/System.err( 2397): 	at libcore.io.IoBridge.maybeThrowAfterRecvfrom(IoBridge.java:551)
01-01 11:30:30.792 W/System.err( 2397): 	at libcore.io.IoBridge.recvfrom(IoBridge.java:509)
01-01 11:30:30.792 W/System.err( 2397): 	at java.net.PlainDatagramSocketImpl.doRecv(PlainDatagramSocketImpl.java:161)
01-01 11:30:30.792 W/System.err( 2397): 	at java.net.PlainDatagramSocketImpl.receive(PlainDatagramSocketImpl.java:169)
01-01 11:30:30.793 W/System.err( 2397): 	at java.net.DatagramSocket.receive(DatagramSocket.java:250)
01-01 11:30:30.793 W/System.err( 2397): 	at utils.UdpReceiverService$1.run(UdpReceiverService.java:53)
01-01 11:30:30.793 W/System.err( 2397): Caused by: libcore.io.ErrnoException: recvfrom failed: EAGAIN (Try again)
01-01 11:30:30.793 W/System.err( 2397): 	at libcore.io.Posix.recvfromBytes(Native Method)
01-01 11:30:30.793 W/System.err( 2397): 	at libcore.io.Posix.recvfrom(Posix.java:141)
01-01 11:30:30.793 W/System.err( 2397): 	at libcore.io.BlockGuardOs.recvfrom(BlockGuardOs.java:164)
01-01 11:30:30.793 W/System.err( 2397): 	at libcore.io.IoBridge.recvfrom(IoBridge.java:506)
01-01 11:30:30.793 W/System.err( 2397): 	... 4 more
01-01 11:30:32.794 W/System.err( 2397): java.net.SocketTimeoutException
01-01 11:30:32.794 W/System.err( 2397): 	at libcore.io.IoBridge.maybeThrowAfterRecvfrom(IoBridge.java:551)
01-01 11:30:32.794 W/System.err( 2397): 	at libcore.io.IoBridge.recvfrom(IoBridge.java:509)
01-01 11:30:32.794 W/System.err( 2397): 	at java.net.PlainDatagramSocketImpl.doRecv(PlainDatagramSocketImpl.java:161)
01-01 11:30:32.794 W/System.err( 2397): 	at java.net.PlainDatagramSocketImpl.receive(PlainDatagramSocketImpl.java:169)
01-01 11:30:32.794 W/System.err( 2397): 	at java.net.DatagramSocket.receive(DatagramSocket.java:250)
01-01 11:30:32.794 W/System.err( 2397): 	at utils.UdpReceiverService$1.run(UdpReceiverService.java:53)
01-01 11:30:32.795 W/System.err( 2397): Caused by: libcore.io.ErrnoException: recvfrom failed: EAGAIN (Try again)
01-01 11:30:32.795 W/System.err( 2397): 	at libcore.io.Posix.recvfromBytes(Native Method)
01-01 11:30:32.795 W/System.err( 2397): 	at libcore.io.Posix.recvfrom(Posix.java:141)
01-01 11:30:32.795 W/System.err( 2397): 	at libcore.io.BlockGuardOs.recvfrom(BlockGuardOs.java:164)
01-01 11:30:32.795 W/System.err( 2397): 	at libcore.io.IoBridge.recvfrom(IoBridge.java:506)
01-01 11:30:32.795 W/System.err( 2397): 	... 4 more
01-01 11:30:33.769 I/NtpTrustedTime( 2078): refreshtime() from cn.pool.ntp.org
01-01 11:30:34.796 W/System.err( 2397): java.net.SocketTimeoutException
01-01 11:30:34.796 W/System.err( 2397): 	at libcore.io.IoBridge.maybeThrowAfterRecvfrom(IoBridge.java:551)
01-01 11:30:34.796 W/System.err( 2397): 	at libcore.io.IoBridge.recvfrom(IoBridge.java:509)
01-01 11:30:34.796 W/System.err( 2397): 	at java.net.PlainDatagramSocketImpl.doRecv(PlainDatagramSocketImpl.java:161)
01-01 11:30:34.797 W/System.err( 2397): 	at java.net.PlainDatagramSocketImpl.receive(PlainDatagramSocketImpl.java:169)
01-01 11:30:34.797 W/System.err( 2397): 	at java.net.DatagramSocket.receive(DatagramSocket.java:250)
01-01 11:30:34.797 W/System.err( 2397): 	at utils.UdpReceiverService$1.run(UdpReceiverService.java:53)
01-01 11:30:34.797 W/System.err( 2397): Caused by: libcore.io.ErrnoException: recvfrom failed: EAGAIN (Try again)
01-01 11:30:34.797 W/System.err( 2397): 	at libcore.io.Posix.recvfromBytes(Native Method)
01-01 11:30:34.797 W/System.err( 2397): 	at libcore.io.Posix.recvfrom(Posix.java:141)
01-01 11:30:34.797 W/System.err( 2397): 	at libcore.io.BlockGuardOs.recvfrom(BlockGuardOs.java:164)
01-01 11:30:34.798 W/System.err( 2397): 	at libcore.io.IoBridge.recvfrom(IoBridge.java:506)
01-01 11:30:34.798 W/System.err( 2397): 	... 4 more
01-01 11:30:36.798 W/System.err( 2397): java.net.SocketTimeoutException
01-01 11:30:36.798 W/System.err( 2397): 	at libcore.io.IoBridge.maybeThrowAfterRecvfrom(IoBridge.java:551)
01-01 11:30:36.798 W/System.err( 2397): 	at libcore.io.IoBridge.recvfrom(IoBridge.java:509)
01-01 11:30:36.798 W/System.err( 2397): 	at java.net.PlainDatagramSocketImpl.doRecv(PlainDatagramSocketImpl.java:161)
01-01 11:30:36.798 W/System.err( 2397): 	at java.net.PlainDatagramSocketImpl.receive(PlainDatagramSocketImpl.java:169)
01-01 11:30:36.798 W/System.err( 2397): 	at java.net.DatagramSocket.receive(DatagramSocket.java:250)
01-01 11:30:36.798 W/System.err( 2397): 	at utils.UdpReceiverService$1.run(UdpReceiverService.java:53)
01-01 11:30:36.799 W/System.err( 2397): Caused by: libcore.io.ErrnoException: recvfrom failed: EAGAIN (Try again)
01-01 11:30:36.799 W/System.err( 2397): 	at libcore.io.Posix.recvfromBytes(Native Method)
01-01 11:30:36.799 W/System.err( 2397): 	at libcore.io.Posix.recvfrom(Posix.java:141)
01-01 11:30:36.799 W/System.err( 2397): 	at libcore.io.BlockGuardOs.recvfrom(BlockGuardOs.java:164)
01-01 11:30:36.799 W/System.err( 2397): 	at libcore.io.IoBridge.recvfrom(IoBridge.java:506)
01-01 11:30:36.799 W/System.err( 2397): 	... 4 more
01-01 11:30:38.800 W/System.err( 2397): java.net.SocketTimeoutException
01-01 11:30:38.800 W/System.err( 2397): 	at libcore.io.IoBridge.maybeThrowAfterRecvfrom(IoBridge.java:551)
01-01 11:30:38.800 W/System.err( 2397): 	at libcore.io.IoBridge.recvfrom(IoBridge.java:509)
01-01 11:30:38.800 W/System.err( 2397): 	at java.net.PlainDatagramSocketImpl.doRecv(PlainDatagramSocketImpl.java:161)
01-01 11:30:38.801 W/System.err( 2397): 	at java.net.PlainDatagramSocketImpl.receive(PlainDatagramSocketImpl.java:169)
01-01 11:30:38.801 W/System.err( 2397): 	at java.net.DatagramSocket.receive(DatagramSocket.java:250)
01-01 11:30:38.801 W/System.err( 2397): 	at utils.UdpReceiverService$1.run(UdpReceiverService.java:53)
01-01 11:30:38.801 W/System.err( 2397): Caused by: libcore.io.ErrnoException: recvfrom failed: EAGAIN (Try again)
01-01 11:30:38.801 W/System.err( 2397): 	at libcore.io.Posix.recvfromBytes(Native Method)
01-01 11:30:38.802 W/System.err( 2397): 	at libcore.io.Posix.recvfrom(Posix.java:141)
01-01 11:30:38.802 W/System.err( 2397): 	at libcore.io.BlockGuardOs.recvfrom(BlockGuardOs.java:164)
01-01 11:30:38.802 W/System.err( 2397): 	at libcore.io.IoBridge.recvfrom(IoBridge.java:506)
01-01 11:30:38.802 W/System.err( 2397): 	... 4 more
01-01 11:30:40.802 W/System.err( 2397): java.net.SocketTimeoutException
01-01 11:30:40.802 W/System.err( 2397): 	at libcore.io.IoBridge.maybeThrowAfterRecvfrom(IoBridge.java:551)
01-01 11:30:40.802 W/System.err( 2397): 	at libcore.io.IoBridge.recvfrom(IoBridge.java:509)
01-01 11:30:40.802 W/System.err( 2397): 	at java.net.PlainDatagramSocketImpl.doRecv(PlainDatagramSocketImpl.java:161)
01-01 11:30:40.802 W/System.err( 2397): 	at java.net.PlainDatagramSocketImpl.receive(PlainDatagramSocketImpl.java:169)
01-01 11:30:40.802 W/System.err( 2397): 	at java.net.DatagramSocket.receive(DatagramSocket.java:250)
01-01 11:30:40.803 W/System.err( 2397): 	at utils.UdpReceiverService$1.run(UdpReceiverService.java:53)
01-01 11:30:40.803 W/System.err( 2397): Caused by: libcore.io.ErrnoException: recvfrom failed: EAGAIN (Try again)
01-01 11:30:40.803 W/System.err( 2397): 	at libcore.io.Posix.recvfromBytes(Native Method)
01-01 11:30:40.803 W/System.err( 2397): 	at libcore.io.Posix.recvfrom(Posix.java:141)
01-01 11:30:40.803 W/System.err( 2397): 	at libcore.io.BlockGuardOs.recvfrom(BlockGuardOs.java:164)
01-01 11:30:40.803 W/System.err( 2397): 	at libcore.io.IoBridge.recvfrom(IoBridge.java:506)
01-01 11:30:40.803 W/System.err( 2397): 	... 4 more
01-01 11:30:42.804 W/System.err( 2397): java.net.SocketTimeoutException
01-01 11:30:42.804 W/System.err( 2397): 	at libcore.io.IoBridge.maybeThrowAfterRecvfrom(IoBridge.java:551)
01-01 11:30:42.804 W/System.err( 2397): 	at libcore.io.IoBridge.recvfrom(IoBridge.java:509)
01-01 11:30:42.804 W/System.err( 2397): 	at java.net.PlainDatagramSocketImpl.doRecv(PlainDatagramSocketImpl.java:161)
01-01 11:30:42.805 W/System.err( 2397): 	at java.net.PlainDatagramSocketImpl.receive(PlainDatagramSocketImpl.java:169)
01-01 11:30:42.805 W/System.err( 2397): 	at java.net.DatagramSocket.receive(DatagramSocket.java:250)
01-01 11:30:42.805 W/System.err( 2397): 	at utils.UdpReceiverService$1.run(UdpReceiverService.java:53)
01-01 11:30:42.805 W/System.err( 2397): Caused by: libcore.io.ErrnoException: recvfrom failed: EAGAIN (Try again)
01-01 11:30:42.805 W/System.err( 2397): 	at libcore.io.Posix.recvfromBytes(Native Method)
01-01 11:30:42.805 W/System.err( 2397): 	at libcore.io.Posix.recvfrom(Posix.java:141)
01-01 11:30:42.806 W/System.err( 2397): 	at libcore.io.BlockGuardOs.recvfrom(BlockGuardOs.java:164)
01-01 11:30:42.806 W/System.err( 2397): 	at libcore.io.IoBridge.recvfrom(IoBridge.java:506)
01-01 11:30:42.806 W/System.err( 2397): 	... 4 more
01-01 11:30:44.806 W/System.err( 2397): java.net.SocketTimeoutException
01-01 11:30:44.806 W/System.err( 2397): 	at libcore.io.IoBridge.maybeThrowAfterRecvfrom(IoBridge.java:551)
01-01 11:30:44.806 W/System.err( 2397): 	at libcore.io.IoBridge.recvfrom(IoBridge.java:509)
01-01 11:30:44.806 W/System.err( 2397): 	at java.net.PlainDatagramSocketImpl.doRecv(PlainDatagramSocketImpl.java:161)
01-01 11:30:44.807 W/System.err( 2397): 	at java.net.PlainDatagramSocketImpl.receive(PlainDatagramSocketImpl.java:169)
01-01 11:30:44.807 W/System.err( 2397): 	at java.net.DatagramSocket.receive(DatagramSocket.java:250)
01-01 11:30:44.807 W/System.err( 2397): 	at utils.UdpReceiverService$1.run(UdpReceiverService.java:53)
01-01 11:30:44.807 W/System.err( 2397): Caused by: libcore.io.ErrnoException: recvfrom failed: EAGAIN (Try again)
01-01 11:30:44.807 W/System.err( 2397): 	at libcore.io.Posix.recvfromBytes(Native Method)
01-01 11:30:44.807 W/System.err( 2397): 	at libcore.io.Posix.recvfrom(Posix.java:141)
01-01 11:30:44.810 W/System.err( 2397): 	at libcore.io.BlockGuardOs.recvfrom(BlockGuardOs.java:164)
01-01 11:30:44.810 W/System.err( 2397): 	at libcore.io.IoBridge.recvfrom(IoBridge.java:506)
01-01 11:30:44.810 W/System.err( 2397): 	... 4 more
01-01 11:30:44.846 D/dalvikvm( 2397): GC_CONCURRENT freed 836K, 21% free 3384K/4248K, paused 3ms+3ms, total 39ms
01-01 11:30:46.811 W/System.err( 2397): java.net.SocketTimeoutException
01-01 11:30:46.811 W/System.err( 2397): 	at libcore.io.IoBridge.maybeThrowAfterRecvfrom(IoBridge.java:551)
01-01 11:30:46.811 W/System.err( 2397): 	at libcore.io.IoBridge.recvfrom(IoBridge.java:509)
01-01 11:30:46.811 W/System.err( 2397): 	at java.net.PlainDatagramSocketImpl.doRecv(PlainDatagramSocketImpl.java:161)
01-01 11:30:46.812 W/System.err( 2397): 	at java.net.PlainDatagramSocketImpl.receive(PlainDatagramSocketImpl.java:169)
01-01 11:30:46.812 W/System.err( 2397): 	at java.net.DatagramSocket.receive(DatagramSocket.java:250)
01-01 11:30:46.812 W/System.err( 2397): 	at utils.UdpReceiverService$1.run(UdpReceiverService.java:53)
01-01 11:30:46.812 W/System.err( 2397): Caused by: libcore.io.ErrnoException: recvfrom failed: EAGAIN (Try again)
01-01 11:30:46.812 W/System.err( 2397): 	at libcore.io.Posix.recvfromBytes(Native Method)
01-01 11:30:46.812 W/System.err( 2397): 	at libcore.io.Posix.recvfrom(Posix.java:141)
01-01 11:30:46.813 W/System.err( 2397): 	at libcore.io.BlockGuardOs.recvfrom(BlockGuardOs.java:164)
01-01 11:30:46.813 W/System.err( 2397): 	at libcore.io.IoBridge.recvfrom(IoBridge.java:506)
01-01 11:30:46.813 W/System.err( 2397): 	... 4 more
01-01 11:30:48.813 W/System.err( 2397): java.net.SocketTimeoutException
01-01 11:30:48.813 W/System.err( 2397): 	at libcore.io.IoBridge.maybeThrowAfterRecvfrom(IoBridge.java:551)
01-01 11:30:48.813 W/System.err( 2397): 	at libcore.io.IoBridge.recvfrom(IoBridge.java:509)
01-01 11:30:48.813 W/System.err( 2397): 	at java.net.PlainDatagramSocketImpl.doRecv(PlainDatagramSocketImpl.java:161)
01-01 11:30:48.813 W/System.err( 2397): 	at java.net.PlainDatagramSocketImpl.receive(PlainDatagramSocketImpl.java:169)
01-01 11:30:48.813 W/System.err( 2397): 	at java.net.DatagramSocket.receive(DatagramSocket.java:250)
01-01 11:30:48.813 W/System.err( 2397): 	at utils.UdpReceiverService$1.run(UdpReceiverService.java:53)
01-01 11:30:48.814 W/System.err( 2397): Caused by: libcore.io.ErrnoException: recvfrom failed: EAGAIN (Try again)
01-01 11:30:48.814 W/System.err( 2397): 	at libcore.io.Posix.recvfromBytes(Native Method)
01-01 11:30:48.814 W/System.err( 2397): 	at libcore.io.Posix.recvfrom(Posix.java:141)
01-01 11:30:48.814 W/System.err( 2397): 	at libcore.io.BlockGuardOs.recvfrom(BlockGuardOs.java:164)
01-01 11:30:48.814 W/System.err( 2397): 	at libcore.io.IoBridge.recvfrom(IoBridge.java:506)
01-01 11:30:48.814 W/System.err( 2397): 	... 4 more
01-01 11:30:50.815 W/System.err( 2397): java.net.SocketTimeoutException
01-01 11:30:50.815 W/System.err( 2397): 	at libcore.io.IoBridge.maybeThrowAfterRecvfrom(IoBridge.java:551)
01-01 11:30:50.815 W/System.err( 2397): 	at libcore.io.IoBridge.recvfrom(IoBridge.java:509)
01-01 11:30:50.816 W/System.err( 2397): 	at java.net.PlainDatagramSocketImpl.doRecv(PlainDatagramSocketImpl.java:161)
01-01 11:30:50.816 W/System.err( 2397): 	at java.net.PlainDatagramSocketImpl.receive(PlainDatagramSocketImpl.java:169)
01-01 11:30:50.816 W/System.err( 2397): 	at java.net.DatagramSocket.receive(DatagramSocket.java:250)
01-01 11:30:50.816 W/System.err( 2397): 	at utils.UdpReceiverService$1.run(UdpReceiverService.java:53)
01-01 11:30:50.816 W/System.err( 2397): Caused by: libcore.io.ErrnoException: recvfrom failed: EAGAIN (Try again)
01-01 11:30:50.816 W/System.err( 2397): 	at libcore.io.Posix.recvfromBytes(Native Method)
01-01 11:30:50.816 W/System.err( 2397): 	at libcore.io.Posix.recvfrom(Posix.java:141)
01-01 11:30:50.816 W/System.err( 2397): 	at libcore.io.BlockGuardOs.recvfrom(BlockGuardOs.java:164)
01-01 11:30:50.817 W/System.err( 2397): 	at libcore.io.IoBridge.recvfrom(IoBridge.java:506)
01-01 11:30:50.817 W/System.err( 2397): 	... 4 more
01-01 11:30:52.817 W/System.err( 2397): java.net.SocketTimeoutException
01-01 11:30:52.817 W/System.err( 2397): 	at libcore.io.IoBridge.maybeThrowAfterRecvfrom(IoBridge.java:551)
01-01 11:30:52.817 W/System.err( 2397): 	at libcore.io.IoBridge.recvfrom(IoBridge.java:509)
01-01 11:30:52.817 W/System.err( 2397): 	at java.net.PlainDatagramSocketImpl.doRecv(PlainDatagramSocketImpl.java:161)
01-01 11:30:52.818 W/System.err( 2397): 	at java.net.PlainDatagramSocketImpl.receive(PlainDatagramSocketImpl.java:169)
01-01 11:30:52.818 W/System.err( 2397): 	at java.net.DatagramSocket.receive(DatagramSocket.java:250)
01-01 11:30:52.818 W/System.err( 2397): 	at utils.UdpReceiverService$1.run(UdpReceiverService.java:53)
01-01 11:30:52.818 W/System.err( 2397): Caused by: libcore.io.ErrnoException: recvfrom failed: EAGAIN (Try again)
01-01 11:30:52.818 W/System.err( 2397): 	at libcore.io.Posix.recvfromBytes(Native Method)
01-01 11:30:52.819 W/System.err( 2397): 	at libcore.io.Posix.recvfrom(Posix.java:141)
01-01 11:30:52.819 W/System.err( 2397): 	at libcore.io.BlockGuardOs.recvfrom(BlockGuardOs.java:164)
01-01 11:30:52.819 W/System.err( 2397): 	at libcore.io.IoBridge.recvfrom(IoBridge.java:506)
01-01 11:30:52.819 W/System.err( 2397): 	... 4 more
01-01 11:30:53.775 I/NtpTrustedTime( 2078): refreshtime() from 203.117.180.36
01-01 11:30:54.819 W/System.err( 2397): java.net.SocketTimeoutException
01-01 11:30:54.819 W/System.err( 2397): 	at libcore.io.IoBridge.maybeThrowAfterRecvfrom(IoBridge.java:551)
01-01 11:30:54.819 W/System.err( 2397): 	at libcore.io.IoBridge.recvfrom(IoBridge.java:509)
01-01 11:30:54.819 W/System.err( 2397): 	at java.net.PlainDatagramSocketImpl.doRecv(PlainDatagramSocketImpl.java:161)
01-01 11:30:54.819 W/System.err( 2397): 	at java.net.PlainDatagramSocketImpl.receive(PlainDatagramSocketImpl.java:169)
01-01 11:30:54.820 W/System.err( 2397): 	at java.net.DatagramSocket.receive(DatagramSocket.java:250)
01-01 11:30:54.820 W/System.err( 2397): 	at utils.UdpReceiverService$1.run(UdpReceiverService.java:53)
01-01 11:30:54.820 W/System.err( 2397): Caused by: libcore.io.ErrnoException: recvfrom failed: EAGAIN (Try again)
01-01 11:30:54.820 W/System.err( 2397): 	at libcore.io.Posix.recvfromBytes(Native Method)
01-01 11:30:54.820 W/System.err( 2397): 	at libcore.io.Posix.recvfrom(Posix.java:141)
01-01 11:30:54.820 W/System.err( 2397): 	at libcore.io.BlockGuardOs.recvfrom(BlockGuardOs.java:164)
01-01 11:30:54.820 W/System.err( 2397): 	at libcore.io.IoBridge.recvfrom(IoBridge.java:506)
01-01 11:30:54.820 W/System.err( 2397): 	... 4 more
01-01 11:30:56.821 W/System.err( 2397): java.net.SocketTimeoutException
01-01 11:30:56.821 W/System.err( 2397): 	at libcore.io.IoBridge.maybeThrowAfterRecvfrom(IoBridge.java:551)
01-01 11:30:56.821 W/System.err( 2397): 	at libcore.io.IoBridge.recvfrom(IoBridge.java:509)
01-01 11:30:56.821 W/System.err( 2397): 	at java.net.PlainDatagramSocketImpl.doRecv(PlainDatagramSocketImpl.java:161)
01-01 11:30:56.822 W/System.err( 2397): 	at java.net.PlainDatagramSocketImpl.receive(PlainDatagramSocketImpl.java:169)
01-01 11:30:56.822 W/System.err( 2397): 	at java.net.DatagramSocket.receive(DatagramSocket.java:250)
01-01 11:30:56.822 W/System.err( 2397): 	at utils.UdpReceiverService$1.run(UdpReceiverService.java:53)
01-01 11:30:56.822 W/System.err( 2397): Caused by: libcore.io.ErrnoException: recvfrom failed: EAGAIN (Try again)
01-01 11:30:56.822 W/System.err( 2397): 	at libcore.io.Posix.recvfromBytes(Native Method)
01-01 11:30:56.823 W/System.err( 2397): 	at libcore.io.Posix.recvfrom(Posix.java:141)
01-01 11:30:56.823 W/System.err( 2397): 	at libcore.io.BlockGuardOs.recvfrom(BlockGuardOs.java:164)
01-01 11:30:56.823 W/System.err( 2397): 	at libcore.io.IoBridge.recvfrom(IoBridge.java:506)
01-01 11:30:56.823 W/System.err( 2397): 	... 4 more
01-01 11:30:58.823 W/System.err( 2397): java.net.SocketTimeoutException
01-01 11:30:58.823 W/System.err( 2397): 	at libcore.io.IoBridge.maybeThrowAfterRecvfrom(IoBridge.java:551)
01-01 11:30:58.823 W/System.err( 2397): 	at libcore.io.IoBridge.recvfrom(IoBridge.java:509)
01-01 11:30:58.823 W/System.err( 2397): 	at java.net.PlainDatagramSocketImpl.doRecv(PlainDatagramSocketImpl.java:161)
01-01 11:30:58.824 W/System.err( 2397): 	at java.net.PlainDatagramSocketImpl.receive(PlainDatagramSocketImpl.java:169)
01-01 11:30:58.824 W/System.err( 2397): 	at java.net.DatagramSocket.receive(DatagramSocket.java:250)
01-01 11:30:58.824 W/System.err( 2397): 	at utils.UdpReceiverService$1.run(UdpReceiverService.java:53)
01-01 11:30:58.824 W/System.err( 2397): Caused by: libcore.io.ErrnoException: recvfrom failed: EAGAIN (Try again)
01-01 11:30:58.824 W/System.err( 2397): 	at libcore.io.Posix.recvfromBytes(Native Method)
01-01 11:30:58.824 W/System.err( 2397): 	at libcore.io.Posix.recvfrom(Posix.java:141)
01-01 11:30:58.825 W/System.err( 2397): 	at libcore.io.BlockGuardOs.recvfrom(BlockGuardOs.java:164)
01-01 11:30:58.825 W/System.err( 2397): 	at libcore.io.IoBridge.recvfrom(IoBridge.java:506)
01-01 11:30:58.825 W/System.err( 2397): 	... 4 more
01-01 11:31:00.825 W/System.err( 2397): java.net.SocketTimeoutException
01-01 11:31:00.825 W/System.err( 2397): 	at libcore.io.IoBridge.maybeThrowAfterRecvfrom(IoBridge.java:551)
01-01 11:31:00.825 W/System.err( 2397): 	at libcore.io.IoBridge.recvfrom(IoBridge.java:509)
01-01 11:31:00.825 W/System.err( 2397): 	at java.net.PlainDatagramSocketImpl.doRecv(PlainDatagramSocketImpl.java:161)
01-01 11:31:00.826 W/System.err( 2397): 	at java.net.PlainDatagramSocketImpl.receive(PlainDatagramSocketImpl.java:169)
01-01 11:31:00.826 W/System.err( 2397): 	at java.net.DatagramSocket.receive(DatagramSocket.java:250)
01-01 11:31:00.826 W/System.err( 2397): 	at utils.UdpReceiverService$1.run(UdpReceiverService.java:53)
01-01 11:31:00.826 W/System.err( 2397): Caused by: libcore.io.ErrnoException: recvfrom failed: EAGAIN (Try again)
01-01 11:31:00.826 W/System.err( 2397): 	at libcore.io.Posix.recvfromBytes(Native Method)
01-01 11:31:00.826 W/System.err( 2397): 	at libcore.io.Posix.recvfrom(Posix.java:141)
01-01 11:31:00.826 W/System.err( 2397): 	at libcore.io.BlockGuardOs.recvfrom(BlockGuardOs.java:164)
01-01 11:31:00.826 W/System.err( 2397): 	at libcore.io.IoBridge.recvfrom(IoBridge.java:506)
01-01 11:31:00.826 W/System.err( 2397): 	... 4 more
01-01 11:31:02.827 W/System.err( 2397): java.net.SocketTimeoutException
01-01 11:31:02.827 W/System.err( 2397): 	at libcore.io.IoBridge.maybeThrowAfterRecvfrom(IoBridge.java:551)
01-01 11:31:02.827 W/System.err( 2397): 	at libcore.io.IoBridge.recvfrom(IoBridge.java:509)
01-01 11:31:02.827 W/System.err( 2397): 	at java.net.PlainDatagramSocketImpl.doRecv(PlainDatagramSocketImpl.java:161)
01-01 11:31:02.828 W/System.err( 2397): 	at java.net.PlainDatagramSocketImpl.receive(PlainDatagramSocketImpl.java:169)
01-01 11:31:02.828 W/System.err( 2397): 	at java.net.DatagramSocket.receive(DatagramSocket.java:250)
01-01 11:31:02.828 W/System.err( 2397): 	at utils.UdpReceiverService$1.run(UdpReceiverService.java:53)
01-01 11:31:02.828 W/System.err( 2397): Caused by: libcore.io.ErrnoException: recvfrom failed: EAGAIN (Try again)
01-01 11:31:02.828 W/System.err( 2397): 	at libcore.io.Posix.recvfromBytes(Native Method)
01-01 11:31:02.828 W/System.err( 2397): 	at libcore.io.Posix.recvfrom(Posix.java:141)
01-01 11:31:02.829 W/System.err( 2397): 	at libcore.io.BlockGuardOs.recvfrom(BlockGuardOs.java:164)
01-01 11:31:02.829 W/System.err( 2397): 	at libcore.io.IoBridge.recvfrom(IoBridge.java:506)
01-01 11:31:02.829 W/System.err( 2397): 	... 4 more
01-01 11:31:04.829 W/System.err( 2397): java.net.SocketTimeoutException
01-01 11:31:04.829 W/System.err( 2397): 	at libcore.io.IoBridge.maybeThrowAfterRecvfrom(IoBridge.java:551)
01-01 11:31:04.829 W/System.err( 2397): 	at libcore.io.IoBridge.recvfrom(IoBridge.java:509)
01-01 11:31:04.829 W/System.err( 2397): 	at java.net.PlainDatagramSocketImpl.doRecv(PlainDatagramSocketImpl.java:161)
01-01 11:31:04.829 W/System.err( 2397): 	at java.net.PlainDatagramSocketImpl.receive(PlainDatagramSocketImpl.java:169)
01-01 11:31:04.830 W/System.err( 2397): 	at java.net.DatagramSocket.receive(DatagramSocket.java:250)
01-01 11:31:04.830 W/System.err( 2397): 	at utils.UdpReceiverService$1.run(UdpReceiverService.java:53)
01-01 11:31:04.830 W/System.err( 2397): Caused by: libcore.io.ErrnoException: recvfrom failed: EAGAIN (Try again)
01-01 11:31:04.830 W/System.err( 2397): 	at libcore.io.Posix.recvfromBytes(Native Method)
01-01 11:31:04.830 W/System.err( 2397): 	at libcore.io.Posix.recvfrom(Posix.java:141)
01-01 11:31:04.830 W/System.err( 2397): 	at libcore.io.BlockGuardOs.recvfrom(BlockGuardOs.java:164)
01-01 11:31:04.830 W/System.err( 2397): 	at libcore.io.IoBridge.recvfrom(IoBridge.java:506)
01-01 11:31:04.830 W/System.err( 2397): 	... 4 more
01-01 11:31:06.831 W/System.err( 2397): java.net.SocketTimeoutException
01-01 11:31:06.831 W/System.err( 2397): 	at libcore.io.IoBridge.maybeThrowAfterRecvfrom(IoBridge.java:551)
01-01 11:31:06.831 W/System.err( 2397): 	at libcore.io.IoBridge.recvfrom(IoBridge.java:509)
01-01 11:31:06.831 W/System.err( 2397): 	at java.net.PlainDatagramSocketImpl.doRecv(PlainDatagramSocketImpl.java:161)
01-01 11:31:06.832 W/System.err( 2397): 	at java.net.PlainDatagramSocketImpl.receive(PlainDatagramSocketImpl.java:169)
01-01 11:31:06.832 W/System.err( 2397): 	at java.net.DatagramSocket.receive(DatagramSocket.java:250)
01-01 11:31:06.832 W/System.err( 2397): 	at utils.UdpReceiverService$1.run(UdpReceiverService.java:53)
01-01 11:31:06.832 W/System.err( 2397): Caused by: libcore.io.ErrnoException: recvfrom failed: EAGAIN (Try again)
01-01 11:31:06.832 W/System.err( 2397): 	at libcore.io.Posix.recvfromBytes(Native Method)
01-01 11:31:06.833 W/System.err( 2397): 	at libcore.io.Posix.recvfrom(Posix.java:141)
01-01 11:31:06.833 W/System.err( 2397): 	at libcore.io.BlockGuardOs.recvfrom(BlockGuardOs.java:164)
01-01 11:31:06.833 W/System.err( 2397): 	at libcore.io.IoBridge.recvfrom(IoBridge.java:506)
01-01 11:31:06.833 W/System.err( 2397): 	... 4 more
01-01 11:31:08.833 W/System.err( 2397): java.net.SocketTimeoutException
01-01 11:31:08.833 W/System.err( 2397): 	at libcore.io.IoBridge.maybeThrowAfterRecvfrom(IoBridge.java:551)
01-01 11:31:08.833 W/System.err( 2397): 	at libcore.io.IoBridge.recvfrom(IoBridge.java:509)
01-01 11:31:08.833 W/System.err( 2397): 	at java.net.PlainDatagramSocketImpl.doRecv(PlainDatagramSocketImpl.java:161)
01-01 11:31:08.834 W/System.err( 2397): 	at java.net.PlainDatagramSocketImpl.receive(PlainDatagramSocketImpl.java:169)
01-01 11:31:08.834 W/System.err( 2397): 	at java.net.DatagramSocket.receive(DatagramSocket.java:250)
01-01 11:31:08.834 W/System.err( 2397): 	at utils.UdpReceiverService$1.run(UdpReceiverService.java:53)
01-01 11:31:08.834 W/System.err( 2397): Caused by: libcore.io.ErrnoException: recvfrom failed: EAGAIN (Try again)
01-01 11:31:08.834 W/System.err( 2397): 	at libcore.io.Posix.recvfromBytes(Native Method)
01-01 11:31:08.834 W/System.err( 2397): 	at libcore.io.Posix.recvfrom(Posix.java:141)
01-01 11:31:08.834 W/System.err( 2397): 	at libcore.io.BlockGuardOs.recvfrom(BlockGuardOs.java:164)
01-01 11:31:08.834 W/System.err( 2397): 	at libcore.io.IoBridge.recvfrom(IoBridge.java:506)
01-01 11:31:08.834 W/System.err( 2397): 	... 4 more
01-01 11:31:10.835 W/System.err( 2397): java.net.SocketTimeoutException
01-01 11:31:10.835 W/System.err( 2397): 	at libcore.io.IoBridge.maybeThrowAfterRecvfrom(IoBridge.java:551)
01-01 11:31:10.835 W/System.err( 2397): 	at libcore.io.IoBridge.recvfrom(IoBridge.java:509)
01-01 11:31:10.835 W/System.err( 2397): 	at java.net.PlainDatagramSocketImpl.doRecv(PlainDatagramSocketImpl.java:161)
01-01 11:31:10.836 W/System.err( 2397): 	at java.net.PlainDatagramSocketImpl.receive(PlainDatagramSocketImpl.java:169)
01-01 11:31:10.836 W/System.err( 2397): 	at java.net.DatagramSocket.receive(DatagramSocket.java:250)
01-01 11:31:10.836 W/System.err( 2397): 	at utils.UdpReceiverService$1.run(UdpReceiverService.java:53)
01-01 11:31:10.836 W/System.err( 2397): Caused by: libcore.io.ErrnoException: recvfrom failed: EAGAIN (Try again)
01-01 11:31:10.836 W/System.err( 2397): 	at libcore.io.Posix.recvfromBytes(Native Method)
01-01 11:31:10.836 W/System.err( 2397): 	at libcore.io.Posix.recvfrom(Posix.java:141)
01-01 11:31:10.837 W/System.err( 2397): 	at libcore.io.BlockGuardOs.recvfrom(BlockGuardOs.java:164)
01-01 11:31:10.837 W/System.err( 2397): 	at libcore.io.IoBridge.recvfrom(IoBridge.java:506)
01-01 11:31:10.837 W/System.err( 2397): 	... 4 more
01-01 11:31:12.837 W/System.err( 2397): java.net.SocketTimeoutException
01-01 11:31:12.837 W/System.err( 2397): 	at libcore.io.IoBridge.maybeThrowAfterRecvfrom(IoBridge.java:551)
01-01 11:31:12.837 W/System.err( 2397): 	at libcore.io.IoBridge.recvfrom(IoBridge.java:509)
01-01 11:31:12.837 W/System.err( 2397): 	at java.net.PlainDatagramSocketImpl.doRecv(PlainDatagramSocketImpl.java:161)
01-01 11:31:12.837 W/System.err( 2397): 	at java.net.PlainDatagramSocketImpl.receive(PlainDatagramSocketImpl.java:169)
01-01 11:31:12.837 W/System.err( 2397): 	at java.net.DatagramSocket.receive(DatagramSocket.java:250)
01-01 11:31:12.837 W/System.err( 2397): 	at utils.UdpReceiverService$1.run(UdpReceiverService.java:53)
01-01 11:31:12.838 W/System.err( 2397): Caused by: libcore.io.ErrnoException: recvfrom failed: EAGAIN (Try again)
01-01 11:31:12.838 W/System.err( 2397): 	at libcore.io.Posix.recvfromBytes(Native Method)
01-01 11:31:12.838 W/System.err( 2397): 	at libcore.io.Posix.recvfrom(Posix.java:141)
01-01 11:31:12.838 W/System.err( 2397): 	at libcore.io.BlockGuardOs.recvfrom(BlockGuardOs.java:164)
01-01 11:31:12.838 W/System.err( 2397): 	at libcore.io.IoBridge.recvfrom(IoBridge.java:506)
01-01 11:31:12.838 W/System.err( 2397): 	... 4 more
01-01 11:31:13.776 I/NtpTrustedTime( 2078): refreshtime() from 131.107.1.10
01-01 11:31:14.839 W/System.err( 2397): java.net.SocketTimeoutException
01-01 11:31:14.839 W/System.err( 2397): 	at libcore.io.IoBridge.maybeThrowAfterRecvfrom(IoBridge.java:551)
01-01 11:31:14.839 W/System.err( 2397): 	at libcore.io.IoBridge.recvfrom(IoBridge.java:509)
01-01 11:31:14.839 W/System.err( 2397): 	at java.net.PlainDatagramSocketImpl.doRecv(PlainDatagramSocketImpl.java:161)
01-01 11:31:14.840 W/System.err( 2397): 	at java.net.PlainDatagramSocketImpl.receive(PlainDatagramSocketImpl.java:169)
01-01 11:31:14.840 W/System.err( 2397): 	at java.net.DatagramSocket.receive(DatagramSocket.java:250)
01-01 11:31:14.840 W/System.err( 2397): 	at utils.UdpReceiverService$1.run(UdpReceiverService.java:53)
01-01 11:31:14.840 W/System.err( 2397): Caused by: libcore.io.ErrnoException: recvfrom failed: EAGAIN (Try again)
01-01 11:31:14.840 W/System.err( 2397): 	at libcore.io.Posix.recvfromBytes(Native Method)
01-01 11:31:14.840 W/System.err( 2397): 	at libcore.io.Posix.recvfrom(Posix.java:141)
01-01 11:31:14.841 W/System.err( 2397): 	at libcore.io.BlockGuardOs.recvfrom(BlockGuardOs.java:164)
01-01 11:31:14.841 W/System.err( 2397): 	at libcore.io.IoBridge.recvfrom(IoBridge.java:506)
01-01 11:31:14.841 W/System.err( 2397): 	... 4 more
01-01 11:31:16.841 W/System.err( 2397): java.net.SocketTimeoutException
01-01 11:31:16.841 W/System.err( 2397): 	at libcore.io.IoBridge.maybeThrowAfterRecvfrom(IoBridge.java:551)
01-01 11:31:16.841 W/System.err( 2397): 	at libcore.io.IoBridge.recvfrom(IoBridge.java:509)
01-01 11:31:16.841 W/System.err( 2397): 	at java.net.PlainDatagramSocketImpl.doRecv(PlainDatagramSocketImpl.java:161)
