01-01 11:32:50.936 W/System.err( 2397): 	at java.net.DatagramSocket.receive(DatagramSocket.java:250)
01-01 11:32:50.936 W/System.err( 2397): 	at utils.UdpReceiverService$1.run(UdpReceiverService.java:53)
01-01 11:32:50.936 W/System.err( 2397): Caused by: libcore.io.ErrnoException: recvfrom failed: EAGAIN (Try again)
01-01 11:32:50.937 W/System.err( 2397): 	at libcore.io.Posix.recvfromBytes(Native Method)
01-01 11:32:50.937 W/System.err( 2397): 	at libcore.io.Posix.recvfrom(Posix.java:141)
01-01 11:32:50.937 W/System.err( 2397): 	at libcore.io.BlockGuardOs.recvfrom(BlockGuardOs.java:164)
01-01 11:32:50.937 W/System.err( 2397): 	at libcore.io.IoBridge.recvfrom(IoBridge.java:506)
01-01 11:32:50.937 W/System.err( 2397): 	... 4 more
01-01 11:32:52.937 W/System.err( 2397): java.net.SocketTimeoutException
01-01 11:32:52.937 W/System.err( 2397): 	at libcore.io.IoBridge.maybeThrowAfterRecvfrom(IoBridge.java:551)
01-01 11:32:52.937 W/System.err( 2397): 	at libcore.io.IoBridge.recvfrom(IoBridge.java:509)
01-01 11:32:52.937 W/System.err( 2397): 	at java.net.PlainDatagramSocketImpl.doRecv(PlainDatagramSocketImpl.java:161)
01-01 11:32:52.938 W/System.err( 2397): 	at java.net.PlainDatagramSocketImpl.receive(PlainDatagramSocketImpl.java:169)
01-01 11:32:52.938 W/System.err( 2397): 	at java.net.DatagramSocket.receive(DatagramSocket.java:250)
01-01 11:32:52.938 W/System.err( 2397): 	at utils.UdpReceiverService$1.run(UdpReceiverService.java:53)
01-01 11:32:52.938 W/System.err( 2397): Caused by: libcore.io.ErrnoException: recvfrom failed: EAGAIN (Try again)
01-01 11:32:52.939 W/System.err( 2397): 	at libcore.io.Posix.recvfromBytes(Native Method)
01-01 11:32:52.939 W/System.err( 2397): 	at libcore.io.Posix.recvfrom(Posix.java:141)
01-01 11:32:52.939 W/System.err( 2397): 	at libcore.io.BlockGuardOs.recvfrom(BlockGuardOs.java:164)
01-01 11:32:52.939 W/System.err( 2397): 	at libcore.io.IoBridge.recvfrom(IoBridge.java:506)
01-01 11:32:52.939 W/System.err( 2397): 	... 4 more
01-01 11:32:53.794 I/NtpTrustedTime( 2078): refreshtime() from 94.23.220.143
01-01 11:32:54.939 W/System.err( 2397): java.net.SocketTimeoutException
01-01 11:32:54.939 W/System.err( 2397): 	at libcore.io.IoBridge.maybeThrowAfterRecvfrom(IoBridge.java:551)
01-01 11:32:54.939 W/System.err( 2397): 	at libcore.io.IoBridge.recvfrom(IoBridge.java:509)
01-01 11:32:54.939 W/System.err( 2397): 	at java.net.PlainDatagramSocketImpl.doRecv(PlainDatagramSocketImpl.java:161)
01-01 11:32:54.940 W/System.err( 2397): 	at java.net.PlainDatagramSocketImpl.receive(PlainDatagramSocketImpl.java:169)
01-01 11:32:54.940 W/System.err( 2397): 	at java.net.DatagramSocket.receive(DatagramSocket.java:250)
01-01 11:32:54.940 W/System.err( 2397): 	at utils.UdpReceiverService$1.run(UdpReceiverService.java:53)
01-01 11:32:54.940 W/System.err( 2397): Caused by: libcore.io.ErrnoException: recvfrom failed: EAGAIN (Try again)
01-01 11:32:54.940 W/System.err( 2397): 	at libcore.io.Posix.recvfromBytes(Native Method)
01-01 11:32:54.941 W/System.err( 2397): 	at libcore.io.Posix.recvfrom(Posix.java:141)
01-01 11:32:54.941 W/System.err( 2397): 	at libcore.io.BlockGuardOs.recvfrom(BlockGuardOs.java:164)
01-01 11:32:54.941 W/System.err( 2397): 	at libcore.io.IoBridge.recvfrom(IoBridge.java:506)
01-01 11:32:54.941 W/System.err( 2397): 	... 4 more
01-01 11:32:56.941 W/System.err( 2397): java.net.SocketTimeoutException
01-01 11:32:56.941 W/System.err( 2397): 	at libcore.io.IoBridge.maybeThrowAfterRecvfrom(IoBridge.java:551)
01-01 11:32:56.941 W/System.err( 2397): 	at libcore.io.IoBridge.recvfrom(IoBridge.java:509)
01-01 11:32:56.941 W/System.err( 2397): 	at java.net.PlainDatagramSocketImpl.doRecv(PlainDatagramSocketImpl.java:161)
01-01 11:32:56.941 W/System.err( 2397): 	at java.net.PlainDatagramSocketImpl.receive(PlainDatagramSocketImpl.java:169)
01-01 11:32:56.942 W/System.err( 2397): 	at java.net.DatagramSocket.receive(DatagramSocket.java:250)
01-01 11:32:56.942 W/System.err( 2397): 	at utils.UdpReceiverService$1.run(UdpReceiverService.java:53)
01-01 11:32:56.942 W/System.err( 2397): Caused by: libcore.io.ErrnoException: recvfrom failed: EAGAIN (Try again)
01-01 11:32:56.942 W/System.err( 2397): 	at libcore.io.Posix.recvfromBytes(Native Method)
01-01 11:32:56.942 W/System.err( 2397): 	at libcore.io.Posix.recvfrom(Posix.java:141)
01-01 11:32:56.942 W/System.err( 2397): 	at libcore.io.BlockGuardOs.recvfrom(BlockGuardOs.java:164)
01-01 11:32:56.942 W/System.err( 2397): 	at libcore.io.IoBridge.recvfrom(IoBridge.java:506)
01-01 11:32:56.942 W/System.err( 2397): 	... 4 more
01-01 11:32:58.943 W/System.err( 2397): java.net.SocketTimeoutException
01-01 11:32:58.943 W/System.err( 2397): 	at libcore.io.IoBridge.maybeThrowAfterRecvfrom(IoBridge.java:551)
01-01 11:32:58.943 W/System.err( 2397): 	at libcore.io.IoBridge.recvfrom(IoBridge.java:509)
01-01 11:32:58.943 W/System.err( 2397): 	at java.net.PlainDatagramSocketImpl.doRecv(PlainDatagramSocketImpl.java:161)
01-01 11:32:58.944 W/System.err( 2397): 	at java.net.PlainDatagramSocketImpl.receive(PlainDatagramSocketImpl.java:169)
01-01 11:32:58.944 W/System.err( 2397): 	at java.net.DatagramSocket.receive(DatagramSocket.java:250)
01-01 11:32:58.944 W/System.err( 2397): 	at utils.UdpReceiverService$1.run(UdpReceiverService.java:53)
01-01 11:32:58.944 W/System.err( 2397): Caused by: libcore.io.ErrnoException: recvfrom failed: EAGAIN (Try again)
01-01 11:32:58.945 W/System.err( 2397): 	at libcore.io.Posix.recvfromBytes(Native Method)
01-01 11:32:58.945 W/System.err( 2397): 	at libcore.io.Posix.recvfrom(Posix.java:141)
01-01 11:32:58.945 W/System.err( 2397): 	at libcore.io.BlockGuardOs.recvfrom(BlockGuardOs.java:164)
01-01 11:32:58.945 W/System.err( 2397): 	at libcore.io.IoBridge.recvfrom(IoBridge.java:506)
01-01 11:32:58.945 W/System.err( 2397): 	... 4 more
01-01 11:33:00.011 I/ProcessStatsService( 2078): Prepared write state in 4ms
01-01 11:33:00.015 I/ProcessStatsService( 2078): Prepared write state in 4ms
01-01 11:33:00.945 W/System.err( 2397): java.net.SocketTimeoutException
01-01 11:33:00.945 W/System.err( 2397): 	at libcore.io.IoBridge.maybeThrowAfterRecvfrom(IoBridge.java:551)
01-01 11:33:00.945 W/System.err( 2397): 	at libcore.io.IoBridge.recvfrom(IoBridge.java:509)
01-01 11:33:00.945 W/System.err( 2397): 	at java.net.PlainDatagramSocketImpl.doRecv(PlainDatagramSocketImpl.java:161)
01-01 11:33:00.945 W/System.err( 2397): 	at java.net.PlainDatagramSocketImpl.receive(PlainDatagramSocketImpl.java:169)
01-01 11:33:00.945 W/System.err( 2397): 	at java.net.DatagramSocket.receive(DatagramSocket.java:250)
01-01 11:33:00.945 W/System.err( 2397): 	at utils.UdpReceiverService$1.run(UdpReceiverService.java:53)
01-01 11:33:00.946 W/System.err( 2397): Caused by: libcore.io.ErrnoException: recvfrom failed: EAGAIN (Try again)
01-01 11:33:00.946 W/System.err( 2397): 	at libcore.io.Posix.recvfromBytes(Native Method)
01-01 11:33:00.946 W/System.err( 2397): 	at libcore.io.Posix.recvfrom(Posix.java:141)
01-01 11:33:00.946 W/System.err( 2397): 	at libcore.io.BlockGuardOs.recvfrom(BlockGuardOs.java:164)
01-01 11:33:00.946 W/System.err( 2397): 	at libcore.io.IoBridge.recvfrom(IoBridge.java:506)
01-01 11:33:00.946 W/System.err( 2397): 	... 4 more
01-01 11:33:02.947 W/System.err( 2397): java.net.SocketTimeoutException
01-01 11:33:02.947 W/System.err( 2397): 	at libcore.io.IoBridge.maybeThrowAfterRecvfrom(IoBridge.java:551)
01-01 11:33:02.947 W/System.err( 2397): 	at libcore.io.IoBridge.recvfrom(IoBridge.java:509)
01-01 11:33:02.947 W/System.err( 2397): 	at java.net.PlainDatagramSocketImpl.doRecv(PlainDatagramSocketImpl.java:161)
01-01 11:33:02.948 W/System.err( 2397): 	at java.net.PlainDatagramSocketImpl.receive(PlainDatagramSocketImpl.java:169)
01-01 11:33:02.948 W/System.err( 2397): 	at java.net.DatagramSocket.receive(DatagramSocket.java:250)
01-01 11:33:02.948 W/System.err( 2397): 	at utils.UdpReceiverService$1.run(UdpReceiverService.java:53)
01-01 11:33:02.948 W/System.err( 2397): Caused by: libcore.io.ErrnoException: recvfrom failed: EAGAIN (Try again)
01-01 11:33:02.948 W/System.err( 2397): 	at libcore.io.Posix.recvfromBytes(Native Method)
01-01 11:33:02.949 W/System.err( 2397): 	at libcore.io.Posix.recvfrom(Posix.java:141)
01-01 11:33:02.949 W/System.err( 2397): 	at libcore.io.BlockGuardOs.recvfrom(BlockGuardOs.java:164)
01-01 11:33:02.949 W/System.err( 2397): 	at libcore.io.IoBridge.recvfrom(IoBridge.java:506)
01-01 11:33:02.949 W/System.err( 2397): 	... 4 more
01-01 11:33:04.949 W/System.err( 2397): java.net.SocketTimeoutException
01-01 11:33:04.949 W/System.err( 2397): 	at libcore.io.IoBridge.maybeThrowAfterRecvfrom(IoBridge.java:551)
01-01 11:33:04.949 W/System.err( 2397): 	at libcore.io.IoBridge.recvfrom(IoBridge.java:509)
01-01 11:33:04.949 W/System.err( 2397): 	at java.net.PlainDatagramSocketImpl.doRecv(PlainDatagramSocketImpl.java:161)
01-01 11:33:04.950 W/System.err( 2397): 	at java.net.PlainDatagramSocketImpl.receive(PlainDatagramSocketImpl.java:169)
01-01 11:33:04.950 W/System.err( 2397): 	at java.net.DatagramSocket.receive(DatagramSocket.java:250)
01-01 11:33:04.950 W/System.err( 2397): 	at utils.UdpReceiverService$1.run(UdpReceiverService.java:53)
01-01 11:33:04.950 W/System.err( 2397): Caused by: libcore.io.ErrnoException: recvfrom failed: EAGAIN (Try again)
01-01 11:33:04.951 W/System.err( 2397): 	at libcore.io.Posix.recvfromBytes(Native Method)
01-01 11:33:04.951 W/System.err( 2397): 	at libcore.io.Posix.recvfrom(Posix.java:141)
01-01 11:33:04.951 W/System.err( 2397): 	at libcore.io.BlockGuardOs.recvfrom(BlockGuardOs.java:164)
01-01 11:33:04.951 W/System.err( 2397): 	at libcore.io.IoBridge.recvfrom(IoBridge.java:506)
01-01 11:33:04.951 W/System.err( 2397): 	... 4 more
01-01 11:33:06.951 W/System.err( 2397): java.net.SocketTimeoutException
01-01 11:33:06.951 W/System.err( 2397): 	at libcore.io.IoBridge.maybeThrowAfterRecvfrom(IoBridge.java:551)
01-01 11:33:06.951 W/System.err( 2397): 	at libcore.io.IoBridge.recvfrom(IoBridge.java:509)
01-01 11:33:06.951 W/System.err( 2397): 	at java.net.PlainDatagramSocketImpl.doRecv(PlainDatagramSocketImpl.java:161)
01-01 11:33:06.952 W/System.err( 2397): 	at java.net.PlainDatagramSocketImpl.receive(PlainDatagramSocketImpl.java:169)
01-01 11:33:06.952 W/System.err( 2397): 	at java.net.DatagramSocket.receive(DatagramSocket.java:250)
01-01 11:33:06.952 W/System.err( 2397): 	at utils.UdpReceiverService$1.run(UdpReceiverService.java:53)
01-01 11:33:06.952 W/System.err( 2397): Caused by: libcore.io.ErrnoException: recvfrom failed: EAGAIN (Try again)
01-01 11:33:06.952 W/System.err( 2397): 	at libcore.io.Posix.recvfromBytes(Native Method)
01-01 11:33:06.952 W/System.err( 2397): 	at libcore.io.Posix.recvfrom(Posix.java:141)
01-01 11:33:06.956 W/System.err( 2397): 	at libcore.io.BlockGuardOs.recvfrom(BlockGuardOs.java:164)
01-01 11:33:06.956 W/System.err( 2397): 	at libcore.io.IoBridge.recvfrom(IoBridge.java:506)
01-01 11:33:06.956 W/System.err( 2397): 	... 4 more
01-01 11:33:06.992 D/dalvikvm( 2397): GC_CONCURRENT freed 836K, 21% free 3384K/4248K, paused 3ms+4ms, total 39ms
01-01 11:33:08.956 W/System.err( 2397): java.net.SocketTimeoutException
01-01 11:33:08.956 W/System.err( 2397): 	at libcore.io.IoBridge.maybeThrowAfterRecvfrom(IoBridge.java:551)
01-01 11:33:08.956 W/System.err( 2397): 	at libcore.io.IoBridge.recvfrom(IoBridge.java:509)
01-01 11:33:08.956 W/System.err( 2397): 	at java.net.PlainDatagramSocketImpl.doRecv(PlainDatagramSocketImpl.java:161)
01-01 11:33:08.956 W/System.err( 2397): 	at java.net.PlainDatagramSocketImpl.receive(PlainDatagramSocketImpl.java:169)
01-01 11:33:08.956 W/System.err( 2397): 	at java.net.DatagramSocket.receive(DatagramSocket.java:250)
01-01 11:33:08.957 W/System.err( 2397): 	at utils.UdpReceiverService$1.run(UdpReceiverService.java:53)
01-01 11:33:08.957 W/System.err( 2397): Caused by: libcore.io.ErrnoException: recvfrom failed: EAGAIN (Try again)
01-01 11:33:08.957 W/System.err( 2397): 	at libcore.io.Posix.recvfromBytes(Native Method)
01-01 11:33:08.957 W/System.err( 2397): 	at libcore.io.Posix.recvfrom(Posix.java:141)
01-01 11:33:08.957 W/System.err( 2397): 	at libcore.io.BlockGuardOs.recvfrom(BlockGuardOs.java:164)
01-01 11:33:08.957 W/System.err( 2397): 	at libcore.io.IoBridge.recvfrom(IoBridge.java:506)
01-01 11:33:08.957 W/System.err( 2397): 	... 4 more
01-01 11:33:10.958 W/System.err( 2397): java.net.SocketTimeoutException
01-01 11:33:10.958 W/System.err( 2397): 	at libcore.io.IoBridge.maybeThrowAfterRecvfrom(IoBridge.java:551)
01-01 11:33:10.958 W/System.err( 2397): 	at libcore.io.IoBridge.recvfrom(IoBridge.java:509)
01-01 11:33:10.958 W/System.err( 2397): 	at java.net.PlainDatagramSocketImpl.doRecv(PlainDatagramSocketImpl.java:161)
01-01 11:33:10.959 W/System.err( 2397): 	at java.net.PlainDatagramSocketImpl.receive(PlainDatagramSocketImpl.java:169)
01-01 11:33:10.959 W/System.err( 2397): 	at java.net.DatagramSocket.receive(DatagramSocket.java:250)
01-01 11:33:10.959 W/System.err( 2397): 	at utils.UdpReceiverService$1.run(UdpReceiverService.java:53)
01-01 11:33:10.959 W/System.err( 2397): Caused by: libcore.io.ErrnoException: recvfrom failed: EAGAIN (Try again)
01-01 11:33:10.959 W/System.err( 2397): 	at libcore.io.Posix.recvfromBytes(Native Method)
01-01 11:33:10.959 W/System.err( 2397): 	at libcore.io.Posix.recvfrom(Posix.java:141)
01-01 11:33:10.959 W/System.err( 2397): 	at libcore.io.BlockGuardOs.recvfrom(BlockGuardOs.java:164)
01-01 11:33:10.959 W/System.err( 2397): 	at libcore.io.IoBridge.recvfrom(IoBridge.java:506)
01-01 11:33:10.960 W/System.err( 2397): 	... 4 more
01-01 11:33:12.960 W/System.err( 2397): java.net.SocketTimeoutException
01-01 11:33:12.960 W/System.err( 2397): 	at libcore.io.IoBridge.maybeThrowAfterRecvfrom(IoBridge.java:551)
01-01 11:33:12.960 W/System.err( 2397): 	at libcore.io.IoBridge.recvfrom(IoBridge.java:509)
01-01 11:33:12.960 W/System.err( 2397): 	at java.net.PlainDatagramSocketImpl.doRecv(PlainDatagramSocketImpl.java:161)
01-01 11:33:12.960 W/System.err( 2397): 	at java.net.PlainDatagramSocketImpl.receive(PlainDatagramSocketImpl.java:169)
01-01 11:33:12.960 W/System.err( 2397): 	at java.net.DatagramSocket.receive(DatagramSocket.java:250)
01-01 11:33:12.961 W/System.err( 2397): 	at utils.UdpReceiverService$1.run(UdpReceiverService.java:53)
01-01 11:33:12.961 W/System.err( 2397): Caused by: libcore.io.ErrnoException: recvfrom failed: EAGAIN (Try again)
01-01 11:33:12.961 W/System.err( 2397): 	at libcore.io.Posix.recvfromBytes(Native Method)
01-01 11:33:12.961 W/System.err( 2397): 	at libcore.io.Posix.recvfrom(Posix.java:141)
01-01 11:33:12.961 W/System.err( 2397): 	at libcore.io.BlockGuardOs.recvfrom(BlockGuardOs.java:164)
01-01 11:33:12.961 W/System.err( 2397): 	at libcore.io.IoBridge.recvfrom(IoBridge.java:506)
01-01 11:33:12.961 W/System.err( 2397): 	... 4 more
01-01 11:33:13.795 I/NtpTrustedTime( 2078): refreshtime() from 195.34.187.132
01-01 11:33:14.962 W/System.err( 2397): java.net.SocketTimeoutException
01-01 11:33:14.962 W/System.err( 2397): 	at libcore.io.IoBridge.maybeThrowAfterRecvfrom(IoBridge.java:551)
01-01 11:33:14.962 W/System.err( 2397): 	at libcore.io.IoBridge.recvfrom(IoBridge.java:509)
01-01 11:33:14.962 W/System.err( 2397): 	at java.net.PlainDatagramSocketImpl.doRecv(PlainDatagramSocketImpl.java:161)
01-01 11:33:14.963 W/System.err( 2397): 	at java.net.PlainDatagramSocketImpl.receive(PlainDatagramSocketImpl.java:169)
01-01 11:33:14.963 W/System.err( 2397): 	at java.net.DatagramSocket.receive(DatagramSocket.java:250)
01-01 11:33:14.963 W/System.err( 2397): 	at utils.UdpReceiverService$1.run(UdpReceiverService.java:53)
01-01 11:33:14.963 W/System.err( 2397): Caused by: libcore.io.ErrnoException: recvfrom failed: EAGAIN (Try again)
01-01 11:33:14.963 W/System.err( 2397): 	at libcore.io.Posix.recvfromBytes(Native Method)
01-01 11:33:14.963 W/System.err( 2397): 	at libcore.io.Posix.recvfrom(Posix.java:141)
01-01 11:33:14.963 W/System.err( 2397): 	at libcore.io.BlockGuardOs.recvfrom(BlockGuardOs.java:164)
01-01 11:33:14.963 W/System.err( 2397): 	at libcore.io.IoBridge.recvfrom(IoBridge.java:506)
01-01 11:33:14.964 W/System.err( 2397): 	... 4 more
01-01 11:33:16.964 W/System.err( 2397): java.net.SocketTimeoutException
01-01 11:33:16.964 W/System.err( 2397): 	at libcore.io.IoBridge.maybeThrowAfterRecvfrom(IoBridge.java:551)
01-01 11:33:16.964 W/System.err( 2397): 	at libcore.io.IoBridge.recvfrom(IoBridge.java:509)
01-01 11:33:16.964 W/System.err( 2397): 	at java.net.PlainDatagramSocketImpl.doRecv(PlainDatagramSocketImpl.java:161)
01-01 11:33:16.965 W/System.err( 2397): 	at java.net.PlainDatagramSocketImpl.receive(PlainDatagramSocketImpl.java:169)
01-01 11:33:16.965 W/System.err( 2397): 	at java.net.DatagramSocket.receive(DatagramSocket.java:250)
01-01 11:33:16.965 W/System.err( 2397): 	at utils.UdpReceiverService$1.run(UdpReceiverService.java:53)
01-01 11:33:16.965 W/System.err( 2397): Caused by: libcore.io.ErrnoException: recvfrom failed: EAGAIN (Try again)
01-01 11:33:16.966 W/System.err( 2397): 	at libcore.io.Posix.recvfromBytes(Native Method)
01-01 11:33:16.966 W/System.err( 2397): 	at libcore.io.Posix.recvfrom(Posix.java:141)
01-01 11:33:16.966 W/System.err( 2397): 	at libcore.io.BlockGuardOs.recvfrom(BlockGuardOs.java:164)
01-01 11:33:16.966 W/System.err( 2397): 	at libcore.io.IoBridge.recvfrom(IoBridge.java:506)
01-01 11:33:16.966 W/System.err( 2397): 	... 4 more
01-01 11:33:18.966 W/System.err( 2397): java.net.SocketTimeoutException
01-01 11:33:18.966 W/System.err( 2397): 	at libcore.io.IoBridge.maybeThrowAfterRecvfrom(IoBridge.java:551)
01-01 11:33:18.966 W/System.err( 2397): 	at libcore.io.IoBridge.recvfrom(IoBridge.java:509)
01-01 11:33:18.967 W/System.err( 2397): 	at java.net.PlainDatagramSocketImpl.doRecv(PlainDatagramSocketImpl.java:161)
01-01 11:33:18.967 W/System.err( 2397): 	at java.net.PlainDatagramSocketImpl.receive(PlainDatagramSocketImpl.java:169)
01-01 11:33:18.967 W/System.err( 2397): 	at java.net.DatagramSocket.receive(DatagramSocket.java:250)
01-01 11:33:18.967 W/System.err( 2397): 	at utils.UdpReceiverService$1.run(UdpReceiverService.java:53)
01-01 11:33:18.967 W/System.err( 2397): Caused by: libcore.io.ErrnoException: recvfrom failed: EAGAIN (Try again)
01-01 11:33:18.968 W/System.err( 2397): 	at libcore.io.Posix.recvfromBytes(Native Method)
01-01 11:33:18.968 W/System.err( 2397): 	at libcore.io.Posix.recvfrom(Posix.java:141)
01-01 11:33:18.968 W/System.err( 2397): 	at libcore.io.BlockGuardOs.recvfrom(BlockGuardOs.java:164)
01-01 11:33:18.968 W/System.err( 2397): 	at libcore.io.IoBridge.recvfrom(IoBridge.java:506)
01-01 11:33:18.968 W/System.err( 2397): 	... 4 more
01-01 11:33:20.426 D/dalvikvm( 3004): GC_CONCURRENT freed 1679K, 35% free 3838K/5836K, paused 4ms+5ms, total 41ms
01-01 11:33:20.541 D/dalvikvm( 3004): GC_CONCURRENT freed 898K, 33% free 3963K/5836K, paused 2ms+1ms, total 17ms
01-01 11:33:20.541 D/dalvikvm( 3004): WAIT_FOR_CONCURRENT_GC blocked 16ms
01-01 11:33:20.555 D/dalvikvm( 3004): GC_FOR_ALLOC freed 283K, 30% free 4104K/5836K, paused 14ms, total 14ms
01-01 11:33:20.556 I/dalvikvm-heap( 3004): Grow heap (frag case) to 4.407MB for 391942-byte allocation
01-01 11:33:20.570 D/dalvikvm( 3004): GC_FOR_ALLOC freed 255K, 32% free 4232K/6220K, paused 14ms, total 14ms
01-01 11:33:20.588 D/dalvikvm( 3004): GC_FOR_ALLOC freed 382K, 32% free 4271K/6220K, paused 14ms, total 14ms
01-01 11:33:20.968 W/System.err( 2397): java.net.SocketTimeoutException
01-01 11:33:20.968 W/System.err( 2397): 	at libcore.io.IoBridge.maybeThrowAfterRecvfrom(IoBridge.java:551)
01-01 11:33:20.968 W/System.err( 2397): 	at libcore.io.IoBridge.recvfrom(IoBridge.java:509)
01-01 11:33:20.968 W/System.err( 2397): 	at java.net.PlainDatagramSocketImpl.doRecv(PlainDatagramSocketImpl.java:161)
01-01 11:33:20.969 W/System.err( 2397): 	at java.net.PlainDatagramSocketImpl.receive(PlainDatagramSocketImpl.java:169)
01-01 11:33:20.969 W/System.err( 2397): 	at java.net.DatagramSocket.receive(DatagramSocket.java:250)
01-01 11:33:20.969 W/System.err( 2397): 	at utils.UdpReceiverService$1.run(UdpReceiverService.java:53)
01-01 11:33:20.969 W/System.err( 2397): Caused by: libcore.io.ErrnoException: recvfrom failed: EAGAIN (Try again)
01-01 11:33:20.969 W/System.err( 2397): 	at libcore.io.Posix.recvfromBytes(Native Method)
01-01 11:33:20.969 W/System.err( 2397): 	at libcore.io.Posix.recvfrom(Posix.java:141)
01-01 11:33:20.970 W/System.err( 2397): 	at libcore.io.BlockGuardOs.recvfrom(BlockGuardOs.java:164)
01-01 11:33:20.970 W/System.err( 2397): 	at libcore.io.IoBridge.recvfrom(IoBridge.java:506)
01-01 11:33:20.970 W/System.err( 2397): 	... 4 more
01-01 11:33:22.970 W/System.err( 2397): java.net.SocketTimeoutException
01-01 11:33:22.970 W/System.err( 2397): 	at libcore.io.IoBridge.maybeThrowAfterRecvfrom(IoBridge.java:551)
01-01 11:33:22.970 W/System.err( 2397): 	at libcore.io.IoBridge.recvfrom(IoBridge.java:509)
01-01 11:33:22.970 W/System.err( 2397): 	at java.net.PlainDatagramSocketImpl.doRecv(PlainDatagramSocketImpl.java:161)
01-01 11:33:22.971 W/System.err( 2397): 	at java.net.PlainDatagramSocketImpl.receive(PlainDatagramSocketImpl.java:169)
01-01 11:33:22.971 W/System.err( 2397): 	at java.net.DatagramSocket.receive(DatagramSocket.java:250)
01-01 11:33:22.971 W/System.err( 2397): 	at utils.UdpReceiverService$1.run(UdpReceiverService.java:53)
01-01 11:33:22.971 W/System.err( 2397): Caused by: libcore.io.ErrnoException: recvfrom failed: EAGAIN (Try again)
01-01 11:33:22.971 W/System.err( 2397): 	at libcore.io.Posix.recvfromBytes(Native Method)
01-01 11:33:22.971 W/System.err( 2397): 	at libcore.io.Posix.recvfrom(Posix.java:141)
01-01 11:33:22.971 W/System.err( 2397): 	at libcore.io.BlockGuardOs.recvfrom(BlockGuardOs.java:164)
01-01 11:33:22.972 W/System.err( 2397): 	at libcore.io.IoBridge.recvfrom(IoBridge.java:506)
01-01 11:33:22.972 W/System.err( 2397): 	... 4 more
01-01 11:33:24.972 W/System.err( 2397): java.net.SocketTimeoutException
01-01 11:33:24.972 W/System.err( 2397): 	at libcore.io.IoBridge.maybeThrowAfterRecvfrom(IoBridge.java:551)
01-01 11:33:24.972 W/System.err( 2397): 	at libcore.io.IoBridge.recvfrom(IoBridge.java:509)
01-01 11:33:24.972 W/System.err( 2397): 	at java.net.PlainDatagramSocketImpl.doRecv(PlainDatagramSocketImpl.java:161)
01-01 11:33:24.973 W/System.err( 2397): 	at java.net.PlainDatagramSocketImpl.receive(PlainDatagramSocketImpl.java:169)
01-01 11:33:24.973 W/System.err( 2397): 	at java.net.DatagramSocket.receive(DatagramSocket.java:250)
01-01 11:33:24.973 W/System.err( 2397): 	at utils.UdpReceiverService$1.run(UdpReceiverService.java:53)
01-01 11:33:24.973 W/System.err( 2397): Caused by: libcore.io.ErrnoException: recvfrom failed: EAGAIN (Try again)
01-01 11:33:24.973 W/System.err( 2397): 	at libcore.io.Posix.recvfromBytes(Native Method)
01-01 11:33:24.974 W/System.err( 2397): 	at libcore.io.Posix.recvfrom(Posix.java:141)
01-01 11:33:24.974 W/System.err( 2397): 	at libcore.io.BlockGuardOs.recvfrom(BlockGuardOs.java:164)
01-01 11:33:24.974 W/System.err( 2397): 	at libcore.io.IoBridge.recvfrom(IoBridge.java:506)
01-01 11:33:24.974 W/System.err( 2397): 	... 4 more
01-01 11:33:26.974 W/System.err( 2397): java.net.SocketTimeoutException
01-01 11:33:26.974 W/System.err( 2397): 	at libcore.io.IoBridge.maybeThrowAfterRecvfrom(IoBridge.java:551)
01-01 11:33:26.974 W/System.err( 2397): 	at libcore.io.IoBridge.recvfrom(IoBridge.java:509)
01-01 11:33:26.974 W/System.err( 2397): 	at java.net.PlainDatagramSocketImpl.doRecv(PlainDatagramSocketImpl.java:161)
01-01 11:33:26.975 W/System.err( 2397): 	at java.net.PlainDatagramSocketImpl.receive(PlainDatagramSocketImpl.java:169)
01-01 11:33:26.975 W/System.err( 2397): 	at java.net.DatagramSocket.receive(DatagramSocket.java:250)
01-01 11:33:26.975 W/System.err( 2397): 	at utils.UdpReceiverService$1.run(UdpReceiverService.java:53)
01-01 11:33:26.975 W/System.err( 2397): Caused by: libcore.io.ErrnoException: recvfrom failed: EAGAIN (Try again)
01-01 11:33:26.975 W/System.err( 2397): 	at libcore.io.Posix.recvfromBytes(Native Method)
01-01 11:33:26.975 W/System.err( 2397): 	at libcore.io.Posix.recvfrom(Posix.java:141)
01-01 11:33:26.975 W/System.err( 2397): 	at libcore.io.BlockGuardOs.recvfrom(BlockGuardOs.java:164)
01-01 11:33:26.975 W/System.err( 2397): 	at libcore.io.IoBridge.recvfrom(IoBridge.java:506)
01-01 11:33:26.975 W/System.err( 2397): 	... 4 more
01-01 11:33:28.976 W/System.err( 2397): java.net.SocketTimeoutException
01-01 11:33:28.976 W/System.err( 2397): 	at libcore.io.IoBridge.maybeThrowAfterRecvfrom(IoBridge.java:551)
01-01 11:33:28.976 W/System.err( 2397): 	at libcore.io.IoBridge.recvfrom(IoBridge.java:509)
01-01 11:33:28.976 W/System.err( 2397): 	at java.net.PlainDatagramSocketImpl.doRecv(PlainDatagramSocketImpl.java:161)
01-01 11:33:28.976 W/System.err( 2397): 	at java.net.PlainDatagramSocketImpl.receive(PlainDatagramSocketImpl.java:169)
01-01 11:33:28.976 W/System.err( 2397): 	at java.net.DatagramSocket.receive(DatagramSocket.java:250)
01-01 11:33:28.977 W/System.err( 2397): 	at utils.UdpReceiverService$1.run(UdpReceiverService.java:53)
01-01 11:33:28.977 W/System.err( 2397): Caused by: libcore.io.ErrnoException: recvfrom failed: EAGAIN (Try again)
01-01 11:33:28.977 W/System.err( 2397): 	at libcore.io.Posix.recvfromBytes(Native Method)
01-01 11:33:28.977 W/System.err( 2397): 	at libcore.io.Posix.recvfrom(Posix.java:141)
01-01 11:33:28.977 W/System.err( 2397): 	at libcore.io.BlockGuardOs.recvfrom(BlockGuardOs.java:164)
01-01 11:33:28.977 W/System.err( 2397): 	at libcore.io.IoBridge.recvfrom(IoBridge.java:506)
01-01 11:33:28.977 W/System.err( 2397): 	... 4 more
01-01 11:33:30.978 W/System.err( 2397): java.net.SocketTimeoutException
01-01 11:33:30.978 W/System.err( 2397): 	at libcore.io.IoBridge.maybeThrowAfterRecvfrom(IoBridge.java:551)
01-01 11:33:30.978 W/System.err( 2397): 	at libcore.io.IoBridge.recvfrom(IoBridge.java:509)
01-01 11:33:30.978 W/System.err( 2397): 	at java.net.PlainDatagramSocketImpl.doRecv(PlainDatagramSocketImpl.java:161)
01-01 11:33:30.978 W/System.err( 2397): 	at java.net.PlainDatagramSocketImpl.receive(PlainDatagramSocketImpl.java:169)
01-01 11:33:30.978 W/System.err( 2397): 	at java.net.DatagramSocket.receive(DatagramSocket.java:250)
01-01 11:33:30.978 W/System.err( 2397): 	at utils.UdpReceiverService$1.run(UdpReceiverService.java:53)
01-01 11:33:30.979 W/System.err( 2397): Caused by: libcore.io.ErrnoException: recvfrom failed: EAGAIN (Try again)
01-01 11:33:30.979 W/System.err( 2397): 	at libcore.io.Posix.recvfromBytes(Native Method)
01-01 11:33:30.979 W/System.err( 2397): 	at libcore.io.Posix.recvfrom(Posix.java:141)
01-01 11:33:30.979 W/System.err( 2397): 	at libcore.io.BlockGuardOs.recvfrom(BlockGuardOs.java:164)
01-01 11:33:30.979 W/System.err( 2397): 	at libcore.io.IoBridge.recvfrom(IoBridge.java:506)
01-01 11:33:30.979 W/System.err( 2397): 	... 4 more
01-01 11:33:32.980 W/System.err( 2397): java.net.SocketTimeoutException
01-01 11:33:32.980 W/System.err( 2397): 	at libcore.io.IoBridge.maybeThrowAfterRecvfrom(IoBridge.java:551)
01-01 11:33:32.980 W/System.err( 2397): 	at libcore.io.IoBridge.recvfrom(IoBridge.java:509)
01-01 11:33:32.980 W/System.err( 2397): 	at java.net.PlainDatagramSocketImpl.doRecv(PlainDatagramSocketImpl.java:161)
01-01 11:33:32.981 W/System.err( 2397): 	at java.net.PlainDatagramSocketImpl.receive(PlainDatagramSocketImpl.java:169)
01-01 11:33:32.981 W/System.err( 2397): 	at java.net.DatagramSocket.receive(DatagramSocket.java:250)
01-01 11:33:32.981 W/System.err( 2397): 	at utils.UdpReceiverService$1.run(UdpReceiverService.java:53)
01-01 11:33:32.981 W/System.err( 2397): Caused by: libcore.io.ErrnoException: recvfrom failed: EAGAIN (Try again)
01-01 11:33:32.981 W/System.err( 2397): 	at libcore.io.Posix.recvfromBytes(Native Method)
01-01 11:33:32.982 W/System.err( 2397): 	at libcore.io.Posix.recvfrom(Posix.java:141)
01-01 11:33:32.982 W/System.err( 2397): 	at libcore.io.BlockGuardOs.recvfrom(BlockGuardOs.java:164)
01-01 11:33:32.982 W/System.err( 2397): 	at libcore.io.IoBridge.recvfrom(IoBridge.java:506)
01-01 11:33:32.982 W/System.err( 2397): 	... 4 more
01-01 11:33:33.796 I/NtpTrustedTime( 2078): refreshtime() fail
01-01 11:33:34.982 W/System.err( 2397): java.net.SocketTimeoutException
01-01 11:33:34.982 W/System.err( 2397): 	at libcore.io.IoBridge.maybeThrowAfterRecvfrom(IoBridge.java:551)
01-01 11:33:34.982 W/System.err( 2397): 	at libcore.io.IoBridge.recvfrom(IoBridge.java:509)
01-01 11:33:34.982 W/System.err( 2397): 	at java.net.PlainDatagramSocketImpl.doRecv(PlainDatagramSocketImpl.java:161)
01-01 11:33:34.982 W/System.err( 2397): 	at java.net.PlainDatagramSocketImpl.receive(PlainDatagramSocketImpl.java:169)
01-01 11:33:34.983 W/System.err( 2397): 	at java.net.DatagramSocket.receive(DatagramSocket.java:250)
01-01 11:33:34.983 W/System.err( 2397): 	at utils.UdpReceiverService$1.run(UdpReceiverService.java:53)
01-01 11:33:34.983 W/System.err( 2397): Caused by: libcore.io.ErrnoException: recvfrom failed: EAGAIN (Try again)
01-01 11:33:34.983 W/System.err( 2397): 	at libcore.io.Posix.recvfromBytes(Native Method)
01-01 11:33:34.983 W/System.err( 2397): 	at libcore.io.Posix.recvfrom(Posix.java:141)
01-01 11:33:34.983 W/System.err( 2397): 	at libcore.io.BlockGuardOs.recvfrom(BlockGuardOs.java:164)
01-01 11:33:34.983 W/System.err( 2397): 	at libcore.io.IoBridge.recvfrom(IoBridge.java:506)
01-01 11:33:34.983 W/System.err( 2397): 	... 4 more
01-01 11:33:36.984 W/System.err( 2397): java.net.SocketTimeoutException
01-01 11:33:36.984 W/System.err( 2397): 	at libcore.io.IoBridge.maybeThrowAfterRecvfrom(IoBridge.java:551)
01-01 11:33:36.984 W/System.err( 2397): 	at libcore.io.IoBridge.recvfrom(IoBridge.java:509)
01-01 11:33:36.984 W/System.err( 2397): 	at java.net.PlainDatagramSocketImpl.doRecv(PlainDatagramSocketImpl.java:161)
01-01 11:33:36.984 W/System.err( 2397): 	at java.net.PlainDatagramSocketImpl.receive(PlainDatagramSocketImpl.java:169)
01-01 11:33:36.984 W/System.err( 2397): 	at java.net.DatagramSocket.receive(DatagramSocket.java:250)
01-01 11:33:36.984 W/System.err( 2397): 	at utils.UdpReceiverService$1.run(UdpReceiverService.java:53)
01-01 11:33:36.985 W/System.err( 2397): Caused by: libcore.io.ErrnoException: recvfrom failed: EAGAIN (Try again)
01-01 11:33:36.985 W/System.err( 2397): 	at libcore.io.Posix.recvfromBytes(Native Method)
01-01 11:33:36.985 W/System.err( 2397): 	at libcore.io.Posix.recvfrom(Posix.java:141)
01-01 11:33:36.985 W/System.err( 2397): 	at libcore.io.BlockGuardOs.recvfrom(BlockGuardOs.java:164)
01-01 11:33:36.985 W/System.err( 2397): 	at libcore.io.IoBridge.recvfrom(IoBridge.java:506)
01-01 11:33:36.985 W/System.err( 2397): 	... 4 more
01-01 11:33:38.986 W/System.err( 2397): java.net.SocketTimeoutException
01-01 11:33:38.986 W/System.err( 2397): 	at libcore.io.IoBridge.maybeThrowAfterRecvfrom(IoBridge.java:551)
01-01 11:33:38.986 W/System.err( 2397): 	at libcore.io.IoBridge.recvfrom(IoBridge.java:509)
01-01 11:33:38.986 W/System.err( 2397): 	at java.net.PlainDatagramSocketImpl.doRecv(PlainDatagramSocketImpl.java:161)
01-01 11:33:38.987 W/System.err( 2397): 	at java.net.PlainDatagramSocketImpl.receive(PlainDatagramSocketImpl.java:169)
01-01 11:33:38.987 W/System.err( 2397): 	at java.net.DatagramSocket.receive(DatagramSocket.java:250)
01-01 11:33:38.987 W/System.err( 2397): 	at utils.UdpReceiverService$1.run(UdpReceiverService.java:53)
01-01 11:33:38.987 W/System.err( 2397): Caused by: libcore.io.ErrnoException: recvfrom failed: EAGAIN (Try again)
01-01 11:33:38.987 W/System.err( 2397): 	at libcore.io.Posix.recvfromBytes(Native Method)
01-01 11:33:38.988 W/System.err( 2397): 	at libcore.io.Posix.recvfrom(Posix.java:141)
01-01 11:33:38.988 W/System.err( 2397): 	at libcore.io.BlockGuardOs.recvfrom(BlockGuardOs.java:164)
01-01 11:33:38.988 W/System.err( 2397): 	at libcore.io.IoBridge.recvfrom(IoBridge.java:506)
01-01 11:33:38.988 W/System.err( 2397): 	... 4 more
01-01 11:33:39.398 D/dalvikvm( 2855): GC_CONCURRENT freed 1824K, 34% free 3802K/5732K, paused 4ms+1ms, total 25ms
01-01 11:33:39.398 D/dalvikvm( 2855): WAIT_FOR_CONCURRENT_GC blocked 4ms
01-01 11:33:39.459 D/dalvikvm( 2855): GC_CONCURRENT freed 874K, 31% free 3956K/5732K, paused 3ms+2ms, total 18ms
01-01 11:33:39.459 D/dalvikvm( 2855): WAIT_FOR_CONCURRENT_GC blocked 15ms
01-01 11:33:39.473 D/dalvikvm( 2855): GC_FOR_ALLOC freed 170K, 30% free 4041K/5732K, paused 14ms, total 14ms
01-01 11:33:39.495 D/dalvikvm( 2855): GC_FOR_ALLOC freed 255K, 28% free 4168K/5732K, paused 21ms, total 21ms
01-01 11:33:39.519 D/dalvikvm( 2855): GC_FOR_ALLOC freed 382K, 30% free 4067K/5732K, paused 23ms, total 23ms
01-01 11:33:39.543 D/dalvikvm( 2855): GC_FOR_ALLOC freed 140K, 25% free 4347K/5732K, paused 17ms, total 17ms
01-01 11:33:39.543 I/dalvikvm-heap( 2855): Grow heap (frag case) to 4.407MB for 143880-byte allocation
01-01 11:33:39.569 D/dalvikvm( 2855): GC_FOR_ALLOC freed 280K, 29% free 4207K/5876K, paused 13ms, total 13ms
01-01 11:33:40.988 W/System.err( 2397): java.net.SocketTimeoutException
01-01 11:33:40.988 W/System.err( 2397): 	at libcore.io.IoBridge.maybeThrowAfterRecvfrom(IoBridge.java:551)
01-01 11:33:40.988 W/System.err( 2397): 	at libcore.io.IoBridge.recvfrom(IoBridge.java:509)
01-01 11:33:40.989 W/System.err( 2397): 	at java.net.PlainDatagramSocketImpl.doRecv(PlainDatagramSocketImpl.java:161)
01-01 11:33:40.989 W/System.err( 2397): 	at java.net.PlainDatagramSocketImpl.receive(PlainDatagramSocketImpl.java:169)
01-01 11:33:40.989 W/System.err( 2397): 	at java.net.DatagramSocket.receive(DatagramSocket.java:250)
01-01 11:33:40.989 W/System.err( 2397): 	at utils.UdpReceiverService$1.run(UdpReceiverService.java:53)
01-01 11:33:40.989 W/System.err( 2397): Caused by: libcore.io.ErrnoException: recvfrom failed: EAGAIN (Try again)
01-01 11:33:40.990 W/System.err( 2397): 	at libcore.io.Posix.recvfromBytes(Native Method)
01-01 11:33:40.990 W/System.err( 2397): 	at libcore.io.Posix.recvfrom(Posix.java:141)
01-01 11:33:40.990 W/System.err( 2397): 	at libcore.io.BlockGuardOs.recvfrom(BlockGuardOs.java:164)
01-01 11:33:40.990 W/System.err( 2397): 	at libcore.io.IoBridge.recvfrom(IoBridge.java:506)
01-01 11:33:40.990 W/System.err( 2397): 	... 4 more
01-01 11:33:42.990 W/System.err( 2397): java.net.SocketTimeoutException
01-01 11:33:42.990 W/System.err( 2397): 	at libcore.io.IoBridge.maybeThrowAfterRecvfrom(IoBridge.java:551)
01-01 11:33:42.990 W/System.err( 2397): 	at libcore.io.IoBridge.recvfrom(IoBridge.java:509)
01-01 11:33:42.990 W/System.err( 2397): 	at java.net.PlainDatagramSocketImpl.doRecv(PlainDatagramSocketImpl.java:161)
01-01 11:33:42.991 W/System.err( 2397): 	at java.net.PlainDatagramSocketImpl.receive(PlainDatagramSocketImpl.java:169)
01-01 11:33:42.991 W/System.err( 2397): 	at java.net.DatagramSocket.receive(DatagramSocket.java:250)
01-01 11:33:42.991 W/System.err( 2397): 	at utils.UdpReceiverService$1.run(UdpReceiverService.java:53)
01-01 11:33:42.991 W/System.err( 2397): Caused by: libcore.io.ErrnoException: recvfrom failed: EAGAIN (Try again)
01-01 11:33:42.991 W/System.err( 2397): 	at libcore.io.Posix.recvfromBytes(Native Method)
01-01 11:33:42.991 W/System.err( 2397): 	at libcore.io.Posix.recvfrom(Posix.java:141)
01-01 11:33:42.991 W/System.err( 2397): 	at libcore.io.BlockGuardOs.recvfrom(BlockGuardOs.java:164)
01-01 11:33:42.992 W/System.err( 2397): 	at libcore.io.IoBridge.recvfrom(IoBridge.java:506)
01-01 11:33:42.992 W/System.err( 2397): 	... 4 more
01-01 11:33:44.992 W/System.err( 2397): java.net.SocketTimeoutException
01-01 11:33:44.992 W/System.err( 2397): 	at libcore.io.IoBridge.maybeThrowAfterRecvfrom(IoBridge.java:551)
01-01 11:33:44.992 W/System.err( 2397): 	at libcore.io.IoBridge.recvfrom(IoBridge.java:509)
01-01 11:33:44.993 W/System.err( 2397): 	at java.net.PlainDatagramSocketImpl.doRecv(PlainDatagramSocketImpl.java:161)
01-01 11:33:44.993 W/System.err( 2397): 	at java.net.PlainDatagramSocketImpl.receive(PlainDatagramSocketImpl.java:169)
01-01 11:33:44.993 W/System.err( 2397): 	at java.net.DatagramSocket.receive(DatagramSocket.java:250)
01-01 11:33:44.993 W/System.err( 2397): 	at utils.UdpReceiverService$1.run(UdpReceiverService.java:53)
01-01 11:33:44.993 W/System.err( 2397): Caused by: libcore.io.ErrnoException: recvfrom failed: EAGAIN (Try again)
01-01 11:33:44.993 W/System.err( 2397): 	at libcore.io.Posix.recvfromBytes(Native Method)
01-01 11:33:44.993 W/System.err( 2397): 	at libcore.io.Posix.recvfrom(Posix.java:141)
01-01 11:33:44.993 W/System.err( 2397): 	at libcore.io.BlockGuardOs.recvfrom(BlockGuardOs.java:164)
01-01 11:33:44.994 W/System.err( 2397): 	at libcore.io.IoBridge.recvfrom(IoBridge.java:506)
01-01 11:33:44.994 W/System.err( 2397): 	... 4 more
01-01 11:33:46.994 W/System.err( 2397): java.net.SocketTimeoutException
01-01 11:33:46.994 W/System.err( 2397): 	at libcore.io.IoBridge.maybeThrowAfterRecvfrom(IoBridge.java:551)
01-01 11:33:46.994 W/System.err( 2397): 	at libcore.io.IoBridge.recvfrom(IoBridge.java:509)
01-01 11:33:46.994 W/System.err( 2397): 	at java.net.PlainDatagramSocketImpl.doRecv(PlainDatagramSocketImpl.java:161)
01-01 11:33:46.994 W/System.err( 2397): 	at java.net.PlainDatagramSocketImpl.receive(PlainDatagramSocketImpl.java:169)
01-01 11:33:46.994 W/System.err( 2397): 	at java.net.DatagramSocket.receive(DatagramSocket.java:250)
01-01 11:33:46.995 W/System.err( 2397): 	at utils.UdpReceiverService$1.run(UdpReceiverService.java:53)
01-01 11:33:46.995 W/System.err( 2397): Caused by: libcore.io.ErrnoException: recvfrom failed: EAGAIN (Try again)
01-01 11:33:46.995 W/System.err( 2397): 	at libcore.io.Posix.recvfromBytes(Native Method)
01-01 11:33:46.995 W/System.err( 2397): 	at libcore.io.Posix.recvfrom(Posix.java:141)
01-01 11:33:46.995 W/System.err( 2397): 	at libcore.io.BlockGuardOs.recvfrom(BlockGuardOs.java:164)
01-01 11:33:46.995 W/System.err( 2397): 	at libcore.io.IoBridge.recvfrom(IoBridge.java:506)
01-01 11:33:46.995 W/System.err( 2397): 	... 4 more
01-01 11:33:48.996 W/System.err( 2397): java.net.SocketTimeoutException
01-01 11:33:48.996 W/System.err( 2397): 	at libcore.io.IoBridge.maybeThrowAfterRecvfrom(IoBridge.java:551)
01-01 11:33:48.996 W/System.err( 2397): 	at libcore.io.IoBridge.recvfrom(IoBridge.java:509)
01-01 11:33:48.997 W/System.err( 2397): 	at java.net.PlainDatagramSocketImpl.doRecv(PlainDatagramSocketImpl.java:161)
01-01 11:33:48.997 W/System.err( 2397): 	at java.net.PlainDatagramSocketImpl.receive(PlainDatagramSocketImpl.java:169)
01-01 11:33:48.997 W/System.err( 2397): 	at java.net.DatagramSocket.receive(DatagramSocket.java:250)
01-01 11:33:48.997 W/System.err( 2397): 	at utils.UdpReceiverService$1.run(UdpReceiverService.java:53)
01-01 11:33:48.997 W/System.err( 2397): Caused by: libcore.io.ErrnoException: recvfrom failed: EAGAIN (Try again)
01-01 11:33:48.998 W/System.err( 2397): 	at libcore.io.Posix.recvfromBytes(Native Method)
01-01 11:33:48.998 W/System.err( 2397): 	at libcore.io.Posix.recvfrom(Posix.java:141)
01-01 11:33:48.998 W/System.err( 2397): 	at libcore.io.BlockGuardOs.recvfrom(BlockGuardOs.java:164)
01-01 11:33:48.998 W/System.err( 2397): 	at libcore.io.IoBridge.recvfrom(IoBridge.java:506)
01-01 11:33:48.998 W/System.err( 2397): 	... 4 more
01-01 11:33:50.998 W/System.err( 2397): java.net.SocketTimeoutException
01-01 11:33:50.998 W/System.err( 2397): 	at libcore.io.IoBridge.maybeThrowAfterRecvfrom(IoBridge.java:551)
01-01 11:33:50.998 W/System.err( 2397): 	at libcore.io.IoBridge.recvfrom(IoBridge.java:509)
01-01 11:33:50.998 W/System.err( 2397): 	at java.net.PlainDatagramSocketImpl.doRecv(PlainDatagramSocketImpl.java:161)
01-01 11:33:50.999 W/System.err( 2397): 	at java.net.PlainDatagramSocketImpl.receive(PlainDatagramSocketImpl.java:169)
01-01 11:33:50.999 W/System.err( 2397): 	at java.net.DatagramSocket.receive(DatagramSocket.java:250)
01-01 11:33:50.999 W/System.err( 2397): 	at utils.UdpReceiverService$1.run(UdpReceiverService.java:53)
01-01 11:33:50.999 W/System.err( 2397): Caused by: libcore.io.ErrnoException: recvfrom failed: EAGAIN (Try again)
01-01 11:33:50.999 W/System.err( 2397): 	at libcore.io.Posix.recvfromBytes(Native Method)
01-01 11:33:50.999 W/System.err( 2397): 	at libcore.io.Posix.recvfrom(Posix.java:141)
01-01 11:33:50.999 W/System.err( 2397): 	at libcore.io.BlockGuardOs.recvfrom(BlockGuardOs.java:164)
01-01 11:33:50.999 W/System.err( 2397): 	at libcore.io.IoBridge.recvfrom(IoBridge.java:506)
01-01 11:33:50.999 W/System.err( 2397): 	... 4 more
01-01 11:33:53.000 W/System.err( 2397): java.net.SocketTimeoutException
01-01 11:33:53.000 W/System.err( 2397): 	at libcore.io.IoBridge.maybeThrowAfterRecvfrom(IoBridge.java:551)
01-01 11:33:53.000 W/System.err( 2397): 	at libcore.io.IoBridge.recvfrom(IoBridge.java:509)
01-01 11:33:53.000 W/System.err( 2397): 	at java.net.PlainDatagramSocketImpl.doRecv(PlainDatagramSocketImpl.java:161)
01-01 11:33:53.001 W/System.err( 2397): 	at java.net.PlainDatagramSocketImpl.receive(PlainDatagramSocketImpl.java:169)
01-01 11:33:53.001 W/System.err( 2397): 	at java.net.DatagramSocket.receive(DatagramSocket.java:250)
01-01 11:33:53.001 W/System.err( 2397): 	at utils.UdpReceiverService$1.run(UdpReceiverService.java:53)
01-01 11:33:53.001 W/System.err( 2397): Caused by: libcore.io.ErrnoException: recvfrom failed: EAGAIN (Try again)
01-01 11:33:53.001 W/System.err( 2397): 	at libcore.io.Posix.recvfromBytes(Native Method)
01-01 11:33:53.001 W/System.err( 2397): 	at libcore.io.Posix.recvfrom(Posix.java:141)
01-01 11:33:53.001 W/System.err( 2397): 	at libcore.io.BlockGuardOs.recvfrom(BlockGuardOs.java:164)
01-01 11:33:53.002 W/System.err( 2397): 	at libcore.io.IoBridge.recvfrom(IoBridge.java:506)
01-01 11:33:53.002 W/System.err( 2397): 	... 4 more
01-01 11:33:53.238 D/dalvikvm( 2731): GC_CONCURRENT freed 1886K, 42% free 3965K/6808K, paused 5ms+6ms, total 47ms
01-01 11:33:53.238 D/dalvikvm( 2731): WAIT_FOR_CONCURRENT_GC blocked 30ms
01-01 11:33:53.404 D/dalvikvm( 2731): GC_CONCURRENT freed 913K, 39% free 4167K/6808K, paused 1ms+1ms, total 19ms
01-01 11:33:53.404 D/dalvikvm( 2731): WAIT_FOR_CONCURRENT_GC blocked 18ms
01-01 11:33:53.421 D/dalvikvm( 2731): GC_FOR_ALLOC freed 699K, 34% free 4516K/6808K, paused 16ms, total 16ms
01-01 11:33:53.441 D/dalvikvm( 2731): GC_FOR_ALLOC freed 382K, 34% free 4555K/6808K, paused 16ms, total 16ms
01-01 11:33:54.924 D/dalvikvm( 2839): GC_CONCURRENT freed 1724K, 35% free 3913K/6004K, paused 4ms+5ms, total 43ms
01-01 11:33:54.995 D/dalvikvm( 2839): GC_FOR_ALLOC freed 852K, 33% free 4042K/6004K, paused 16ms, total 16ms
01-01 11:33:55.002 W/System.err( 2397): java.net.SocketTimeoutException
01-01 11:33:55.002 W/System.err( 2397): 	at libcore.io.IoBridge.maybeThrowAfterRecvfrom(IoBridge.java:551)
01-01 11:33:55.002 W/System.err( 2397): 	at libcore.io.IoBridge.recvfrom(IoBridge.java:509)
01-01 11:33:55.002 W/System.err( 2397): 	at java.net.PlainDatagramSocketImpl.doRecv(PlainDatagramSocketImpl.java:161)
01-01 11:33:55.002 W/System.err( 2397): 	at java.net.PlainDatagramSocketImpl.receive(PlainDatagramSocketImpl.java:169)
01-01 11:33:55.002 W/System.err( 2397): 	at java.net.DatagramSocket.receive(DatagramSocket.java:250)
01-01 11:33:55.002 W/System.err( 2397): 	at utils.UdpReceiverService$1.run(UdpReceiverService.java:53)
01-01 11:33:55.002 W/System.err( 2397): Caused by: libcore.io.ErrnoException: recvfrom failed: EAGAIN (Try again)
01-01 11:33:55.002 W/System.err( 2397): 	at libcore.io.Posix.recvfromBytes(Native Method)
01-01 11:33:55.002 W/System.err( 2397): 	at libcore.io.Posix.recvfrom(Posix.java:141)
01-01 11:33:55.002 W/System.err( 2397): 	at libcore.io.BlockGuardOs.recvfrom(BlockGuardOs.java:164)
01-01 11:33:55.002 W/System.err( 2397): 	at libcore.io.IoBridge.recvfrom(IoBridge.java:506)
01-01 11:33:55.002 W/System.err( 2397): 	... 4 more
01-01 11:33:55.012 D/dalvikvm( 2839): GC_FOR_ALLOC freed 283K, 31% free 4184K/6004K, paused 16ms, total 16ms
01-01 11:33:55.012 I/dalvikvm-heap( 2839): Grow heap (frag case) to 4.484MB for 391942-byte allocation
01-01 11:33:55.027 D/dalvikvm( 2839): GC_FOR_ALLOC freed 255K, 33% free 4311K/6388K, paused 15ms, total 15ms
01-01 11:33:55.047 D/dalvikvm( 2839): GC_FOR_ALLOC freed 523K, 30% free 4490K/6388K, paused 15ms, total 15ms
01-01 11:33:57.003 W/System.err( 2397): java.net.SocketTimeoutException
01-01 11:33:57.003 W/System.err( 2397): 	at libcore.io.IoBridge.maybeThrowAfterRecvfrom(IoBridge.java:551)
01-01 11:33:57.003 W/System.err( 2397): 	at libcore.io.IoBridge.recvfrom(IoBridge.java:509)
01-01 11:33:57.003 W/System.err( 2397): 	at java.net.PlainDatagramSocketImpl.doRecv(PlainDatagramSocketImpl.java:161)
01-01 11:33:57.004 W/System.err( 2397): 	at java.net.PlainDatagramSocketImpl.receive(PlainDatagramSocketImpl.java:169)
01-01 11:33:57.004 W/System.err( 2397): 	at java.net.DatagramSocket.receive(DatagramSocket.java:250)
01-01 11:33:57.004 W/System.err( 2397): 	at utils.UdpReceiverService$1.run(UdpReceiverService.java:53)
01-01 11:33:57.004 W/System.err( 2397): Caused by: libcore.io.ErrnoException: recvfrom failed: EAGAIN (Try again)
01-01 11:33:57.004 W/System.err( 2397): 	at libcore.io.Posix.recvfromBytes(Native Method)
01-01 11:33:57.004 W/System.err( 2397): 	at libcore.io.Posix.recvfrom(Posix.java:141)
01-01 11:33:57.005 W/System.err( 2397): 	at libcore.io.BlockGuardOs.recvfrom(BlockGuardOs.java:164)
01-01 11:33:57.005 W/System.err( 2397): 	at libcore.io.IoBridge.recvfrom(IoBridge.java:506)
01-01 11:33:57.005 W/System.err( 2397): 	... 4 more
01-01 11:33:59.005 W/System.err( 2397): java.net.SocketTimeoutException
01-01 11:33:59.005 W/System.err( 2397): 	at libcore.io.IoBridge.maybeThrowAfterRecvfrom(IoBridge.java:551)
01-01 11:33:59.005 W/System.err( 2397): 	at libcore.io.IoBridge.recvfrom(IoBridge.java:509)
01-01 11:33:59.005 W/System.err( 2397): 	at java.net.PlainDatagramSocketImpl.doRecv(PlainDatagramSocketImpl.java:161)
01-01 11:33:59.006 W/System.err( 2397): 	at java.net.PlainDatagramSocketImpl.receive(PlainDatagramSocketImpl.java:169)
01-01 11:33:59.006 W/System.err( 2397): 	at java.net.DatagramSocket.receive(DatagramSocket.java:250)
01-01 11:33:59.006 W/System.err( 2397): 	at utils.UdpReceiverService$1.run(UdpReceiverService.java:53)
01-01 11:33:59.006 W/System.err( 2397): Caused by: libcore.io.ErrnoException: recvfrom failed: EAGAIN (Try again)
01-01 11:33:59.006 W/System.err( 2397): 	at libcore.io.Posix.recvfromBytes(Native Method)
01-01 11:33:59.006 W/System.err( 2397): 	at libcore.io.Posix.recvfrom(Posix.java:141)
01-01 11:33:59.006 W/System.err( 2397): 	at libcore.io.BlockGuardOs.recvfrom(BlockGuardOs.java:164)
01-01 11:33:59.006 W/System.err( 2397): 	at libcore.io.IoBridge.recvfrom(IoBridge.java:506)
01-01 11:33:59.006 W/System.err( 2397): 	... 4 more
01-01 11:34:01.007 W/System.err( 2397): java.net.SocketTimeoutException
01-01 11:34:01.007 W/System.err( 2397): 	at libcore.io.IoBridge.maybeThrowAfterRecvfrom(IoBridge.java:551)
01-01 11:34:01.007 W/System.err( 2397): 	at libcore.io.IoBridge.recvfrom(IoBridge.java:509)
01-01 11:34:01.007 W/System.err( 2397): 	at java.net.PlainDatagramSocketImpl.doRecv(PlainDatagramSocketImpl.java:161)
01-01 11:34:01.007 W/System.err( 2397): 	at java.net.PlainDatagramSocketImpl.receive(PlainDatagramSocketImpl.java:169)
01-01 11:34:01.008 W/System.err( 2397): 	at java.net.DatagramSocket.receive(DatagramSocket.java:250)
01-01 11:34:01.008 W/System.err( 2397): 	at utils.UdpReceiverService$1.run(UdpReceiverService.java:53)
01-01 11:34:01.008 W/System.err( 2397): Caused by: libcore.io.ErrnoException: recvfrom failed: EAGAIN (Try again)
01-01 11:34:01.008 W/System.err( 2397): 	at libcore.io.Posix.recvfromBytes(Native Method)
01-01 11:34:01.008 W/System.err( 2397): 	at libcore.io.Posix.recvfrom(Posix.java:141)
01-01 11:34:01.008 W/System.err( 2397): 	at libcore.io.BlockGuardOs.recvfrom(BlockGuardOs.java:164)
01-01 11:34:01.008 W/System.err( 2397): 	at libcore.io.IoBridge.recvfrom(IoBridge.java:506)
01-01 11:34:01.008 W/System.err( 2397): 	... 4 more
01-01 11:34:03.009 W/System.err( 2397): java.net.SocketTimeoutException
01-01 11:34:03.009 W/System.err( 2397): 	at libcore.io.IoBridge.maybeThrowAfterRecvfrom(IoBridge.java:551)
01-01 11:34:03.009 W/System.err( 2397): 	at libcore.io.IoBridge.recvfrom(IoBridge.java:509)
01-01 11:34:03.009 W/System.err( 2397): 	at java.net.PlainDatagramSocketImpl.doRecv(PlainDatagramSocketImpl.java:161)
01-01 11:34:03.010 W/System.err( 2397): 	at java.net.PlainDatagramSocketImpl.receive(PlainDatagramSocketImpl.java:169)
01-01 11:34:03.010 W/System.err( 2397): 	at java.net.DatagramSocket.receive(DatagramSocket.java:250)
01-01 11:34:03.010 W/System.err( 2397): 	at utils.UdpReceiverService$1.run(UdpReceiverService.java:53)
01-01 11:34:03.010 W/System.err( 2397): Caused by: libcore.io.ErrnoException: recvfrom failed: EAGAIN (Try again)
01-01 11:34:03.010 W/System.err( 2397): 	at libcore.io.Posix.recvfromBytes(Native Method)
01-01 11:34:03.010 W/System.err( 2397): 	at libcore.io.Posix.recvfrom(Posix.java:141)
01-01 11:34:03.010 W/System.err( 2397): 	at libcore.io.BlockGuardOs.recvfrom(BlockGuardOs.java:164)
01-01 11:34:03.011 W/System.err( 2397): 	at libcore.io.IoBridge.recvfrom(IoBridge.java:506)
01-01 11:34:03.011 W/System.err( 2397): 	... 4 more
01-01 11:34:05.011 W/System.err( 2397): java.net.SocketTimeoutException
01-01 11:34:05.011 W/System.err( 2397): 	at libcore.io.IoBridge.maybeThrowAfterRecvfrom(IoBridge.java:551)
01-01 11:34:05.011 W/System.err( 2397): 	at libcore.io.IoBridge.recvfrom(IoBridge.java:509)
01-01 11:34:05.011 W/System.err( 2397): 	at java.net.PlainDatagramSocketImpl.doRecv(PlainDatagramSocketImpl.java:161)
